06-17 13:04:29.799   425  1018 D SocketClient: SocketClient sendData done: 600 Iface linkstate wlan0 down
06-17 13:04:29.800  1114  1254 D NetdConnector: RCV <- {600 Iface linkstate wlan0 down}
06-17 13:04:29.800  1114  1132 D NetworkManagement: onEvent:600 Iface linkstate wlan0 down:5
06-17 13:04:30.222  1114 21938 D ConnectivityService: getActiveNetworkInfo networkInfo = null
06-17 13:04:30.224  1114  2622 W PackageManager: checkUidPermission(): android.permission.REAL_GET_TASKS of 10202 is denied.
06-17 13:04:30.226  1114  1125 W PackageManager: checkUidPermission(): android.permission.REAL_GET_TASKS of 10202 is denied.
06-17 13:04:30.411  1114  1128 W PackageManager: checkUidPermission(): android.permission.REAL_GET_TASKS of 10179 is denied.
06-17 13:04:30.415  1114  1124 W PackageManager: checkUidPermission(): android.permission.REAL_GET_TASKS of 10179 is denied.
06-17 13:04:30.418  1114 18231 W PackageManager: checkUidPermission(): android.permission.REAL_GET_TASKS of 10173 is denied.
06-17 13:04:30.481  1114  2621 W PackageManager: checkUidPermission(): android.permission.PACKAGE_USAGE_STATS of 10177 is denied.
06-17 13:04:30.904  1114  1138 D PowerManagerService: handleUserActivityTimeout
06-17 13:04:30.904  1114  1138 D PowerManagerService: updateUserActivitySummaryLocked: mWakefulness=Awake, mUserActivitySummary=0x1, nextTimeout=73293151 (in 45615 ms)
06-17 13:04:30.904  1114  1138 D DisplayPowerController: requestPowerState: policy=BRIGHT, useProximitySensor=false, screenBrightness=102, screenAutoBrightnessAdjustment=1.0, brightnessSetByUser=true, useAutoBrightness=true, blockScreenOn=false, lowPowerMode=false, boostScreenBrightness=false, dozeScreenBrightness=-1, dozeScreenState=UNKNOWN, waitForNegativeProximity=false
06-17 13:04:30.904  1114  1138 I PowerManagerService: setBrightness mButtonLight 0.
06-17 13:04:30.904  1114  1138 D PowerManagerService: updateDisplayPowerStateLocked: mDisplayReady=true, policy=3, mWakefulness=1, mWakeLockSummary=0x0, mUserActivitySummary=0x1, mBootCompleted=true, mScreenBrightnessBoostInProgress=false
06-17 13:04:31.423  1114  1128 W PackageManager: checkUidPermission(): android.permission.REAL_GET_TASKS of 10179 is denied.
06-17 13:04:31.425  1114  1124 W PackageManager: checkUidPermission(): android.permission.REAL_GET_TASKS of 10179 is denied.
06-17 13:04:31.430  1114 18231 W PackageManager: checkUidPermission(): android.permission.REAL_GET_TASKS of 10173 is denied.
06-17 13:04:31.481  1114  2621 W PackageManager: checkUidPermission(): android.permission.PACKAGE_USAGE_STATS of 10177 is denied.
06-17 13:04:32.430  1114  2620 W PackageManager: checkUidPermission(): android.permission.REAL_GET_TASKS of 10179 is denied.
06-17 13:04:32.432  1114  2626 W PackageManager: checkUidPermission(): android.permission.REAL_GET_TASKS of 10179 is denied.
06-17 13:04:32.435  1114  4890 W PackageManager: checkUidPermission(): android.permission.REAL_GET_TASKS of 10173 is denied.
06-17 13:04:32.481  1114  2624 W PackageManager: checkUidPermission(): android.permission.PACKAGE_USAGE_STATS of 10177 is denied.
06-17 13:04:32.852  1114  1258 V ActivityManager: Broadcast sticky: Intent { act=android.net.wifi.STATE_CHANGE flg=0x4000010 (has extras) } ordered=false userid=-1 callerApp=ProcessRecord{60ef50d 1114:system/1000}
06-17 13:04:32.866  1114  1258 V ActivityManager: Enqueueing parallel broadcast BroadcastRecord{e14c693 u-1 android.net.wifi.STATE_CHANGE} intent Intent { act=android.net.wifi.STATE_CHANGE flg=0x4000010 (has extras) }
06-17 13:04:32.867  1114  1258 V ActivityManager: Enqueueing ordered broadcast BroadcastRecord{c0b86d0 u-1 android.net.wifi.STATE_CHANGE}: prev had 0
06-17 13:04:32.868  1114  1258 I ActivityManager: Enqueueing broadcast android.net.wifi.STATE_CHANGE
06-17 13:04:32.876  1114  1135 I WifiDisplayController: Received NETWORK_STATE_CHANGED,con:false,SSID:null,Freq:0,netId:-1, updated:false
06-17 13:04:32.878  1114  1114 D WifiNotificationController: Received NETWORK_STATE_CHANGED_ACTION, mNetworkInfo:[type: WIFI[], state: CONNECTING/CONNECTING, reason: (unspecified), extra: "PHONE-WIFI2", roaming: false, failover: false, isAvailable: true]
06-17 13:04:32.878  1114  1114 D WifiService: onReceive, action:android.net.wifi.STATE_CHANGE
06-17 13:04:32.881  1114 21938 D CSLegacyTypeTracker: getNetworkForType type 1
06-17 13:04:32.881  1338  1338 D ActivityThread: BDC-Calling onReceive: intent=Intent { act=android.net.wifi.STATE_CHANGE flg=0x4000010 cmp=com.kingroot.kinguser/com.kingroot.common.framework.broadcast.KSysBroadcastReceiver (has extras) }, receiver=com.kingroot.common.framework.broadcast.KSysBroadcastReceiver@4b4a54c
06-17 13:04:32.882  1338  1338 D ActivityThread: BDC-RECEIVER handled : 0 / ReceiverData{intent=Intent { act=android.net.wifi.STATE_CHANGE flg=0x4000010 cmp=com.kingroot.kinguser/com.kingroot.common.framework.broadcast.KSysBroadcastReceiver (has extras) } packageName=com.kingroot.kinguser resultCode=-1 resultData=null resultExtras=null}
06-17 13:04:32.882  1114  1258 V ActivityManager: Broadcast sticky: Intent { act=android.net.wifi.STATE_CHANGE flg=0x4000010 (has extras) } ordered=false userid=-1 callerApp=ProcessRecord{60ef50d 1114:system/1000}
06-17 13:04:32.884  1114  1258 V ActivityManager: Enqueueing parallel broadcast BroadcastRecord{8dbf6c9 u-1 android.net.wifi.STATE_CHANGE} intent Intent { act=android.net.wifi.STATE_CHANGE flg=0x4000010 (has extras) }
06-17 13:04:32.885  1114  1258 V ActivityManager: Enqueueing ordered broadcast BroadcastRecord{34f81ce u-1 android.net.wifi.STATE_CHANGE}: prev had 1
06-17 13:04:32.885  1114  1258 I ActivityManager: Enqueueing broadcast android.net.wifi.STATE_CHANGE
06-17 13:04:32.885  1114  1114 D WifiNotificationController: Received NETWORK_STATE_CHANGED_ACTION, mNetworkInfo:[type: WIFI[], state: DISCONNECTED/DISCONNECTED, reason: (unspecified), extra: "PHONE-WIFI2", roaming: false, failover: false, isAvailable: true]
06-17 13:04:32.885  1114  1114 D WifiService: onReceive, action:android.net.wifi.STATE_CHANGE
06-17 13:04:32.885  1114  1135 I WifiDisplayController: Received NETWORK_STATE_CHANGED,con:false,SSID:null,Freq:0,netId:-1, updated:false
06-17 13:04:32.893  1114  1125 D CSLegacyTypeTracker: getNetworkForType type 1
06-17 13:04:32.897  1710  1710 D ActivityThread: BDC-Calling onReceive: intent=Intent { act=android.net.wifi.STATE_CHANGE flg=0x4000010 cmp=cn.ninegame.gamemanager/.system.receiver.BackProcessReceiver (has extras) }, receiver=cn.ninegame.gamemanager.system.receiver.BackProcessReceiver@74235ec
06-17 13:04:32.898  1114  1258 V ActivityManager: Broadcast sticky: Intent { act=android.net.wifi.supplicant.STATE_CHANGE flg=0x24000010 (has extras) } ordered=false userid=-1 callerApp=ProcessRecord{60ef50d 1114:system/1000}
06-17 13:04:32.899  1114  1258 V ActivityManager: Enqueueing parallel broadcast BroadcastRecord{5bb38ef u-1 android.net.wifi.supplicant.STATE_CHANGE} intent Intent { act=android.net.wifi.supplicant.STATE_CHANGE flg=0x24000010 (has extras) }
06-17 13:04:32.899  1114  1258 V ActivityManager: Enqueueing ordered broadcast BroadcastRecord{3ea3ffc u-1 android.net.wifi.supplicant.STATE_CHANGE}: prev had 2
06-17 13:04:32.899  1114  1258 I ActivityManager: Enqueueing broadcast android.net.wifi.supplicant.STATE_CHANGE
06-17 13:04:32.899  1114  1125 V ActivityManager: Broadcast: Intent { act=com.wifi8.sdk.service.event flg=0x10 pkg=com.nfyg.hsbb (has extras) } ordered=false userid=0 callerApp=ProcessRecord{241cf5f 4038:com.nfyg.hsbb:pwservice/u0a171}
06-17 13:04:32.900  1114  1125 V ActivityManager: Enqueueing parallel broadcast BroadcastRecord{3243685 u0 com.wifi8.sdk.service.event} intent Intent { act=com.wifi8.sdk.service.event flg=0x10 pkg=com.nfyg.hsbb (has extras) }
06-17 13:04:32.900  1114  1125 V ActivityManager_Broadcast: Enqueueing ordered broadcast BroadcastRecord{ee5ecda u0 com.wifi8.sdk.service.event}: prev had 3
06-17 13:04:32.901  1114  1125 I ActivityManager_Broadcast: Enqueueing broadcast com.wifi8.sdk.service.event
06-17 13:04:32.902  1114  1258 V ActivityManager: Broadcast: Intent { act=android.net.wifi.CONFIGURED_NETWORKS_CHANGE flg=0x4000010 (has extras) } ordered=false userid=-1 callerApp=ProcessRecord{60ef50d 1114:system/1000}
06-17 13:04:32.903  1114  1258 V ActivityManager: Enqueueing parallel broadcast BroadcastRecord{ac750b u-1 android.net.wifi.CONFIGURED_NETWORKS_CHANGE} intent Intent { act=android.net.wifi.CONFIGURED_NETWORKS_CHANGE flg=0x4000010 (has extras) }
06-17 13:04:32.905  1710  1710 D ActivityThread: BDC-RECEIVER handled : 0 / ReceiverData{intent=Intent { act=android.net.wifi.STATE_CHANGE flg=0x4000010 cmp=cn.ninegame.gamemanager/.system.receiver.BackProcessReceiver (has extras) } packageName=cn.ninegame.gamemanager resultCode=0 resultData=null resultExtras=null}
06-17 13:04:32.905  1710  1710 D ActivityThread: SVC-Calling onStartCommand: cn.ninegame.gamemanager.download.DownloadService@f10db07, flags=0, startId=8490
06-17 13:04:32.906  1710  1710 D ActivityThread: SVC-SERVICE_ARGS handled : 0 / ServiceArgsData{token=android.os.BinderProxy@39ff136 startId=8490 args=Intent { cmp=cn.ninegame.gamemanager/.download.DownloadService }}
06-17 13:04:32.906  1710  1710 D ActivityThread: SVC-Calling onStartCommand: cn.ninegame.gamemanager.system.service.NotificationsPushService@ac4c3f6, flags=0, startId=9011
06-17 13:04:32.906  1710  1710 D ActivityThread: SVC-SERVICE_ARGS handled : 0 / ServiceArgsData{token=android.os.BinderProxy@f5d011b startId=9011 args=Intent { cmp=cn.ninegame.gamemanager/.system.service.NotificationsPushService }}
06-17 13:04:32.913  1873  1873 D ActivityThread: BDC-Calling onReceive: intent=Intent { act=android.net.wifi.STATE_CHANGE flg=0x4000010 cmp=com.tcl.ota/.receiver.DownloadReceiver (has extras) }, receiver=com.tcl.ota.receiver.DownloadReceiver@f974d0a
06-17 13:04:32.913  1114  1258 V ActivityManager: Broadcast sticky: Intent { act=android.net.wifi.STATE_CHANGE flg=0x4000010 (has extras) } ordered=false userid=-1 callerApp=ProcessRecord{60ef50d 1114:system/1000}
06-17 13:04:32.914  1873  1873 D ActivityThread: BDC-RECEIVER handled : 0 / ReceiverData{intent=Intent { act=android.net.wifi.STATE_CHANGE flg=0x4000010 cmp=com.tcl.ota/.receiver.DownloadReceiver (has extras) } packageName=com.tcl.ota resultCode=0 resultData=null resultExtras=null}
06-17 13:04:32.914  1114  1258 V ActivityManager: Enqueueing parallel broadcast BroadcastRecord{6995fe8 u-1 android.net.wifi.STATE_CHANGE} intent Intent { act=android.net.wifi.STATE_CHANGE flg=0x4000010 (has extras) }
06-17 13:04:32.915  1114  1258 V ActivityManager: Enqueueing ordered broadcast BroadcastRecord{ff6b601 u-1 android.net.wifi.STATE_CHANGE}: prev had 4
06-17 13:04:32.915  1114  1258 I ActivityManager: Enqueueing broadcast android.net.wifi.STATE_CHANGE
06-17 13:04:32.917  1114  1114 D WifiNotificationController: Received NETWORK_STATE_CHANGED_ACTION, mNetworkInfo:[type: WIFI[], state: DISCONNECTED/IDLE, reason: (unspecified), extra: "PHONE-WIFI2", roaming: false, failover: false, isAvailable: true]
06-17 13:04:32.917  1114  1258 D AlarmManager: manual remove option = PendingIntent{8b1d033: PendingIntentRecord{1be78ba android broadcastIntent}}
06-17 13:04:32.917  1114  1114 D WifiService: onReceive, action:android.net.wifi.STATE_CHANGE
06-17 13:04:32.917  1114  1135 I WifiDisplayController: Received NETWORK_STATE_CHANGED,con:false,SSID:null,Freq:0,netId:-1, updated:false
06-17 13:04:32.922  1114  2618 D CSLegacyTypeTracker: getNetworkForType type 1
06-17 13:04:32.927  4979  4979 D ActivityThread: BDC-Calling onReceive: intent=Intent { act=android.net.wifi.STATE_CHANGE flg=0x4000010 cmp=com.UCMobile/com.uc.browser.business.openwifi.NetworkConnectReceiver (has extras) }, receiver=com.uc.browser.business.openwifi.NetworkConnectReceiver@25b0836
06-17 13:04:32.927  1114  1258 V ActivityManager: Broadcast sticky: Intent { act=android.net.wifi.STATE_CHANGE flg=0x4000010 (has extras) } ordered=false userid=-1 callerApp=ProcessRecord{60ef50d 1114:system/1000}
06-17 13:04:32.928  4979  4979 D ActivityThread: BDC-RECEIVER handled : 0 / ReceiverData{intent=Intent { act=android.net.wifi.STATE_CHANGE flg=0x4000010 cmp=com.UCMobile/com.uc.browser.business.openwifi.NetworkConnectReceiver (has extras) } packageName=com.UCMobile resultCode=0 resultData=null resultExtras=null}
06-17 13:04:32.928  1114  1258 V ActivityManager: Enqueueing parallel broadcast BroadcastRecord{d45fca6 u-1 android.net.wifi.STATE_CHANGE} intent Intent { act=android.net.wifi.STATE_CHANGE flg=0x4000010 (has extras) }
06-17 13:04:32.929  1114  1258 V ActivityManager: Enqueueing ordered broadcast BroadcastRecord{82b56e7 u-1 android.net.wifi.STATE_CHANGE}: prev had 5
06-17 13:04:32.929  1114  1258 I ActivityManager: Enqueueing broadcast android.net.wifi.STATE_CHANGE
06-17 13:04:32.929  1114  1258 V ActivityManager: Broadcast sticky: Intent { act=android.net.wifi.STATE_CHANGE flg=0x4000010 (has extras) } ordered=false userid=-1 callerApp=ProcessRecord{60ef50d 1114:system/1000}
06-17 13:04:32.930  1114  1258 V ActivityManager: Enqueueing parallel broadcast BroadcastRecord{c989294 u-1 android.net.wifi.STATE_CHANGE} intent Intent { act=android.net.wifi.STATE_CHANGE flg=0x4000010 (has extras) }
06-17 13:04:32.930  1114  1258 V ActivityManager: Enqueueing ordered broadcast BroadcastRecord{c17b13d u-1 android.net.wifi.STATE_CHANGE}: prev had 6
06-17 13:04:32.931  1114  1258 I ActivityManager: Enqueueing broadcast android.net.wifi.STATE_CHANGE
06-17 13:04:32.931  1114  1114 D WifiNotificationController: Received NETWORK_STATE_CHANGED_ACTION, mNetworkInfo:[type: WIFI[], state: DISCONNECTED/IDLE, reason: (unspecified), extra: 0x, roaming: false, failover: false, isAvailable: true]
06-17 13:04:32.931  1114  1114 D WifiService: onReceive, action:android.net.wifi.STATE_CHANGE
06-17 13:04:32.932  1114  1135 I WifiDisplayController: Received NETWORK_STATE_CHANGED,con:false,SSID:null,Freq:0,netId:-1, updated:false
06-17 13:04:32.933  1114  1114 D WifiNotificationController: Received NETWORK_STATE_CHANGED_ACTION, mNetworkInfo:[type: WIFI[], state: DISCONNECTED/SCANNING, reason: (unspecified), extra: 0x, roaming: false, failover: false, isAvailable: true]
06-17 13:04:32.933  1114  1135 I WifiDisplayController: Received NETWORK_STATE_CHANGED,con:false,SSID:null,Freq:0,netId:-1, updated:false
06-17 13:04:32.933  1114  1114 D WifiService: onReceive, action:android.net.wifi.STATE_CHANGE
06-17 13:04:32.941  1114  2622 D CSLegacyTypeTracker: getNetworkForType type 1
06-17 13:04:32.942  1114  1967 D CSLegacyTypeTracker: getNetworkForType type 1
06-17 13:04:32.945  1114  1258 V ActivityManager: Broadcast sticky: Intent { act=android.net.wifi.supplicant.STATE_CHANGE flg=0x24000010 (has extras) } ordered=false userid=-1 callerApp=ProcessRecord{60ef50d 1114:system/1000}
06-17 13:04:32.946  5987  5987 D ActivityThread: BDC-Calling onReceive: intent=Intent { act=android.net.wifi.STATE_CHANGE flg=0x4000010 cmp=com.jrdcom.jrdlogger/.WifiReceiver (has extras) }, receiver=com.jrdcom.jrdlogger.WifiReceiver@2e51b14
06-17 13:04:32.946  1114  1258 V ActivityManager: Enqueueing parallel broadcast BroadcastRecord{453d32 u-1 android.net.wifi.supplicant.STATE_CHANGE} intent Intent { act=android.net.wifi.supplicant.STATE_CHANGE flg=0x24000010 (has extras) }
06-17 13:04:32.946  5987  5987 D ActivityThread: BDC-RECEIVER handled : 0 / ReceiverData{intent=Intent { act=android.net.wifi.STATE_CHANGE flg=0x4000010 cmp=com.jrdcom.jrdlogger/.WifiReceiver (has extras) } packageName=com.jrdcom.jrdlogger resultCode=0 resultData=null resultExtras=null}
06-17 13:04:32.946  1114  1258 V ActivityManager: Enqueueing ordered broadcast BroadcastRecord{ccc7a83 u-1 android.net.wifi.supplicant.STATE_CHANGE}: prev had 7
06-17 13:04:32.946  1114  1258 I ActivityManager: Enqueueing broadcast android.net.wifi.supplicant.STATE_CHANGE
06-17 13:04:32.954 10838 10838 D ActivityThread: BDC-Calling onReceive: intent=Intent { act=android.net.wifi.STATE_CHANGE flg=0x4000010 cmp=cn.andouya/cn.xender.basicservice.NetworkChangeReceiver (has extras) }, receiver=cn.xender.basicservice.NetworkChangeReceiver@eca87aa
06-17 13:04:32.954  1114  1258 V ActivityManager: Broadcast sticky: Intent { act=android.net.wifi.supplicant.STATE_CHANGE flg=0x24000010 (has extras) } ordered=false userid=-1 callerApp=ProcessRecord{60ef50d 1114:system/1000}
06-17 13:04:32.955  1114  1258 V ActivityManager: Enqueueing parallel broadcast BroadcastRecord{4b64400 u-1 android.net.wifi.supplicant.STATE_CHANGE} intent Intent { act=android.net.wifi.supplicant.STATE_CHANGE flg=0x24000010 (has extras) }
06-17 13:04:32.955 10838 10838 D ActivityThread: BDC-RECEIVER handled : 0 / ReceiverData{intent=Intent { act=android.net.wifi.STATE_CHANGE flg=0x4000010 cmp=cn.andouya/cn.xender.basicservice.NetworkChangeReceiver (has extras) } packageName=cn.andouya resultCode=0 resultData=null resultExtras=null}
06-17 13:04:32.955  1114  1258 V ActivityManager: Enqueueing ordered broadcast BroadcastRecord{2532439 u-1 android.net.wifi.supplicant.STATE_CHANGE}: prev had 7
06-17 13:04:32.955  1114  1258 I ActivityManager: Enqueueing broadcast android.net.wifi.supplicant.STATE_CHANGE
06-17 13:04:32.962  1338  1338 D ActivityThread: BDC-Calling onReceive: intent=Intent { act=android.net.wifi.STATE_CHANGE flg=0x4000010 cmp=com.kingroot.kinguser/com.kingroot.common.framework.broadcast.KSysBroadcastReceiver (has extras) }, receiver=com.kingroot.common.framework.broadcast.KSysBroadcastReceiver@fb995
06-17 13:04:32.962  1338  1338 D ActivityThread: BDC-RECEIVER handled : 0 / ReceiverData{intent=Intent { act=android.net.wifi.STATE_CHANGE flg=0x4000010 cmp=com.kingroot.kinguser/com.kingroot.common.framework.broadcast.KSysBroadcastReceiver (has extras) } packageName=com.kingroot.kinguser resultCode=-1 resultData=null resultExtras=null}
06-17 13:04:32.967  1710  1710 D ActivityThread: BDC-Calling onReceive: intent=Intent { act=android.net.wifi.STATE_CHANGE flg=0x4000010 cmp=cn.ninegame.gamemanager/.system.receiver.BackProcessReceiver (has extras) }, receiver=cn.ninegame.gamemanager.system.receiver.BackProcessReceiver@4270db5
06-17 13:04:32.970  1710  1710 D ActivityThread: BDC-RECEIVER handled : 0 / ReceiverData{intent=Intent { act=android.net.wifi.STATE_CHANGE flg=0x4000010 cmp=cn.ninegame.gamemanager/.system.receiver.BackProcessReceiver (has extras) } packageName=cn.ninegame.gamemanager resultCode=0 resultData=null resultExtras=null}
06-17 13:04:32.970  1710  1710 D ActivityThread: SVC-Calling onStartCommand: cn.ninegame.gamemanager.download.DownloadService@f10db07, flags=0, startId=8491
06-17 13:04:32.970  1710  1710 D ActivityThread: SVC-SERVICE_ARGS handled : 0 / ServiceArgsData{token=android.os.BinderProxy@39ff136 startId=8491 args=Intent { cmp=cn.ninegame.gamemanager/.download.DownloadService }}
06-17 13:04:32.971  1710  1710 D ActivityThread: SVC-Calling onStartCommand: cn.ninegame.gamemanager.system.service.NotificationsPushService@ac4c3f6, flags=0, startId=9012
06-17 13:04:32.971  1710  1710 D ActivityThread: SVC-SERVICE_ARGS handled : 0 / ServiceArgsData{token=android.os.BinderProxy@f5d011b startId=9012 args=Intent { cmp=cn.ninegame.gamemanager/.system.service.NotificationsPushService }}
06-17 13:04:32.973  1873  1873 D ActivityThread: BDC-Calling onReceive: intent=Intent { act=android.net.wifi.STATE_CHANGE flg=0x4000010 cmp=com.tcl.ota/.receiver.DownloadReceiver (has extras) }, receiver=com.tcl.ota.receiver.DownloadReceiver@ca1097b
06-17 13:04:32.980  1873  1873 D ActivityThread: BDC-RECEIVER handled : 0 / ReceiverData{intent=Intent { act=android.net.wifi.STATE_CHANGE flg=0x4000010 cmp=com.tcl.ota/.receiver.DownloadReceiver (has extras) } packageName=com.tcl.ota resultCode=0 resultData=null resultExtras=null}
06-17 13:04:32.984  4979  4979 D ActivityThread: BDC-Calling onReceive: intent=Intent { act=android.net.wifi.STATE_CHANGE flg=0x4000010 cmp=com.UCMobile/com.uc.browser.business.openwifi.NetworkConnectReceiver (has extras) }, receiver=com.uc.browser.business.openwifi.NetworkConnectReceiver@d072337
06-17 13:04:32.984  4979  4979 D ActivityThread: BDC-RECEIVER handled : 0 / ReceiverData{intent=Intent { act=android.net.wifi.STATE_CHANGE flg=0x4000010 cmp=com.UCMobile/com.uc.browser.business.openwifi.NetworkConnectReceiver (has extras) } packageName=com.UCMobile resultCode=0 resultData=null resultExtras=null}
06-17 13:04:32.990  5987  5987 D ActivityThread: BDC-Calling onReceive: intent=Intent { act=android.net.wifi.STATE_CHANGE flg=0x4000010 cmp=com.jrdcom.jrdlogger/.WifiReceiver (has extras) }, receiver=com.jrdcom.jrdlogger.WifiReceiver@f44cfbd
06-17 13:04:32.990  5987  5987 W ContextImpl: Calling a method in the system process without a qualified user: android.app.ContextImpl.stopService:1232 android.content.ContextWrapper.stopService:586 android.content.ContextWrapper.stopService:586 com.jrdcom.jrdlogger.WifiReceiver.onReceive:25 android.app.ActivityThread.handleReceiver:2869 
06-17 13:04:32.992  5987  5987 D ActivityThread: BDC-RECEIVER handled : 0 / ReceiverData{intent=Intent { act=android.net.wifi.STATE_CHANGE flg=0x4000010 cmp=com.jrdcom.jrdlogger/.WifiReceiver (has extras) } packageName=com.jrdcom.jrdlogger resultCode=0 resultData=null resultExtras=null}
06-17 13:04:32.995 10838 10838 D ActivityThread: BDC-Calling onReceive: intent=Intent { act=android.net.wifi.STATE_CHANGE flg=0x4000010 cmp=cn.andouya/cn.xender.basicservice.NetworkChangeReceiver (has extras) }, receiver=cn.xender.basicservice.NetworkChangeReceiver@90dbf9b
06-17 13:04:32.996 10838 10838 D ActivityThread: BDC-RECEIVER handled : 0 / ReceiverData{intent=Intent { act=android.net.wifi.STATE_CHANGE flg=0x4000010 cmp=cn.andouya/cn.xender.basicservice.NetworkChangeReceiver (has extras) } packageName=cn.andouya resultCode=0 resultData=null resultExtras=null}
06-17 13:04:33.002  4979  4979 D ActivityThread: BDC-Calling onReceive: intent=Intent { act=android.net.wifi.supplicant.STATE_CHANGE flg=0x24000010 cmp=com.UCMobile/com.uc.browser.business.openwifi.NetworkConnectReceiver (has extras) }, receiver=com.uc.browser.business.openwifi.NetworkConnectReceiver@c4ef0a4
06-17 13:04:33.003  4979  4979 D ActivityThread: BDC-RECEIVER handled : 0 / ReceiverData{intent=Intent { act=android.net.wifi.supplicant.STATE_CHANGE flg=0x24000010 cmp=com.UCMobile/com.uc.browser.business.openwifi.NetworkConnectReceiver (has extras) } packageName=com.UCMobile resultCode=-1 resultData=null resultExtras=null}
06-17 13:04:33.008  4038  4038 D ActivityThread: BDC-Calling onReceive: intent=Intent { act=com.wifi8.sdk.service.event flg=0x10 pkg=com.nfyg.hsbb cmp=com.nfyg.hsbb/com.wifi8.sdk.metro.services.PwServiceReceiver (has extras) }, receiver=com.wifi8.sdk.metro.services.PwServiceReceiver@9c1afd1
06-17 13:04:33.009  4038  4038 D ActivityThread: BDC-RECEIVER handled : 0 / ReceiverData{intent=Intent { act=com.wifi8.sdk.service.event flg=0x10 pkg=com.nfyg.hsbb cmp=com.nfyg.hsbb/com.wifi8.sdk.metro.services.PwServiceReceiver (has extras) } packageName=com.nfyg.hsbb resultCode=-1 resultData=null resultExtras=null}
06-17 13:04:33.014  1338  1338 D ActivityThread: BDC-Calling onReceive: intent=Intent { act=android.net.wifi.STATE_CHANGE flg=0x4000010 cmp=com.kingroot.kinguser/com.kingroot.common.framework.broadcast.KSysBroadcastReceiver (has extras) }, receiver=com.kingroot.common.framework.broadcast.KSysBroadcastReceiver@f7b9aaa
06-17 13:04:33.015  1338  1338 D ActivityThread: BDC-RECEIVER handled : 0 / ReceiverData{intent=Intent { act=android.net.wifi.STATE_CHANGE flg=0x4000010 cmp=com.kingroot.kinguser/com.kingroot.common.framework.broadcast.KSysBroadcastReceiver (has extras) } packageName=com.kingroot.kinguser resultCode=-1 resultData=null resultExtras=null}
06-17 13:04:33.018  1710  1710 D ActivityThread: BDC-Calling onReceive: intent=Intent { act=android.net.wifi.STATE_CHANGE flg=0x4000010 cmp=cn.ninegame.gamemanager/.system.receiver.BackProcessReceiver (has extras) }, receiver=cn.ninegame.gamemanager.system.receiver.BackProcessReceiver@9cc2c4a
06-17 13:04:33.021  1710  1710 D ActivityThread: BDC-RECEIVER handled : 0 / ReceiverData{intent=Intent { act=android.net.wifi.STATE_CHANGE flg=0x4000010 cmp=cn.ninegame.gamemanager/.system.receiver.BackProcessReceiver (has extras) } packageName=cn.ninegame.gamemanager resultCode=0 resultData=null resultExtras=null}
06-17 13:04:33.021  1710  1710 D ActivityThread: SVC-Calling onStartCommand: cn.ninegame.gamemanager.download.DownloadService@f10db07, flags=0, startId=8492
06-17 13:04:33.021  1710  1710 D ActivityThread: SVC-SERVICE_ARGS handled : 0 / ServiceArgsData{token=android.os.BinderProxy@39ff136 startId=8492 args=Intent { cmp=cn.ninegame.gamemanager/.download.DownloadService }}
06-17 13:04:33.021  1710  1710 D ActivityThread: SVC-Calling onStartCommand: cn.ninegame.gamemanager.system.service.NotificationsPushService@ac4c3f6, flags=0, startId=9013
06-17 13:04:33.021  1710  1710 D ActivityThread: SVC-SERVICE_ARGS handled : 0 / ServiceArgsData{token=android.os.BinderProxy@f5d011b startId=9013 args=Intent { cmp=cn.ninegame.gamemanager/.system.service.NotificationsPushService }}
06-17 13:04:33.024  1873  1873 D ActivityThread: BDC-Calling onReceive: intent=Intent { act=android.net.wifi.STATE_CHANGE flg=0x4000010 cmp=com.tcl.ota/.receiver.DownloadReceiver (has extras) }, receiver=com.tcl.ota.receiver.DownloadReceiver@196b398
06-17 13:04:33.025  1873  1873 D ActivityThread: BDC-RECEIVER handled : 0 / ReceiverData{intent=Intent { act=android.net.wifi.STATE_CHANGE flg=0x4000010 cmp=com.tcl.ota/.receiver.DownloadReceiver (has extras) } packageName=com.tcl.ota resultCode=0 resultData=null resultExtras=null}
06-17 13:04:33.030  4979  4979 D ActivityThread: BDC-Calling onReceive: intent=Intent { act=android.net.wifi.STATE_CHANGE flg=0x4000010 cmp=com.UCMobile/com.uc.browser.business.openwifi.NetworkConnectReceiver (has extras) }, receiver=com.uc.browser.business.openwifi.NetworkConnectReceiver@dc69e0d
06-17 13:04:33.031  4979  4979 D ActivityThread: BDC-RECEIVER handled : 0 / ReceiverData{intent=Intent { act=android.net.wifi.STATE_CHANGE flg=0x4000010 cmp=com.UCMobile/com.uc.browser.business.openwifi.NetworkConnectReceiver (has extras) } packageName=com.UCMobile resultCode=0 resultData=null resultExtras=null}
06-17 13:04:33.035  5987  5987 D ActivityThread: BDC-Calling onReceive: intent=Intent { act=android.net.wifi.STATE_CHANGE flg=0x4000010 cmp=com.jrdcom.jrdlogger/.WifiReceiver (has extras) }, receiver=com.jrdcom.jrdlogger.WifiReceiver@c639b2
06-17 13:04:33.036  5987  5987 W ContextImpl: Calling a method in the system process without a qualified user: android.app.ContextImpl.stopService:1232 android.content.ContextWrapper.stopService:586 android.content.ContextWrapper.stopService:586 com.jrdcom.jrdlogger.WifiReceiver.onReceive:25 android.app.ActivityThread.handleReceiver:2869 
06-17 13:04:33.037  5987  5987 D ActivityThread: BDC-RECEIVER handled : 0 / ReceiverData{intent=Intent { act=android.net.wifi.STATE_CHANGE flg=0x4000010 cmp=com.jrdcom.jrdlogger/.WifiReceiver (has extras) } packageName=com.jrdcom.jrdlogger resultCode=0 resultData=null resultExtras=null}
06-17 13:04:33.041 10838 10838 D ActivityThread: BDC-Calling onReceive: intent=Intent { act=android.net.wifi.STATE_CHANGE flg=0x4000010 cmp=cn.andouya/cn.xender.basicservice.NetworkChangeReceiver (has extras) }, receiver=cn.xender.basicservice.NetworkChangeReceiver@81dff38
06-17 13:04:33.041 10838 10838 D ActivityThread: BDC-RECEIVER handled : 0 / ReceiverData{intent=Intent { act=android.net.wifi.STATE_CHANGE flg=0x4000010 cmp=cn.andouya/cn.xender.basicservice.NetworkChangeReceiver (has extras) } packageName=cn.andouya resultCode=0 resultData=null resultExtras=null}
06-17 13:04:33.047  1338  1338 D ActivityThread: BDC-Calling onReceive: intent=Intent { act=android.net.wifi.STATE_CHANGE flg=0x4000010 cmp=com.kingroot.kinguser/com.kingroot.common.framework.broadcast.KSysBroadcastReceiver (has extras) }, receiver=com.kingroot.common.framework.broadcast.KSysBroadcastReceiver@a3cd69b
06-17 13:04:33.047  1338  1338 D ActivityThread: BDC-RECEIVER handled : 0 / ReceiverData{intent=Intent { act=android.net.wifi.STATE_CHANGE flg=0x4000010 cmp=com.kingroot.kinguser/com.kingroot.common.framework.broadcast.KSysBroadcastReceiver (has extras) } packageName=com.kingroot.kinguser resultCode=-1 resultData=null resultExtras=null}
06-17 13:04:33.052  1710  1710 D ActivityThread: BDC-Calling onReceive: intent=Intent { act=android.net.wifi.STATE_CHANGE flg=0x4000010 cmp=cn.ninegame.gamemanager/.system.receiver.BackProcessReceiver (has extras) }, receiver=cn.ninegame.gamemanager.system.receiver.BackProcessReceiver@ca997bb
06-17 13:04:33.055  1710  1710 D ActivityThread: BDC-RECEIVER handled : 0 / ReceiverData{intent=Intent { act=android.net.wifi.STATE_CHANGE flg=0x4000010 cmp=cn.ninegame.gamemanager/.system.receiver.BackProcessReceiver (has extras) } packageName=cn.ninegame.gamemanager resultCode=0 resultData=null resultExtras=null}
06-17 13:04:33.055  1710  1710 D ActivityThread: SVC-Calling onStartCommand: cn.ninegame.gamemanager.download.DownloadService@f10db07, flags=0, startId=8493
06-17 13:04:33.055  1710  1710 D ActivityThread: SVC-SERVICE_ARGS handled : 0 / ServiceArgsData{token=android.os.BinderProxy@39ff136 startId=8493 args=Intent { cmp=cn.ninegame.gamemanager/.download.DownloadService }}
06-17 13:04:33.055  1710  1710 D ActivityThread: SVC-Calling onStartCommand: cn.ninegame.gamemanager.system.service.NotificationsPushService@ac4c3f6, flags=0, startId=9014
06-17 13:04:33.055  1710  1710 D ActivityThread: SVC-SERVICE_ARGS handled : 0 / ServiceArgsData{token=android.os.BinderProxy@f5d011b startId=9014 args=Intent { cmp=cn.ninegame.gamemanager/.system.service.NotificationsPushService }}
06-17 13:04:33.058  1873  1873 D ActivityThread: BDC-Calling onReceive: intent=Intent { act=android.net.wifi.STATE_CHANGE flg=0x4000010 cmp=com.tcl.ota/.receiver.DownloadReceiver (has extras) }, receiver=com.tcl.ota.receiver.DownloadReceiver@772f7f1
06-17 13:04:33.059  1873  1873 D ActivityThread: BDC-RECEIVER handled : 0 / ReceiverData{intent=Intent { act=android.net.wifi.STATE_CHANGE flg=0x4000010 cmp=com.tcl.ota/.receiver.DownloadReceiver (has extras) } packageName=com.tcl.ota resultCode=0 resultData=null resultExtras=null}
06-17 13:04:33.063  4979  4979 D ActivityThread: BDC-Calling onReceive: intent=Intent { act=android.net.wifi.STATE_CHANGE flg=0x4000010 cmp=com.UCMobile/com.uc.browser.business.openwifi.NetworkConnectReceiver (has extras) }, receiver=com.uc.browser.business.openwifi.NetworkConnectReceiver@cc771c2
06-17 13:04:33.064  4979  4979 D ActivityThread: BDC-RECEIVER handled : 0 / ReceiverData{intent=Intent { act=android.net.wifi.STATE_CHANGE flg=0x4000010 cmp=com.UCMobile/com.uc.browser.business.openwifi.NetworkConnectReceiver (has extras) } packageName=com.UCMobile resultCode=0 resultData=null resultExtras=null}
06-17 13:04:33.068  5987  5987 D ActivityThread: BDC-Calling onReceive: intent=Intent { act=android.net.wifi.STATE_CHANGE flg=0x4000010 cmp=com.jrdcom.jrdlogger/.WifiReceiver (has extras) }, receiver=com.jrdcom.jrdlogger.WifiReceiver@ba6fd03
06-17 13:04:33.069  5987  5987 W ContextImpl: Calling a method in the system process without a qualified user: android.app.ContextImpl.stopService:1232 android.content.ContextWrapper.stopService:586 android.content.ContextWrapper.stopService:586 com.jrdcom.jrdlogger.WifiReceiver.onReceive:25 android.app.ActivityThread.handleReceiver:2869 
06-17 13:04:33.070  5987  5987 D ActivityThread: BDC-RECEIVER handled : 0 / ReceiverData{intent=Intent { act=android.net.wifi.STATE_CHANGE flg=0x4000010 cmp=com.jrdcom.jrdlogger/.WifiReceiver (has extras) } packageName=com.jrdcom.jrdlogger resultCode=0 resultData=null resultExtras=null}
06-17 13:04:33.074 10838 10838 D ActivityThread: BDC-Calling onReceive: intent=Intent { act=android.net.wifi.STATE_CHANGE flg=0x4000010 cmp=cn.andouya/cn.xender.basicservice.NetworkChangeReceiver (has extras) }, receiver=cn.xender.basicservice.NetworkChangeReceiver@5d8eb11
06-17 13:04:33.076 10838 10838 D ActivityThread: BDC-RECEIVER handled : 0 / ReceiverData{intent=Intent { act=android.net.wifi.STATE_CHANGE flg=0x4000010 cmp=cn.andouya/cn.xender.basicservice.NetworkChangeReceiver (has extras) } packageName=cn.andouya resultCode=0 resultData=null resultExtras=null}
06-17 13:04:33.082  1338  1338 D ActivityThread: BDC-Calling onReceive: intent=Intent { act=android.net.wifi.STATE_CHANGE flg=0x4000010 cmp=com.kingroot.kinguser/com.kingroot.common.framework.broadcast.KSysBroadcastReceiver (has extras) }, receiver=com.kingroot.common.framework.broadcast.KSysBroadcastReceiver@c2cca38
06-17 13:04:33.082  1338  1338 D ActivityThread: BDC-RECEIVER handled : 0 / ReceiverData{intent=Intent { act=android.net.wifi.STATE_CHANGE flg=0x4000010 cmp=com.kingroot.kinguser/com.kingroot.common.framework.broadcast.KSysBroadcastReceiver (has extras) } packageName=com.kingroot.kinguser resultCode=-1 resultData=null resultExtras=null}
06-17 13:04:33.089  1710  1710 D ActivityThread: BDC-Calling onReceive: intent=Intent { act=android.net.wifi.STATE_CHANGE flg=0x4000010 cmp=cn.ninegame.gamemanager/.system.receiver.BackProcessReceiver (has extras) }, receiver=cn.ninegame.gamemanager.system.receiver.BackProcessReceiver@612c4d8
06-17 13:04:33.091  1710  1710 D ActivityThread: BDC-RECEIVER handled : 0 / ReceiverData{intent=Intent { act=android.net.wifi.STATE_CHANGE flg=0x4000010 cmp=cn.ninegame.gamemanager/.system.receiver.BackProcessReceiver (has extras) } packageName=cn.ninegame.gamemanager resultCode=0 resultData=null resultExtras=null}
06-17 13:04:33.091  1710  1710 D ActivityThread: SVC-Calling onStartCommand: cn.ninegame.gamemanager.download.DownloadService@f10db07, flags=0, startId=8494
06-17 13:04:33.092  1710  1710 D ActivityThread: SVC-SERVICE_ARGS handled : 0 / ServiceArgsData{token=android.os.BinderProxy@39ff136 startId=8494 args=Intent { cmp=cn.ninegame.gamemanager/.download.DownloadService }}
06-17 13:04:33.092  1710  1710 D ActivityThread: SVC-Calling onStartCommand: cn.ninegame.gamemanager.system.service.NotificationsPushService@ac4c3f6, flags=0, startId=9015
06-17 13:04:33.092  1710  1710 D ActivityThread: SVC-SERVICE_ARGS handled : 0 / ServiceArgsData{token=android.os.BinderProxy@f5d011b startId=9015 args=Intent { cmp=cn.ninegame.gamemanager/.system.service.NotificationsPushService }}
06-17 13:04:33.094  1873  1873 D ActivityThread: BDC-Calling onReceive: intent=Intent { act=android.net.wifi.STATE_CHANGE flg=0x4000010 cmp=com.tcl.ota/.receiver.DownloadReceiver (has extras) }, receiver=com.tcl.ota.receiver.DownloadReceiver@8e52fd6
06-17 13:04:33.095  1873  1873 D ActivityThread: BDC-RECEIVER handled : 0 / ReceiverData{intent=Intent { act=android.net.wifi.STATE_CHANGE flg=0x4000010 cmp=com.tcl.ota/.receiver.DownloadReceiver (has extras) } packageName=com.tcl.ota resultCode=0 resultData=null resultExtras=null}
06-17 13:04:33.100  4979  4979 D ActivityThread: BDC-Calling onReceive: intent=Intent { act=android.net.wifi.STATE_CHANGE flg=0x4000010 cmp=com.UCMobile/com.uc.browser.business.openwifi.NetworkConnectReceiver (has extras) }, receiver=com.uc.browser.business.openwifi.NetworkConnectReceiver@3a0bbd3
06-17 13:04:33.101  4979  4979 D ActivityThread: BDC-RECEIVER handled : 0 / ReceiverData{intent=Intent { act=android.net.wifi.STATE_CHANGE flg=0x4000010 cmp=com.UCMobile/com.uc.browser.business.openwifi.NetworkConnectReceiver (has extras) } packageName=com.UCMobile resultCode=0 resultData=null resultExtras=null}
06-17 13:04:33.106  5987  5987 D ActivityThread: BDC-Calling onReceive: intent=Intent { act=android.net.wifi.STATE_CHANGE flg=0x4000010 cmp=com.jrdcom.jrdlogger/.WifiReceiver (has extras) }, receiver=com.jrdcom.jrdlogger.WifiReceiver@a82d480
06-17 13:04:33.106  5987  5987 W ContextImpl: Calling a method in the system process without a qualified user: android.app.ContextImpl.stopService:1232 android.content.ContextWrapper.stopService:586 android.content.ContextWrapper.stopService:586 com.jrdcom.jrdlogger.WifiReceiver.onReceive:25 android.app.ActivityThread.handleReceiver:2869 
06-17 13:04:33.107  5987  5987 D ActivityThread: BDC-RECEIVER handled : 0 / ReceiverData{intent=Intent { act=android.net.wifi.STATE_CHANGE flg=0x4000010 cmp=com.jrdcom.jrdlogger/.WifiReceiver (has extras) } packageName=com.jrdcom.jrdlogger resultCode=0 resultData=null resultExtras=null}
06-17 13:04:33.111 10838 10838 D ActivityThread: BDC-Calling onReceive: intent=Intent { act=android.net.wifi.STATE_CHANGE flg=0x4000010 cmp=cn.andouya/cn.xender.basicservice.NetworkChangeReceiver (has extras) }, receiver=cn.xender.basicservice.NetworkChangeReceiver@5217476
06-17 13:04:33.112 10838 10838 D ActivityThread: BDC-RECEIVER handled : 0 / ReceiverData{intent=Intent { act=android.net.wifi.STATE_CHANGE flg=0x4000010 cmp=cn.andouya/cn.xender.basicservice.NetworkChangeReceiver (has extras) } packageName=cn.andouya resultCode=0 resultData=null resultExtras=null}
06-17 13:04:33.441  1114  1125 W PackageManager: checkUidPermission(): android.permission.REAL_GET_TASKS of 10173 is denied.
06-17 13:04:33.464  1114  1684 W PackageManager: checkUidPermission(): android.permission.REAL_GET_TASKS of 10179 is denied.
06-17 13:04:33.465  1114  2626 W PackageManager: checkUidPermission(): android.permission.REAL_GET_TASKS of 10179 is denied.
06-17 13:04:33.481  1114  2624 W PackageManager: checkUidPermission(): android.permission.PACKAGE_USAGE_STATS of 10177 is denied.
06-17 13:04:33.485  1114  1130 W ActivityManager: Activity stop timeout for ActivityRecord{f103c83 u0 jrdcom.com.anrdemo/.MainActivity t655}
06-17 13:04:33.610  1114  1114 V DeviceStorageMonitorService: freeMemory=13177671680
06-17 13:04:33.610  1114  1114 I DeviceStorageMonitorService: Posting Message again
06-17 13:04:33.847  1114  2618 W PackageManager: checkUidPermission(): android.permission.LOCAL_MAC_ADDRESS of 10203 is denied.
06-17 13:04:33.885  1114 18231 V ActivityManager: Broadcast sticky: Intent { act=android.intent.action.SIG_STR flg=0x20000010 (has extras) } ordered=false userid=-1 callerApp=ProcessRecord{60ef50d 1114:system/1000}
06-17 13:04:34.205   425  1018 D NetlinkEvent: clear RA flag done
06-17 13:04:34.206   425  1018 D SocketClient: SocketClient sendData done: 600 Iface linkstate wlan0 down
06-17 13:04:34.206  1114  1254 D NetdConnector: RCV <- {600 Iface linkstate wlan0 down}
06-17 13:04:34.207  1114  1132 D NetworkManagement: onEvent:600 Iface linkstate wlan0 down:5
--------- beginning of main
06-17 13:04:34.253  1678  1678 D wpa_supplicant: wlan0: BSS: Add new id 59794 BSSID fc:5b:39:e1:01:cd SSID 'TCL-Guest'
06-17 13:04:34.253  1678  1678 D wpa_supplicant: CTRL_IFACE monitor sent successfully to /data/misc/wifi/sockets/wpa_ctrl_1114-2\x00
06-17 13:04:34.253  1678  1678 D wpa_supplicant: wlan0: BSS: Add new id 59795 BSSID fc:5b:39:e1:01:c4 SSID 'WIFI-Internal-Test'
06-17 13:04:34.253  1678  1678 D wpa_supplicant: CTRL_IFACE monitor sent successfully to /data/misc/wifi/sockets/wpa_ctrl_1114-2\x00
06-17 13:04:34.253  1678  1678 D wpa_supplicant: wlan0: BSS: Add new id 59796 BSSID fc:5b:39:e1:01:ce SSID 'Phone-WIFI'
06-17 13:04:34.253  1678  1678 D wpa_supplicant: CTRL_IFACE monitor sent successfully to /data/misc/wifi/sockets/wpa_ctrl_1114-2\x00
06-17 13:04:34.253  1678  1678 D wpa_supplicant: wlan0: BSS: Add new id 59797 BSSID fc:5b:39:e1:01:c9 SSID 'VAL-TEST'
06-17 13:04:34.253  1678  1678 D wpa_supplicant: CTRL_IFACE monitor sent successfully to /data/misc/wifi/sockets/wpa_ctrl_1114-2\x00
06-17 13:04:34.253  1678  1678 D wpa_supplicant: wlan0: BSS: Add new id 59798 BSSID fc:5b:39:e1:01:cc SSID ''
06-17 13:04:34.253  1678  1678 D wpa_supplicant: CTRL_IFACE monitor sent successfully to /data/misc/wifi/sockets/wpa_ctrl_1114-2\x00
06-17 13:04:34.253  1114  1772 D WifiHW  : enter -->wifi_wait_on_socket buflen=2048
06-17 13:04:34.253  1678  1678 D wpa_supplicant: wlan0: BSS: Add new id 59799 BSSID fc:5b:39:e1:01:c6 SSID 'PACv6'
06-17 13:04:34.253  1114  1772 D WifiHW  : [1] get event: IFNAME=wlan0 <3>CTRL-EVENT-BSS-ADDED 59774 fc:5b:39:d2:3d:16
06-17 13:04:34.253  1114  1772 D WifiHW  : [2] get event: IFNAME=wlan0 CTRL-EVENT-BSS-ADDED 59774 fc:5b:39:d2:3d:16
06-17 13:04:34.253  1678  1678 D wpa_supplicant: CTRL_IFACE monitor sent successfully to /data/misc/wifi/sockets/wpa_ctrl_1114-2\x00
06-17 13:04:34.253  1678  1678 D wpa_supplicant: wlan0: BSS: Add new id 59800 BSSID fc:5b:39:e1:01:cf SSID 'TCL-lnternal'
06-17 13:04:34.254  1678  1678 D wpa_supplicant: CTRL_IFACE monitor sent successfully to /data/misc/wifi/sockets/wpa_ctrl_1114-2\x00
06-17 13:04:34.254  1114  1772 D WifiHW  : enter -->wifi_wait_on_socket buflen=2048
06-17 13:04:34.254  1114  1772 D WifiHW  : [1] get event: IFNAME=wlan0 <3>CTRL-EVENT-BSS-ADDED 59775 fc:5b:39:f1:c4:d2
06-17 13:04:34.254  1678  1678 D wpa_supplicant: wlan0: BSS: Add new id 59801 BSSID 00:3a:98:09:61:cb SSID 'WIFI-Internal-Test'
06-17 13:04:34.254  1114  1772 D WifiHW  : [2] get event: IFNAME=wlan0 CTRL-EVENT-BSS-ADDED 59775 fc:5b:39:f1:c4:d2
06-17 13:04:34.254  1678  1678 D wpa_supplicant: CTRL_IFACE monitor sent successfully to /data/misc/wifi/sockets/wpa_ctrl_1114-2\x00
06-17 13:04:34.254  1114  1772 D WifiHW  : enter -->wifi_wait_on_socket buflen=2048
06-17 13:04:34.254  1678  1678 D wpa_supplicant: wlan0: BSS: Add new id 59802 BSSID 00:3a:98:09:61:cd SSID ''
06-17 13:04:34.254  1114  1772 D WifiHW  : [1] get event: IFNAME=wlan0 <3>CTRL-EVENT-BSS-ADDED 59776 fc:5b:39:f1:c4:d1
06-17 13:04:34.254  1114  1772 D WifiHW  : [2] get event: IFNAME=wlan0 CTRL-EVENT-BSS-ADDED 59776 fc:5b:39:f1:c4:d1
06-17 13:04:34.254  1678  1678 D wpa_supplicant: CTRL_IFACE monitor sent successfully to /data/misc/wifi/sockets/wpa_ctrl_1114-2\x00
06-17 13:04:34.254  1114  1772 D WifiHW  : enter -->wifi_wait_on_socket buflen=2048
06-17 13:04:34.254  1114  1772 D WifiHW  : [1] get event: IFNAME=wlan0 <3>CTRL-EVENT-BSS-ADDED 59777 fc:5b:39:f1:c4:d0
06-17 13:04:34.254  1678  1678 D wpa_supplicant: wlan0: BSS: Remove id 59381 BSSID fc:5b:39:e1:01:cb SSID 'PHONE-WIFI2' due to no match in scan
06-17 13:04:34.254  1114  1772 D WifiHW  : [2] get event: IFNAME=wlan0 CTRL-EVENT-BSS-ADDED 59777 fc:5b:39:f1:c4:d0
06-17 13:04:34.254  1678  1678 D wpa_supplicant: CTRL_IFACE monitor sent successfully to /data/misc/wifi/sockets/wpa_ctrl_1114-2\x00
06-17 13:04:34.254  1114  1772 D WifiHW  : enter -->wifi_wait_on_socket buflen=2048
06-17 13:04:34.254  1678  1678 D wpa_supplicant: wlan0: BSS: Remove id 59620 BSSID fc:5b:39:f1:c4:d4 SSID 'PHONE-WIFI2' due to no match in scan
06-17 13:04:34.254  1114  1772 D WifiHW  : [1] get event: IFNAME=wlan0 <3>CTRL-EVENT-BSS-ADDED 59778 fc:5b:39:f1:c4:db
06-17 13:04:34.254  1114  1772 D WifiHW  : [2] get event: IFNAME=wlan0 CTRL-EVENT-BSS-ADDED 59778 fc:5b:39:f1:c4:db
06-17 13:04:34.254  1678  1678 D wpa_supplicant: CTRL_IFACE monitor sent successfully to /data/misc/wifi/sockets/wpa_ctrl_1114-2\x00
06-17 13:04:34.254  1114  1772 D WifiHW  : enter -->wifi_wait_on_socket buflen=2048
06-17 13:04:34.254  1678  1678 D wpa_supplicant: wlan0: BSS: Remove id 59757 BSSID fc:5b:39:db:45:0b SSID 'PHONE-WIFI2' due to no match in scan
06-17 13:04:34.254  1114  1772 D WifiHW  : [1] get event: IFNAME=wlan0 <3>CTRL-EVENT-BSS-ADDED 59779 fc:5b:39:f1:c4:d6
06-17 13:04:34.254  1114  1772 D WifiHW  : [2] get event: IFNAME=wlan0 CTRL-EVENT-BSS-ADDED 59779 fc:5b:39:f1:c4:d6
06-17 13:04:34.254  1678  1678 D wpa_supplicant: CTRL_IFACE monitor sent successfully to /data/misc/wifi/sockets/wpa_ctrl_1114-2\x00
06-17 13:04:34.254  1114  1772 D WifiHW  : enter -->wifi_wait_on_socket buflen=2048
06-17 13:04:34.254  1114  1772 D WifiHW  : [1] get event: IFNAME=wlan0 <3>CTRL-EVENT-BSS-ADDED 59780 fc:5b:39:d2:3d:19
06-17 13:04:34.254  1114  1772 D WifiHW  : [2] get event: IFNAME=wlan0 CTRL-EVENT-BSS-ADDED 59780 fc:5b:39:d2:3d:19
06-17 13:04:34.254  1678  1678 D wpa_supplicant: BSS: last_scan_res_used=120/256
06-17 13:04:34.254  1678  1678 D wpa_supplicant: wlan0: Scan-only results received
06-17 13:04:34.254  1114  1772 D WifiHW  : enter -->wifi_wait_on_socket buflen=2048
06-17 13:04:34.254  1114  1772 D WifiHW  : [1] get event: IFNAME=wlan0 <3>CTRL-EVENT-BSS-ADDED 59781 fc:5b:39:d2:3d:1b
06-17 13:04:34.254  1678  1678 D wpa_supplicant: CTRL_IFACE monitor sent successfully to /data/misc/wifi/sockets/wpa_ctrl_1114-2\x00
06-17 13:04:34.254  1114  1772 D WifiHW  : [2] get event: IFNAME=wlan0 CTRL-EVENT-BSS-ADDED 59781 fc:5b:39:d2:3d:1b
06-17 13:04:34.254  1114  1772 D WifiHW  : enter -->wifi_wait_on_socket buflen=2048
06-17 13:04:34.254  1114  1772 D WifiHW  : [1] get event: IFNAME=wlan0 <3>CTRL-EVENT-BSS-ADDED 59782 fc:5b:39:d2:3d:10
06-17 13:04:34.254  1114  1772 D WifiHW  : [2] get event: IFNAME=wlan0 CTRL-EVENT-BSS-ADDED 59782 fc:5b:39:d2:3d:10
06-17 13:04:34.254  1114  1772 D WifiHW  : enter -->wifi_wait_on_socket buflen=2048
06-17 13:04:34.254  1114  1772 D WifiHW  : [1] get event: IFNAME=wlan0 <3>CTRL-EVENT-BSS-ADDED 59783 fc:5b:39:d2:3d:11
06-17 13:04:34.254  1114  1772 D WifiHW  : [2] get event: IFNAME=wlan0 CTRL-EVENT-BSS-ADDED 59783 fc:5b:39:d2:3d:11
06-17 13:04:34.254  1678  1678 D wpa_supplicant: CTRL_IFACE monitor sent successfully to /data/misc/wifi/sockets/wpa_ctrl_1114-2\x00
06-17 13:04:34.254  1678  1678 D wpa_supplicant: wlan0: Radio work 'scan'@0x7f7e31d190 done in 1.346003 seconds
06-17 13:04:34.254  1114  1772 D WifiHW  : enter -->wifi_wait_on_socket buflen=2048
06-17 13:04:34.254  1114  1772 D WifiHW  : [1] get event: IFNAME=wlan0 <3>CTRL-EVENT-BSS-ADDED 59784 fc:5b:39:d2:3d:12
06-17 13:04:34.254  1114  1772 D WifiHW  : [2] get event: IFNAME=wlan0 CTRL-EVENT-BSS-ADDED 59784 fc:5b:39:d2:3d:12
06-17 13:04:34.255  1114  1772 D WifiHW  : enter -->wifi_wait_on_socket buflen=2048
06-17 13:04:34.255  1114  1772 D WifiHW  : [1] get event: IFNAME=wlan0 <3>CTRL-EVENT-BSS-ADDED 59785 fc:5b:39:e1:01:cb
06-17 13:04:34.255  1114  1772 D WifiHW  : [2] get event: IFNAME=wlan0 CTRL-EVENT-BSS-ADDED 59785 fc:5b:39:e1:01:cb
06-17 13:04:34.255  1114  1772 D WifiHW  : enter -->wifi_wait_on_socket buflen=2048
06-17 13:04:34.255  1114  1772 D WifiHW  : [1] get event: IFNAME=wlan0 <3>CTRL-EVENT-BSS-ADDED 59786 fc:5b:39:e1:01:c6
06-17 13:04:34.255  1114  1772 D WifiHW  : [2] get event: IFNAME=wlan0 CTRL-EVENT-BSS-ADDED 59786 fc:5b:39:e1:01:c6
06-17 13:04:34.255  1114  1772 D WifiHW  : enter -->wifi_wait_on_socket buflen=2048
06-17 13:04:34.255  1114  1772 D WifiHW  : [1] get event: IFNAME=wlan0 <3>CTRL-EVENT-BSS-ADDED 59787 fc:5b:39:e1:01:c1
06-17 13:04:34.255  1114  1772 D WifiHW  : [2] get event: IFNAME=wlan0 CTRL-EVENT-BSS-ADDED 59787 fc:5b:39:e1:01:c1
06-17 13:04:34.255  1114  1772 D WifiHW  : enter -->wifi_wait_on_socket buflen=2048
06-17 13:04:34.255  1114  1772 D WifiHW  : [1] get event: IFNAME=wlan0 <3>CTRL-EVENT-BSS-ADDED 59788 00:3a:98:09:61:c0
06-17 13:04:34.255  1114  1772 D WifiHW  : [2] get event: IFNAME=wlan0 CTRL-EVENT-BSS-ADDED 59788 00:3a:98:09:61:c0
06-17 13:04:34.255  1114  1772 D WifiHW  : enter -->wifi_wait_on_socket buflen=2048
06-17 13:04:34.255  1114  1772 D WifiHW  : [1] get event: IFNAME=wlan0 <3>CTRL-EVENT-BSS-ADDED 59789 00:3a:98:09:61:c1
06-17 13:04:34.255  1114  1772 D WifiHW  : [2] get event: IFNAME=wlan0 CTRL-EVENT-BSS-ADDED 59789 00:3a:98:09:61:c1
06-17 13:04:34.255  1114  1772 D WifiHW  : enter -->wifi_wait_on_socket buflen=2048
06-17 13:04:34.255  1114  1772 D WifiHW  : [1] get event: IFNAME=wlan0 <3>CTRL-EVENT-BSS-ADDED 59790 00:3a:98:09:61:c2
06-17 13:04:34.255  1114  1772 D WifiHW  : [2] get event: IFNAME=wlan0 CTRL-EVENT-BSS-ADDED 59790 00:3a:98:09:61:c2
06-17 13:04:34.255  1114  1772 D WifiHW  : enter -->wifi_wait_on_socket buflen=2048
06-17 13:04:34.255  1114  1772 D WifiHW  : [1] get event: IFNAME=wlan0 <3>CTRL-EVENT-BSS-ADDED 59791 00:3a:98:09:61:c6
06-17 13:04:34.255  1114  1772 D WifiHW  : [2] get event: IFNAME=wlan0 CTRL-EVENT-BSS-ADDED 59791 00:3a:98:09:61:c6
06-17 13:04:34.255  1114  1772 D WifiHW  : enter -->wifi_wait_on_socket buflen=2048
06-17 13:04:34.255  1114  1772 D WifiHW  : [1] get event: IFNAME=wlan0 <3>CTRL-EVENT-BSS-ADDED 59792 00:3a:98:09:61:c9
06-17 13:04:34.255  1114  1772 D WifiHW  : [2] get event: IFNAME=wlan0 CTRL-EVENT-BSS-ADDED 59792 00:3a:98:09:61:c9
06-17 13:04:34.255  1114  1772 D WifiHW  : enter -->wifi_wait_on_socket buflen=2048
06-17 13:04:34.255  1114  1772 D WifiHW  : [1] get event: IFNAME=wlan0 <3>CTRL-EVENT-BSS-ADDED 59793 00:3a:98:09:61:c3
06-17 13:04:34.255  1114  1772 D WifiHW  : [2] get event: IFNAME=wlan0 CTRL-EVENT-BSS-ADDED 59793 00:3a:98:09:61:c3
06-17 13:04:34.255  1114  1772 D WifiHW  : enter -->wifi_wait_on_socket buflen=2048
06-17 13:04:34.256  1114  1772 D WifiHW  : [1] get event: IFNAME=wlan0 <3>CTRL-EVENT-BSS-ADDED 59794 fc:5b:39:e1:01:cd
06-17 13:04:34.256  1114  1772 D WifiHW  : [2] get event: IFNAME=wlan0 CTRL-EVENT-BSS-ADDED 59794 fc:5b:39:e1:01:cd
06-17 13:04:34.256  1114  1772 D WifiHW  : enter -->wifi_wait_on_socket buflen=2048
06-17 13:04:34.256  1114  1772 D WifiHW  : [1] get event: IFNAME=wlan0 <3>CTRL-EVENT-BSS-ADDED 59795 fc:5b:39:e1:01:c4
06-17 13:04:34.256  1114  1772 D WifiHW  : [2] get event: IFNAME=wlan0 CTRL-EVENT-BSS-ADDED 59795 fc:5b:39:e1:01:c4
06-17 13:04:34.256  1114  1772 D WifiHW  : enter -->wifi_wait_on_socket buflen=2048
06-17 13:04:34.256  1114  1772 D WifiHW  : [1] get event: IFNAME=wlan0 <3>CTRL-EVENT-BSS-ADDED 59796 fc:5b:39:e1:01:ce
06-17 13:04:34.256  1114  1772 D WifiHW  : [2] get event: IFNAME=wlan0 CTRL-EVENT-BSS-ADDED 59796 fc:5b:39:e1:01:ce
06-17 13:04:34.256  1114  1772 D WifiHW  : enter -->wifi_wait_on_socket buflen=2048
06-17 13:04:34.256  1114  1772 D WifiHW  : [1] get event: IFNAME=wlan0 <3>CTRL-EVENT-BSS-ADDED 59797 fc:5b:39:e1:01:c9
06-17 13:04:34.256  1114  1772 D WifiHW  : [2] get event: IFNAME=wlan0 CTRL-EVENT-BSS-ADDED 59797 fc:5b:39:e1:01:c9
06-17 13:04:34.256  1114  1772 D WifiHW  : enter -->wifi_wait_on_socket buflen=2048
06-17 13:04:34.256  1114  1772 D WifiHW  : [1] get event: IFNAME=wlan0 <3>CTRL-EVENT-BSS-ADDED 59798 fc:5b:39:e1:01:cc
