06-17 13:04:36.591  5408  5408 W rism_thread: type=1400 audit(0.0:2623164): avc: denied { getattr } for path="/proc/11" dev="proc" ino=15798 scontext=u:r:untrusted_app:s0:c512,c768 tcontext=u:r:kernel:s0 tclass=dir permissive=0
06-17 13:04:36.601  5408  5408 W rism_thread: type=1400 audit(0.0:2623165): avc: denied { getattr } for path="/proc/12" dev="proc" ino=15799 scontext=u:r:untrusted_app:s0:c512,c768 tcontext=u:r:kernel:s0 tclass=dir permissive=0
06-17 13:04:36.601  5408  5408 W rism_thread: type=1400 audit(0.0:2623166): avc: denied { getattr } for path="/proc/14" dev="proc" ino=15801 scontext=u:r:untrusted_app:s0:c512,c768 tcontext=u:r:kernel:s0 tclass=dir permissive=0
06-17 13:04:36.601  5408  5408 W rism_thread: type=1400 audit(0.0:2623167): avc: denied { getattr } for path="/proc/15" dev="proc" ino=15802 scontext=u:r:untrusted_app:s0:c512,c768 tcontext=u:r:kernel:s0 tclass=dir permissive=0
06-17 13:04:36.601  5408  5408 W rism_thread: type=1400 audit(0.0:2623168): avc: denied { getattr } for path="/proc/16" dev="proc" ino=15803 scontext=u:r:untrusted_app:s0:c512,c768 tcontext=u:r:kernel:s0 tclass=dir permissive=0
06-17 13:04:36.601  5408  5408 W rism_thread: type=1400 audit(0.0:2623169): avc: denied { getattr } for path="/proc/18" dev="proc" ino=15805 scontext=u:r:untrusted_app:s0:c512,c768 tcontext=u:r:kernel:s0 tclass=dir permissive=0
06-17 13:04:36.601  5408  5408 W rism_thread: type=1400 audit(0.0:2623170): avc: denied { getattr } for path="/proc/19" dev="proc" ino=15806 scontext=u:r:untrusted_app:s0:c512,c768 tcontext=u:r:kernel:s0 tclass=dir permissive=0
06-17 13:04:36.601  5408  5408 W rism_thread: type=1400 audit(0.0:2623171): avc: denied { getattr } for path="/proc/20" dev="proc" ino=15807 scontext=u:r:untrusted_app:s0:c512,c768 tcontext=u:r:kernel:s0 tclass=dir permissive=0
06-17 13:04:36.601  5408  5408 W rism_thread: type=1400 audit(0.0:2623172): avc: denied { getattr } for path="/proc/22" dev="proc" ino=15809 scontext=u:r:untrusted_app:s0:c512,c768 tcontext=u:r:kernel:s0 tclass=dir permissive=0
06-17 13:04:36.601  5408  5408 W rism_thread: type=1400 audit(0.0:2623173): avc: denied { getattr } for path="/proc/23" dev="proc" ino=15810 scontext=u:r:untrusted_app:s0:c512,c768 tcontext=u:r:kernel:s0 tclass=dir permissive=0
06-17 13:04:36.625  1114  2618 D ConnectivityService: getActiveNetworkInfo networkInfo = null
06-17 13:04:36.640  1114  1245 E PROXIMITY: ProximitySensor: unknown event (type=3, code=0)
06-17 13:04:37.165   451   451 I thermal_repeater: oh, queryMdThermalInfo (0)No such file or directory
06-17 13:04:37.179   451   451 I thermal_repeater: [recvMdThermalInfo] ret=25, strLen=127,  3, 37, -127, 0, 32767, 1
06-17 13:04:37.319   296   338 I BufferQueueProducer: [StatusBar](this:0x7fa600fc00,id:5,api:1,p:1332,c:296) queueBuffer: fps=1.50 dur=2000.38 max=1001.37 min=499.40
06-17 13:04:37.330   296   296 I SurfaceFlinger: [Built-in Screen (type:0)] fps:1.501583,dur:1997.89,max:999.11,min:499.11
06-17 13:04:37.455  1114  1125 W PackageManager: checkUidPermission(): android.permission.REAL_GET_TASKS of 10173 is denied.
06-17 13:04:37.481  1114  1684 D AppOps  : checkOperation(code = 43 uid = 10177 pkgName = cn.ninegame.gamemanager) - op == null, return default mode = 3
06-17 13:04:37.481  1114  1684 W PackageManager: checkUidPermission(): android.permission.PACKAGE_USAGE_STATS of 10177 is denied.
06-17 13:04:37.485  1114  2626 W PackageManager: checkUidPermission(): android.permission.REAL_GET_TASKS of 10179 is denied.
06-17 13:04:37.488  1114  2624 W PackageManager: checkUidPermission(): android.permission.REAL_GET_TASKS of 10179 is denied.
06-17 13:04:37.639  1114  1245 E PROXIMITY: ProximitySensor: unknown event (type=3, code=0)
06-17 13:04:37.631 10906 10906 W netstat : type=1400 audit(0.0:2623547): avc: denied { search } for name="1" dev="proc" ino=12292 scontext=u:r:untrusted_app:s0:c512,c768 tcontext=u:r:init:s0 tclass=dir permissive=0
06-17 13:04:37.631 10907 10907 W netstat : type=1400 audit(0.0:2623548): avc: denied { search } for name="1" dev="proc" ino=12292 scontext=u:r:untrusted_app:s0:c512,c768 tcontext=u:r:init:s0 tclass=dir permissive=0
06-17 13:04:37.889  1114  1245 E PROXIMITY: ProximitySensor: unknown event (type=3, code=0)
06-17 13:04:37.941 10910 10910 W netstat : type=1400 audit(0.0:2623549): avc: denied { search } for name="1" dev="proc" ino=12292 scontext=u:r:untrusted_app:s0:c512,c768 tcontext=u:r:init:s0 tclass=dir permissive=0
06-17 13:04:37.961 10911 10911 W netstat : type=1400 audit(0.0:2623550): avc: denied { search } for name="1" dev="proc" ino=12292 scontext=u:r:untrusted_app:s0:c512,c768 tcontext=u:r:init:s0 tclass=dir permissive=0
06-17 13:04:38.318  1114  1638 D PowerManagerService: acquireWakeLockInternal: lock=30970648, flags=0x1, tag="RILJ", ws=null, uid=1001, pid=2544
06-17 13:04:38.319  1114  1638 D PowerManagerService: updateWakeLockSummaryLocked: mWakefulness=Awake, mWakeLockSummary=0x1
06-17 13:04:38.319  1114  1638 D PowerManagerService: updateUserActivitySummaryLocked: mWakefulness=Awake, mUserActivitySummary=0x1, nextTimeout=73293151 (in 38201 ms)
06-17 13:04:38.319  1114  1638 D DisplayPowerController: requestPowerState: policy=BRIGHT, useProximitySensor=false, screenBrightness=102, screenAutoBrightnessAdjustment=1.0, brightnessSetByUser=true, useAutoBrightness=true, blockScreenOn=false, lowPowerMode=false, boostScreenBrightness=false, dozeScreenBrightness=-1, dozeScreenState=UNKNOWN, waitForNegativeProximity=false
06-17 13:04:38.319  1114  1638 I PowerManagerService: setBrightness mButtonLight 0.
06-17 13:04:38.319  1114  1638 D PowerManagerService: updateDisplayPowerStateLocked: mDisplayReady=true, policy=3, mWakefulness=1, mWakeLockSummary=0x1, mUserActivitySummary=0x1, mBootCompleted=true, mScreenBrightnessBoostInProgress=false
06-17 13:04:38.322   296   336 I BufferQueueProducer: [StatusBar](this:0x7fa600fc00,id:5,api:1,p:1332,c:296) queueBuffer: fps=1.99 dur=1003.00 max=506.99 min=496.01
06-17 13:04:38.325  1114  1638 D PowerManagerService: Acquiring suspend blocker "PowerManagerService.WakeLocks".
06-17 13:04:38.325  1114  1638 D PowerManagerNotifier: onWakeLockAcquired: flags=1, tag="RILJ", packageName=com.android.phone, ownerUid=1001, ownerPid=2544, workSource=null
06-17 13:04:38.325  1114  1638 D AppOps  : startOperation: allowing code 40 uid 1001 package com.android.phone
06-17 13:04:38.345  1114  1684 D PowerManagerService: releaseWakeLockInternal: lock=30970648 [RILJ], flags=0x0, total_time=27ms
06-17 13:04:38.345  1114  1684 D PowerManagerNotifier: onWakeLockReleased: flags=1, tag="RILJ", packageName=com.android.phone, ownerUid=1001, ownerPid=2544, workSource=null
06-17 13:04:38.345  1114  1684 D PowerManagerService: updateWakeLockSummaryLocked: mWakefulness=Awake, mWakeLockSummary=0x0
06-17 13:04:38.345  1114  1684 D PowerManagerService: updateUserActivitySummaryLocked: mWakefulness=Awake, mUserActivitySummary=0x1, nextTimeout=73293151 (in 38174 ms)
06-17 13:04:38.345  1114  1684 D DisplayPowerController: requestPowerState: policy=BRIGHT, useProximitySensor=false, screenBrightness=102, screenAutoBrightnessAdjustment=1.0, brightnessSetByUser=true, useAutoBrightness=true, blockScreenOn=false, lowPowerMode=false, boostScreenBrightness=false, dozeScreenBrightness=-1, dozeScreenState=UNKNOWN, waitForNegativeProximity=false
06-17 13:04:38.346  1114  1684 I PowerManagerService: setBrightness mButtonLight 0.
06-17 13:04:38.346  1114  1684 D PowerManagerService: updateDisplayPowerStateLocked: mDisplayReady=true, policy=3, mWakefulness=1, mWakeLockSummary=0x0, mUserActivitySummary=0x1, mBootCompleted=true, mScreenBrightnessBoostInProgress=false
06-17 13:04:38.349  2544 25259 D SettingsInterface:  from settings cache , name = location_providers_allowed , value = network,gps
06-17 13:04:38.349  2544 25259 D SettingsInterface:  from settings cache , name = location_providers_allowed , value = network,gps
06-17 13:04:38.349  2544 25259 D SettingsInterface:  from settings cache , name = location_providers_allowed , value = network,gps
06-17 13:04:38.349  2544 25259 D SettingsInterface:  from settings cache , name = location_providers_allowed , value = network,gps
06-17 13:04:38.351  1114  1684 D PowerManagerService: Releasing suspend blocker "PowerManagerService.WakeLocks".
06-17 13:04:38.351  1114  2626 D PowerManagerService: acquireWakeLockInternal: lock=43524465, flags=0x1, tag="RILJ", ws=null, uid=1001, pid=2544
06-17 13:04:38.351  1114  2626 D PowerManagerService: updateWakeLockSummaryLocked: mWakefulness=Awake, mWakeLockSummary=0x1
06-17 13:04:38.351  1114  2626 D PowerManagerService: updateUserActivitySummaryLocked: mWakefulness=Awake, mUserActivitySummary=0x1, nextTimeout=73293151 (in 38168 ms)
06-17 13:04:38.352  1114  2626 D DisplayPowerController: requestPowerState: policy=BRIGHT, useProximitySensor=false, screenBrightness=102, screenAutoBrightnessAdjustment=1.0, brightnessSetByUser=true, useAutoBrightness=true, blockScreenOn=false, lowPowerMode=false, boostScreenBrightness=false, dozeScreenBrightness=-1, dozeScreenState=UNKNOWN, waitForNegativeProximity=false
06-17 13:04:38.352  1114  2626 I PowerManagerService: setBrightness mButtonLight 0.
06-17 13:04:38.352  1114  2626 D PowerManagerService: updateDisplayPowerStateLocked: mDisplayReady=true, policy=3, mWakefulness=1, mWakeLockSummary=0x1, mUserActivitySummary=0x1, mBootCompleted=true, mScreenBrightnessBoostInProgress=false
06-17 13:04:38.352  1114  2626 D PowerManagerService: Acquiring suspend blocker "PowerManagerService.WakeLocks".
06-17 13:04:38.352  1114  2626 D PowerManagerNotifier: onWakeLockAcquired: flags=1, tag="RILJ", packageName=com.android.phone, ownerUid=1001, ownerPid=2544, workSource=null
06-17 13:04:38.352  1114  2626 D AppOps  : startOperation: allowing code 40 uid 1001 package com.android.phone
06-17 13:04:38.363  1114  1128 D PowerManagerService: releaseWakeLockInternal: lock=43524465 [RILJ], flags=0x0, total_time=12ms
06-17 13:04:38.364  1114  1128 D PowerManagerNotifier: onWakeLockReleased: flags=1, tag="RILJ", packageName=com.android.phone, ownerUid=1001, ownerPid=2544, workSource=null
06-17 13:04:38.364  1114  1128 D PowerManagerService: updateWakeLockSummaryLocked: mWakefulness=Awake, mWakeLockSummary=0x0
06-17 13:04:38.364  1114  1128 D PowerManagerService: updateUserActivitySummaryLocked: mWakefulness=Awake, mUserActivitySummary=0x1, nextTimeout=73293151 (in 38155 ms)
06-17 13:04:38.364  1114  1128 D DisplayPowerController: requestPowerState: policy=BRIGHT, useProximitySensor=false, screenBrightness=102, screenAutoBrightnessAdjustment=1.0, brightnessSetByUser=true, useAutoBrightness=true, blockScreenOn=false, lowPowerMode=false, boostScreenBrightness=false, dozeScreenBrightness=-1, dozeScreenState=UNKNOWN, waitForNegativeProximity=false
06-17 13:04:38.364  1114  1128 I PowerManagerService: setBrightness mButtonLight 0.
06-17 13:04:38.364  1114  1128 D PowerManagerService: updateDisplayPowerStateLocked: mDisplayReady=true, policy=3, mWakefulness=1, mWakeLockSummary=0x0, mUserActivitySummary=0x1, mBootCompleted=true, mScreenBrightnessBoostInProgress=false
06-17 13:04:38.364  1114  1128 D PowerManagerService: Releasing suspend blocker "PowerManagerService.WakeLocks".
06-17 13:04:38.458  1114  4890 W PackageManager: checkUidPermission(): android.permission.REAL_GET_TASKS of 10173 is denied.
06-17 13:04:38.481  1114  2618 D AppOps  : checkOperation(code = 43 uid = 10177 pkgName = cn.ninegame.gamemanager) - op == null, return default mode = 3
06-17 13:04:38.481  1114  2618 W PackageManager: checkUidPermission(): android.permission.PACKAGE_USAGE_STATS of 10177 is denied.
06-17 13:04:38.490  1114  2620 W PackageManager: checkUidPermission(): android.permission.REAL_GET_TASKS of 10179 is denied.
06-17 13:04:38.492  1114  2621 W PackageManager: checkUidPermission(): android.permission.REAL_GET_TASKS of 10179 is denied.
06-17 13:04:38.701 10924 10924 W netstat : type=1400 audit(0.0:2623551): avc: denied { search } for name="1" dev="proc" ino=12292 scontext=u:r:untrusted_app:s0:c512,c768 tcontext=u:r:init:s0 tclass=dir permissive=0
06-17 13:04:38.701 10925 10925 W netstat : type=1400 audit(0.0:2623552): avc: denied { search } for name="1" dev="proc" ino=12292 scontext=u:r:untrusted_app:s0:c512,c768 tcontext=u:r:init:s0 tclass=dir permissive=0
06-17 13:04:38.827   296   296 I SurfaceFlinger: [Built-in Screen (type:0)] fps:2.004161,dur:1496.89,max:499.11,min:498.80
06-17 13:04:38.890  1114  1245 E PROXIMITY: ProximitySensor: unknown event (type=3, code=0)
06-17 13:04:38.958   449   449 I thermal_src: wake up function 3
06-17 13:04:38.958   449   449 I thermal_src: TA_DAEMON_CMD_GET_TPCB cmd=0x5, len=4 PCB=36000
06-17 13:04:38.958   449   449 I thermal_src: TA_DAEMON_CMD_SET_TTJ cmd=0x4, len=4 Tj=85000
06-17 13:04:38.958   449   449 I thermal_src: waiting NOTIFY from kernel...
06-17 13:04:38.974   437   489 D AALLightSensor: newLux = 173, [172, 170] -> 165
06-17 13:04:39.001 10930 10930 W netstat : type=1400 audit(0.0:2623553): avc: denied { search } for name="1" dev="proc" ino=12292 scontext=u:r:untrusted_app:s0:c512,c768 tcontext=u:r:init:s0 tclass=dir permissive=0
06-17 13:04:39.021 10931 10931 W netstat : type=1400 audit(0.0:2623554): avc: denied { search } for name="1" dev="proc" ino=12292 scontext=u:r:untrusted_app:s0:c512,c768 tcontext=u:r:init:s0 tclass=dir permissive=0
06-17 13:04:39.139  1114  1245 E PROXIMITY: ProximitySensor: unknown event (type=3, code=0)
06-17 13:04:39.151  5408  5408 W rism_thread: type=1400 audit(0.0:2623555): avc: denied { getattr } for path="/proc/1" dev="proc" ino=12292 scontext=u:r:untrusted_app:s0:c512,c768 tcontext=u:r:init:s0 tclass=dir permissive=0
06-17 13:04:39.151  5408  5408 W rism_thread: type=1400 audit(0.0:2623556): avc: denied { getattr } for path="/proc/2" dev="proc" ino=15789 scontext=u:r:untrusted_app:s0:c512,c768 tcontext=u:r:kernel:s0 tclass=dir permissive=0
06-17 13:04:39.151  5408  5408 W rism_thread: type=1400 audit(0.0:2623557): avc: denied { getattr } for path="/proc/3" dev="proc" ino=15790 scontext=u:r:untrusted_app:s0:c512,c768 tcontext=u:r:kernel:s0 tclass=dir permissive=0
06-17 13:04:39.151  5408  5408 W rism_thread: type=1400 audit(0.0:2623558): avc: denied { getattr } for path="/proc/5" dev="proc" ino=15792 scontext=u:r:untrusted_app:s0:c512,c768 tcontext=u:r:kernel:s0 tclass=dir permissive=0
06-17 13:04:39.151  5408  5408 W rism_thread: type=1400 audit(0.0:2623559): avc: denied { getattr } for path="/proc/7" dev="proc" ino=15794 scontext=u:r:untrusted_app:s0:c512,c768 tcontext=u:r:kernel:s0 tclass=dir permissive=0
06-17 13:04:39.161  5408  5408 W rism_thread: type=1400 audit(0.0:2623560): avc: denied { getattr } for path="/proc/8" dev="proc" ino=15795 scontext=u:r:untrusted_app:s0:c512,c768 tcontext=u:r:kernel:s0 tclass=dir permissive=0
06-17 13:04:39.161  5408  5408 W rism_thread: type=1400 audit(0.0:2623561): avc: denied { getattr } for path="/proc/9" dev="proc" ino=15796 scontext=u:r:untrusted_app:s0:c512,c768 tcontext=u:r:kernel:s0 tclass=dir permissive=0
06-17 13:04:39.161  5408  5408 W rism_thread: type=1400 audit(0.0:2623562): avc: denied { getattr } for path="/proc/10" dev="proc" ino=15797 scontext=u:r:untrusted_app:s0:c512,c768 tcontext=u:r:kernel:s0 tclass=dir permissive=0
06-17 13:04:39.161  5408  5408 W rism_thread: type=1400 audit(0.0:2623563): avc: denied { getattr } for path="/proc/11" dev="proc" ino=15798 scontext=u:r:untrusted_app:s0:c512,c768 tcontext=u:r:kernel:s0 tclass=dir permissive=0
06-17 13:04:39.161  5408  5408 W rism_thread: type=1400 audit(0.0:2623564): avc: denied { getattr } for path="/proc/12" dev="proc" ino=15799 scontext=u:r:untrusted_app:s0:c512,c768 tcontext=u:r:kernel:s0 tclass=dir permissive=0
06-17 13:04:39.161  5408  5408 W rism_thread: type=1400 audit(0.0:2623565): avc: denied { getattr } for path="/proc/14" dev="proc" ino=15801 scontext=u:r:untrusted_app:s0:c512,c768 tcontext=u:r:kernel:s0 tclass=dir permissive=0
06-17 13:04:39.161  5408  5408 W rism_thread: type=1400 audit(0.0:2623566): avc: denied { getattr } for path="/proc/15" dev="proc" ino=15802 scontext=u:r:untrusted_app:s0:c512,c768 tcontext=u:r:kernel:s0 tclass=dir permissive=0
06-17 13:04:39.161  5408  5408 W rism_thread: type=1400 audit(0.0:2623567): avc: denied { getattr } for path="/proc/16" dev="proc" ino=15803 scontext=u:r:untrusted_app:s0:c512,c768 tcontext=u:r:kernel:s0 tclass=dir permissive=0
06-17 13:04:39.161  5408  5408 W rism_thread: type=1400 audit(0.0:2623568): avc: denied { getattr } for path="/proc/18" dev="proc" ino=15805 scontext=u:r:untrusted_app:s0:c512,c768 tcontext=u:r:kernel:s0 tclass=dir permissive=0
06-17 13:04:39.161  5408  5408 W rism_thread: type=1400 audit(0.0:2623569): avc: denied { getattr } for path="/proc/19" dev="proc" ino=15806 scontext=u:r:untrusted_app:s0:c512,c768 tcontext=u:r:kernel:s0 tclass=dir permissive=0
06-17 13:04:39.161  5408  5408 W rism_thread: type=1400 audit(0.0:2623570): avc: denied { getattr } for path="/proc/20" dev="proc" ino=15807 scontext=u:r:untrusted_app:s0:c512,c768 tcontext=u:r:kernel:s0 tclass=dir permissive=0
06-17 13:04:39.161  5408  5408 W rism_thread: type=1400 audit(0.0:2623571): avc: denied { getattr } for path="/proc/22" dev="proc" ino=15809 scontext=u:r:untrusted_app:s0:c512,c768 tcontext=u:r:kernel:s0 tclass=dir permissive=0
06-17 13:04:39.161  5408  5408 W rism_thread: type=1400 audit(0.0:2623572): avc: denied { getattr } for path="/proc/23" dev="proc" ino=15810 scontext=u:r:untrusted_app:s0:c512,c768 tcontext=u:r:kernel:s0 tclass=dir permissive=0
06-17 13:04:39.171  5408  5408 W rism_thread: type=1400 audit(0.0:2623573): avc: denied { getattr } for path="/proc/24" dev="proc" ino=15811 scontext=u:r:untrusted_app:s0:c512,c768 tcontext=u:r:kernel:s0 tclass=dir permissive=0
06-17 13:04:39.171  5408  5408 W rism_thread: type=1400 audit(0.0:2623574): avc: denied { getattr } for path="/proc/26" dev="proc" ino=15813 scontext=u:r:untrusted_app:s0:c512,c768 tcontext=u:r:kernel:s0 tclass=dir permissive=0
06-17 13:04:39.171  5408  5408 W rism_thread: type=1400 audit(0.0:2623575): avc: denied { getattr } for path="/proc/27" dev="proc" ino=15814 scontext=u:r:untrusted_app:s0:c512,c768 tcontext=u:r:kernel:s0 tclass=dir permissive=0
06-17 13:04:39.171  5408  5408 W rism_thread: type=1400 audit(0.0:2623576): avc: denied { getattr } for path="/proc/28" dev="proc" ino=15815 scontext=u:r:untrusted_app:s0:c512,c768 tcontext=u:r:kernel:s0 tclass=dir permissive=0
06-17 13:04:39.171  5408  5408 W rism_thread: type=1400 audit(0.0:2623577): avc: denied { getattr } for path="/proc/30" dev="proc" ino=15817 scontext=u:r:untrusted_app:s0:c512,c768 tcontext=u:r:kernel:s0 tclass=dir permissive=0
06-17 13:04:39.171  5408  5408 W rism_thread: type=1400 audit(0.0:2623578): avc: denied { getattr } for path="/proc/31" dev="proc" ino=15818 scontext=u:r:untrusted_app:s0:c512,c768 tcontext=u:r:kernel:s0 tclass=dir permissive=0
06-17 13:04:39.171  5408  5408 W rism_thread: type=1400 audit(0.0:2623579): avc: denied { getattr } for path="/proc/32" dev="proc" ino=15819 scontext=u:r:untrusted_app:s0:c512,c768 tcontext=u:r:kernel:s0 tclass=dir permissive=0
06-17 13:04:39.171  5408  5408 W rism_thread: type=1400 audit(0.0:2623580): avc: denied { getattr } for path="/proc/34" dev="proc" ino=15821 scontext=u:r:untrusted_app:s0:c512,c768 tcontext=u:r:kernel:s0 tclass=dir permissive=0
06-17 13:04:39.171  5408  5408 W rism_thread: type=1400 audit(0.0:2623581): avc: denied { getattr } for path="/proc/35" dev="proc" ino=15822 scontext=u:r:untrusted_app:s0:c512,c768 tcontext=u:r:kernel:s0 tclass=dir permissive=0
06-17 13:04:39.171  5408  5408 W rism_thread: type=1400 audit(0.0:2623582): avc: denied { getattr } for path="/proc/36" dev="proc" ino=15823 scontext=u:r:untrusted_app:s0:c512,c768 tcontext=u:r:kernel:s0 tclass=dir permissive=0
06-17 13:04:39.171  5408  5408 W rism_thread: type=1400 audit(0.0:2623583): avc: denied { getattr } for path="/proc/38" dev="proc" ino=15825 scontext=u:r:untrusted_app:s0:c512,c768 tcontext=u:r:kernel:s0 tclass=dir permissive=0
06-17 13:04:39.171  5408  5408 W rism_thread: type=1400 audit(0.0:2623584): avc: denied { getattr } for path="/proc/39" dev="proc" ino=15826 scontext=u:r:untrusted_app:s0:c512,c768 tcontext=u:r:kernel:s0 tclass=dir permissive=0
06-17 13:04:39.171  5408  5408 W rism_thread: type=1400 audit(0.0:2623585): avc: denied { getattr } for path="/proc/40" dev="proc" ino=15827 scontext=u:r:untrusted_app:s0:c512,c768 tcontext=u:r:kernel:s0 tclass=dir permissive=0
06-17 13:04:39.171  5408  5408 W rism_thread: type=1400 audit(0.0:2623586): avc: denied { getattr } for path="/proc/41" dev="proc" ino=15828 scontext=u:r:untrusted_app:s0:c512,c768 tcontext=u:r:kernel:s0 tclass=dir permissive=0
06-17 13:04:39.462  1114  2626 W PackageManager: checkUidPermission(): android.permission.REAL_GET_TASKS of 10173 is denied.
06-17 13:04:39.481  1114  2624 D AppOps  : checkOperation(code = 43 uid = 10177 pkgName = cn.ninegame.gamemanager) - op == null, return default mode = 3
06-17 13:04:39.481  1114  2624 W PackageManager: checkUidPermission(): android.permission.PACKAGE_USAGE_STATS of 10177 is denied.
06-17 13:04:39.494  1114  1124 W PackageManager: checkUidPermission(): android.permission.REAL_GET_TASKS of 10179 is denied.
06-17 13:04:39.496  1114  1128 W PackageManager: checkUidPermission(): android.permission.REAL_GET_TASKS of 10179 is denied.
06-17 13:04:39.813   296   369 I BufferQueueProducer: [StatusBar](this:0x7fa600fc00,id:5,api:1,p:1332,c:296) queueBuffer: fps=1.34 dur=1491.06 max=999.63 min=491.43
06-17 13:04:39.827  4647  4768 D UTAnalytics:BackgroundTrigger: pid:4647 [bg check],
06-17 13:04:39.831  1114  2621 W PackageManager: checkUidPermission(): android.permission.REAL_GET_TASKS of 10202 is denied.
06-17 13:04:40.325   296   296 I SurfaceFlinger: [Built-in Screen (type:0)] fps:1.335304,dur:1497.79,max:998.32,min:499.47
06-17 13:04:40.465  1114  1124 W PackageManager: checkUidPermission(): android.permission.REAL_GET_TASKS of 10173 is denied.
06-17 13:04:40.481  1114  1128 D AppOps  : checkOperation(code = 43 uid = 10177 pkgName = cn.ninegame.gamemanager) - op == null, return default mode = 3
06-17 13:04:40.481  1114  1128 W PackageManager: checkUidPermission(): android.permission.PACKAGE_USAGE_STATS of 10177 is denied.
06-17 13:04:40.499  1114  1968 W PackageManager: checkUidPermission(): android.permission.REAL_GET_TASKS of 10179 is denied.
06-17 13:04:40.502  1114  4890 W PackageManager: checkUidPermission(): android.permission.REAL_GET_TASKS of 10179 is denied.
06-17 13:04:40.791 10964 10964 W netstat : type=1400 audit(0.0:2623947): avc: denied { search } for name="1" dev="proc" ino=12292 scontext=u:r:untrusted_app:s0:c512,c768 tcontext=u:r:init:s0 tclass=dir permissive=0
06-17 13:04:40.801 10965 10965 W netstat : type=1400 audit(0.0:2623948): avc: denied { search } for name="1" dev="proc" ino=12292 scontext=u:r:untrusted_app:s0:c512,c768 tcontext=u:r:init:s0 tclass=dir permissive=0
06-17 13:04:41.151 10968 10968 W netstat : type=1400 audit(0.0:2623949): avc: denied { search } for name="1" dev="proc" ino=12292 scontext=u:r:untrusted_app:s0:c512,c768 tcontext=u:r:init:s0 tclass=dir permissive=0
06-17 13:04:41.161 10971 10971 W netstat : type=1400 audit(0.0:2623950): avc: denied { search } for name="1" dev="proc" ino=12292 scontext=u:r:untrusted_app:s0:c512,c768 tcontext=u:r:init:s0 tclass=dir permissive=0
06-17 13:04:41.313   296   336 I BufferQueueProducer: [StatusBar](this:0x7fa600fc00,id:5,api:1,p:1332,c:296) queueBuffer: fps=2.00 dur=1500.20 max=503.51 min=495.64
06-17 13:04:41.387  1114  1137 W ProcessCpuTracker: Skipping unknown process pid 10972
06-17 13:04:41.390  1114  1245 E PROXIMITY: ProximitySensor: unknown event (type=3, code=0)
06-17 13:04:41.469  1114  1124 W PackageManager: checkUidPermission(): android.permission.REAL_GET_TASKS of 10173 is denied.
06-17 13:04:41.481  1114  1128 D AppOps  : checkOperation(code = 43 uid = 10177 pkgName = cn.ninegame.gamemanager) - op == null, return default mode = 3
06-17 13:04:41.481  1114  1128 W PackageManager: checkUidPermission(): android.permission.PACKAGE_USAGE_STATS of 10177 is denied.
06-17 13:04:41.504  1114  1968 W PackageManager: checkUidPermission(): android.permission.REAL_GET_TASKS of 10179 is denied.
06-17 13:04:41.506  1114  4890 W PackageManager: checkUidPermission(): android.permission.REAL_GET_TASKS of 10179 is denied.
06-17 13:04:41.639  1114  1245 E PROXIMITY: ProximitySensor: unknown event (type=3, code=0)
06-17 13:04:41.721  5408  5408 W rism_thread: type=1400 audit(0.0:2623951): avc: denied { getattr } for path="/proc/1" dev="proc" ino=12292 scontext=u:r:untrusted_app:s0:c512,c768 tcontext=u:r:init:s0 tclass=dir permissive=0
06-17 13:04:41.721  5408  5408 W rism_thread: type=1400 audit(0.0:2623952): avc: denied { getattr } for path="/proc/2" dev="proc" ino=15789 scontext=u:r:untrusted_app:s0:c512,c768 tcontext=u:r:kernel:s0 tclass=dir permissive=0
06-17 13:04:41.721  5408  5408 W rism_thread: type=1400 audit(0.0:2623953): avc: denied { getattr } for path="/proc/3" dev="proc" ino=15790 scontext=u:r:untrusted_app:s0:c512,c768 tcontext=u:r:kernel:s0 tclass=dir permissive=0
06-17 13:04:41.721  5408  5408 W rism_thread: type=1400 audit(0.0:2623954): avc: denied { getattr } for path="/proc/5" dev="proc" ino=15792 scontext=u:r:untrusted_app:s0:c512,c768 tcontext=u:r:kernel:s0 tclass=dir permissive=0
06-17 13:04:41.721  5408  5408 W rism_thread: type=1400 audit(0.0:2623955): avc: denied { getattr } for path="/proc/7" dev="proc" ino=15794 scontext=u:r:untrusted_app:s0:c512,c768 tcontext=u:r:kernel:s0 tclass=dir permissive=0
06-17 13:04:41.721  5408  5408 W rism_thread: type=1400 audit(0.0:2623956): avc: denied { getattr } for path="/proc/8" dev="proc" ino=15795 scontext=u:r:untrusted_app:s0:c512,c768 tcontext=u:r:kernel:s0 tclass=dir permissive=0
06-17 13:04:41.721  5408  5408 W rism_thread: type=1400 audit(0.0:2623957): avc: denied { getattr } for path="/proc/9" dev="proc" ino=15796 scontext=u:r:untrusted_app:s0:c512,c768 tcontext=u:r:kernel:s0 tclass=dir permissive=0
06-17 13:04:41.721  5408  5408 W rism_thread: type=1400 audit(0.0:2623958): avc: denied { getattr } for path="/proc/10" dev="proc" ino=15797 scontext=u:r:untrusted_app:s0:c512,c768 tcontext=u:r:kernel:s0 tclass=dir permissive=0
06-17 13:04:41.721  5408  5408 W rism_thread: type=1400 audit(0.0:2623959): avc: denied { getattr } for path="/proc/11" dev="proc" ino=15798 scontext=u:r:untrusted_app:s0:c512,c768 tcontext=u:r:kernel:s0 tclass=dir permissive=0
06-17 13:04:41.721  5408  5408 W rism_thread: type=1400 audit(0.0:2623960): avc: denied { getattr } for path="/proc/12" dev="proc" ino=15799 scontext=u:r:untrusted_app:s0:c512,c768 tcontext=u:r:kernel:s0 tclass=dir permissive=0
06-17 13:04:41.721  5408  5408 W rism_thread: type=1400 audit(0.0:2623961): avc: denied { getattr } for path="/proc/14" dev="proc" ino=15801 scontext=u:r:untrusted_app:s0:c512,c768 tcontext=u:r:kernel:s0 tclass=dir permissive=0
06-17 13:04:41.721  5408  5408 W rism_thread: type=1400 audit(0.0:2623962): avc: denied { getattr } for path="/proc/15" dev="proc" ino=15802 scontext=u:r:untrusted_app:s0:c512,c768 tcontext=u:r:kernel:s0 tclass=dir permissive=0
06-17 13:04:41.731  5408  5408 W rism_thread: type=1400 audit(0.0:2623963): avc: denied { getattr } for path="/proc/16" dev="proc" ino=15803 scontext=u:r:untrusted_app:s0:c512,c768 tcontext=u:r:kernel:s0 tclass=dir permissive=0
06-17 13:04:41.731  5408  5408 W rism_thread: type=1400 audit(0.0:2623964): avc: denied { getattr } for path="/proc/18" dev="proc" ino=15805 scontext=u:r:untrusted_app:s0:c512,c768 tcontext=u:r:kernel:s0 tclass=dir permissive=0
06-17 13:04:41.731  5408  5408 W rism_thread: type=1400 audit(0.0:2623965): avc: denied { getattr } for path="/proc/19" dev="proc" ino=15806 scontext=u:r:untrusted_app:s0:c512,c768 tcontext=u:r:kernel:s0 tclass=dir permissive=0
06-17 13:04:41.731  5408  5408 W rism_thread: type=1400 audit(0.0:2623966): avc: denied { getattr } for path="/proc/20" dev="proc" ino=15807 scontext=u:r:untrusted_app:s0:c512,c768 tcontext=u:r:kernel:s0 tclass=dir permissive=0
06-17 13:04:41.841 10980 10980 W netstat : type=1400 audit(0.0:2624339): avc: denied { search } for name="1" dev="proc" ino=12292 scontext=u:r:untrusted_app:s0:c512,c768 tcontext=u:r:init:s0 tclass=dir permissive=0
06-17 13:04:41.851 10981 10981 W netstat : type=1400 audit(0.0:2624340): avc: denied { search } for name="1" dev="proc" ino=12292 scontext=u:r:untrusted_app:s0:c512,c768 tcontext=u:r:init:s0 tclass=dir permissive=0
06-17 13:04:42.185   451   451 I thermal_repeater: select timeout
06-17 13:04:42.211 10986 10986 W netstat : type=1400 audit(0.0:2624341): avc: denied { search } for name="1" dev="proc" ino=12292 scontext=u:r:untrusted_app:s0:c512,c768 tcontext=u:r:init:s0 tclass=dir permissive=0
06-17 13:04:42.241 10987 10987 W netstat : type=1400 audit(0.0:2624342): avc: denied { search } for name="1" dev="proc" ino=12292 scontext=u:r:untrusted_app:s0:c512,c768 tcontext=u:r:init:s0 tclass=dir permissive=0
06-17 13:04:42.321   296   296 I SurfaceFlinger: [Built-in Screen (type:0)] fps:1.502946,dur:1996.08,max:997.63,min:498.12
06-17 13:04:42.389  1114  1245 E PROXIMITY: ProximitySensor: unknown event (type=3, code=0)
06-17 13:04:42.483  1114 21938 D AppOps  : checkOperation(code = 43 uid = 10177 pkgName = cn.ninegame.gamemanager) - op == null, return default mode = 3
06-17 13:04:42.483  1114 21938 W PackageManager: checkUidPermission(): android.permission.PACKAGE_USAGE_STATS of 10177 is denied.
06-17 13:04:42.486  1114  1638 W PackageManager: checkUidPermission(): android.permission.REAL_GET_TASKS of 10173 is denied.
06-17 13:04:42.508  1114  1684 W PackageManager: checkUidPermission(): android.permission.REAL_GET_TASKS of 10179 is denied.
06-17 13:04:42.510  1114  2626 W PackageManager: checkUidPermission(): android.permission.REAL_GET_TASKS of 10179 is denied.
06-17 13:04:42.597  9818 10051 I MAL-Daemon:  (    ru_mdmngr_send_atcmd, 1931) [RDS-I][RDS][RU][ru_mdmngr_send_atcmd] try to send ATcmd : AT+ECSQ 
06-17 13:04:42.597  9818 10051 I MAL-Daemon:  (    ru_mdmngr_send_atcmd, 1940) [RDS-I][RDS][RU][ru_mdmngr_send_atcmd] ru_check_ctx_ptr<0xf5af3c9c, 0xf5af3c9c>
06-17 13:04:42.597  9818 10051 W MAL-Daemon:  (    mdfx_task_send_event,  636) mdfx_task_send_event(): [ACT] should NOT enter this leagcy API!!
06-17 13:04:42.598  9818 10051 I MAL-Daemon:  (    ru_send_event_entity,  350) [RDS-I][RDS][RU][ru_send_event_entity] send event 101 to 101 with ret(0)
06-17 13:04:42.598  9818  9843 D MAL-Daemon:  (         mdmngr_task_hdl,   36) mdmngr_task_hdl(), receive event = 101 (vendor/mediatek/proprietary/frameworks/opt/mal/entity/mdmngr/mdmngr.c:36)
06-17 13:04:42.598  9818  9843 D MAL-Daemon:  (         mdmngr_task_hdl,   67) EVENT_MDMNGR_ATCMD_REQ@MDMNGR, priv_data = f6deee00, channel = 1, cmd = (AT+ECSQ) (vendor/mediatek/proprietary/frameworks/opt/mal/entity/mdmngr/mdmngr.c:67)
06-17 13:04:42.598  9818  9843 W MAL-Daemon:  (    mdfx_task_send_event,  636) mdfx_task_send_event(): [ACT] should NOT enter this leagcy API!!
06-17 13:04:42.598  9818  9857 I MAL-Daemon:  ( mdfx_event_do_statistic,  153) mdfx_event_do_statistic(): [STATISTIC] TID = 9857 has used 20103440 bytes!!
06-17 13:04:42.599  9818  9857 E MAL-Daemon:  (void* rilproxy_task_hdl(,  439) rilproxy_task_hdl(), receive event = 401
06-17 13:04:42.599  9818  9857 D MAL-Daemon:  (int rilproxy_send_ril_re,  320) send ril request, request_id = 2130, serial_no = 28b00, length = 18000000, send_size = 24(18), fd = 21
06-17 13:04:42.607  9818  9855 D MAL-Daemon:  (void* rilproxy_cmd_resp_,  670) recv ril resp, length = 64, type = 0, result = 0, serial_no = 28b00
06-17 13:04:42.608  9818  9855 D MAL-Daemon:  (void* rilproxy_cmd_resp_,  676) event_id = 401
06-17 13:04:42.608  9818  9843 D MAL-Daemon:  (         mdmngr_task_hdl,   36) mdmngr_task_hdl(), receive event = 103 (vendor/mediatek/proprietary/frameworks/opt/mal/entity/mdmngr/mdmngr.c:36)
06-17 13:04:42.608  9818  9843 D MAL-Daemon:  (         mdmngr_task_hdl,  115) EVENT_MDMNGR_ATCMD_RESP@MDMNGR (vendor/mediatek/proprietary/frameworks/opt/mal/entity/mdmngr/mdmngr.c:115)
06-17 13:04:42.608  9818  9843 D MAL-Daemon:  (         mdmngr_task_hdl,  122) event_req = f6deee00, ID = 101 (vendor/mediatek/proprietary/frameworks/opt/mal/entity/mdmngr/mdmngr.c:122)
06-17 13:04:42.608  9818  9843 D MAL-Daemon:  (         mdmngr_task_hdl,  125) atcmd_resp->priv_data = f5e42168 (vendor/mediatek/proprietary/frameworks/opt/mal/entity/mdmngr/mdmngr.c:125)
06-17 13:04:42.609  9818  9853 I MAL-Daemon:  (             rds_ru_task,  445) [RDS-I][RU][rds_ru_task] RCV Event: 103 
06-17 13:04:42.609  9818  9853 I MAL-Daemon:  (rds_ru_mdmngr_atrsp_hndl, 2186) [RDS-I][RDS][RU][rds_ru_mdmngr_atrsp_hndl] get AT resp: +ECSQ: 33,40,1,1,1,-14,-403,7,106,40
06-17 13:04:42.609  9818  9853 I MAL-Daemon: 
06-17 13:04:42.609  9818  9853 I MAL-Daemon: OK
06-17 13:04:42.609  9818  9853 I MAL-Daemon: 
06-17 13:04:42.609  9818  9853 I MAL-Daemon:  (     ru_parse_3gppsigval, 1458) [RDS-I][RDS][ru_parse_3gppsigval] 3gppsigval #args act<7>
06-17 13:04:42.639  1114  1245 E PROXIMITY: ProximitySensor: unknown event (type=3, code=0)
06-17 13:04:42.702  1114  2624 D ConnectivityService: getActiveNetworkInfo networkInfo = null
06-17 13:04:42.704  1114  1124 D ConnectivityService: getActiveNetworkInfo networkInfo = null
06-17 13:04:42.811   296  3169 I BufferQueueProducer: [StatusBar](this:0x7fa600fc00,id:5,api:1,p:1332,c:296) queueBuffer: fps=1.33 dur=1498.14 max=993.48 min=504.66
06-17 13:04:42.901 11001 11001 W netstat : type=1400 audit(0.0:2624343): avc: denied { search } for name="1" dev="proc" ino=12292 scontext=u:r:untrusted_app:s0:c512,c768 tcontext=u:r:init:s0 tclass=dir permissive=0
06-17 13:04:42.901 11000 11000 W netstat : type=1400 audit(0.0:2624344): avc: denied { search } for name="1" dev="proc" ino=12292 scontext=u:r:untrusted_app:s0:c512,c768 tcontext=u:r:init:s0 tclass=dir permissive=0
06-17 13:04:43.301 11006 11006 W netstat : type=1400 audit(0.0:2624345): avc: denied { search } for name="1" dev="proc" ino=12292 scontext=u:r:untrusted_app:s0:c512,c768 tcontext=u:r:init:s0 tclass=dir permissive=0
06-17 13:04:43.311 11007 11007 W netstat : type=1400 audit(0.0:2624346): avc: denied { search } for name="1" dev="proc" ino=12292 scontext=u:r:untrusted_app:s0:c512,c768 tcontext=u:r:init:s0 tclass=dir permissive=0
06-17 13:04:43.482  1114  1638 D AppOps  : checkOperation(code = 43 uid = 10177 pkgName = cn.ninegame.gamemanager) - op == null, return default mode = 3
06-17 13:04:43.482  1114  1638 W PackageManager: checkUidPermission(): android.permission.PACKAGE_USAGE_STATS of 10177 is denied.
06-17 13:04:43.490  1114  2626 W PackageManager: checkUidPermission(): android.permission.REAL_GET_TASKS of 10173 is denied.
06-17 13:04:43.512  1114  2624 W PackageManager: checkUidPermission(): android.permission.REAL_GET_TASKS of 10179 is denied.
06-17 13:04:43.514  1114  1124 W PackageManager: checkUidPermission(): android.permission.REAL_GET_TASKS of 10179 is denied.
06-17 13:04:43.819   296   296 I SurfaceFlinger: [Built-in Screen (type:0)] fps:2.002366,dur:1498.23,max:500.20,min:497.88
06-17 13:04:43.968   449   449 I thermal_src: wake up function 3
06-17 13:04:43.968   449   449 I thermal_src: TA_DAEMON_CMD_GET_TPCB cmd=0x5, len=4 PCB=36000
06-17 13:04:43.968   449   449 I thermal_src: TA_DAEMON_CMD_SET_TTJ cmd=0x4, len=4 Tj=85000
06-17 13:04:43.968   449   449 I thermal_src: waiting NOTIFY from kernel...
06-17 13:04:43.971 11016 11016 W netstat : type=1400 audit(0.0:2624347): avc: denied { search } for name="1" dev="proc" ino=12292 scontext=u:r:untrusted_app:s0:c512,c768 tcontext=u:r:init:s0 tclass=dir permissive=0
06-17 13:04:43.971 11017 11017 W netstat : type=1400 audit(0.0:2624348): avc: denied { search } for name="1" dev="proc" ino=12292 scontext=u:r:untrusted_app:s0:c512,c768 tcontext=u:r:init:s0 tclass=dir permissive=0
06-17 13:04:44.006   437   489 D AALLightSensor: newLux = 173, [172, 170] -> 165
06-17 13:04:44.064  9818  9856 D MAL-Daemon:  (void* rilproxy_urc_threa,  964) URC = (+ECSQ: 32,40,1,1,1,-15,-404,7,106,40
06-17 13:04:44.064  9818  9856 D MAL-Daemon: )
06-17 13:04:44.065  9818  9856 W MAL-Daemon:  (    mdfx_task_send_event,  636) mdfx_task_send_event(): [ACT] should NOT enter this leagcy API!!
06-17 13:04:44.065  9818  9856 W MAL-Daemon:  (    mdfx_task_send_event,  636) mdfx_task_send_event(): [ACT] should NOT enter this leagcy API!!
06-17 13:04:44.065  9818  9853 I MAL-Daemon:  (             rds_ru_task,  445) [RDS-I][RU][rds_ru_task] RCV Event: 105 
06-17 13:04:44.065  9818  9853 I MAL-Daemon:  (         rds_ru_urc_hdlr, 1733) [RDS-I][RDS][rds_ru_urc_hdlr] get URC: +ECSQ: 32,40,1,1,1,-15,-404,7,106,40
06-17 13:04:44.065  9818  9853 I MAL-Daemon: 
06-17 13:04:44.065  9818  9853 I MAL-Daemon:  (     ru_parse_3gppsigval, 1458) [RDS-I][RDS][ru_parse_3gppsigval] 3gppsigval #args act<7>
06-17 13:04:44.065  9818  9853 I MAL-Daemon:  (         rds_ru_urc_hdlr, 1913) [RDS-I][RDS][RU][rds_ru_urc_hdlr] Update 3GPP STATUS rsrp<-101> rsrq<32> regstat<6> 
06-17 13:04:44.065  9818  9853 I MAL-Daemon:  (         rds_ru_urc_hdlr, 1915) [RDS-I][RDS][RU][rds_ru_urc_hdlr] ru_check_ctx_ptr<0xf5af3c9c, 0xf5af3c9c>
06-17 13:04:44.065  9818  9853 W MAL-Daemon:  (    mdfx_task_send_event,  636) mdfx_task_send_event(): [ACT] should NOT enter this leagcy API!!
06-17 13:04:44.065  9818  9853 I MAL-Daemon:  (    ru_send_event_entity,  350) [RDS-I][RDS][RU][ru_send_event_entity] send event 605 to 602 with ret(0)
06-17 13:04:44.066  9818  9853 I MAL-Daemon:  (             rds_ru_task,  445) [RDS-I][RU][rds_ru_task] RCV Event: 605 
06-17 13:04:44.066  9818  9853 I MAL-Daemon:  (  rds_ru_3gpp_status_ind, 1390) [RDS-I][RU][EVENT_RU_DM_3GPP_STATUS_IND] i4ltersrp:-101, i4ltersrq:32, u43gpp_status:0x6
06-17 13:04:44.066  9818  9853 E MAL-Daemon:  (  rds_ru_3gpp_status_ind, 1421) [RDS-E][RU][EVENT_RU_DM_3GPP_STATUS_IND] Invalid u43gpp_status:0x6
06-17 13:04:44.066  9818  9853 I MAL-Daemon:  (          rds_ru_rpl_gen, 4866) [RDS-I][RU][rds_ru_rpl_gen][RDS][OP0] TYPE : <0>, UI Policy : <3>, RDS Policy : <3>
06-17 13:04:44.066  9818  9853 I MAL-Daemon:  (      rds_cell_only_orng, 3608) [RDS-I][RU][RDS IMS/MMS][rds_cell_only_orng] 
06-17 13:04:44.066  9818  9853 I MAL-Daemon:  (          rds_ru_rpl_gen, 4877) [RDS-I][RU][rds_ru_rpl_gen][RDS][OP0] TYPE : <0>, RAN1 : <1> ,RAN2 : <254>
06-17 13:04:44.066  9818  9853 I MAL-Daemon:  (          rds_ru_rpl_gen, 4866) [RDS-I][RU][rds_ru_rpl_gen][RDS][OP0] TYPE : <1>, UI Policy : <3>, RDS Policy : <3>
06-17 13:04:44.066  9818  9853 I MAL-Daemon:  (      rds_cell_only_orng, 3608) [RDS-I][RU][RDS IMS/MMS][rds_cell_only_orng] 
06-17 13:04:44.066  9818  9853 I MAL-Daemon:  (          rds_ru_rpl_gen, 4877) [RDS-I][RU][rds_ru_rpl_gen][RDS][OP0] TYPE : <1>, RAN1 : <1> ,RAN2 : <254>
06-17 13:04:44.066  9818  9853 I MAL-Daemon:  (          rds_ru_rpl_gen, 4866) [RDS-I][RU][rds_ru_rpl_gen][RDS][OP0] TYPE : <2>, UI Policy : <3>, RDS Policy : <3>
06-17 13:04:44.066  9818  9853 I MAL-Daemon:  (      rds_cell_only_orng, 3608) [RDS-I][RU][RDS IMS/MMS][rds_cell_only_orng] 
06-17 13:04:44.066  9818  9853 I MAL-Daemon:  (          rds_ru_rpl_gen, 4877) [RDS-I][RU][rds_ru_rpl_gen][RDS][OP0] TYPE : <2>, RAN1 : <1> ,RAN2 : <254>
06-17 13:04:44.066  9818  9853 I MAL-Daemon:  (          rds_ru_rpl_gen, 4866) [RDS-I][RU][rds_ru_rpl_gen][RDS][OP0] TYPE : <3>, UI Policy : <3>, RDS Policy : <3>
06-17 13:04:44.066  9818  9853 I MAL-Daemon:  (          rds_ru_rpl_gen, 4877) [RDS-I][RU][rds_ru_rpl_gen][RDS][OP0] TYPE : <3>, RAN1 : <1> ,RAN2 : <255>
06-17 13:04:44.066  9818  9853 I MAL-Daemon:  (          rds_ru_rpl_gen, 4866) [RDS-I][RU][rds_ru_rpl_gen][RDS][OP0] TYPE : <4>, UI Policy : <3>, RDS Policy : <3>
06-17 13:04:44.066  9818  9853 I MAL-Daemon:  (          rds_ru_rpl_gen, 4877) [RDS-I][RU][rds_ru_rpl_gen][RDS][OP0] TYPE : <4>, RAN1 : <1> ,RAN2 : <255>
06-17 13:04:44.066  9818  9853 I MAL-Daemon:  (          rds_ru_rpl_gen, 4866) [RDS-I][RU][rds_ru_rpl_gen][RDS][OP0] TYPE : <5>, UI Policy : <3>, RDS Policy : <3>
06-17 13:04:44.067  9818  9853 I MAL-Daemon:  (          rds_ru_rpl_gen, 4877) [RDS-I][RU][rds_ru_rpl_gen][RDS][OP0] TYPE : <5>, RAN1 : <1> ,RAN2 : <255>
06-17 13:04:44.067  9818  9853 I MAL-Daemon:  (          rds_ru_rpl_gen, 4877) [RDS-I][RU][rds_ru_rpl_gen][RDS][OP0] TYPE : <6>, RAN1 : <254> ,RAN2 : <254>
06-17 13:04:44.067  9818  9853 I MAL-Daemon:  (    rds_op_check_feature,  293) [RDS-I][RDS][OP][rds_op_check_feature] operator id(0) check feature<0>, curr_opmsk is <1>, sys_opmsk is <0x0001, 1>
06-17 13:04:44.067  9818  9853 I MAL-Daemon:  (  rds_ru_ims_vops_update, 4666) [RDS-I][RU][rds_ru_ims_vops_update][RDS IMS]Policy type: 0 IMS VOPS IE is Disabled, update IMS RPL from Ori:(1, 254) New:(254,255)
06-17 13:04:44.067  9818  9853 I MAL-Daemon:  (  rds_ru_ims_vops_update, 4666) [RDS-I][RU][rds_ru_ims_vops_update][RDS IMS]Policy type: 1 IMS VOPS IE is Disabled, update IMS RPL from Ori:(1, 254) New:(254,255)
06-17 13:04:44.067  9818  9853 I MAL-Daemon:  (  rds_ru_ims_vops_update, 4666) [RDS-I][RU][rds_ru_ims_vops_update][RDS IMS]Policy type: 2 IMS VOPS IE is Disabled, update IMS RPL from Ori:(1, 254) New:(254,255)
06-17 13:04:44.067  9818  9853 I MAL-Daemon:  (          rds_ru_rpl_gen, 4901) [RDS-I][RU][rds_ru_rpl_gen][RDS] Current policy: fgimsolte_en<1>, fgwfc_en<0>, erdspolicy<3>, 
06-17 13:04:44.067  9818  9853 I MAL-Daemon:  (          rds_ru_rpl_gen, 4904) [RDS-I][RU][rds_ru_rpl_gen][RDS] Threshold i4wifirssih<-75>, i4wifirssil<-85>, i4wifirssih_ho<-78>, i4wifirssil_ho<-88>, i4wifisnrh<10>, i4wifisnrl<6>
06-17 13:04:44.067  9818  9853 I MAL-Daemon:  (          rds_ru_rpl_gen, 4907) [RDS-I][RU][rds_ru_rpl_gen][RDS] Threshold i4ltersrph<-106>, i4ltersrpm<-111>, i4ltersrpl<-116>, i4ltersrqh<5>, i4ltersrqm<3>, i4ltersrql<1>
06-17 13:04:44.067  9818  9853 I MAL-Daemon:  (          rds_ru_rpl_gen, 4910) [RDS-I][RU][rds_ru_rpl_gen][RDS] current rds ru status: i4wifirssi<-127>, i4wifisnr<0>, i4ltersrp<-101>, i4ltersrq<32>, u4active_ran<65538> 
06-17 13:04:44.067  9818  9853 I MAL-Daemon:  (          rds_ru_rpl_gen, 4913) [RDS-I][RU][rds_ru_rpl_gen][RDS] current wifi backhaul : rtp_plr<0>, rtp_jitter<0>, ping_ind<0>
06-17 13:04:44.067  9818  9853 I MAL-Daemon:  (          rds_ru_rpl_gen, 4916) [RDS-I][RU][rds_ru_rpl_gen][RDS] Call stat : IR92<0>, IR94<0> 
06-17 13:04:44.067  9818  9853 I MAL-Daemon:  (          rds_ru_rpl_gen, 4922) [RDS-I][RU][RDS IMS/MMS][rds_ru_rpl_gen] Ori:(254,255)/(1,255) New:(254,255)/(1,255)
06-17 13:04:44.067  9818  9853 I MAL-Daemon:  (          rds_ru_rpl_gen, 4927) [RDS-I][RU][RDS IMS/MMS WIFI][rds_ru_rpl_gen] Ori:(254,255)/(1,255) New:(254,255)/(1,255)
06-17 13:04:44.067  9818  9853 I MAL-Daemon:  (          rds_ru_rpl_gen, 4932) [RDS-I][RU][RDS IMS/MMS CELL][rds_ru_rpl_gen] Ori:(254,255)/(1,255) New:(254,255)/(1,255)
06-17 13:04:44.067  9818  9853 I MAL-Daemon:  (          rds_ru_rpl_gen, 4936) [RDS-I][RU][RDS EMG][rds_ru_rpl_gen] Ori:(254,254) New:(254,254)
06-17 13:04:44.068  9818  9836 D MAL-Daemon:  (          atmngr_urc_hdl,  206) atmngr_urc_hdl(): [AT_URC] "
06-17 13:04:44.068  9818  9836 D MAL-Daemon: +ECSQ: 32,40,1,1,1,-15,-404,7,106,40
06-17 13:04:44.068  9818  9836 D MAL-Daemon: "!!
06-17 13:04:44.085  1114  2622 W PackageManager: checkUidPermission(): android.permission.LOCAL_MAC_ADDRESS of 10203 is denied.
06-17 13:04:44.087  2514  2669 D cell strength: ===== cell singal strength changed : 0
06-17 13:04:44.089  9525  9651 W MessageQueue: Handler (android.telephony.PhoneStateListener$2) {5f27f7c} sending message to a Handler on a dead thread
06-17 13:04:44.089  9525  9651 W MessageQueue: java.lang.IllegalStateException: Handler (android.telephony.PhoneStateListener$2) {5f27f7c} sending message to a Handler on a dead thread
06-17 13:04:44.089  9525  9651 W MessageQueue: 	at android.os.MessageQueue.enqueueMessage(MessageQueue.java:555)
06-17 13:04:44.089  9525  9651 W MessageQueue: 	at android.os.Handler.enqueueMessage(Handler.java:707)
06-17 13:04:44.089  9525  9651 W MessageQueue: 	at android.os.Handler.sendMessageAtTime(Handler.java:609)
06-17 13:04:44.089  9525  9651 W MessageQueue: 	at android.os.Handler.sendMessageDelayed(Handler.java:579)
06-17 13:04:44.089  9525  9651 W MessageQueue: 	at android.os.Handler.sendMessage(Handler.java:516)
06-17 13:04:44.089  9525  9651 W MessageQueue: 	at android.os.Message.sendToTarget(Message.java:429)
06-17 13:04:44.089  9525  9651 W MessageQueue: 	at android.telephony.PhoneStateListener$1.onSignalStrengthsChanged(PhoneStateListener.java:573)
06-17 13:04:44.089  9525  9651 W MessageQueue: 	at com.android.internal.telephony.IPhoneStateListener$Stub.onTransact(IPhoneStateListener.java:133)
06-17 13:04:44.089  9525  9651 W MessageQueue: 	at android.os.Binder.execTransact(Binder.java:458)
06-17 13:04:44.144  1114  1967 D ConnectivityService: getActiveNetworkInfo networkInfo = null
06-17 13:04:44.145  1114 21938 W PackageManager: checkUidPermission(): android.permission.REAL_GET_TASKS of 10202 is denied.
06-17 13:04:44.146  4647  4767 D UTAnalytics:UploadEngine: pid:4647 UTDC.bBackground:false,AppInfoUtil.isForeground(UTDC.getContext()) ,true,
06-17 13:04:44.146  1114  1638 W PackageManager: checkUidPermission(): android.permission.REAL_GET_TASKS of 10202 is denied.
06-17 13:04:44.154  1332  1853 D NetworkController.MobileSignalController(2): onSignalStrengthsChanged signalStrength=SignalStrength: 0 40 -120 -160 -7 0 -1 99 -101 -3 265 2147483647 gsm|lte 1 1 1 level=3
06-17 13:04:44.154  1332  1853 D NetworkController.MobileSignalController(2): updateTelephonySignalStrength: hasService=true ss=SignalStrength: 0 40 -120 -160 -7 0 -1 99 -101 -3 265 2147483647 gsm|lte 1 1 1
06-17 13:04:44.155  1332  1853 D Op09SystemUIStatusBarExt: getCustomizeSignalStrengthLevel(), networkType=13, signalLevel=3
06-17 13:04:44.156  4647  4767 D UTAnalytics:UploadTask: pid:4647 mPeriod:30000,
06-17 13:04:44.157  1332  1853 D Op09SystemUIStatusBarExt: getCustomizeSignalStrengthIcon(), subId=2, networkType=13, iconId=2130837531, signalStrength=SignalStrength: 0 40 -120 -160 -7 0 -1 99 -101 -3 265 2147483647 gsm|lte 1 1 1,mIsRoaming: false
06-17 13:04:44.157  1114 18231 V ActivityManager: Broadcast sticky: Intent { act=android.intent.action.SIG_STR flg=0x20000010 (has extras) } ordered=false userid=-1 callerApp=ProcessRecord{60ef50d 1114:system/1000}
06-17 13:04:44.157  1332  1853 D NetworkTypeUtils: getNetworkType: type=13
06-17 13:04:44.158  1332  1853 D NetworkTypeUtils: getNetworkTypeIcon iconId = 2130838117
06-17 13:04:44.281  5408  5408 W rism_thread: type=1400 audit(0.0:2624349): avc: denied { getattr } for path="/proc/1" dev="proc" ino=12292 scontext=u:r:untrusted_app:s0:c512,c768 tcontext=u:r:init:s0 tclass=dir permissive=0
06-17 13:04:44.281  5408  5408 W rism_thread: type=1400 audit(0.0:2624350): avc: denied { getattr } for path="/proc/2" dev="proc" ino=15789 scontext=u:r:untrusted_app:s0:c512,c768 tcontext=u:r:kernel:s0 tclass=dir permissive=0
06-17 13:04:44.281  5408  5408 W rism_thread: type=1400 audit(0.0:2624351): avc: denied { getattr } for path="/proc/3" dev="proc" ino=15790 scontext=u:r:untrusted_app:s0:c512,c768 tcontext=u:r:kernel:s0 tclass=dir permissive=0
06-17 13:04:44.291  5408  5408 W rism_thread: type=1400 audit(0.0:2624352): avc: denied { getattr } for path="/proc/5" dev="proc" ino=15792 scontext=u:r:untrusted_app:s0:c512,c768 tcontext=u:r:kernel:s0 tclass=dir permissive=0
06-17 13:04:44.291  5408  5408 W rism_thread: type=1400 audit(0.0:2624353): avc: denied { getattr } for path="/proc/7" dev="proc" ino=15794 scontext=u:r:untrusted_app:s0:c512,c768 tcontext=u:r:kernel:s0 tclass=dir permissive=0
06-17 13:04:44.291  5408  5408 W rism_thread: type=1400 audit(0.0:2624354): avc: denied { getattr } for path="/proc/8" dev="proc" ino=15795 scontext=u:r:untrusted_app:s0:c512,c768 tcontext=u:r:kernel:s0 tclass=dir permissive=0
06-17 13:04:44.291  5408  5408 W rism_thread: type=1400 audit(0.0:2624355): avc: denied { getattr } for path="/proc/9" dev="proc" ino=15796 scontext=u:r:untrusted_app:s0:c512,c768 tcontext=u:r:kernel:s0 tclass=dir permissive=0
06-17 13:04:44.291  5408  5408 W rism_thread: type=1400 audit(0.0:2624356): avc: denied { getattr } for path="/proc/10" dev="proc" ino=15797 scontext=u:r:untrusted_app:s0:c512,c768 tcontext=u:r:kernel:s0 tclass=dir permissive=0
06-17 13:04:44.291  5408  5408 W rism_thread: type=1400 audit(0.0:2624357): avc: denied { getattr } for path="/proc/11" dev="proc" ino=15798 scontext=u:r:untrusted_app:s0:c512,c768 tcontext=u:r:kernel:s0 tclass=dir permissive=0
06-17 13:04:44.291  5408  5408 W rism_thread: type=1400 audit(0.0:2624358): avc: denied { getattr } for path="/proc/12" dev="proc" ino=15799 scontext=u:r:untrusted_app:s0:c512,c768 tcontext=u:r:kernel:s0 tclass=dir permissive=0
06-17 13:04:44.291  5408  5408 W rism_thread: type=1400 audit(0.0:2624359): avc: denied { getattr } for path="/proc/14" dev="proc" ino=15801 scontext=u:r:untrusted_app:s0:c512,c768 tcontext=u:r:kernel:s0 tclass=dir permissive=0
06-17 13:04:44.291  5408  5408 W rism_thread: type=1400 audit(0.0:2624360): avc: denied { getattr } for path="/proc/15" dev="proc" ino=15802 scontext=u:r:untrusted_app:s0:c512,c768 tcontext=u:r:kernel:s0 tclass=dir permissive=0
06-17 13:04:44.291  5408  5408 W rism_thread: type=1400 audit(0.0:2624361): avc: denied { getattr } for path="/proc/16" dev="proc" ino=15803 scontext=u:r:untrusted_app:s0:c512,c768 tcontext=u:r:kernel:s0 tclass=dir permissive=0
06-17 13:04:44.291  5408  5408 W rism_thread: type=1400 audit(0.0:2624362): avc: denied { getattr } for path="/proc/18" dev="proc" ino=15805 scontext=u:r:untrusted_app:s0:c512,c768 tcontext=u:r:kernel:s0 tclass=dir permissive=0
