--------- beginning of crash
06-15 09:13:43.811  3168  3168 F AEE/DEBUG: 
06-15 09:13:43.811  3168  3168 F AEE/DEBUG: 
06-15 09:13:43.811  3168  3168 F AEE/DEBUG: ----- pid 296 at 2017-06-15 09:13:43 -----
06-15 09:13:43.811  3168  3168 F AEE/DEBUG: Cmd line: /system/bin/surfaceflinger
06-15 09:13:43.811  3168  3168 F AEE/DEBUG: ABI: 'arm64'
06-15 09:13:45.739  3229  3229 F AEE/DEBUG: 
06-15 09:13:45.739  3229  3229 F AEE/DEBUG: 
06-15 09:13:45.739  3229  3229 F AEE/DEBUG: ----- pid 425 at 2017-06-15 09:13:45 -----
06-15 09:13:45.740  3229  3229 F AEE/DEBUG: Cmd line: /system/bin/netd
06-15 09:13:45.740  3229  3229 F AEE/DEBUG: ABI: 'arm64'
06-15 09:13:46.375  3264  3264 F AEE/DEBUG: 
06-15 09:13:46.375  3264  3264 F AEE/DEBUG: 
06-15 09:13:46.375  3264  3264 F AEE/DEBUG: ----- pid 429 at 2017-06-15 09:13:46 -----
06-15 09:13:46.375  3264  3264 F AEE/DEBUG: Cmd line: /system/bin/mediaserver
06-15 09:13:46.375  3264  3264 F AEE/DEBUG: ABI: 'arm'
--------- beginning of system
06-17 13:04:15.484  1114  1300 D DisplayPowerState: Updating screen state: state=ON, backlight=213, backlightChanged=true
06-17 13:04:15.484  1114  1300 D DisplayManagerService: Update global display state for DisplayDeviceInfo{"内置屏幕": uniqueId="local:0", 720 x 1280, modeId 1, defaultModeId 1, supportedModes [{id=1, width=720, height=1280, fps=60.100002}], density 320, 320.0 x 320.0 dpi, appVsyncOff -8000000, presDeadline 25638935, touch INTERNAL, rotation 0, type BUILT_IN, state ON, FLAG_DEFAULT_DISPLAY, FLAG_ROTATES_WITH_CONTENT, FLAG_SECURE, FLAG_SUPPORTS_PROTECTED_BUFFERS}
06-17 13:04:15.484  1114  1300 D LocalDisplayAdapter: setDisplayBrightness(id=0, brightness=213)
06-17 13:04:15.487  1114  1138 D DisplayPowerState: Screen ready
06-17 13:04:15.500  1114  1138 D DisplayPowerState: setScreenBrightness: brightness=212
06-17 13:04:15.500  1114  1138 D DisplayPowerState: Requesting new screen state: state=ON, backlight=212
06-17 13:04:15.500  1114  1138 D DisplayPowerState: Screen not ready
06-17 13:04:15.501  1114  1300 D DisplayPowerState: Updating screen state: state=ON, backlight=212, backlightChanged=true
06-17 13:04:15.501  1114  1300 D DisplayManagerService: Update global display state for DisplayDeviceInfo{"内置屏幕": uniqueId="local:0", 720 x 1280, modeId 1, defaultModeId 1, supportedModes [{id=1, width=720, height=1280, fps=60.100002}], density 320, 320.0 x 320.0 dpi, appVsyncOff -8000000, presDeadline 25638935, touch INTERNAL, rotation 0, type BUILT_IN, state ON, FLAG_DEFAULT_DISPLAY, FLAG_ROTATES_WITH_CONTENT, FLAG_SECURE, FLAG_SUPPORTS_PROTECTED_BUFFERS}
06-17 13:04:15.502  1114  1300 D LocalDisplayAdapter: setDisplayBrightness(id=0, brightness=212)
06-17 13:04:15.512  1114  1138 D DisplayPowerState: Screen ready
06-17 13:04:15.533  1114  1138 D DisplayPowerState: setScreenBrightness: brightness=211
06-17 13:04:15.533  1114  1138 D DisplayPowerState: Requesting new screen state: state=ON, backlight=211
06-17 13:04:15.533  1114  1138 D DisplayPowerState: Screen not ready
06-17 13:04:15.533  1114  1300 D DisplayPowerState: Updating screen state: state=ON, backlight=211, backlightChanged=true
06-17 13:04:15.534  1114  1300 D DisplayManagerService: Update global display state for DisplayDeviceInfo{"内置屏幕": uniqueId="local:0", 720 x 1280, modeId 1, defaultModeId 1, supportedModes [{id=1, width=720, height=1280, fps=60.100002}], density 320, 320.0 x 320.0 dpi, appVsyncOff -8000000, presDeadline 25638935, touch INTERNAL, rotation 0, type BUILT_IN, state ON, FLAG_DEFAULT_DISPLAY, FLAG_ROTATES_WITH_CONTENT, FLAG_SECURE, FLAG_SUPPORTS_PROTECTED_BUFFERS}
06-17 13:04:15.534  1114  1300 D LocalDisplayAdapter: setDisplayBrightness(id=0, brightness=211)
06-17 13:04:15.534  1114  1138 D DisplayPowerState: Screen ready
06-17 13:04:15.549  1114  1138 D DisplayPowerState: setScreenBrightness: brightness=210
06-17 13:04:15.550  1114  1138 D DisplayPowerState: Requesting new screen state: state=ON, backlight=210
06-17 13:04:15.550  1114  1138 D DisplayPowerState: Screen not ready
06-17 13:04:15.550  1114  1300 D DisplayPowerState: Updating screen state: state=ON, backlight=210, backlightChanged=true
06-17 13:04:15.550  1114  1300 D DisplayManagerService: Update global display state for DisplayDeviceInfo{"内置屏幕": uniqueId="local:0", 720 x 1280, modeId 1, defaultModeId 1, supportedModes [{id=1, width=720, height=1280, fps=60.100002}], density 320, 320.0 x 320.0 dpi, appVsyncOff -8000000, presDeadline 25638935, touch INTERNAL, rotation 0, type BUILT_IN, state ON, FLAG_DEFAULT_DISPLAY, FLAG_ROTATES_WITH_CONTENT, FLAG_SECURE, FLAG_SUPPORTS_PROTECTED_BUFFERS}
06-17 13:04:15.550  1114  1300 D LocalDisplayAdapter: setDisplayBrightness(id=0, brightness=210)
06-17 13:04:15.551  1114  1138 D DisplayPowerState: Screen ready
06-17 13:04:15.573  1114  1138 D DisplayPowerState: setScreenBrightness: brightness=209
06-17 13:04:15.574  1114  1138 D DisplayPowerState: Requesting new screen state: state=ON, backlight=209
06-17 13:04:15.574  1114  1138 D DisplayPowerState: Screen not ready
06-17 13:04:15.574  1114  1300 D DisplayPowerState: Updating screen state: state=ON, backlight=209, backlightChanged=true
06-17 13:04:15.574  1114  1300 D DisplayManagerService: Update global display state for DisplayDeviceInfo{"内置屏幕": uniqueId="local:0", 720 x 1280, modeId 1, defaultModeId 1, supportedModes [{id=1, width=720, height=1280, fps=60.100002}], density 320, 320.0 x 320.0 dpi, appVsyncOff -8000000, presDeadline 25638935, touch INTERNAL, rotation 0, type BUILT_IN, state ON, FLAG_DEFAULT_DISPLAY, FLAG_ROTATES_WITH_CONTENT, FLAG_SECURE, FLAG_SUPPORTS_PROTECTED_BUFFERS}
06-17 13:04:15.574  1114  1300 D LocalDisplayAdapter: setDisplayBrightness(id=0, brightness=209)
06-17 13:04:15.575  1114  1138 D DisplayPowerState: Screen ready
06-17 13:04:15.595   425  1018 D NetlinkEvent: clear RA flag done
06-17 13:04:15.595   425  1018 D SocketClient: SocketClient sendData done: 600 Iface linkstate wlan0 down
06-17 13:04:15.595  1114  1254 D NetdConnector: RCV <- {600 Iface linkstate wlan0 down}
06-17 13:04:15.598  1114  1132 D NetworkManagement: onEvent:600 Iface linkstate wlan0 down:5
06-17 13:04:15.607  1114  1138 D DisplayPowerState: setScreenBrightness: brightness=208
06-17 13:04:15.607  1114  1138 D DisplayPowerState: Requesting new screen state: state=ON, backlight=208
06-17 13:04:15.607  1114  1138 D DisplayPowerState: Screen not ready
06-17 13:04:15.608  1114  1300 D DisplayPowerState: Updating screen state: state=ON, backlight=208, backlightChanged=true
06-17 13:04:15.608  1114  1300 D DisplayManagerService: Update global display state for DisplayDeviceInfo{"内置屏幕": uniqueId="local:0", 720 x 1280, modeId 1, defaultModeId 1, supportedModes [{id=1, width=720, height=1280, fps=60.100002}], density 320, 320.0 x 320.0 dpi, appVsyncOff -8000000, presDeadline 25638935, touch INTERNAL, rotation 0, type BUILT_IN, state ON, FLAG_DEFAULT_DISPLAY, FLAG_ROTATES_WITH_CONTENT, FLAG_SECURE, FLAG_SUPPORTS_PROTECTED_BUFFERS}
06-17 13:04:15.608  1114  1300 D LocalDisplayAdapter: setDisplayBrightness(id=0, brightness=208)
06-17 13:04:15.609  1114  1138 D DisplayPowerState: Screen ready
06-17 13:04:15.624  1114  1138 D DisplayPowerState: setScreenBrightness: brightness=207
06-17 13:04:15.624  1114  1138 D DisplayPowerState: Requesting new screen state: state=ON, backlight=207
06-17 13:04:15.624  1114  1138 D DisplayPowerState: Screen not ready
06-17 13:04:15.625  1114  1300 D DisplayPowerState: Updating screen state: state=ON, backlight=207, backlightChanged=true
06-17 13:04:15.625  1114  1300 D DisplayManagerService: Update global display state for DisplayDeviceInfo{"内置屏幕": uniqueId="local:0", 720 x 1280, modeId 1, defaultModeId 1, supportedModes [{id=1, width=720, height=1280, fps=60.100002}], density 320, 320.0 x 320.0 dpi, appVsyncOff -8000000, presDeadline 25638935, touch INTERNAL, rotation 0, type BUILT_IN, state ON, FLAG_DEFAULT_DISPLAY, FLAG_ROTATES_WITH_CONTENT, FLAG_SECURE, FLAG_SUPPORTS_PROTECTED_BUFFERS}
06-17 13:04:15.625  1114  1300 D LocalDisplayAdapter: setDisplayBrightness(id=0, brightness=207)
06-17 13:04:15.628  1114  1138 D DisplayPowerState: Screen ready
06-17 13:04:15.657  1114  1138 D DisplayPowerState: setScreenBrightness: brightness=206
06-17 13:04:15.657  1114  1138 D DisplayPowerState: Requesting new screen state: state=ON, backlight=206
06-17 13:04:15.657  1114  1138 D DisplayPowerState: Screen not ready
06-17 13:04:15.658  1114  1300 D DisplayPowerState: Updating screen state: state=ON, backlight=206, backlightChanged=true
06-17 13:04:15.658  1114  1300 D DisplayManagerService: Update global display state for DisplayDeviceInfo{"内置屏幕": uniqueId="local:0", 720 x 1280, modeId 1, defaultModeId 1, supportedModes [{id=1, width=720, height=1280, fps=60.100002}], density 320, 320.0 x 320.0 dpi, appVsyncOff -8000000, presDeadline 25638935, touch INTERNAL, rotation 0, type BUILT_IN, state ON, FLAG_DEFAULT_DISPLAY, FLAG_ROTATES_WITH_CONTENT, FLAG_SECURE, FLAG_SUPPORTS_PROTECTED_BUFFERS}
06-17 13:04:15.658  1114  1300 D LocalDisplayAdapter: setDisplayBrightness(id=0, brightness=206)
06-17 13:04:15.661  1114  1138 D DisplayPowerState: Screen ready
06-17 13:04:15.674  1114  1138 D DisplayPowerState: setScreenBrightness: brightness=205
06-17 13:04:15.674  1114  1138 D DisplayPowerState: Requesting new screen state: state=ON, backlight=205
06-17 13:04:15.674  1114  1138 D DisplayPowerState: Screen not ready
06-17 13:04:15.675  1114  1300 D DisplayPowerState: Updating screen state: state=ON, backlight=205, backlightChanged=true
06-17 13:04:15.675  1114  1300 D DisplayManagerService: Update global display state for DisplayDeviceInfo{"内置屏幕": uniqueId="local:0", 720 x 1280, modeId 1, defaultModeId 1, supportedModes [{id=1, width=720, height=1280, fps=60.100002}], density 320, 320.0 x 320.0 dpi, appVsyncOff -8000000, presDeadline 25638935, touch INTERNAL, rotation 0, type BUILT_IN, state ON, FLAG_DEFAULT_DISPLAY, FLAG_ROTATES_WITH_CONTENT, FLAG_SECURE, FLAG_SUPPORTS_PROTECTED_BUFFERS}
06-17 13:04:15.675  1114  1300 D LocalDisplayAdapter: setDisplayBrightness(id=0, brightness=205)
06-17 13:04:15.679  1114  1138 D DisplayPowerState: Screen ready
06-17 13:04:15.707  1114  1138 D DisplayPowerState: setScreenBrightness: brightness=204
06-17 13:04:15.707  1114  1138 D DisplayPowerState: Requesting new screen state: state=ON, backlight=204
06-17 13:04:15.707  1114  1138 D DisplayPowerState: Screen not ready
06-17 13:04:15.708  1114  1300 D DisplayPowerState: Updating screen state: state=ON, backlight=204, backlightChanged=true
06-17 13:04:15.708  1114  1300 D DisplayManagerService: Update global display state for DisplayDeviceInfo{"内置屏幕": uniqueId="local:0", 720 x 1280, modeId 1, defaultModeId 1, supportedModes [{id=1, width=720, height=1280, fps=60.100002}], density 320, 320.0 x 320.0 dpi, appVsyncOff -8000000, presDeadline 25638935, touch INTERNAL, rotation 0, type BUILT_IN, state ON, FLAG_DEFAULT_DISPLAY, FLAG_ROTATES_WITH_CONTENT, FLAG_SECURE, FLAG_SUPPORTS_PROTECTED_BUFFERS}
06-17 13:04:15.708  1114  1300 D LocalDisplayAdapter: setDisplayBrightness(id=0, brightness=204)
06-17 13:04:15.711  1114  1138 D DisplayPowerState: Screen ready
06-17 13:04:15.724  1114  1138 D DisplayPowerState: setScreenBrightness: brightness=203
06-17 13:04:15.724  1114  1138 D DisplayPowerState: Requesting new screen state: state=ON, backlight=203
06-17 13:04:15.724  1114  1138 D DisplayPowerState: Screen not ready
06-17 13:04:15.725  1114  1300 D DisplayPowerState: Updating screen state: state=ON, backlight=203, backlightChanged=true
06-17 13:04:15.725  1114  1300 D DisplayManagerService: Update global display state for DisplayDeviceInfo{"内置屏幕": uniqueId="local:0", 720 x 1280, modeId 1, defaultModeId 1, supportedModes [{id=1, width=720, height=1280, fps=60.100002}], density 320, 320.0 x 320.0 dpi, appVsyncOff -8000000, presDeadline 25638935, touch INTERNAL, rotation 0, type BUILT_IN, state ON, FLAG_DEFAULT_DISPLAY, FLAG_ROTATES_WITH_CONTENT, FLAG_SECURE, FLAG_SUPPORTS_PROTECTED_BUFFERS}
06-17 13:04:15.725  1114  1300 D LocalDisplayAdapter: setDisplayBrightness(id=0, brightness=203)
06-17 13:04:15.727  1114  1138 D DisplayPowerState: Screen ready
06-17 13:04:15.757  1114  1138 D DisplayPowerState: setScreenBrightness: brightness=202
06-17 13:04:15.757  1114  1138 D DisplayPowerState: Requesting new screen state: state=ON, backlight=202
06-17 13:04:15.757  1114  1138 D DisplayPowerState: Screen not ready
06-17 13:04:15.758  1114  1300 D DisplayPowerState: Updating screen state: state=ON, backlight=202, backlightChanged=true
06-17 13:04:15.758  1114  1300 D DisplayManagerService: Update global display state for DisplayDeviceInfo{"内置屏幕": uniqueId="local:0", 720 x 1280, modeId 1, defaultModeId 1, supportedModes [{id=1, width=720, height=1280, fps=60.100002}], density 320, 320.0 x 320.0 dpi, appVsyncOff -8000000, presDeadline 25638935, touch INTERNAL, rotation 0, type BUILT_IN, state ON, FLAG_DEFAULT_DISPLAY, FLAG_ROTATES_WITH_CONTENT, FLAG_SECURE, FLAG_SUPPORTS_PROTECTED_BUFFERS}
06-17 13:04:15.758  1114  1300 D LocalDisplayAdapter: setDisplayBrightness(id=0, brightness=202)
06-17 13:04:15.761  1114  1138 D DisplayPowerState: Screen ready
06-17 13:04:15.774  1114  1138 D DisplayPowerState: setScreenBrightness: brightness=201
06-17 13:04:15.774  1114  1138 D DisplayPowerState: Requesting new screen state: state=ON, backlight=201
06-17 13:04:15.774  1114  1138 D DisplayPowerState: Screen not ready
06-17 13:04:15.775  1114  1300 D DisplayPowerState: Updating screen state: state=ON, backlight=201, backlightChanged=true
06-17 13:04:15.775  1114  1300 D DisplayManagerService: Update global display state for DisplayDeviceInfo{"内置屏幕": uniqueId="local:0", 720 x 1280, modeId 1, defaultModeId 1, supportedModes [{id=1, width=720, height=1280, fps=60.100002}], density 320, 320.0 x 320.0 dpi, appVsyncOff -8000000, presDeadline 25638935, touch INTERNAL, rotation 0, type BUILT_IN, state ON, FLAG_DEFAULT_DISPLAY, FLAG_ROTATES_WITH_CONTENT, FLAG_SECURE, FLAG_SUPPORTS_PROTECTED_BUFFERS}
06-17 13:04:15.775  1114  1300 D LocalDisplayAdapter: setDisplayBrightness(id=0, brightness=201)
06-17 13:04:15.778  1114  1138 D DisplayPowerState: Screen ready
06-17 13:04:15.807  1114  1138 D DisplayPowerState: setScreenBrightness: brightness=200
06-17 13:04:15.807  1114  1138 D DisplayPowerState: Requesting new screen state: state=ON, backlight=200
06-17 13:04:15.807  1114  1138 D DisplayPowerState: Screen not ready
06-17 13:04:15.808  1114  1300 D DisplayPowerState: Updating screen state: state=ON, backlight=200, backlightChanged=true
06-17 13:04:15.808  1114  1300 D DisplayManagerService: Update global display state for DisplayDeviceInfo{"内置屏幕": uniqueId="local:0", 720 x 1280, modeId 1, defaultModeId 1, supportedModes [{id=1, width=720, height=1280, fps=60.100002}], density 320, 320.0 x 320.0 dpi, appVsyncOff -8000000, presDeadline 25638935, touch INTERNAL, rotation 0, type BUILT_IN, state ON, FLAG_DEFAULT_DISPLAY, FLAG_ROTATES_WITH_CONTENT, FLAG_SECURE, FLAG_SUPPORTS_PROTECTED_BUFFERS}
06-17 13:04:15.808  1114  1300 D LocalDisplayAdapter: setDisplayBrightness(id=0, brightness=200)
06-17 13:04:15.811  1114  1138 D DisplayPowerState: Screen ready
06-17 13:04:15.824  1114  1138 D DisplayPowerState: setScreenBrightness: brightness=199
06-17 13:04:15.824  1114  1138 D DisplayPowerState: Requesting new screen state: state=ON, backlight=199
06-17 13:04:15.824  1114  1138 D DisplayPowerState: Screen not ready
06-17 13:04:15.825  1114  1300 D DisplayPowerState: Updating screen state: state=ON, backlight=199, backlightChanged=true
06-17 13:04:15.825  1114  1300 D DisplayManagerService: Update global display state for DisplayDeviceInfo{"内置屏幕": uniqueId="local:0", 720 x 1280, modeId 1, defaultModeId 1, supportedModes [{id=1, width=720, height=1280, fps=60.100002}], density 320, 320.0 x 320.0 dpi, appVsyncOff -8000000, presDeadline 25638935, touch INTERNAL, rotation 0, type BUILT_IN, state ON, FLAG_DEFAULT_DISPLAY, FLAG_ROTATES_WITH_CONTENT, FLAG_SECURE, FLAG_SUPPORTS_PROTECTED_BUFFERS}
06-17 13:04:15.825  1114  1300 D LocalDisplayAdapter: setDisplayBrightness(id=0, brightness=199)
06-17 13:04:15.827  1114  1138 D DisplayPowerState: Screen ready
06-17 13:04:15.857  1114  1138 D DisplayPowerState: setScreenBrightness: brightness=198
06-17 13:04:15.857  1114  1138 D DisplayPowerState: Requesting new screen state: state=ON, backlight=198
06-17 13:04:15.857  1114  1138 D DisplayPowerState: Screen not ready
06-17 13:04:15.858  1114  1300 D DisplayPowerState: Updating screen state: state=ON, backlight=198, backlightChanged=true
06-17 13:04:15.858  1114  1300 D DisplayManagerService: Update global display state for DisplayDeviceInfo{"内置屏幕": uniqueId="local:0", 720 x 1280, modeId 1, defaultModeId 1, supportedModes [{id=1, width=720, height=1280, fps=60.100002}], density 320, 320.0 x 320.0 dpi, appVsyncOff -8000000, presDeadline 25638935, touch INTERNAL, rotation 0, type BUILT_IN, state ON, FLAG_DEFAULT_DISPLAY, FLAG_ROTATES_WITH_CONTENT, FLAG_SECURE, FLAG_SUPPORTS_PROTECTED_BUFFERS}
06-17 13:04:15.858  1114  1300 D LocalDisplayAdapter: setDisplayBrightness(id=0, brightness=198)
06-17 13:04:15.859  1114  1138 D DisplayPowerState: Screen ready
06-17 13:04:15.873  1114  1138 D DisplayPowerState: setScreenBrightness: brightness=197
06-17 13:04:15.873  1114  1138 D DisplayPowerState: Requesting new screen state: state=ON, backlight=197
06-17 13:04:15.873  1114  1138 D DisplayPowerState: Screen not ready
06-17 13:04:15.873  1114  1300 D DisplayPowerState: Updating screen state: state=ON, backlight=197, backlightChanged=true
06-17 13:04:15.874  1114  1300 D DisplayManagerService: Update global display state for DisplayDeviceInfo{"内置屏幕": uniqueId="local:0", 720 x 1280, modeId 1, defaultModeId 1, supportedModes [{id=1, width=720, height=1280, fps=60.100002}], density 320, 320.0 x 320.0 dpi, appVsyncOff -8000000, presDeadline 25638935, touch INTERNAL, rotation 0, type BUILT_IN, state ON, FLAG_DEFAULT_DISPLAY, FLAG_ROTATES_WITH_CONTENT, FLAG_SECURE, FLAG_SUPPORTS_PROTECTED_BUFFERS}
06-17 13:04:15.874  1114  1300 D LocalDisplayAdapter: setDisplayBrightness(id=0, brightness=197)
06-17 13:04:15.874  1114  1138 D DisplayPowerState: Screen ready
06-17 13:04:15.907  1114  1138 D DisplayPowerState: setScreenBrightness: brightness=196
06-17 13:04:15.907  1114  1138 D DisplayPowerState: Requesting new screen state: state=ON, backlight=196
06-17 13:04:15.907  1114  1138 D DisplayPowerState: Screen not ready
06-17 13:04:15.907  1114  1300 D DisplayPowerState: Updating screen state: state=ON, backlight=196, backlightChanged=true
06-17 13:04:15.907  1114  1300 D DisplayManagerService: Update global display state for DisplayDeviceInfo{"内置屏幕": uniqueId="local:0", 720 x 1280, modeId 1, defaultModeId 1, supportedModes [{id=1, width=720, height=1280, fps=60.100002}], density 320, 320.0 x 320.0 dpi, appVsyncOff -8000000, presDeadline 25638935, touch INTERNAL, rotation 0, type BUILT_IN, state ON, FLAG_DEFAULT_DISPLAY, FLAG_ROTATES_WITH_CONTENT, FLAG_SECURE, FLAG_SUPPORTS_PROTECTED_BUFFERS}
06-17 13:04:15.907  1114  1300 D LocalDisplayAdapter: setDisplayBrightness(id=0, brightness=196)
06-17 13:04:15.908  1114  1138 D DisplayPowerState: Screen ready
06-17 13:04:15.923  1114  1138 D DisplayPowerState: setScreenBrightness: brightness=195
06-17 13:04:15.924  1114  1138 D DisplayPowerState: Requesting new screen state: state=ON, backlight=195
06-17 13:04:15.924  1114  1138 D DisplayPowerState: Screen not ready
06-17 13:04:15.924  1114  1300 D DisplayPowerState: Updating screen state: state=ON, backlight=195, backlightChanged=true
06-17 13:04:15.924  1114  1300 D DisplayManagerService: Update global display state for DisplayDeviceInfo{"内置屏幕": uniqueId="local:0", 720 x 1280, modeId 1, defaultModeId 1, supportedModes [{id=1, width=720, height=1280, fps=60.100002}], density 320, 320.0 x 320.0 dpi, appVsyncOff -8000000, presDeadline 25638935, touch INTERNAL, rotation 0, type BUILT_IN, state ON, FLAG_DEFAULT_DISPLAY, FLAG_ROTATES_WITH_CONTENT, FLAG_SECURE, FLAG_SUPPORTS_PROTECTED_BUFFERS}
06-17 13:04:15.924  1114  1300 D LocalDisplayAdapter: setDisplayBrightness(id=0, brightness=195)
06-17 13:04:15.925  1114  1138 D DisplayPowerState: Screen ready
06-17 13:04:15.957  1114  1138 D DisplayPowerState: setScreenBrightness: brightness=194
06-17 13:04:15.957  1114  1138 D DisplayPowerState: Requesting new screen state: state=ON, backlight=194
06-17 13:04:15.957  1114  1138 D DisplayPowerState: Screen not ready
06-17 13:04:15.957  1114  1300 D DisplayPowerState: Updating screen state: state=ON, backlight=194, backlightChanged=true
06-17 13:04:15.957  1114  1300 D DisplayManagerService: Update global display state for DisplayDeviceInfo{"内置屏幕": uniqueId="local:0", 720 x 1280, modeId 1, defaultModeId 1, supportedModes [{id=1, width=720, height=1280, fps=60.100002}], density 320, 320.0 x 320.0 dpi, appVsyncOff -8000000, presDeadline 25638935, touch INTERNAL, rotation 0, type BUILT_IN, state ON, FLAG_DEFAULT_DISPLAY, FLAG_ROTATES_WITH_CONTENT, FLAG_SECURE, FLAG_SUPPORTS_PROTECTED_BUFFERS}
06-17 13:04:15.957  1114  1300 D LocalDisplayAdapter: setDisplayBrightness(id=0, brightness=194)
06-17 13:04:15.958  1114  1138 D DisplayPowerState: Screen ready
06-17 13:04:15.974  1114  1138 D DisplayPowerState: setScreenBrightness: brightness=193
06-17 13:04:15.974  1114  1138 D DisplayPowerState: Requesting new screen state: state=ON, backlight=193
06-17 13:04:15.974  1114  1138 D DisplayPowerState: Screen not ready
06-17 13:04:15.975  1114  1300 D DisplayPowerState: Updating screen state: state=ON, backlight=193, backlightChanged=true
06-17 13:04:15.975  1114  1300 D DisplayManagerService: Update global display state for DisplayDeviceInfo{"内置屏幕": uniqueId="local:0", 720 x 1280, modeId 1, defaultModeId 1, supportedModes [{id=1, width=720, height=1280, fps=60.100002}], density 320, 320.0 x 320.0 dpi, appVsyncOff -8000000, presDeadline 25638935, touch INTERNAL, rotation 0, type BUILT_IN, state ON, FLAG_DEFAULT_DISPLAY, FLAG_ROTATES_WITH_CONTENT, FLAG_SECURE, FLAG_SUPPORTS_PROTECTED_BUFFERS}
06-17 13:04:15.976  1114  1300 D LocalDisplayAdapter: setDisplayBrightness(id=0, brightness=193)
06-17 13:04:15.976  1114  1138 D DisplayPowerState: Screen ready
06-17 13:04:16.007  1114  1138 D DisplayPowerState: setScreenBrightness: brightness=192
06-17 13:04:16.007  1114  1138 D DisplayPowerState: Requesting new screen state: state=ON, backlight=192
06-17 13:04:16.007  1114  1138 D DisplayPowerState: Screen not ready
06-17 13:04:16.007  1114  1300 D DisplayPowerState: Updating screen state: state=ON, backlight=192, backlightChanged=true
06-17 13:04:16.007  1114  1300 D DisplayManagerService: Update global display state for DisplayDeviceInfo{"内置屏幕": uniqueId="local:0", 720 x 1280, modeId 1, defaultModeId 1, supportedModes [{id=1, width=720, height=1280, fps=60.100002}], density 320, 320.0 x 320.0 dpi, appVsyncOff -8000000, presDeadline 25638935, touch INTERNAL, rotation 0, type BUILT_IN, state ON, FLAG_DEFAULT_DISPLAY, FLAG_ROTATES_WITH_CONTENT, FLAG_SECURE, FLAG_SUPPORTS_PROTECTED_BUFFERS}
06-17 13:04:16.007  1114  1300 D LocalDisplayAdapter: setDisplayBrightness(id=0, brightness=192)
06-17 13:04:16.010  1114  1138 D DisplayPowerState: Screen ready
06-17 13:04:16.028  1114  1138 D DisplayPowerState: setScreenBrightness: brightness=191
06-17 13:04:16.028  1114  1138 D DisplayPowerState: Requesting new screen state: state=ON, backlight=191
06-17 13:04:16.028  1114  1138 D DisplayPowerState: Screen not ready
06-17 13:04:16.028  1114  1300 D DisplayPowerState: Updating screen state: state=ON, backlight=191, backlightChanged=true
06-17 13:04:16.029  1114  1300 D DisplayManagerService: Update global display state for DisplayDeviceInfo{"内置屏幕": uniqueId="local:0", 720 x 1280, modeId 1, defaultModeId 1, supportedModes [{id=1, width=720, height=1280, fps=60.100002}], density 320, 320.0 x 320.0 dpi, appVsyncOff -8000000, presDeadline 25638935, touch INTERNAL, rotation 0, type BUILT_IN, state ON, FLAG_DEFAULT_DISPLAY, FLAG_ROTATES_WITH_CONTENT, FLAG_SECURE, FLAG_SUPPORTS_PROTECTED_BUFFERS}
06-17 13:04:16.029  1114  1300 D LocalDisplayAdapter: setDisplayBrightness(id=0, brightness=191)
06-17 13:04:16.029  1114  1138 D DisplayPowerState: Screen ready
06-17 13:04:16.056  1114  1138 D DisplayPowerState: setScreenBrightness: brightness=190
06-17 13:04:16.057  1114  1138 D DisplayPowerState: Requesting new screen state: state=ON, backlight=190
06-17 13:04:16.057  1114  1138 D DisplayPowerState: Screen not ready
06-17 13:04:16.057  1114  1300 D DisplayPowerState: Updating screen state: state=ON, backlight=190, backlightChanged=true
06-17 13:04:16.057  1114  1300 D DisplayManagerService: Update global display state for DisplayDeviceInfo{"内置屏幕": uniqueId="local:0", 720 x 1280, modeId 1, defaultModeId 1, supportedModes [{id=1, width=720, height=1280, fps=60.100002}], density 320, 320.0 x 320.0 dpi, appVsyncOff -8000000, presDeadline 25638935, touch INTERNAL, rotation 0, type BUILT_IN, state ON, FLAG_DEFAULT_DISPLAY, FLAG_ROTATES_WITH_CONTENT, FLAG_SECURE, FLAG_SUPPORTS_PROTECTED_BUFFERS}
06-17 13:04:16.057  1114  1300 D LocalDisplayAdapter: setDisplayBrightness(id=0, brightness=190)
06-17 13:04:16.057  1114  1138 D DisplayPowerState: Screen ready
06-17 13:04:16.073  1114  1138 D DisplayPowerState: setScreenBrightness: brightness=189
06-17 13:04:16.073  1114  1138 D DisplayPowerState: Requesting new screen state: state=ON, backlight=189
06-17 13:04:16.073  1114  1138 D DisplayPowerState: Screen not ready
06-17 13:04:16.073  1114  1300 D DisplayPowerState: Updating screen state: state=ON, backlight=189, backlightChanged=true
06-17 13:04:16.073  1114  1300 D DisplayManagerService: Update global display state for DisplayDeviceInfo{"内置屏幕": uniqueId="local:0", 720 x 1280, modeId 1, defaultModeId 1, supportedModes [{id=1, width=720, height=1280, fps=60.100002}], density 320, 320.0 x 320.0 dpi, appVsyncOff -8000000, presDeadline 25638935, touch INTERNAL, rotation 0, type BUILT_IN, state ON, FLAG_DEFAULT_DISPLAY, FLAG_ROTATES_WITH_CONTENT, FLAG_SECURE, FLAG_SUPPORTS_PROTECTED_BUFFERS}
06-17 13:04:16.073  1114  1300 D LocalDisplayAdapter: setDisplayBrightness(id=0, brightness=189)
06-17 13:04:16.074  1114  1138 D DisplayPowerState: Screen ready
06-17 13:04:16.106  1114  1138 D DisplayPowerState: setScreenBrightness: brightness=188
06-17 13:04:16.106  1114  1138 D DisplayPowerState: Requesting new screen state: state=ON, backlight=188
06-17 13:04:16.107  1114  1138 D DisplayPowerState: Screen not ready
06-17 13:04:16.107  1114  1300 D DisplayPowerState: Updating screen state: state=ON, backlight=188, backlightChanged=true
06-17 13:04:16.107  1114  1300 D DisplayManagerService: Update global display state for DisplayDeviceInfo{"内置屏幕": uniqueId="local:0", 720 x 1280, modeId 1, defaultModeId 1, supportedModes [{id=1, width=720, height=1280, fps=60.100002}], density 320, 320.0 x 320.0 dpi, appVsyncOff -8000000, presDeadline 25638935, touch INTERNAL, rotation 0, type BUILT_IN, state ON, FLAG_DEFAULT_DISPLAY, FLAG_ROTATES_WITH_CONTENT, FLAG_SECURE, FLAG_SUPPORTS_PROTECTED_BUFFERS}
06-17 13:04:16.107  1114  1300 D LocalDisplayAdapter: setDisplayBrightness(id=0, brightness=188)
06-17 13:04:16.108  1114  1138 D DisplayPowerState: Screen ready
06-17 13:04:16.118   425  1018 D NetlinkEvent: clear RA flag done
06-17 13:04:16.118   425  1018 D SocketClient: SocketClient sendData done: 600 Iface linkstate wlan0 down
06-17 13:04:16.119  1114  1254 D NetdConnector: RCV <- {600 Iface linkstate wlan0 down}
06-17 13:04:16.119  1114  1132 D NetworkManagement: onEvent:600 Iface linkstate wlan0 down:5
06-17 13:04:16.123  1114  1138 D DisplayPowerState: setScreenBrightness: brightness=187
06-17 13:04:16.123  1114  1138 D DisplayPowerState: Requesting new screen state: state=ON, backlight=187
06-17 13:04:16.123  1114  1138 D DisplayPowerState: Screen not ready
06-17 13:04:16.123  1114  1300 D DisplayPowerState: Updating screen state: state=ON, backlight=187, backlightChanged=true
06-17 13:04:16.124  1114  1300 D DisplayManagerService: Update global display state for DisplayDeviceInfo{"内置屏幕": uniqueId="local:0", 720 x 1280, modeId 1, defaultModeId 1, supportedModes [{id=1, width=720, height=1280, fps=60.100002}], density 320, 320.0 x 320.0 dpi, appVsyncOff -8000000, presDeadline 25638935, touch INTERNAL, rotation 0, type BUILT_IN, state ON, FLAG_DEFAULT_DISPLAY, FLAG_ROTATES_WITH_CONTENT, FLAG_SECURE, FLAG_SUPPORTS_PROTECTED_BUFFERS}
06-17 13:04:16.124  1114  1300 D LocalDisplayAdapter: setDisplayBrightness(id=0, brightness=187)
06-17 13:04:16.129  1114  1138 D DisplayPowerState: Screen ready
06-17 13:04:16.157  1114  1138 D DisplayPowerState: setScreenBrightness: brightness=186
06-17 13:04:16.157  1114  1138 D DisplayPowerState: Requesting new screen state: state=ON, backlight=186
06-17 13:04:16.157  1114  1138 D DisplayPowerState: Screen not ready
06-17 13:04:16.157  1114  1300 D DisplayPowerState: Updating screen state: state=ON, backlight=186, backlightChanged=true
06-17 13:04:16.157  1114  1300 D DisplayManagerService: Update global display state for DisplayDeviceInfo{"内置屏幕": uniqueId="local:0", 720 x 1280, modeId 1, defaultModeId 1, supportedModes [{id=1, width=720, height=1280, fps=60.100002}], density 320, 320.0 x 320.0 dpi, appVsyncOff -8000000, presDeadline 25638935, touch INTERNAL, rotation 0, type BUILT_IN, state ON, FLAG_DEFAULT_DISPLAY, FLAG_ROTATES_WITH_CONTENT, FLAG_SECURE, FLAG_SUPPORTS_PROTECTED_BUFFERS}
06-17 13:04:16.157  1114  1300 D LocalDisplayAdapter: setDisplayBrightness(id=0, brightness=186)
06-17 13:04:16.160  1114  1138 D DisplayPowerState: Screen ready
06-17 13:04:16.173  1114  1138 D DisplayPowerState: setScreenBrightness: brightness=185
06-17 13:04:16.174  1114  1138 D DisplayPowerState: Requesting new screen state: state=ON, backlight=185
06-17 13:04:16.174  1114  1138 D DisplayPowerState: Screen not ready
06-17 13:04:16.174  1114  1300 D DisplayPowerState: Updating screen state: state=ON, backlight=185, backlightChanged=true
06-17 13:04:16.174  1114  1300 D DisplayManagerService: Update global display state for DisplayDeviceInfo{"内置屏幕": uniqueId="local:0", 720 x 1280, modeId 1, defaultModeId 1, supportedModes [{id=1, width=720, height=1280, fps=60.100002}], density 320, 320.0 x 320.0 dpi, appVsyncOff -8000000, presDeadline 25638935, touch INTERNAL, rotation 0, type BUILT_IN, state ON, FLAG_DEFAULT_DISPLAY, FLAG_ROTATES_WITH_CONTENT, FLAG_SECURE, FLAG_SUPPORTS_PROTECTED_BUFFERS}
06-17 13:04:16.174  1114  1300 D LocalDisplayAdapter: setDisplayBrightness(id=0, brightness=185)
06-17 13:04:16.176  1114  1138 D DisplayPowerState: Screen ready
06-17 13:04:16.178  1114  2618 W PackageManager: checkUidPermission(): android.permission.REAL_GET_TASKS of 10179 is denied.
06-17 13:04:16.180  1114  2624 W PackageManager: checkUidPermission(): android.permission.REAL_GET_TASKS of 10179 is denied.
06-17 13:04:16.182  1114  1967 W PackageManager: checkUidPermission(): android.permission.REAL_GET_TASKS of 10173 is denied.
06-17 13:04:16.207  1114  1138 D DisplayPowerState: setScreenBrightness: brightness=184
06-17 13:04:16.207  1114  1138 D DisplayPowerState: Requesting new screen state: state=ON, backlight=184
06-17 13:04:16.207  1114  1138 D DisplayPowerState: Screen not ready
06-17 13:04:16.208  1114  1300 D DisplayPowerState: Updating screen state: state=ON, backlight=184, backlightChanged=true
06-17 13:04:16.208  1114  1300 D DisplayManagerService: Update global display state for DisplayDeviceInfo{"内置屏幕": uniqueId="local:0", 720 x 1280, modeId 1, defaultModeId 1, supportedModes [{id=1, width=720, height=1280, fps=60.100002}], density 320, 320.0 x 320.0 dpi, appVsyncOff -8000000, presDeadline 25638935, touch INTERNAL, rotation 0, type BUILT_IN, state ON, FLAG_DEFAULT_DISPLAY, FLAG_ROTATES_WITH_CONTENT, FLAG_SECURE, FLAG_SUPPORTS_PROTECTED_BUFFERS}
06-17 13:04:16.208  1114  1300 D LocalDisplayAdapter: setDisplayBrightness(id=0, brightness=184)
06-17 13:04:16.210  1114  1138 D DisplayPowerState: Screen ready
06-17 13:04:16.223  1114  1138 D DisplayPowerState: setScreenBrightness: brightness=183
06-17 13:04:16.224  1114  1138 D DisplayPowerState: Requesting new screen state: state=ON, backlight=183
06-17 13:04:16.224  1114  1138 D DisplayPowerState: Screen not ready
06-17 13:04:16.224  1114  1300 D DisplayPowerState: Updating screen state: state=ON, backlight=183, backlightChanged=true
06-17 13:04:16.225  1114  1300 D DisplayManagerService: Update global display state for DisplayDeviceInfo{"内置屏幕": uniqueId="local:0", 720 x 1280, modeId 1, defaultModeId 1, supportedModes [{id=1, width=720, height=1280, fps=60.100002}], density 320, 320.0 x 320.0 dpi, appVsyncOff -8000000, presDeadline 25638935, touch INTERNAL, rotation 0, type BUILT_IN, state ON, FLAG_DEFAULT_DISPLAY, FLAG_ROTATES_WITH_CONTENT, FLAG_SECURE, FLAG_SUPPORTS_PROTECTED_BUFFERS}
06-17 13:04:16.225  1114  1300 D LocalDisplayAdapter: setDisplayBrightness(id=0, brightness=183)
06-17 13:04:16.227  1114  1138 D DisplayPowerState: Screen ready
06-17 13:04:16.257  1114  1138 D DisplayPowerState: setScreenBrightness: brightness=182
06-17 13:04:16.257  1114  1138 D DisplayPowerState: Requesting new screen state: state=ON, backlight=182
06-17 13:04:16.257  1114  1138 D DisplayPowerState: Screen not ready
06-17 13:04:16.258  1114  1300 D DisplayPowerState: Updating screen state: state=ON, backlight=182, backlightChanged=true
06-17 13:04:16.258  1114  1300 D DisplayManagerService: Update global display state for DisplayDeviceInfo{"内置屏幕": uniqueId="local:0", 720 x 1280, modeId 1, defaultModeId 1, supportedModes [{id=1, width=720, height=1280, fps=60.100002}], density 320, 320.0 x 320.0 dpi, appVsyncOff -8000000, presDeadline 25638935, touch INTERNAL, rotation 0, type BUILT_IN, state ON, FLAG_DEFAULT_DISPLAY, FLAG_ROTATES_WITH_CONTENT, FLAG_SECURE, FLAG_SUPPORTS_PROTECTED_BUFFERS}
06-17 13:04:16.258  1114  1300 D LocalDisplayAdapter: setDisplayBrightness(id=0, brightness=182)
06-17 13:04:16.261  1114  1138 D DisplayPowerState: Screen ready
06-17 13:04:16.274  1114  1138 D DisplayPowerState: setScreenBrightness: brightness=181
06-17 13:04:16.274  1114  1138 D DisplayPowerState: Requesting new screen state: state=ON, backlight=181
06-17 13:04:16.274  1114  1138 D DisplayPowerState: Screen not ready
06-17 13:04:16.274  1114  1300 D DisplayPowerState: Updating screen state: state=ON, backlight=181, backlightChanged=true
06-17 13:04:16.275  1114  1300 D DisplayManagerService: Update global display state for DisplayDeviceInfo{"内置屏幕": uniqueId="local:0", 720 x 1280, modeId 1, defaultModeId 1, supportedModes [{id=1, width=720, height=1280, fps=60.100002}], density 320, 320.0 x 320.0 dpi, appVsyncOff -8000000, presDeadline 25638935, touch INTERNAL, rotation 0, type BUILT_IN, state ON, FLAG_DEFAULT_DISPLAY, FLAG_ROTATES_WITH_CONTENT, FLAG_SECURE, FLAG_SUPPORTS_PROTECTED_BUFFERS}
06-17 13:04:16.275  1114  1300 D LocalDisplayAdapter: setDisplayBrightness(id=0, brightness=181)
06-17 13:04:16.277  1114  1138 D DisplayPowerState: Screen ready
06-17 13:04:16.306  1114  1138 D DisplayPowerState: setScreenBrightness: brightness=180
06-17 13:04:16.307  1114  1138 D DisplayPowerState: Requesting new screen state: state=ON, backlight=180
06-17 13:04:16.307  1114  1138 D DisplayPowerState: Screen not ready
06-17 13:04:16.307  1114  1300 D DisplayPowerState: Updating screen state: state=ON, backlight=180, backlightChanged=true
06-17 13:04:16.307  1114  1300 D DisplayManagerService: Update global display state for DisplayDeviceInfo{"内置屏幕": uniqueId="local:0", 720 x 1280, modeId 1, defaultModeId 1, supportedModes [{id=1, width=720, height=1280, fps=60.100002}], density 320, 320.0 x 320.0 dpi, appVsyncOff -8000000, presDeadline 25638935, touch INTERNAL, rotation 0, type BUILT_IN, state ON, FLAG_DEFAULT_DISPLAY, FLAG_ROTATES_WITH_CONTENT, FLAG_SECURE, FLAG_SUPPORTS_PROTECTED_BUFFERS}
06-17 13:04:16.307  1114  1300 D LocalDisplayAdapter: setDisplayBrightness(id=0, brightness=180)
06-17 13:04:16.309  1114  1138 D DisplayPowerState: Screen ready
06-17 13:04:16.323  1114  1138 D DisplayPowerState: setScreenBrightness: brightness=179
06-17 13:04:16.323  1114  1138 D DisplayPowerState: Requesting new screen state: state=ON, backlight=179
06-17 13:04:16.323  1114  1138 D DisplayPowerState: Screen not ready
06-17 13:04:16.324  1114  1300 D DisplayPowerState: Updating screen state: state=ON, backlight=179, backlightChanged=true
06-17 13:04:16.324  1114  1300 D DisplayManagerService: Update global display state for DisplayDeviceInfo{"内置屏幕": uniqueId="local:0", 720 x 1280, modeId 1, defaultModeId 1, supportedModes [{id=1, width=720, height=1280, fps=60.100002}], density 320, 320.0 x 320.0 dpi, appVsyncOff -8000000, presDeadline 25638935, touch INTERNAL, rotation 0, type BUILT_IN, state ON, FLAG_DEFAULT_DISPLAY, FLAG_ROTATES_WITH_CONTENT, FLAG_SECURE, FLAG_SUPPORTS_PROTECTED_BUFFERS}
06-17 13:04:16.324  1114  1300 D LocalDisplayAdapter: setDisplayBrightness(id=0, brightness=179)
06-17 13:04:16.326  1114  1138 D DisplayPowerState: Screen ready
06-17 13:04:16.356  1114  1138 D DisplayPowerState: setScreenBrightness: brightness=178
06-17 13:04:16.356  1114  1138 D DisplayPowerState: Requesting new screen state: state=ON, backlight=178
06-17 13:04:16.357  1114  1138 D DisplayPowerState: Screen not ready
06-17 13:04:16.357  1114  1300 D DisplayPowerState: Updating screen state: state=ON, backlight=178, backlightChanged=true
06-17 13:04:16.357  1114  1300 D DisplayManagerService: Update global display state for DisplayDeviceInfo{"内置屏幕": uniqueId="local:0", 720 x 1280, modeId 1, defaultModeId 1, supportedModes [{id=1, width=720, height=1280, fps=60.100002}], density 320, 320.0 x 320.0 dpi, appVsyncOff -8000000, presDeadline 25638935, touch INTERNAL, rotation 0, type BUILT_IN, state ON, FLAG_DEFAULT_DISPLAY, FLAG_ROTATES_WITH_CONTENT, FLAG_SECURE, FLAG_SUPPORTS_PROTECTED_BUFFERS}
06-17 13:04:16.357  1114  1300 D LocalDisplayAdapter: setDisplayBrightness(id=0, brightness=178)
06-17 13:04:16.359  1114  1138 D DisplayPowerState: Screen ready
06-17 13:04:16.373  1114  1138 D DisplayPowerState: setScreenBrightness: brightness=177
06-17 13:04:16.373  1114  1138 D DisplayPowerState: Requesting new screen state: state=ON, backlight=177
06-17 13:04:16.373  1114  1138 D DisplayPowerState: Screen not ready
06-17 13:04:16.374  1114  1300 D DisplayPowerState: Updating screen state: state=ON, backlight=177, backlightChanged=true
06-17 13:04:16.374  1114  1300 D DisplayManagerService: Update global display state for DisplayDeviceInfo{"内置屏幕": uniqueId="local:0", 720 x 1280, modeId 1, defaultModeId 1, supportedModes [{id=1, width=720, height=1280, fps=60.100002}], density 320, 320.0 x 320.0 dpi, appVsyncOff -8000000, presDeadline 25638935, touch INTERNAL, rotation 0, type BUILT_IN, state ON, FLAG_DEFAULT_DISPLAY, FLAG_ROTATES_WITH_CONTENT, FLAG_SECURE, FLAG_SUPPORTS_PROTECTED_BUFFERS}
06-17 13:04:16.374  1114  1300 D LocalDisplayAdapter: setDisplayBrightness(id=0, brightness=177)
06-17 13:04:16.376  1114  1138 D DisplayPowerState: Screen ready
06-17 13:04:16.407  1114  1138 D DisplayPowerState: setScreenBrightness: brightness=176
06-17 13:04:16.407  1114  1138 D DisplayPowerState: Requesting new screen state: state=ON, backlight=176
06-17 13:04:16.407  1114  1138 D DisplayPowerState: Screen not ready
06-17 13:04:16.407  1114  1300 D DisplayPowerState: Updating screen state: state=ON, backlight=176, backlightChanged=true
06-17 13:04:16.408  1114  1300 D DisplayManagerService: Update global display state for DisplayDeviceInfo{"内置屏幕": uniqueId="local:0", 720 x 1280, modeId 1, defaultModeId 1, supportedModes [{id=1, width=720, height=1280, fps=60.100002}], density 320, 320.0 x 320.0 dpi, appVsyncOff -8000000, presDeadline 25638935, touch INTERNAL, rotation 0, type BUILT_IN, state ON, FLAG_DEFAULT_DISPLAY, FLAG_ROTATES_WITH_CONTENT, FLAG_SECURE, FLAG_SUPPORTS_PROTECTED_BUFFERS}
06-17 13:04:16.410  1114  1300 D LocalDisplayAdapter: setDisplayBrightness(id=0, brightness=176)
06-17 13:04:16.411  1114  1138 D DisplayPowerState: Screen ready
06-17 13:04:16.423  1114  1138 D DisplayPowerState: setScreenBrightness: brightness=175
06-17 13:04:16.424  1114  1138 D DisplayPowerState: Requesting new screen state: state=ON, backlight=175
06-17 13:04:16.424  1114  1138 D DisplayPowerState: Screen not ready
06-17 13:04:16.424  1114  1300 D DisplayPowerState: Updating screen state: state=ON, backlight=175, backlightChanged=true
06-17 13:04:16.424  1114  1300 D DisplayManagerService: Update global display state for DisplayDeviceInfo{"内置屏幕": uniqueId="local:0", 720 x 1280, modeId 1, defaultModeId 1, supportedModes [{id=1, width=720, height=1280, fps=60.100002}], density 320, 320.0 x 320.0 dpi, appVsyncOff -8000000, presDeadline 25638935, touch INTERNAL, rotation 0, type BUILT_IN, state ON, FLAG_DEFAULT_DISPLAY, FLAG_ROTATES_WITH_CONTENT, FLAG_SECURE, FLAG_SUPPORTS_PROTECTED_BUFFERS}
06-17 13:04:16.424  1114  1300 D LocalDisplayAdapter: setDisplayBrightness(id=0, brightness=175)
06-17 13:04:16.427  1114  1138 D DisplayPowerState: Screen ready
06-17 13:04:16.457  1114  1138 D DisplayPowerState: setScreenBrightness: brightness=174
06-17 13:04:16.457  1114  1138 D DisplayPowerState: Requesting new screen state: state=ON, backlight=174
06-17 13:04:16.457  1114  1138 D DisplayPowerState: Screen not ready
06-17 13:04:16.457  1114  1300 D DisplayPowerState: Updating screen state: state=ON, backlight=174, backlightChanged=true
06-17 13:04:16.458  1114  1300 D DisplayManagerService: Update global display state for DisplayDeviceInfo{"内置屏幕": uniqueId="local:0", 720 x 1280, modeId 1, defaultModeId 1, supportedModes [{id=1, width=720, height=1280, fps=60.100002}], density 320, 320.0 x 320.0 dpi, appVsyncOff -8000000, presDeadline 25638935, touch INTERNAL, rotation 0, type BUILT_IN, state ON, FLAG_DEFAULT_DISPLAY, FLAG_ROTATES_WITH_CONTENT, FLAG_SECURE, FLAG_SUPPORTS_PROTECTED_BUFFERS}
06-17 13:04:16.458  1114  1300 D LocalDisplayAdapter: setDisplayBrightness(id=0, brightness=174)
06-17 13:04:16.461  1114  1138 D DisplayPowerState: Screen ready
06-17 13:04:16.473  1114  1138 D DisplayPowerState: setScreenBrightness: brightness=173
06-17 13:04:16.473  1114  1138 D DisplayPowerState: Requesting new screen state: state=ON, backlight=173
06-17 13:04:16.473  1114  1138 D DisplayPowerState: Screen not ready
06-17 13:04:16.474  1114  1300 D DisplayPowerState: Updating screen state: state=ON, backlight=173, backlightChanged=true
06-17 13:04:16.474  1114  1300 D DisplayManagerService: Update global display state for DisplayDeviceInfo{"内置屏幕": uniqueId="local:0", 720 x 1280, modeId 1, defaultModeId 1, supportedModes [{id=1, width=720, height=1280, fps=60.100002}], density 320, 320.0 x 320.0 dpi, appVsyncOff -8000000, presDeadline 25638935, touch INTERNAL, rotation 0, type BUILT_IN, state ON, FLAG_DEFAULT_DISPLAY, FLAG_ROTATES_WITH_CONTENT, FLAG_SECURE, FLAG_SUPPORTS_PROTECTED_BUFFERS}
06-17 13:04:16.474  1114  1300 D LocalDisplayAdapter: setDisplayBrightness(id=0, brightness=173)
06-17 13:04:16.476  1114  1138 D DisplayPowerState: Screen ready
06-17 13:04:16.478  1114  1124 W PackageManager: checkUidPermission(): android.permission.PACKAGE_USAGE_STATS of 10177 is denied.
06-17 13:04:16.506  1114  1138 D DisplayPowerState: setScreenBrightness: brightness=172
06-17 13:04:16.506  1114  1138 D DisplayPowerState: Requesting new screen state: state=ON, backlight=172
06-17 13:04:16.506  1114  1138 D DisplayPowerState: Screen not ready
06-17 13:04:16.507  1114  1300 D DisplayPowerState: Updating screen state: state=ON, backlight=172, backlightChanged=true
06-17 13:04:16.507  1114  1300 D DisplayManagerService: Update global display state for DisplayDeviceInfo{"内置屏幕": uniqueId="local:0", 720 x 1280, modeId 1, defaultModeId 1, supportedModes [{id=1, width=720, height=1280, fps=60.100002}], density 320, 320.0 x 320.0 dpi, appVsyncOff -8000000, presDeadline 25638935, touch INTERNAL, rotation 0, type BUILT_IN, state ON, FLAG_DEFAULT_DISPLAY, FLAG_ROTATES_WITH_CONTENT, FLAG_SECURE, FLAG_SUPPORTS_PROTECTED_BUFFERS}
06-17 13:04:16.507  1114  1300 D LocalDisplayAdapter: setDisplayBrightness(id=0, brightness=172)
06-17 13:04:16.509  1114  1138 D DisplayPowerState: Screen ready
06-17 13:04:16.523  1114  1138 D DisplayPowerState: setScreenBrightness: brightness=171
06-17 13:04:16.523  1114  1138 D DisplayPowerState: Requesting new screen state: state=ON, backlight=171
06-17 13:04:16.523  1114  1138 D DisplayPowerState: Screen not ready
06-17 13:04:16.524  1114  1300 D DisplayPowerState: Updating screen state: state=ON, backlight=171, backlightChanged=true
06-17 13:04:16.524  1114  1300 D DisplayManagerService: Update global display state for DisplayDeviceInfo{"内置屏幕": uniqueId="local:0", 720 x 1280, modeId 1, defaultModeId 1, supportedModes [{id=1, width=720, height=1280, fps=60.100002}], density 320, 320.0 x 320.0 dpi, appVsyncOff -8000000, presDeadline 25638935, touch INTERNAL, rotation 0, type BUILT_IN, state ON, FLAG_DEFAULT_DISPLAY, FLAG_ROTATES_WITH_CONTENT, FLAG_SECURE, FLAG_SUPPORTS_PROTECTED_BUFFERS}
06-17 13:04:16.524  1114  1300 D LocalDisplayAdapter: setDisplayBrightness(id=0, brightness=171)
06-17 13:04:16.526  1114  1138 D DisplayPowerState: Screen ready
06-17 13:04:16.556  1114  1138 D DisplayPowerState: setScreenBrightness: brightness=170
06-17 13:04:16.556  1114  1138 D DisplayPowerState: Requesting new screen state: state=ON, backlight=170
06-17 13:04:16.556  1114  1138 D DisplayPowerState: Screen not ready
06-17 13:04:16.557  1114  1300 D DisplayPowerState: Updating screen state: state=ON, backlight=170, backlightChanged=true
06-17 13:04:16.557  1114  1300 D DisplayManagerService: Update global display state for DisplayDeviceInfo{"内置屏幕": uniqueId="local:0", 720 x 1280, modeId 1, defaultModeId 1, supportedModes [{id=1, width=720, height=1280, fps=60.100002}], density 320, 320.0 x 320.0 dpi, appVsyncOff -8000000, presDeadline 25638935, touch INTERNAL, rotation 0, type BUILT_IN, state ON, FLAG_DEFAULT_DISPLAY, FLAG_ROTATES_WITH_CONTENT, FLAG_SECURE, FLAG_SUPPORTS_PROTECTED_BUFFERS}
06-17 13:04:16.557  1114  1300 D LocalDisplayAdapter: setDisplayBrightness(id=0, brightness=170)
06-17 13:04:16.559  1114  1138 D DisplayPowerState: Screen ready
06-17 13:04:16.573  1114  1138 D DisplayPowerState: setScreenBrightness: brightness=169
06-17 13:04:16.573  1114  1138 D DisplayPowerState: Requesting new screen state: state=ON, backlight=169
06-17 13:04:16.573  1114  1138 D DisplayPowerState: Screen not ready
06-17 13:04:16.574  1114  1300 D DisplayPowerState: Updating screen state: state=ON, backlight=169, backlightChanged=true
06-17 13:04:16.574  1114  1300 D DisplayManagerService: Update global display state for DisplayDeviceInfo{"内置屏幕": uniqueId="local:0", 720 x 1280, modeId 1, defaultModeId 1, supportedModes [{id=1, width=720, height=1280, fps=60.100002}], density 320, 320.0 x 320.0 dpi, appVsyncOff -8000000, presDeadline 25638935, touch INTERNAL, rotation 0, type BUILT_IN, state ON, FLAG_DEFAULT_DISPLAY, FLAG_ROTATES_WITH_CONTENT, FLAG_SECURE, FLAG_SUPPORTS_PROTECTED_BUFFERS}
06-17 13:04:16.574  1114  1300 D LocalDisplayAdapter: setDisplayBrightness(id=0, brightness=169)
06-17 13:04:16.576  1114  1138 D DisplayPowerState: Screen ready
06-17 13:04:16.606  1114  1138 D DisplayPowerState: setScreenBrightness: brightness=168
06-17 13:04:16.606  1114  1138 D DisplayPowerState: Requesting new screen state: state=ON, backlight=168
06-17 13:04:16.606  1114  1138 D DisplayPowerState: Screen not ready
06-17 13:04:16.607  1114  1300 D DisplayPowerState: Updating screen state: state=ON, backlight=168, backlightChanged=true
06-17 13:04:16.607  1114  1300 D DisplayManagerService: Update global display state for DisplayDeviceInfo{"内置屏幕": uniqueId="local:0", 720 x 1280, modeId 1, defaultModeId 1, supportedModes [{id=1, width=720, height=1280, fps=60.100002}], density 320, 320.0 x 320.0 dpi, appVsyncOff -8000000, presDeadline 25638935, touch INTERNAL, rotation 0, type BUILT_IN, state ON, FLAG_DEFAULT_DISPLAY, FLAG_ROTATES_WITH_CONTENT, FLAG_SECURE, FLAG_SUPPORTS_PROTECTED_BUFFERS}
06-17 13:04:16.607  1114  1300 D LocalDisplayAdapter: setDisplayBrightness(id=0, brightness=168)
06-17 13:04:16.609  1114  1138 D DisplayPowerState: Screen ready
06-17 13:04:16.619  1114  4890 D ConnectivityService: getActiveNetworkInfo networkInfo = null
06-17 13:04:16.639  1114  1138 D DisplayPowerState: setScreenBrightness: brightness=167
06-17 13:04:16.640  1114  1138 D DisplayPowerState: Requesting new screen state: state=ON, backlight=167
06-17 13:04:16.640  1114  1138 D DisplayPowerState: Screen not ready
06-17 13:04:16.640  1114  1300 D DisplayPowerState: Updating screen state: state=ON, backlight=167, backlightChanged=true
06-17 13:04:16.640  1114  1300 D DisplayManagerService: Update global display state for DisplayDeviceInfo{"内置屏幕": uniqueId="local:0", 720 x 1280, modeId 1, defaultModeId 1, supportedModes [{id=1, width=720, height=1280, fps=60.100002}], density 320, 320.0 x 320.0 dpi, appVsyncOff -8000000, presDeadline 25638935, touch INTERNAL, rotation 0, type BUILT_IN, state ON, FLAG_DEFAULT_DISPLAY, FLAG_ROTATES_WITH_CONTENT, FLAG_SECURE, FLAG_SUPPORTS_PROTECTED_BUFFERS}
06-17 13:04:16.640  1114  1300 D LocalDisplayAdapter: setDisplayBrightness(id=0, brightness=167)
06-17 13:04:16.642  1114  1138 D DisplayPowerState: Screen ready
06-17 13:04:16.656  1114  1138 D DisplayPowerState: setScreenBrightness: brightness=166
06-17 13:04:16.656  1114  1138 D DisplayPowerState: Requesting new screen state: state=ON, backlight=166
06-17 13:04:16.656  1114  1138 D DisplayPowerState: Screen not ready
06-17 13:04:16.657  1114  1300 D DisplayPowerState: Updating screen state: state=ON, backlight=166, backlightChanged=true
