06-17 13:04:34.340  1114  1258 D WifiStateMachine: ssid = VAL-TEST, capabilities = [WPA2-PSK-CCMP][ESS], freq = 5785, level = -71
06-17 13:04:34.340  1114  1258 D WifiStateMachine: ssid = WIFI-Internal-Test, capabilities = [WPA2-EAP-CCMP][ESS], freq = 5785, level = -71
06-17 13:04:34.340  1114  1258 D WifiStateMachine: ssid = TCL-lnternal, capabilities = [WPA2-PSK-CCMP+TKIP][ESS], freq = 5785, level = -71
06-17 13:04:34.341  1114  1258 D WifiStateMachine: ssid = TCL-lnternal, capabilities = [WPA2-PSK-CCMP+TKIP][ESS], freq = 5765, level = -74
06-17 13:04:34.341  1114  1258 D WifiStateMachine: ssid = Phone-WIFI, capabilities = [WPA2-PSK-CCMP][ESS], freq = 5765, level = -73
06-17 13:04:34.341  1114  1258 D WifiStateMachine: ssid = WIFI-Internal-Test, capabilities = [WPA2-EAP-CCMP][ESS], freq = 5765, level = -74
06-17 13:04:34.342  1114  1258 D WifiStateMachine: ssid = PACv6, capabilities = [WPA2-PSK-CCMP][ESS], freq = 5765, level = -74
06-17 13:04:34.342  1114  1258 D WifiStateMachine: ssid = VAL-TEST, capabilities = [WPA2-PSK-CCMP][ESS], freq = 5765, level = -74
06-17 13:04:34.342  1114  1258 D WifiStateMachine: ssid = PHONE-WIFI2, capabilities = [WPA2-PSK-CCMP][ESS], freq = 2412, level = -67
06-17 13:04:34.343  1114  1258 D WifiStateMachine: ssid = ctstest, capabilities = [WPA2-PSK-CCMP][WPS][ESS], freq = 2462, level = -74
06-17 13:04:34.343  1114  1258 D WifiStateMachine: ssid = Phone-WIFI, capabilities = [WPA2-PSK-CCMP][ESS], freq = 5825, level = -79
06-17 13:04:34.343  1114  1258 D WifiStateMachine: ssid = PACv6, capabilities = [WPA2-PSK-CCMP][ESS], freq = 5825, level = -79
06-17 13:04:34.343  1114  1258 D WifiStateMachine: ssid = TCL-lnternal, capabilities = [WPA2-PSK-CCMP+TKIP][ESS], freq = 5825, level = -79
06-17 13:04:34.344  1114  1258 D WifiStateMachine: ssid = VAL-TEST, capabilities = [WPA2-PSK-CCMP][ESS], freq = 5825, level = -79
06-17 13:04:34.344  1114  1258 D WifiStateMachine: ssid = PHONE-WIFI2, capabilities = [WPA2-PSK-CCMP][ESS], freq = 5825, level = -79
06-17 13:04:34.344  1114  1258 D WifiStateMachine: ssid = ChinaUnicom, capabilities = [ESS], freq = 2417, level = -69
06-17 13:04:34.345  1114  1258 D WifiStateMachine: ssid = , capabilities = [WPA2-PSK-CCMP][ESS], freq = 5805, level = -73
06-17 13:04:34.345  1114  1258 D WifiStateMachine: ssid = Phone-WIFI, capabilities = [WPA2-PSK-CCMP][ESS], freq = 2437, level = -50
06-17 13:04:34.345  1114  1258 D WifiStateMachine: ssid = WIFI-Internal-Test, capabilities = [WPA2-EAP-CCMP][ESS], freq = 2437, level = -50
06-17 13:04:34.345  1114  1258 D WifiStateMachine: ssid = WIFI-Internal-Test, capabilities = [WPA2-EAP-CCMP][ESS], freq = 2412, level = -61
06-17 13:04:34.346  1114  1258 D WifiStateMachine: ssid = Phone-WIFI, capabilities = [WPA2-PSK-CCMP][ESS], freq = 2412, level = -61
06-17 13:04:34.346  1114  1258 D WifiStateMachine: ssid = WIFI-Internal-Test, capabilities = [WPA2-EAP-CCMP][ESS], freq = 5825, level = -79
06-17 13:04:34.346  1114  1258 D WifiStateMachine: ssid = , capabilities = [WPA2-PSK-CCMP][ESS], freq = 5745, level = -70
06-17 13:04:34.347  1114  1258 D WifiStateMachine: ssid = , capabilities = [WPA2-PSK-CCMP][ESS], freq = 5785, level = -71
06-17 13:04:34.347  1114  1258 D WifiStateMachine: ssid = Phone-WIFI, capabilities = [WPA2-PSK-CCMP][ESS], freq = 5745, level = -70
06-17 13:04:34.347  1114  1258 D WifiStateMachine: ssid = PHONE-WIFI2, capabilities = [WPA2-PSK-CCMP][ESS], freq = 2412, level = -76
06-17 13:04:34.347  1114  1258 D WifiStateMachine: ssid = @i-Shangwang, capabilities = [ESS], freq = 2437, level = -63
06-17 13:04:34.348  1114  1258 D WifiStateMachine: ssid = VAL-TEST, capabilities = [WPA2-PSK-CCMP][ESS], freq = 2462, level = -64
06-17 13:04:34.348  1114  1258 D WifiStateMachine: ssid = PHONE-WIFI2, capabilities = [WPA2-PSK-CCMP][ESS], freq = 2462, level = -62
06-17 13:04:34.348  1114  1258 D WifiStateMachine: ssid = TCL-lnternal, capabilities = [WPA2-PSK-CCMP+TKIP][ESS], freq = 2462, level = -62
06-17 13:04:34.349  1114  1258 D WifiStateMachine: ssid = PACv6, capabilities = [WPA2-PSK-CCMP][ESS], freq = 2462, level = -62
06-17 13:04:34.349  1114  1258 D WifiStateMachine: ssid = WIFI-Internal-Test, capabilities = [WPA2-EAP-CCMP][ESS], freq = 2437, level = -61
06-17 13:04:34.349  1114  1258 D WifiStateMachine: ssid = TCL-Guest, capabilities = [WPA2-PSK-CCMP][ESS], freq = 5765, level = -74
06-17 13:04:34.350  1114  1258 D WifiStateMachine: ssid = , capabilities = [WPA2-PSK-CCMP][ESS], freq = 5765, level = -74
06-17 13:04:34.350  1114  1258 D WifiStateMachine: ssid = PHONE-WIFI2, capabilities = [WPA2-PSK-CCMP][ESS], freq = 5765, level = -74
06-17 13:04:34.350  1114  1258 D WifiStateMachine: ssid = , capabilities = [WPA2-PSK-CCMP][ESS], freq = 2437, level = -49
06-17 13:04:34.350  1114  1258 D WifiStateMachine: ssid = PHONE-WIFI2, capabilities = [WPA2-PSK-CCMP][ESS], freq = 2462, level = -79
06-17 13:04:34.351  1114  1258 D WifiStateMachine: ssid = cpn84, capabilities = [WPA2-PSK-CCMP][ESS], freq = 2462, level = -88
06-17 13:04:34.351  1114  1258 D WifiStateMachine: ssid = aWiFi, capabilities = [ESS], freq = 2437, level = -62
06-17 13:04:34.351  1114  1258 D WifiStateMachine: ssid = @city, capabilities = [ESS], freq = 2437, level = -63
06-17 13:04:34.351  1114  1258 D WifiStateMachine: ssid = !MoDuWiFi, capabilities = [ESS], freq = 2437, level = -62
06-17 13:04:34.352  1114  1258 D WifiStateMachine: ssid = , capabilities = [WPA2-PSK-CCMP][ESS], freq = 5825, level = -81
06-17 13:04:34.352  1114  1258 D WifiStateMachine: ssid = , capabilities = [WPA2-PSK-CCMP][ESS], freq = 2437, level = -61
06-17 13:04:34.352  1114  1258 D WifiStateMachine: ssid = , capabilities = [WPA2-PSK-CCMP][ESS], freq = 2437, level = -61
06-17 13:04:34.352  1114  1258 D WifiStateMachine: ssid = ChinaNet, capabilities = [ESS], freq = 2437, level = -62
06-17 13:04:34.353  1114  1258 D WifiStateMachine: ssid = i-Shanghai, capabilities = [ESS], freq = 2437, level = -63
06-17 13:04:34.353  1114  1258 D WifiStateMachine: ssid = , capabilities = [WPA2-PSK-CCMP][ESS], freq = 2462, level = -43
06-17 13:04:34.353  1114  1258 D WifiStateMachine: ssid = , capabilities = [WPA2-PSK-CCMP][ESS], freq = 2462, level = -43
06-17 13:04:34.353  1114  1258 D WifiStateMachine: ssid = , capabilities = [WPA2-PSK-CCMP][ESS], freq = 2412, level = -64
06-17 13:04:34.354  1114  1258 D WifiStateMachine: ssid = TCL-lnternal, capabilities = [WPA2-PSK-CCMP+TKIP][ESS], freq = 2412, level = -79
06-17 13:04:34.354  7940  8076 D UTAnalytics:BackgroundTrigger: pid:7940 [bg check],
06-17 13:04:34.354  1114  1258 D WifiStateMachine: ssid = PACv6, capabilities = [WPA2-PSK-CCMP][ESS], freq = 2412, level = -79
06-17 13:04:34.354  1114  1258 D WifiStateMachine: ssid = StoneLi, capabilities = [WPA2-PSK-CCMP][ESS], freq = 2437, level = -73
06-17 13:04:34.355  1114  2622 W PackageManager: checkUidPermission(): android.permission.REAL_GET_TASKS of 10202 is denied.
06-17 13:04:34.355  1114  1258 D WifiStateMachine: ssid = PHONE-WIFI2, capabilities = [WPA2-PSK-CCMP][ESS], freq = 2437, level = -73
06-17 13:04:34.355  1114  1258 D WifiStateMachine: ssid = halekoa75, capabilities = [WPA2-EAP-CCMP][ESS], freq = 2462, level = -91
06-17 13:04:34.355  1114  1258 D WifiStateMachine: ssid = , capabilities = [WPA2-PSK-CCMP][ESS], freq = 2437, level = -50
06-17 13:04:34.355  1114  1258 D WifiStateMachine: ssid = , capabilities = [WPA2-PSK-CCMP][ESS], freq = 2412, level = -64
06-17 13:04:34.356  1114  1258 D WifiStateMachine: ssid = , capabilities = [WPA-PSK-CCMP][ESS], freq = 2417, level = -74
06-17 13:04:34.356  1114  1258 D WifiStateMachine: ssid = PHONE-WIFI2, capabilities = [WPA2-PSK-CCMP][ESS], freq = 2412, level = -76
06-17 13:04:34.356  1114  1258 D WifiStateMachine: ssid = TCL-Guest, capabilities = [WPA2-PSK-CCMP][ESS], freq = 2412, level = -79
06-17 13:04:34.356  1114  1258 D WifiStateMachine: ssid = cpn84, capabilities = [WPA2-PSK-CCMP][ESS], freq = 2412, level = -84
06-17 13:04:34.357  1114  1258 D WifiStateMachine: ssid = externalhotspot84, capabilities = [WPA2-EAP-CCMP][ESS], freq = 2412, level = -84
06-17 13:04:34.357  1114  1258 D WifiStateMachine: ssid = net4guest, capabilities = [WPA2-PSK-CCMP][ESS], freq = 2412, level = -85
06-17 13:04:34.357  1114  1258 D WifiStateMachine: ssid = , capabilities = [WPA2-PSK-CCMP][ESS], freq = 5785, level = -71
06-17 13:04:34.358  1114  1258 D WifiStateMachine: ssid = TCL-Guest, capabilities = [WPA2-PSK-CCMP][ESS], freq = 5785, level = -71
06-17 13:04:34.358  1114  1258 D WifiStateMachine: ssid = VAL-TEST, capabilities = [WPA2-PSK-CCMP][ESS], freq = 2437, level = -72
06-17 13:04:34.358  1114  1258 D WifiStateMachine: ssid = TCL-lnternal, capabilities = [WPA2-PSK-CCMP+TKIP][ESS], freq = 2437, level = -73
06-17 13:04:34.359  1114  1258 D WifiStateMachine: ssid = Phone-WIFI, capabilities = [WPA2-PSK-CCMP][ESS], freq = 2437, level = -73
06-17 13:04:34.359  1114  1258 D WifiStateMachine: ssid = , capabilities = [WPA2-PSK-CCMP][ESS], freq = 2437, level = -74
06-17 13:04:34.359  1114  1258 D WifiStateMachine: ssid = TCL-Guest, capabilities = [WPA2-PSK-CCMP][ESS], freq = 5825, level = -79
06-17 13:04:34.359  1114  1258 D WifiStateMachine: ssid = VAL-TEST, capabilities = [WPA2-PSK-CCMP][ESS], freq = 2412, level = -75
06-17 13:04:34.360  1114  1258 D WifiStateMachine: ssid = TCL-Guest, capabilities = [WPA2-PSK-CCMP][ESS], freq = 2437, level = -75
06-17 13:04:34.360  1114  1258 D WifiStateMachine: ssid = Phone-WIFI, capabilities = [WPA2-PSK-CCMP][ESS], freq = 2437, level = -75
06-17 13:04:34.360  1114  1258 D WifiStateMachine: ssid = TCL-lnternal, capabilities = [WPA2-PSK-CCMP+TKIP][ESS], freq = 2437, level = -75
06-17 13:04:34.360  1114  1258 D WifiStateMachine: ssid = WIFI-Internal-Test, capabilities = [WPA2-EAP-CCMP][ESS], freq = 2437, level = -75
06-17 13:04:34.361  1114  1258 D WifiStateMachine: ssid = VAL-TEST, capabilities = [WPA2-PSK-CCMP][ESS], freq = 2437, level = -75
06-17 13:04:34.361  1114  1258 D WifiStateMachine: ssid = PACv6, capabilities = [WPA2-PSK-CCMP][ESS], freq = 2412, level = -75
06-17 13:04:34.361  1114  1258 D WifiStateMachine: ssid = WIFI-Internal-Test, capabilities = [WPA2-EAP-CCMP][ESS], freq = 2412, level = -75
06-17 13:04:34.362  1114  1258 D WifiStateMachine: ssid = TCL-lnternal, capabilities = [WPA2-PSK-CCMP+TKIP][ESS], freq = 2412, level = -76
06-17 13:04:34.362  1114  1258 D WifiStateMachine: ssid = Phone-WIFI, capabilities = [WPA2-PSK-CCMP][ESS], freq = 2412, level = -76
06-17 13:04:34.362  1114  1258 D WifiStateMachine: ssid = TCL-Guest, capabilities = [WPA2-PSK-CCMP][ESS], freq = 2412, level = -76
06-17 13:04:34.363  1114  1258 D WifiStateMachine: ssid = WIFI-Internal-Test, capabilities = [WPA2-EAP-CCMP][ESS], freq = 2412, level = -78
06-17 13:04:34.363  1114  1258 D WifiStateMachine: ssid = VAL-TEST, capabilities = [WPA2-PSK-CCMP][ESS], freq = 2412, level = -79
06-17 13:04:34.363  1114  1258 D WifiStateMachine: ssid = Phone-WIFI, capabilities = [WPA2-PSK-CCMP][ESS], freq = 2412, level = -79
06-17 13:04:34.363  1114  1258 D WifiStateMachine: ssid = TCL-lnternal, capabilities = [WPA2-PSK-CCMP+TKIP][ESS], freq = 2462, level = -79
06-17 13:04:34.364  1114  1258 D WifiStateMachine: ssid = Phone-WIFI, capabilities = [WPA2-PSK-CCMP][ESS], freq = 2462, level = -79
06-17 13:04:34.364  1114  1258 D WifiStateMachine: ssid = TCL-Guest, capabilities = [WPA2-PSK-CCMP][ESS], freq = 2462, level = -79
06-17 13:04:34.364  1114  1258 D WifiStateMachine: ssid = VAL-TEST, capabilities = [WPA2-PSK-CCMP][ESS], freq = 2462, level = -79
06-17 13:04:34.365  1114  1258 D WifiStateMachine: ssid = PACv6, capabilities = [WPA2-PSK-CCMP][ESS], freq = 2462, level = -79
06-17 13:04:34.365  1114  1258 D WifiStateMachine: ssid = , capabilities = [WPA2-PSK-CCMP][ESS], freq = 2462, level = -79
06-17 13:04:34.365  1114  1258 D WifiStateMachine: ssid = TCL-Guest, capabilities = [WPA2-PSK-CCMP][ESS], freq = 5745, level = -83
06-17 13:04:34.365  1114  1258 D WifiStateMachine: ssid = WIFI-Internal-Test, capabilities = [WPA2-EAP-CCMP][ESS], freq = 5745, level = -83
06-17 13:04:34.365  1114  1258 D WifiStateMachine: ssid = Phone-WIFI, capabilities = [WPA2-PSK-CCMP][ESS], freq = 5745, level = -83
06-17 13:04:34.365  1114  1258 D WifiStateMachine: ssid = VAL-TEST, capabilities = [WPA2-PSK-CCMP][ESS], freq = 5745, level = -83
06-17 13:04:34.366  1114  1258 D WifiStateMachine: ssid = , capabilities = [WPA2-PSK-CCMP][ESS], freq = 5745, level = -83
06-17 13:04:34.366  1114  1258 D WifiStateMachine: ssid = PACv6, capabilities = [WPA2-PSK-CCMP][ESS], freq = 5745, level = -83
06-17 13:04:34.366  1114  1258 D WifiStateMachine: ssid = TCL-lnternal, capabilities = [WPA2-PSK-CCMP+TKIP][ESS], freq = 5745, level = -84
06-17 13:04:34.366  1114  1258 D WifiStateMachine: ssid = WIFI-Internal-Test, capabilities = [WPA2-EAP-CCMP][ESS], freq = 2462, level = -80
06-17 13:04:34.366  1114  1258 D WifiStateMachine: ssid = , capabilities = [WPA2-PSK-CCMP][ESS], freq = 2462, level = -80
06-17 13:04:34.366  1114  1258 D WifiStateMachine: wifi setScanResults statecom.android.server.wifi.WifiStateMachine$DisconnectedState@b0ffaa1 sup_state=SCANNING debouncing=false mConnectionRequests=1 selection=<none> mNumScanResultsReturned 137 mScanResults 137
06-17 13:04:34.367  1114  1258 E WifiConfigStore: updateSavedNetworkHistory(): try "Phone-WIFI"WPA_PSK SSID="Phone-WIFI" Phone-WIFI [WPA2-PSK-CCMP][ESS] ajst=128
06-17 13:04:34.367  1114  1258 E WifiConfigStore:         got known scan result 88:f0:31:eb:8d:fe key : "Phone-WIFI"WPA_PSK num: 19 rssi=-69 freq=5805 status=16
06-17 13:04:34.368  1114  1258 E WifiConfigStore: updateSavedNetworkHistory(): try "PHONE-WIFI2"WPA_PSK SSID="PHONE-WIFI2" PHONE-WIFI2 [WPA2-PSK-CCMP][ESS] ajst=128
06-17 13:04:34.368  1114  1258 E WifiConfigStore:         got known scan result 88:f0:31:eb:8d:fb key : "PHONE-WIFI2"WPA_PSK num: 19 rssi=-64 freq=5805
06-17 13:04:34.368  1114  1258 E WifiConfigStore: updateSavedNetworkHistory(): try "PHONE-WIFI2"WPA_PSK SSID="PHONE-WIFI2" PHONE-WIFI2 [WPA2-PSK-CCMP][ESS] ajst=128
06-17 13:04:34.369  1114  1258 E WifiConfigStore:         got known scan result fc:5b:39:e4:1d:2b key : "PHONE-WIFI2"WPA_PSK num: 19 rssi=-66 freq=5745
06-17 13:04:34.369  1114  1258 E WifiConfigStore: updateSavedNetworkHistory(): try "Phone-WIFI"WPA_PSK SSID="Phone-WIFI" Phone-WIFI [WPA2-PSK-CCMP][ESS] ajst=128
06-17 13:04:34.370  1114  1258 E WifiConfigStore:         got known scan result 88:f0:31:eb:8d:f1 key : "Phone-WIFI"WPA_PSK num: 19 rssi=-42 freq=2462
06-17 13:04:34.370  1114  1258 E WifiConfigStore: updateSavedNetworkHistory(): try "PHONE-WIFI2"WPA_PSK SSID="PHONE-WIFI2" PHONE-WIFI2 [WPA2-PSK-CCMP][ESS] ajst=128
06-17 13:04:34.371  1114  1258 E WifiConfigStore:         got known scan result 88:f0:31:eb:8d:f4 key : "PHONE-WIFI2"WPA_PSK num: 19 rssi=-53 freq=2462 status=16
06-17 13:04:34.371  1114  1258 E WifiConfigStore: updateSavedNetworkHistory(): try "PHONE-WIFI2"WPA_PSK SSID="PHONE-WIFI2" PHONE-WIFI2 [WPA2-PSK-CCMP][ESS] ajst=128
06-17 13:04:34.371  1114  1258 E WifiConfigStore:         got known scan result fc:5b:39:e4:1d:24 key : "PHONE-WIFI2"WPA_PSK num: 19 rssi=-53 freq=2437
06-17 13:04:34.372  1114  1258 E WifiConfigStore: updateSavedNetworkHistory(): try "PHONE-WIFI2"WPA_PSK SSID="PHONE-WIFI2" PHONE-WIFI2 [WPA2-PSK-CCMP][ESS] ajst=128
06-17 13:04:34.373  1114  1258 E WifiConfigStore:         got known scan result fc:5b:39:e0:ee:d4 key : "PHONE-WIFI2"WPA_PSK num: 19 rssi=-62 freq=2437
06-17 13:04:34.375  1114  1258 E WifiConfigStore: updateSavedNetworkHistory(): try "Phone-WIFI"WPA_PSK SSID="Phone-WIFI" Phone-WIFI [WPA2-PSK-CCMP][ESS] ajst=128
06-17 13:04:34.375  1114  1258 E WifiConfigStore:         got known scan result fc:5b:39:e0:ee:d1 key : "Phone-WIFI"WPA_PSK num: 19 rssi=-61 freq=2437 status=16
06-17 13:04:34.376  1114  1258 E WifiConfigStore: updateSavedNetworkHistory(): try "Phone-WIFI"WPA_PSK SSID="Phone-WIFI" Phone-WIFI [WPA2-PSK-CCMP][ESS] ajst=128
06-17 13:04:34.376  1114  1258 E WifiConfigStore:         got known scan result fc:5b:39:d2:3c:d1 key : "Phone-WIFI"WPA_PSK num: 19 rssi=-62 freq=2462
06-17 13:04:34.377  1114  1258 E WifiConfigStore: updateSavedNetworkHistory(): try "Phone-WIFI"WPA_PSK SSID="Phone-WIFI" Phone-WIFI [WPA2-PSK-CCMP][ESS] ajst=128
06-17 13:04:34.378  1114  1258 E WifiConfigStore:         got known scan result fc:5b:39:e0:ee:de key : "Phone-WIFI"WPA_PSK num: 19 rssi=-71 freq=5785 status=16
06-17 13:04:34.378  1114  1258 E WifiConfigStore: updateSavedNetworkHistory(): try "PHONE-WIFI2"WPA_PSK SSID="PHONE-WIFI2" PHONE-WIFI2 [WPA2-PSK-CCMP][ESS] ajst=128
06-17 13:04:34.379  1114  1258 E WifiConfigStore:         got known scan result fc:5b:39:e0:ee:db key : "PHONE-WIFI2"WPA_PSK num: 19 rssi=-69 freq=5785
06-17 13:04:34.379  1114  1258 E WifiConfigStore: updateSavedNetworkHistory(): try "Phone-WIFI"WPA_PSK SSID="Phone-WIFI" Phone-WIFI [WPA2-PSK-CCMP][ESS] ajst=128
06-17 13:04:34.380  1114  1258 E WifiConfigStore:         got known scan result fc:5b:39:d2:3c:de key : "Phone-WIFI"WPA_PSK num: 19 rssi=-73 freq=5765 status=16
06-17 13:04:34.380  1114  1258 E WifiConfigStore: updateSavedNetworkHistory(): try "PHONE-WIFI2"WPA_PSK SSID="PHONE-WIFI2" PHONE-WIFI2 [WPA2-PSK-CCMP][ESS] ajst=128
06-17 13:04:34.381  1114  1258 E WifiConfigStore:         got known scan result f0:7f:06:bc:78:34 key : "PHONE-WIFI2"WPA_PSK num: 19 rssi=-69 freq=2412
06-17 13:04:34.381  1114  1258 E WifiConfigStore: updateSavedNetworkHistory(): try "Phone-WIFI"WPA_PSK SSID="Phone-WIFI" Phone-WIFI [WPA2-PSK-CCMP][ESS] ajst=128
06-17 13:04:34.382  1114  1258 E WifiConfigStore:         got known scan result f0:7f:06:bc:78:3e key : "Phone-WIFI"WPA_PSK num: 19 rssi=-79 freq=5825 status=16
06-17 13:04:34.383  1114  1258 E WifiConfigStore: updateSavedNetworkHistory(): try "PHONE-WIFI2"WPA_PSK SSID="PHONE-WIFI2" PHONE-WIFI2 [WPA2-PSK-CCMP][ESS] ajst=128
06-17 13:04:34.383  1114  1258 E WifiConfigStore:         got known scan result f0:7f:06:bc:78:3b key : "PHONE-WIFI2"WPA_PSK num: 19 rssi=-75 freq=5825
06-17 13:04:34.384  1114  1258 E WifiConfigStore: updateSavedNetworkHistory(): try "Phone-WIFI"WPA_PSK SSID="Phone-WIFI" Phone-WIFI [WPA2-PSK-CCMP][ESS] ajst=128
06-17 13:04:34.384  1114  1258 E WifiConfigStore:         got known scan result fc:5b:39:e4:1d:21 key : "Phone-WIFI"WPA_PSK num: 19 rssi=-50 freq=2437 status=16
06-17 13:04:34.385  1114  1258 E WifiConfigStore: updateSavedNetworkHistory(): try "Phone-WIFI"WPA_PSK SSID="Phone-WIFI" Phone-WIFI [WPA2-PSK-CCMP][ESS] ajst=128
06-17 13:04:34.385  1114  1258 E WifiConfigStore:         got known scan result f0:7f:06:bc:78:31 key : "Phone-WIFI"WPA_PSK num: 19 rssi=-61 freq=2412 status=16
06-17 13:04:34.387  1114  1258 E WifiConfigStore: updateSavedNetworkHistory(): try "Phone-WIFI"WPA_PSK SSID="Phone-WIFI" Phone-WIFI [WPA2-PSK-CCMP][ESS] ajst=128
06-17 13:04:34.388  1114  1258 E WifiConfigStore:         got known scan result fc:5b:39:e4:1d:2e key : "Phone-WIFI"WPA_PSK num: 19 rssi=-70 freq=5745 status=16
06-17 13:04:34.389  1114  1258 E WifiConfigStore: updateSavedNetworkHistory(): try "PHONE-WIFI2"WPA_PSK SSID="PHONE-WIFI2" PHONE-WIFI2 [WPA2-PSK-CCMP][ESS] ajst=128
06-17 13:04:34.389  1114  1258 E WifiConfigStore:         got known scan result fc:5b:39:d2:3d:14 key : "PHONE-WIFI2"WPA_PSK num: 19 rssi=-76 freq=2412
06-17 13:04:34.392  1114  1258 E WifiConfigStore: updateSavedNetworkHistory(): try "PHONE-WIFI2"WPA_PSK SSID="PHONE-WIFI2" PHONE-WIFI2 [WPA2-PSK-CCMP][ESS] ajst=128
06-17 13:04:34.392  1114  1258 E WifiConfigStore:         got known scan result fc:5b:39:d2:3c:d4 key : "PHONE-WIFI2"WPA_PSK num: 19 rssi=-66 freq=2462
06-17 13:04:34.393  1114  1258 E WifiConfigStore: updateSavedNetworkHistory(): try "PHONE-WIFI2"WPA_PSK SSID="PHONE-WIFI2" PHONE-WIFI2 [WPA2-PSK-CCMP][ESS] ajst=128
06-17 13:04:34.393  1114  1258 E WifiConfigStore:         got known scan result fc:5b:39:d2:3c:db key : "PHONE-WIFI2"WPA_PSK num: 19 rssi=-69 freq=5765
06-17 13:04:34.393  1114  1258 E WifiConfigStore: updateSavedNetworkHistory(): try "PHONE-WIFI2"WPA_PSK SSID="PHONE-WIFI2" PHONE-WIFI2 [WPA2-PSK-CCMP][ESS] ajst=128
06-17 13:04:34.394  1114  1258 E WifiConfigStore:         got known scan result 00:3a:98:09:61:c4 key : "PHONE-WIFI2"WPA_PSK num: 19 rssi=-79 freq=2462
06-17 13:04:34.395  1114  1258 E WifiConfigStore: updateSavedNetworkHistory(): try "PHONE-WIFI2"WPA_PSK SSID="PHONE-WIFI2" PHONE-WIFI2 [WPA2-PSK-CCMP][ESS] ajst=128
06-17 13:04:34.396  1114  1258 E WifiConfigStore:         got known scan result fc:5b:39:db:45:04 key : "PHONE-WIFI2"WPA_PSK num: 19 rssi=-73 freq=2437
06-17 13:04:34.397  1114  1258 E WifiConfigStore: updateSavedNetworkHistory(): try "PHONE-WIFI2"WPA_PSK SSID="PHONE-WIFI2" PHONE-WIFI2 [WPA2-PSK-CCMP][ESS] ajst=128
06-17 13:04:34.397  1114  1258 E WifiConfigStore:         got known scan result fc:5b:39:e1:01:c4 key : "PHONE-WIFI2"WPA_PSK num: 19 rssi=-77 freq=2412
06-17 13:04:34.398  1114  1258 E WifiConfigStore: updateSavedNetworkHistory(): try "Phone-WIFI"WPA_PSK SSID="Phone-WIFI" Phone-WIFI [WPA2-PSK-CCMP][ESS] ajst=128
06-17 13:04:34.399  1114  1258 E WifiConfigStore:         got known scan result fc:5b:39:db:45:01 key : "Phone-WIFI"WPA_PSK num: 19 rssi=-73 freq=2437
06-17 13:04:34.399  1114  1245 E PROXIMITY: ProximitySensor: unknown event (type=3, code=0)
06-17 13:04:34.399  1114  1258 E WifiConfigStore: updateSavedNetworkHistory(): try "Phone-WIFI"WPA_PSK SSID="Phone-WIFI" Phone-WIFI [WPA2-PSK-CCMP][ESS] ajst=128
06-17 13:04:34.400  1114  1258 E WifiConfigStore:         got known scan result fc:5b:39:f1:c4:d1 key : "Phone-WIFI"WPA_PSK num: 19 rssi=-75 freq=2437
06-17 13:04:34.400  1114  1258 E WifiConfigStore: updateSavedNetworkHistory(): try "Phone-WIFI"WPA_PSK SSID="Phone-WIFI" Phone-WIFI [WPA2-PSK-CCMP][ESS] ajst=128
06-17 13:04:34.400  1114  1258 E WifiConfigStore:         got known scan result fc:5b:39:d2:3d:11 key : "Phone-WIFI"WPA_PSK num: 19 rssi=-76 freq=2412
06-17 13:04:34.401  1114  1258 E WifiConfigStore: updateSavedNetworkHistory(): try "Phone-WIFI"WPA_PSK SSID="Phone-WIFI" Phone-WIFI [WPA2-PSK-CCMP][ESS] ajst=128
06-17 13:04:34.401  1114  1258 E WifiConfigStore:         got known scan result fc:5b:39:e1:01:c1 key : "Phone-WIFI"WPA_PSK num: 19 rssi=-79 freq=2412 status=16
06-17 13:04:34.402  1114  1258 E WifiConfigStore: updateSavedNetworkHistory(): try "Phone-WIFI"WPA_PSK SSID="Phone-WIFI" Phone-WIFI [WPA2-PSK-CCMP][ESS] ajst=128
06-17 13:04:34.402  1114  1258 E WifiConfigStore:         got known scan result 00:3a:98:09:61:c1 key : "Phone-WIFI"WPA_PSK num: 19 rssi=-79 freq=2462
06-17 13:04:34.402  1114  1258 E WifiConfigStore: updateSavedNetworkHistory(): try "Phone-WIFI"WPA_PSK SSID="Phone-WIFI" Phone-WIFI [WPA2-PSK-CCMP][ESS] ajst=128
06-17 13:04:34.403  1114  1258 E WifiConfigStore:         got known scan result fc:5b:39:e1:01:ce key : "Phone-WIFI"WPA_PSK num: 19 rssi=-83 freq=5745
06-17 13:04:34.403  1114  1258 D SettingsInterface:  from settings cache , name = network_scorer_app , value = null
06-17 13:04:34.404  1114  1258 D WifiHW  : enter -->wifi_send_command cmd=IFNAME=wlan0 STATUS-NO_EVENTS
06-17 13:04:34.404  1678  1678 D wpa_supplicant: wlan0: Control interface command 'STATUS-NO_EVENTS'
06-17 13:04:34.404  1678  1678 D wpa_supplicant: EAPOL: EAP Session-Id not available
06-17 13:04:34.404  1114  1258 D WifiHW  : leave --> reply=wpa_state=SCANNING
06-17 13:04:34.404  1114  1258 D WifiHW  : p2p_device_address=02:0a:f5:8e:6d:ac
06-17 13:04:34.404  1114  1258 D WifiHW  : address=00:0a:f5:8e:6d:ac
06-17 13:04:34.404  1114  1258 D WifiHW  : uuid=7c71cb20-bcb2-5944-9d0d-d8a0c7f0c837
06-17 13:04:34.404  1114  1258 D WifiHW  : 
06-17 13:04:34.405  1114  1258 D WifiAutoJoinController : Done attemptAutoJoin status=0
06-17 13:04:34.405  1114  1258 E WifiConfigStore:  rewrite network history for "PHONE-WIFI2"WPA_PSK
06-17 13:04:34.405  1114  1258 E WifiConfigStore:  writeKnownNetworkHistory() num networks:5 needWrite=true
06-17 13:04:34.406  1114  1258 E WifiStateMachine: mIsFullScanOngoing: true, mSendScanResultsBroadcast: false
06-17 13:04:34.406  1114  1258 E WifiStateMachine: mWifiOnScanCount: 6732
06-17 13:04:34.407  1114  1258 V ActivityManager: Broadcast: Intent { act=android.net.wifi.SCAN_RESULTS flg=0x4000010 (has extras) } ordered=false userid=-1 callerApp=ProcessRecord{60ef50d 1114:system/1000}
06-17 13:04:34.407  1114  1258 V ActivityManager: Enqueueing parallel broadcast BroadcastRecord{f85fa7e u-1 android.net.wifi.SCAN_RESULTS} intent Intent { act=android.net.wifi.SCAN_RESULTS flg=0x4000010 (has extras) }
06-17 13:04:34.407  1114 10835 E WifiConfigStore: saving network history: "FAST_23C84C"WPA_PSK gw: cc:34:29:23:c8:4c autojoin-status: 0 ephemeral=false choices:0 link:0 status:1 nid:4
06-17 13:04:34.407  1114 10835 E WifiConfigStore: writeKnownNetworkHistory write config "FAST_23C84C"WPA_PSK
06-17 13:04:34.408  1114 10835 E WifiConfigStore: saving network history: "Phone-WIFI"WPA_PSK gw: e8:ba:70:43:78:80 autojoin-status: 128 ephemeral=false choices:1 link:0 status:1 nid:1
06-17 13:04:34.408  1114 10835 E WifiConfigStore: writeKnownNetworkHistory write config "Phone-WIFI"WPA_PSK
06-17 13:04:34.409  1114  1114 I WifiNotificationController: checkAndSetNotification, state:DISCONNECTED
06-17 13:04:34.410  4038  4038 V sysbroadcast: wifinotify android.net.wifi.SCAN_RESULTS
06-17 13:04:34.410  4038  4038 V peanutsdkd: --scan--scan result available
06-17 13:04:34.410  1114 21938 W PackageManager: checkUidPermission(): android.permission.PEERS_MAC_ADDRESS of 10171 is denied.
06-17 13:04:34.410  1114 21938 D SettingsInterface:  from settings cache , name = network_scorer_app , value = null
06-17 13:04:34.410  1114 21938 D SettingsInterface:  from settings cache , name = location_providers_allowed , value = network,gps
06-17 13:04:34.410  1114 21938 D SettingsInterface:  from settings cache , name = location_providers_allowed , value = network,gps
06-17 13:04:34.410  1114 10835 E WifiConfigStore: saving network history: "PHONE-WIFI2"WPA_PSK gw: null autojoin-status: 128 ephemeral=false choices:0 link:0 status:1 nid:0
06-17 13:04:34.410  1114 10835 E WifiConfigStore: writeKnownNetworkHistory write config "PHONE-WIFI2"WPA_PSK
06-17 13:04:34.412  1114  1638 W PackageManager: checkUidPermission(): android.permission.PEERS_MAC_ADDRESS of 10171 is denied.
06-17 13:04:34.412  1114  1638 D SettingsInterface:  from settings cache , name = network_scorer_app , value = null
06-17 13:04:34.412  1114  1638 D SettingsInterface:  from settings cache , name = location_providers_allowed , value = network,gps
06-17 13:04:34.412  1114  1638 D SettingsInterface:  from settings cache , name = location_providers_allowed , value = network,gps
06-17 13:04:34.412  1114 10835 E WifiConfigStore: saving network history: "花生地铁WiFi"NONE gw: 00:00:5e:00:01:02 autojoin-status: 161 ephemeral=false choices:0 link:0 status:1 nid:3
06-17 13:04:34.412  1114 10835 E WifiConfigStore: writeKnownNetworkHistory write config "花生地铁WiFi"NONE
06-17 13:04:34.412  1114 10835 E WifiConfigStore: saving network history: "TP-LINK_50D0"WPA_PSK gw: 30:fc:68:3a:50:d0 autojoin-status: 0 ephemeral=false choices:0 link:0 status:1 nid:2
06-17 13:04:34.412  1114 10835 E WifiConfigStore: writeKnownNetworkHistory write config "TP-LINK_50D0"WPA_PSK
06-17 13:04:34.414  1114  1125 W PackageManager: checkUidPermission(): android.permission.PEERS_MAC_ADDRESS of 10168 is denied.
06-17 13:04:34.414  1114  1125 D SettingsInterface:  from settings cache , name = network_scorer_app , value = null
06-17 13:04:34.414  1114  1258 D WifiStateMachine:  DisconnectedState (when=0 what=131248!M_CMD_GET_CONNECTING_NETWORK_ID uid=1000  rt=73251046/186708406{ when=0 what=131248 target=com.android.internal.util.StateMachine$SmHandler } 0 0
06-17 13:04:34.414  1114  1125 D SettingsInterface:  from settings cache , name = location_providers_allowed , value = network,gps
06-17 13:04:34.414  1114  1125 D SettingsInterface:  from settings cache , name = location_providers_allowed , value = network,gps
06-17 13:04:34.415  1114  1258 D WifiStateMachine:  ConnectModeState (when=0 what=131248!M_CMD_GET_CONNECTING_NETWORK_ID uid=1000  rt=73251046/186708407{ when=0 what=131248 target=com.android.internal.util.StateMachine$SmHandler } 0 0
06-17 13:04:34.415  1114  1258 D WifiStateMachine:  DriverStartedState (when=-1ms what=131248!M_CMD_GET_CONNECTING_NETWORK_ID uid=1000  rt=73251047/186708407{ when=-1ms what=131248 target=com.android.internal.util.StateMachine$SmHandler } 0 0
06-17 13:04:34.415  1114  1258 D WifiStateMachine:  SupplicantStartedState (when=-1ms what=131248!M_CMD_GET_CONNECTING_NETWORK_ID uid=1000  rt=73251047/186708407{ when=-1ms what=131248 target=com.android.internal.util.StateMachine$SmHandler } 0 0
06-17 13:04:34.415  1114  1258 D WifiHW  : enter -->wifi_send_command cmd=IFNAME=wlan0 LIST_NETWORKS
06-17 13:04:34.416  1114  1684 W PackageManager: checkUidPermission(): android.permission.PEERS_MAC_ADDRESS of 10165 is denied.
06-17 13:04:34.416  1114  1684 D SettingsInterface:  from settings cache , name = network_scorer_app , value = null
06-17 13:04:34.416  1114  1684 D SettingsInterface:  from settings cache , name = location_providers_allowed , value = network,gps
06-17 13:04:34.416  1114  1684 D SettingsInterface:  from settings cache , name = location_providers_allowed , value = network,gps
06-17 13:04:34.418  1678  1678 D wpa_supplicant: wlan0: Control interface command 'LIST_NETWORKS'
06-17 13:04:34.420  1114  1258 D WifiHW  : leave --> reply=network id / ssid / bssid / flags
06-17 13:04:34.420  1114  1258 D WifiHW  : 0	PHONE-WIFI2	any	[DISABLED][TEMP-DISABLED]
06-17 13:04:34.420  1114  1258 D WifiHW  : 1	Phone-WIFI	any	[DISABLED][TEMP-DISABLED]
06-17 13:04:34.420  1114  1258 D WifiHW  : 2	TP-LINK_50D0	any	[DISABLED]
06-17 13:04:34.420  1114  1258 D WifiHW  : 3	花生地铁WiFi	any	[DISABLED]
06-17 13:04:34.420  1114  1258 D WifiHW  : 4	FAST_23C84C	any	[DISABLED]
06-17 13:04:34.420  1114  1258 D WifiHW  : 
06-17 13:04:34.420  1114  1258 D WifiStateMachine: listStr:network id / ssid / bssid / flags
06-17 13:04:34.420  1114  1258 D WifiStateMachine: 0	PHONE-WIFI2	any	[DISABLED][TEMP-DISABLED]
06-17 13:04:34.420  1114  1258 D WifiStateMachine: 1	Phone-WIFI	any	[DISABLED][TEMP-DISABLED]
06-17 13:04:34.420  1114  1258 D WifiStateMachine: 2	TP-LINK_50D0	any	[DISABLED]
06-17 13:04:34.420  1114  1258 D WifiStateMachine: 3	花生地铁WiFi	any	[DISABLED]
06-17 13:04:34.420  1114  1258 D WifiStateMachine: 4	FAST_23C84C	any	[DISABLED]
06-17 13:04:34.421  1114  1258 D WifiStateMachine:  DisconnectedState (when=0 what=131131 arg1=1000!CMD_GET_CONFIGURED_NETWORKS uid=1000  rt=73251052/186708413 1000 0 num=5
06-17 13:04:34.421  1114  1258 D WifiStateMachine:  ConnectModeState (when=-1ms what=131131 arg1=1000!CMD_GET_CONFIGURED_NETWORKS uid=1000  rt=73251053/186708413 1000 0 num=5
06-17 13:04:34.422  1114  1114 D SettingsInterface:  from settings cache , name = network_scorer_app , value = null
06-17 13:04:34.423  1114  1114 D WifiNotificationController: Connecting networkId:-1, isConnecting:false
06-17 13:04:34.423  1114  1114 I WifiNotificationController: Open network num:7
06-17 13:04:34.442  1114  1128 W PackageManager: checkUidPermission(): android.permission.REAL_GET_TASKS of 10173 is denied.
06-17 13:04:34.455  4038  6758 D send2Client[HSBB_APP]: com.wifi8.sdk.metro.events.service.ScanResultStateEvent
06-17 13:04:34.455  4038  4516 D send2Client[HSBB_APP]: com.wifi8.sdk.metro.events.service.NoticeEventWifi
06-17 13:04:34.456  1114  1124 V ActivityManager: Broadcast: Intent { act=com.wifi8.sdk.service.event flg=0x10 pkg=com.nfyg.hsbb (has extras) } ordered=false userid=0 callerApp=ProcessRecord{241cf5f 4038:com.nfyg.hsbb:pwservice/u0a171}
06-17 13:04:34.456  1114  1124 V ActivityManager: Enqueueing parallel broadcast BroadcastRecord{9d23bdf u0 com.wifi8.sdk.service.event} intent Intent { act=com.wifi8.sdk.service.event flg=0x10 pkg=com.nfyg.hsbb (has extras) }
06-17 13:04:34.457  1114  1124 V ActivityManager_Broadcast: Enqueueing ordered broadcast BroadcastRecord{a3ba02c u0 com.wifi8.sdk.service.event}: prev had 0
06-17 13:04:34.457  1114  1124 I ActivityManager_Broadcast: Enqueueing broadcast com.wifi8.sdk.service.event
06-17 13:04:34.457  1114  1968 V ActivityManager: Broadcast: Intent { act=com.wifi8.sdk.service.event flg=0x10 pkg=com.nfyg.hsbb (has extras) } ordered=false userid=0 callerApp=ProcessRecord{241cf5f 4038:com.nfyg.hsbb:pwservice/u0a171}
06-17 13:04:34.458  1114  1968 V ActivityManager: Enqueueing parallel broadcast BroadcastRecord{438caf5 u0 com.wifi8.sdk.service.event} intent Intent { act=com.wifi8.sdk.service.event flg=0x10 pkg=com.nfyg.hsbb (has extras) }
06-17 13:04:34.458  1114  1968 V ActivityManager_Broadcast: Enqueueing ordered broadcast BroadcastRecord{883408a u0 com.wifi8.sdk.service.event}: prev had 1
06-17 13:04:34.458  1114  1968 I ActivityManager_Broadcast: Enqueueing broadcast com.wifi8.sdk.service.event
06-17 13:04:34.459  1114  1130 D SettingsInterface:  from settings cache , name = default_input_method , value = com.sohu.inputmethod.sogou/.SogouIME
06-17 13:04:34.463  4038  4038 D ActivityThread: BDC-Calling onReceive: intent=Intent { act=com.wifi8.sdk.service.event flg=0x10 pkg=com.nfyg.hsbb cmp=com.nfyg.hsbb/com.wifi8.sdk.metro.services.PwServiceReceiver (has extras) }, receiver=com.wifi8.sdk.metro.services.PwServiceReceiver@7afba36
06-17 13:04:34.463  1114  4890 D SettingsInterface:  from settings cache , name = default_input_method , value = com.sohu.inputmethod.sogou/.SogouIME
06-17 13:04:34.464  4038  4038 D ActivityThread: BDC-RECEIVER handled : 0 / ReceiverData{intent=Intent { act=com.wifi8.sdk.service.event flg=0x10 pkg=com.nfyg.hsbb cmp=com.nfyg.hsbb/com.wifi8.sdk.metro.services.PwServiceReceiver (has extras) } packageName=com.nfyg.hsbb resultCode=-1 resultData=null resultExtras=null}
06-17 13:04:34.466  4038  4038 D ActivityThread: BDC-Calling onReceive: intent=Intent { act=com.wifi8.sdk.service.event flg=0x10 pkg=com.nfyg.hsbb cmp=com.nfyg.hsbb/com.wifi8.sdk.metro.services.PwServiceReceiver (has extras) }, receiver=com.wifi8.sdk.metro.services.PwServiceReceiver@c52ed37
06-17 13:04:34.467  1114  2618 V ActivityManager: Broadcast: Intent { act=com.wifi8.sdk.api.notice flg=0x10 (has extras) } ordered=false userid=0 callerApp=ProcessRecord{241cf5f 4038:com.nfyg.hsbb:pwservice/u0a171}
06-17 13:04:34.467  1114  2618 V ActivityManager: Enqueueing parallel broadcast BroadcastRecord{248b6fb u0 com.wifi8.sdk.api.notice} intent Intent { act=com.wifi8.sdk.api.notice flg=0x10 (has extras) }
06-17 13:04:34.468  4038  4038 D ActivityThread: BDC-RECEIVER handled : 0 / ReceiverData{intent=Intent { act=com.wifi8.sdk.service.event flg=0x10 pkg=com.nfyg.hsbb cmp=com.nfyg.hsbb/com.wifi8.sdk.metro.services.PwServiceReceiver (has extras) } packageName=com.nfyg.hsbb resultCode=-1 resultData=null resultExtras=null}
06-17 13:04:34.468  1114  2620 W PackageManager: checkUidPermission(): android.permission.REAL_GET_TASKS of 10179 is denied.
06-17 13:04:34.469  1114 18231 W PackageManager: checkUidPermission(): android.permission.REAL_GET_TASKS of 10179 is denied.
06-17 13:04:34.480  1114  2622 D AppOps  : checkOperation(code = 43 uid = 10177 pkgName = cn.ninegame.gamemanager) - op == null, return default mode = 3
06-17 13:04:34.480  1114  2622 W PackageManager: checkUidPermission(): android.permission.PACKAGE_USAGE_STATS of 10177 is denied.
06-17 13:04:34.801  4647  4768 D UTAnalytics:CommitTask: pid:4647 check&commit event:65501,
06-17 13:04:34.801  4647  4768 D UTAnalytics:CommitTask: pid:4647 next:65501,
06-17 13:04:34.801  4647  4768 D UTAnalytics:CommitTask: pid:4647 check&commit event:65502,
06-17 13:04:34.801  4647  4768 D UTAnalytics:CommitTask: pid:4647 next:65502,
06-17 13:04:34.801  4647  4768 D UTAnalytics:CommitTask: pid:4647 check&commit event:65503,
06-17 13:04:34.801  4647  4768 D UTAnalytics:CommitTask: pid:4647 next:65503,
06-17 13:04:34.801  4647  4768 D UTAnalytics:CommitTask: pid:4647 check&commit event:65133,
06-17 13:04:34.801  4647  4768 D UTAnalytics:CommitTask: pid:4647 next:65133,
06-17 13:04:34.899  1114  1245 E PROXIMITY: ProximitySensor: unknown event (type=3, code=0)
06-17 13:04:34.954  1114  1967 W PackageManager: checkUidPermission(): android.permission.READ_PRIVILEGED_PHONE_STATE of 10177 is denied.
06-17 13:04:34.956  2544  5157 D SettingsInterface:  from settings cache , name = multi_sim_voice_call , value = 2
06-17 13:04:34.958  1114  1125 W PackageManager: checkUidPermission(): android.permission.READ_PRIVILEGED_PHONE_STATE of 10177 is denied.
06-17 13:04:34.962  1114  1128 D SettingsInterface:  from settings cache , name = sys_storage_threshold_percentage , value = null
06-17 13:04:34.963  1114  1128 D SettingsInterface:  from settings cache , name = sys_storage_threshold_max_bytes , value = null
06-17 13:04:34.965  1114  4890 D SettingsInterface:  from settings cache , name = sys_storage_threshold_percentage , value = null
06-17 13:04:34.965  1114  4890 D SettingsInterface:  from settings cache , name = sys_storage_threshold_max_bytes , value = null
06-17 13:04:34.967  1114  2620 D SettingsInterface:  from settings cache , name = sys_storage_threshold_percentage , value = null
06-17 13:04:34.967  1114  2620 D SettingsInterface:  from settings cache , name = sys_storage_threshold_max_bytes , value = null
06-17 13:04:34.970  1114  2621 W PackageManager: checkUidPermission(): android.permission.LOCAL_MAC_ADDRESS of 10177 is denied.
06-17 13:04:34.971  2544  2982 D SettingsInterface:  from settings cache , name = multi_sim_voice_call , value = 2
06-17 13:04:34.974  2544  5156 D SettingsInterface:  from settings cache , name = multi_sim_voice_call , value = 2
06-17 13:04:35.021  1905  1905 W NativeThread: type=1400 audit(0.0:2622088): avc: denied { search } for name="425" dev="proc" ino=8555 scontext=u:r:untrusted_app:s0:c512,c768 tcontext=u:r:netd:s0 tclass=dir permissive=0
06-17 13:04:35.021  1905  1905 W NativeThread: type=1400 audit(0.0:2622089): avc: denied { search } for name="425" dev="proc" ino=8555 scontext=u:r:untrusted_app:s0:c512,c768 tcontext=u:r:netd:s0 tclass=dir permissive=0
06-17 13:04:35.021  1905  1905 W NativeThread: type=1400 audit(0.0:2622090): avc: denied { search } for name="426" dev="proc" ino=8572 scontext=u:r:untrusted_app:s0:c512,c768 tcontext=u:r:debuggerd:s0 tclass=dir permissive=0
06-17 13:04:35.021  1905  1905 W NativeThread: type=1400 audit(0.0:2622091): avc: denied { search } for name="426" dev="proc" ino=8572 scontext=u:r:untrusted_app:s0:c512,c768 tcontext=u:r:debuggerd:s0 tclass=dir permissive=0
06-17 13:04:35.021  1905  1905 W NativeThread: type=1400 audit(0.0:2622092): avc: denied { search } for name="427" dev="proc" ino=8569 scontext=u:r:untrusted_app:s0:c512,c768 tcontext=u:r:debuggerd:s0 tclass=dir permissive=0
06-17 13:04:35.021  1905  1905 W NativeThread: type=1400 audit(0.0:2622093): avc: denied { search } for name="427" dev="proc" ino=8569 scontext=u:r:untrusted_app:s0:c512,c768 tcontext=u:r:debuggerd:s0 tclass=dir permissive=0
06-17 13:04:35.021  1905  1905 W NativeThread: type=1400 audit(0.0:2622094): avc: denied { search } for name="428" dev="proc" ino=10869 scontext=u:r:untrusted_app:s0:c512,c768 tcontext=u:r:drmserver:s0 tclass=dir permissive=0
06-17 13:04:35.021  1905  1905 W NativeThread: type=1400 audit(0.0:2622095): avc: denied { search } for name="428" dev="proc" ino=10869 scontext=u:r:untrusted_app:s0:c512,c768 tcontext=u:r:drmserver:s0 tclass=dir permissive=0
06-17 13:04:35.021  1905  1905 W NativeThread: type=1400 audit(0.0:2622096): avc: denied { open } for path="/proc/429/cmdline" dev="proc" ino=4497 scontext=u:r:untrusted_app:s0:c512,c768 tcontext=u:r:mediaserver:s0 tclass=file permissive=0
06-17 13:04:35.021  1905  1905 W NativeThread: type=1400 audit(0.0:2622097): avc: denied { open } for path="/proc/429/stat" dev="proc" ino=16436 scontext=u:r:untrusted_app:s0:c512,c768 tcontext=u:r:mediaserver:s0 tclass=file permissive=0
06-17 13:04:35.021  1905  1905 W NativeThread: type=1400 audit(0.0:2622098): avc: denied { search } for name="430" dev="proc" ino=8575 scontext=u:r:untrusted_app:s0:c512,c768 tcontext=u:r:installd:s0 tclass=dir permissive=0
06-17 13:04:35.021  1905  1905 W NativeThread: type=1400 audit(0.0:2622099): avc: denied { search } for name="430" dev="proc" ino=8575 scontext=u:r:untrusted_app:s0:c512,c768 tcontext=u:r:installd:s0 tclass=dir permissive=0
06-17 13:04:35.021  1905  1905 W NativeThread: type=1400 audit(0.0:2622100): avc: denied { search } for name="432" dev="proc" ino=10884 scontext=u:r:untrusted_app:s0:c512,c768 tcontext=u:r:mobile_log_d:s0 tclass=dir permissive=0
06-17 13:04:35.021  1905  1905 W NativeThread: type=1400 audit(0.0:2622101): avc: denied { search } for name="432" dev="proc" ino=10884 scontext=u:r:untrusted_app:s0:c512,c768 tcontext=u:r:mobile_log_d:s0 tclass=dir permissive=0
06-17 13:04:35.021  1905  1905 W NativeThread: type=1400 audit(0.0:2622102): avc: denied { search } for name="433" dev="proc" ino=8583 scontext=u:r:untrusted_app:s0:c512,c768 tcontext=u:r:netdiag:s0 tclass=dir permissive=0
06-17 13:04:35.021  1905  1905 W NativeThread: type=1400 audit(0.0:2622103): avc: denied { search } for name="433" dev="proc" ino=8583 scontext=u:r:untrusted_app:s0:c512,c768 tcontext=u:r:netdiag:s0 tclass=dir permissive=0
06-17 13:04:35.021  1905  1905 W NativeThread: type=1400 audit(0.0:2622104): avc: denied { search } for name="435" dev="proc" ino=10881 scontext=u:r:untrusted_app:s0:c512,c768 tcontext=u:r:akmd09911:s0 tclass=dir permissive=0
06-17 13:04:35.021  1905  1905 W NativeThread: type=1400 audit(0.0:2622105): avc: denied { search } for name="435" dev="proc" ino=10881 scontext=u:r:untrusted_app:s0:c512,c768 tcontext=u:r:akmd09911:s0 tclass=dir permissive=0
06-17 13:04:35.021  1905  1905 W NativeThread: type=1400 audit(0.0:2622106): avc: denied { search } for name="436" dev="proc" ino=10890 scontext=u:r:untrusted_app:s0:c512,c768 tcontext=u:r:pq:s0 tclass=dir permissive=0
06-17 13:04:35.021  1905  1905 W NativeThread: type=1400 audit(0.0:2622107): avc: denied { search } for name="436" dev="proc" ino=10890 scontext=u:r:untrusted_app:s0:c512,c768 tcontext=u:r:pq:s0 tclass=dir permissive=0
06-17 13:04:35.149  1114  1245 E PROXIMITY: ProximitySensor: unknown event (type=3, code=0)
06-17 13:04:35.269  1114 18231 W PackageManager: checkUidPermission(): android.permission.READ_PRIVILEGED_PHONE_STATE of 10177 is denied.
06-17 13:04:35.280  1710  1905 I System.out: isEmailSend:POST
06-17 13:04:35.280  1710  1905 I System.out: getAllHeaders:POST
06-17 13:04:35.280  1710  1905 I System.out: test:keyindex:wb_sc_int_res_k1
06-17 13:04:35.280  1710  1905 I System.out: httpHeader:null
06-17 13:04:35.280  1710  1905 I System.out: [CDS][DNS] getAllByNameImpl netId = 0
06-17 13:04:35.280  1710  1905 D libc-netbsd: [getaddrinfo]: mtk hostname=ynuf.alipay.com; servname=(null); netid=0; mark=0
06-17 13:04:35.280  1710  1905 D libc-netbsd: getaddrinfo( app_uid:10177
06-17 13:04:35.281  1710  1905 D libc-netbsd: getaddrinfo() uid prop:
06-17 13:04:35.281  1710  1905 D libc-netbsd: getaddrinfo() getuid():10177
06-17 13:04:35.281  1710  1905 D libc-netbsd: [getaddrinfo]: mtk ai_addrlen=0; ai_canonname=(null); ai_flags=4; ai_family=0
06-17 13:04:35.281  1710  1905 D libc-netbsd: [getaddrinfo]: mtk hostname=ynuf.alipay.com; servname=(null); netid=0; mark=0
06-17 13:04:35.281  1710  1905 D libc-netbsd: getaddrinfo( app_uid:10177
06-17 13:04:35.281  1710  1905 D libc-netbsd: getaddrinfo() uid prop:
06-17 13:04:35.281  1710  1905 D libc-netbsd: getaddrinfo() getuid():10177
06-17 13:04:35.281  1710  1905 D libc-netbsd: [getaddrinfo]: mtk ai_addrlen=0; ai_canonname=(null); ai_flags=1024; ai_family=0
06-17 13:04:35.282   425  1021 D FrameworkListener: dispatchCommand data = (getaddrinfo ynuf.alipay.com ^ 1024 0 1 0 0)
06-17 13:04:35.282   425 10867 D libc-netbsd: [getaddrinfo]: mtk hostname=ynuf.alipay.com; servname=(null); netid=0; mark=0
06-17 13:04:35.283   425 10867 D libc-netbsd: getaddrinfo( app_uid:0
06-17 13:04:35.283   425 10867 D libc-netbsd: [getaddrinfo]: mtk ai_addrlen=0; ai_canonname=(null); ai_flags=1024; ai_family=0
06-17 13:04:35.283   425 10867 D libc-netbsd: getaddrinfo: ynuf.alipay.com get result from proxy gai_error = 11
06-17 13:04:35.283   425 10867 D libc-netbsd: default dns: query_ipv6=0, query_ipv4=0
06-17 13:04:35.283  1710  1905 D libc-netbsd: getaddrinfo: ynuf.alipay.com get result from proxy gai_error = 7
06-17 13:04:35.284  1710  1905 I System.out: [CDS][DNS]Unable to resolve host "ynuf.alipay.com": No address associated with hostname
06-17 13:04:35.318   296   336 I BufferQueueProducer: [StatusBar](this:0x7fa600fc00,id:5,api:1,p:1332,c:296) queueBuffer: fps=1.34 dur=1496.41 max=997.07 min=499.34
06-17 13:04:35.332   296   296 I SurfaceFlinger: [Built-in Screen (type:0)] fps:1.335659,dur:1497.39,max:998.53,min:498.86
06-17 13:04:35.445  1114  1124 W PackageManager: checkUidPermission(): android.permission.REAL_GET_TASKS of 10173 is denied.
06-17 13:04:35.473  1114  1128 W PackageManager: checkUidPermission(): android.permission.REAL_GET_TASKS of 10179 is denied.
06-17 13:04:35.474  1114  1968 W PackageManager: checkUidPermission(): android.permission.REAL_GET_TASKS of 10179 is denied.
06-17 13:04:35.481  1114  4890 D AppOps  : checkOperation(code = 43 uid = 10177 pkgName = cn.ninegame.gamemanager) - op == null, return default mode = 3
06-17 13:04:35.481  1114  4890 W PackageManager: checkUidPermission(): android.permission.PACKAGE_USAGE_STATS of 10177 is denied.
06-17 13:04:35.649  1114  1245 E PROXIMITY: ProximitySensor: unknown event (type=3, code=0)
06-17 13:04:35.889  1114  1245 E PROXIMITY: ProximitySensor: unknown event (type=3, code=0)
06-17 13:04:36.105  1114  2450 W Watchdog: SWT Watchdog after wait current time:73252737
06-17 13:04:36.105  1114  2450 D AES     : AEEIOCTL_GET/SET_SF_STATE IOCTL,cmd= 1074294797, lParam=0. 
06-17 13:04:36.105  1114  2450 W Watchdog: **Get SF Time **1
06-17 13:04:36.105  1114  2450 D AES     : AEEIOCTL_RT_MON_Kick IOCTL,cmd= -2147192822, lParam=300. 
06-17 13:04:36.107  1114  2450 W Watchdog: SWT Watchdog before synchronized:73252739
06-17 13:04:36.107  1114  2450 W Watchdog: SWT Watchdog after synchronized:73252739
06-17 13:04:36.107  1114  2450 W Watchdog: SWT Watchdog before wait timeout:30000
06-17 13:04:36.107  1114  2450 W Watchdog: SWT Watchdog before wait current time:73252739
06-17 13:04:36.107  1114  2450 W Watchdog: SWT Watchdog before wait start:73252739
06-17 13:04:36.107  1114  2450 W Watchdog: SWT Watchdog before wait CHECK_INTERVAL:30000
06-17 13:04:36.108  1114  1132 D InputReader: InputReader::monitor: lock
06-17 13:04:36.108  1114  1132 D InputReader: InputReader::monitor: wait 
06-17 13:04:36.110  1114  1132 D InputReader: InputReader::monitor: unlock
06-17 13:04:36.110  1114  1132 D InputReader: InputReader::monitor: done
06-17 13:04:36.139  1114  1245 E PROXIMITY: ProximitySensor: unknown event (type=3, code=0)
06-17 13:04:36.389  1114  1245 E PROXIMITY: ProximitySensor: unknown event (type=3, code=0)
06-17 13:04:36.451  1114  1124 W PackageManager: checkUidPermission(): android.permission.REAL_GET_TASKS of 10173 is denied.
06-17 13:04:36.476  1114  1128 W PackageManager: checkUidPermission(): android.permission.REAL_GET_TASKS of 10179 is denied.
06-17 13:04:36.480  1114  1968 W PackageManager: checkUidPermission(): android.permission.REAL_GET_TASKS of 10179 is denied.
06-17 13:04:36.481  1114  4890 D AppOps  : checkOperation(code = 43 uid = 10177 pkgName = cn.ninegame.gamemanager) - op == null, return default mode = 3
06-17 13:04:36.481  1114  4890 W PackageManager: checkUidPermission(): android.permission.PACKAGE_USAGE_STATS of 10177 is denied.
06-17 13:04:36.541 10888 10888 W netstat : type=1400 audit(0.0:2623154): avc: denied { search } for name="1" dev="proc" ino=12292 scontext=u:r:untrusted_app:s0:c512,c768 tcontext=u:r:init:s0 tclass=dir permissive=0
06-17 13:04:36.551 10889 10889 W netstat : type=1400 audit(0.0:2623155): avc: denied { search } for name="1" dev="proc" ino=12292 scontext=u:r:untrusted_app:s0:c512,c768 tcontext=u:r:init:s0 tclass=dir permissive=0
06-17 13:04:36.581  5408  5408 W rism_thread: type=1400 audit(0.0:2623156): avc: denied { getattr } for path="/proc/1" dev="proc" ino=12292 scontext=u:r:untrusted_app:s0:c512,c768 tcontext=u:r:init:s0 tclass=dir permissive=0
06-17 13:04:36.591  5408  5408 W rism_thread: type=1400 audit(0.0:2623157): avc: denied { getattr } for path="/proc/2" dev="proc" ino=15789 scontext=u:r:untrusted_app:s0:c512,c768 tcontext=u:r:kernel:s0 tclass=dir permissive=0
06-17 13:04:36.591  5408  5408 W rism_thread: type=1400 audit(0.0:2623158): avc: denied { getattr } for path="/proc/3" dev="proc" ino=15790 scontext=u:r:untrusted_app:s0:c512,c768 tcontext=u:r:kernel:s0 tclass=dir permissive=0
06-17 13:04:36.591  5408  5408 W rism_thread: type=1400 audit(0.0:2623159): avc: denied { getattr } for path="/proc/5" dev="proc" ino=15792 scontext=u:r:untrusted_app:s0:c512,c768 tcontext=u:r:kernel:s0 tclass=dir permissive=0
06-17 13:04:36.591  5408  5408 W rism_thread: type=1400 audit(0.0:2623160): avc: denied { getattr } for path="/proc/7" dev="proc" ino=15794 scontext=u:r:untrusted_app:s0:c512,c768 tcontext=u:r:kernel:s0 tclass=dir permissive=0
06-17 13:04:36.591  5408  5408 W rism_thread: type=1400 audit(0.0:2623161): avc: denied { getattr } for path="/proc/8" dev="proc" ino=15795 scontext=u:r:untrusted_app:s0:c512,c768 tcontext=u:r:kernel:s0 tclass=dir permissive=0
06-17 13:04:36.591  5408  5408 W rism_thread: type=1400 audit(0.0:2623162): avc: denied { getattr } for path="/proc/9" dev="proc" ino=15796 scontext=u:r:untrusted_app:s0:c512,c768 tcontext=u:r:kernel:s0 tclass=dir permissive=0
06-17 13:04:36.591  5408  5408 W rism_thread: type=1400 audit(0.0:2623163): avc: denied { getattr } for path="/proc/10" dev="proc" ino=15797 scontext=u:r:untrusted_app:s0:c512,c768 tcontext=u:r:kernel:s0 tclass=dir permissive=0
