06-17 14:13:05.532983  1332  1332 I sysui_histogram: [overview_source_app_index,0]
06-17 14:13:05.533004  1332  1332 I sysui_histogram: [overview_task_count,4]
06-17 14:13:05.533116  1332  1332 I am_on_resume_called: [0,com.android.systemui.recents.RecentsActivity]
06-17 14:13:06.169000 29559 29559 I auditd  : type=1400 audit(0.0:2762221): avc: denied { search } for comm="netstat" name="1" dev="proc" ino=12292 scontext=u:r:untrusted_app:s0:c512,c768 tcontext=u:r:init:s0 tclass=dir permissive=0
06-17 14:13:06.249000 29562 29562 I auditd  : type=1400 audit(0.0:2762222): avc: denied { search } for comm="netstat" name="1" dev="proc" ino=12292 scontext=u:r:untrusted_app:s0:c512,c768 tcontext=u:r:init:s0 tclass=dir permissive=0
06-17 14:13:06.289000 29563 29563 I auditd  : type=1400 audit(0.0:2762223): avc: denied { search } for comm="netstat" name="1" dev="proc" ino=12292 scontext=u:r:untrusted_app:s0:c512,c768 tcontext=u:r:init:s0 tclass=dir permissive=0
06-17 14:13:06.319000 29566 29566 I auditd  : type=1400 audit(0.0:2762224): avc: denied { search } for comm="netstat" name="1" dev="proc" ino=12292 scontext=u:r:untrusted_app:s0:c512,c768 tcontext=u:r:init:s0 tclass=dir permissive=0
06-17 14:13:06.347482  1332  1332 I sysui_histogram: [overview_task_dismissed_source,1]
06-17 14:13:06.348051  1114  1128 I am_finish_activity: [0,181541526,667,jrdcom.com.anrdemo/.MainActivity,clear-task-index]
06-17 14:13:06.439651  1114  1129 I am_pss  : [4873,10190,com.eg.android.AlipayGphone,89432064,86179840]
06-17 14:13:07.199000 29586 29586 I auditd  : type=1400 audit(0.0:2762225): avc: denied { search } for comm="netstat" name="1" dev="proc" ino=12292 scontext=u:r:untrusted_app:s0:c512,c768 tcontext=u:r:init:s0 tclass=dir permissive=0
06-17 14:13:07.279000 29591 29591 I auditd  : type=1400 audit(0.0:2762226): avc: denied { search } for comm="netstat" name="1" dev="proc" ino=12292 scontext=u:r:untrusted_app:s0:c512,c768 tcontext=u:r:init:s0 tclass=dir permissive=0
06-17 14:13:07.319000 29592 29592 I auditd  : type=1400 audit(0.0:2762227): avc: denied { search } for comm="netstat" name="1" dev="proc" ino=12292 scontext=u:r:untrusted_app:s0:c512,c768 tcontext=u:r:init:s0 tclass=dir permissive=0
06-17 14:13:07.329000  5408  5408 I auditd  : type=1400 audit(0.0:2762228): avc: denied { getattr } for comm="rism_thread" path="/proc/1" dev="proc" ino=12292 scontext=u:r:untrusted_app:s0:c512,c768 tcontext=u:r:init:s0 tclass=dir permissive=0
06-17 14:13:07.329000  5408  5408 I auditd  : type=1400 audit(0.0:2762229): avc: denied { getattr } for comm="rism_thread" path="/proc/2" dev="proc" ino=15789 scontext=u:r:untrusted_app:s0:c512,c768 tcontext=u:r:kernel:s0 tclass=dir permissive=0
06-17 14:13:07.329000  5408  5408 I auditd  : type=1400 audit(0.0:2762230): avc: denied { getattr } for comm="rism_thread" path="/proc/3" dev="proc" ino=15790 scontext=u:r:untrusted_app:s0:c512,c768 tcontext=u:r:kernel:s0 tclass=dir permissive=0
06-17 14:13:07.329000  5408  5408 I auditd  : type=1400 audit(0.0:2762231): avc: denied { getattr } for comm="rism_thread" path="/proc/5" dev="proc" ino=15792 scontext=u:r:untrusted_app:s0:c512,c768 tcontext=u:r:kernel:s0 tclass=dir permissive=0
06-17 14:13:07.329000  5408  5408 I auditd  : type=1400 audit(0.0:2762232): avc: denied { getattr } for comm="rism_thread" path="/proc/7" dev="proc" ino=15794 scontext=u:r:untrusted_app:s0:c512,c768 tcontext=u:r:kernel:s0 tclass=dir permissive=0
06-17 14:13:07.329000  5408  5408 I auditd  : type=1400 audit(0.0:2762233): avc: denied { getattr } for comm="rism_thread" path="/proc/8" dev="proc" ino=15795 scontext=u:r:untrusted_app:s0:c512,c768 tcontext=u:r:kernel:s0 tclass=dir permissive=0
06-17 14:13:07.329000  5408  5408 I auditd  : type=1400 audit(0.0:2762234): avc: denied { getattr } for comm="rism_thread" path="/proc/9" dev="proc" ino=15796 scontext=u:r:untrusted_app:s0:c512,c768 tcontext=u:r:kernel:s0 tclass=dir permissive=0
06-17 14:13:07.329000  5408  5408 I auditd  : type=1400 audit(0.0:2762235): avc: denied { getattr } for comm="rism_thread" path="/proc/10" dev="proc" ino=15797 scontext=u:r:untrusted_app:s0:c512,c768 tcontext=u:r:kernel:s0 tclass=dir permissive=0
06-17 14:13:07.329000  5408  5408 I auditd  : type=1400 audit(0.0:2762236): avc: denied { getattr } for comm="rism_thread" path="/proc/11" dev="proc" ino=15798 scontext=u:r:untrusted_app:s0:c512,c768 tcontext=u:r:kernel:s0 tclass=dir permissive=0
06-17 14:13:07.329000  5408  5408 I auditd  : type=1400 audit(0.0:2762237): avc: denied { getattr } for comm="rism_thread" path="/proc/12" dev="proc" ino=15799 scontext=u:r:untrusted_app:s0:c512,c768 tcontext=u:r:kernel:s0 tclass=dir permissive=0
06-17 14:13:07.329000  5408  5408 I auditd  : type=1400 audit(0.0:2762238): avc: denied { getattr } for comm="rism_thread" path="/proc/14" dev="proc" ino=15801 scontext=u:r:untrusted_app:s0:c512,c768 tcontext=u:r:kernel:s0 tclass=dir permissive=0
06-17 14:13:07.329000  5408  5408 I auditd  : type=1400 audit(0.0:2762239): avc: denied { getattr } for comm="rism_thread" path="/proc/15" dev="proc" ino=15802 scontext=u:r:untrusted_app:s0:c512,c768 tcontext=u:r:kernel:s0 tclass=dir permissive=0
06-17 14:13:07.329000  5408  5408 I auditd  : type=1400 audit(0.0:2762240): avc: denied { getattr } for comm="rism_thread" path="/proc/16" dev="proc" ino=15803 scontext=u:r:untrusted_app:s0:c512,c768 tcontext=u:r:kernel:s0 tclass=dir permissive=0
06-17 14:13:07.329000  5408  5408 I auditd  : type=1400 audit(0.0:2762241): avc: denied { getattr } for comm="rism_thread" path="/proc/18" dev="proc" ino=15805 scontext=u:r:untrusted_app:s0:c512,c768 tcontext=u:r:kernel:s0 tclass=dir permissive=0
06-17 14:13:07.329000  5408  5408 I auditd  : type=1400 audit(0.0:2762242): avc: denied { getattr } for comm="rism_thread" path="/proc/19" dev="proc" ino=15806 scontext=u:r:untrusted_app:s0:c512,c768 tcontext=u:r:kernel:s0 tclass=dir permissive=0
06-17 14:13:07.329000  5408  5408 I auditd  : type=1400 audit(0.0:2762243): avc: denied { getattr } for comm="rism_thread" path="/proc/20" dev="proc" ino=15807 scontext=u:r:untrusted_app:s0:c512,c768 tcontext=u:r:kernel:s0 tclass=dir permissive=0
06-17 14:13:07.329000  5408  5408 I auditd  : type=1400 audit(0.0:2762244): avc: denied { getattr } for comm="rism_thread" path="/proc/22" dev="proc" ino=15809 scontext=u:r:untrusted_app:s0:c512,c768 tcontext=u:r:kernel:s0 tclass=dir permissive=0
06-17 14:13:07.329000  5408  5408 I auditd  : type=1400 audit(0.0:2762245): avc: denied { getattr } for comm="rism_thread" path="/proc/23" dev="proc" ino=15810 scontext=u:r:untrusted_app:s0:c512,c768 tcontext=u:r:kernel:s0 tclass=dir permissive=0
06-17 14:13:07.329000  5408  5408 I auditd  : type=1400 audit(0.0:2762246): avc: denied { getattr } for comm="rism_thread" path="/proc/24" dev="proc" ino=15811 scontext=u:r:untrusted_app:s0:c512,c768 tcontext=u:r:kernel:s0 tclass=dir permissive=0
06-17 14:13:07.329000  5408  5408 I auditd  : type=1400 audit(0.0:2762247): avc: denied { getattr } for comm="rism_thread" path="/proc/26" dev="proc" ino=15813 scontext=u:r:untrusted_app:s0:c512,c768 tcontext=u:r:kernel:s0 tclass=dir permissive=0
06-17 14:13:07.329000  5408  5408 I auditd  : type=1400 audit(0.0:2762248): avc: denied { getattr } for comm="rism_thread" path="/proc/27" dev="proc" ino=15814 scontext=u:r:untrusted_app:s0:c512,c768 tcontext=u:r:kernel:s0 tclass=dir permissive=0
06-17 14:13:07.329000  5408  5408 I auditd  : type=1400 audit(0.0:2762249): avc: denied { getattr } for comm="rism_thread" path="/proc/28" dev="proc" ino=15815 scontext=u:r:untrusted_app:s0:c512,c768 tcontext=u:r:kernel:s0 tclass=dir permissive=0
06-17 14:13:07.329000  5408  5408 I auditd  : type=1400 audit(0.0:2762250): avc: denied { getattr } for comm="rism_thread" path="/proc/30" dev="proc" ino=15817 scontext=u:r:untrusted_app:s0:c512,c768 tcontext=u:r:kernel:s0 tclass=dir permissive=0
06-17 14:13:07.329000  5408  5408 I auditd  : type=1400 audit(0.0:2762251): avc: denied { getattr } for comm="rism_thread" path="/proc/31" dev="proc" ino=15818 scontext=u:r:untrusted_app:s0:c512,c768 tcontext=u:r:kernel:s0 tclass=dir permissive=0
06-17 14:13:07.329000  5408  5408 I auditd  : type=1400 audit(0.0:2762252): avc: denied { getattr } for comm="rism_thread" path="/proc/32" dev="proc" ino=15819 scontext=u:r:untrusted_app:s0:c512,c768 tcontext=u:r:kernel:s0 tclass=dir permissive=0
06-17 14:13:07.329000  5408  5408 I auditd  : type=1400 audit(0.0:2762253): avc: denied { getattr } for comm="rism_thread" path="/proc/34" dev="proc" ino=15821 scontext=u:r:untrusted_app:s0:c512,c768 tcontext=u:r:kernel:s0 tclass=dir permissive=0
06-17 14:13:07.329000  5408  5408 I auditd  : type=1400 audit(0.0:2762254): avc: denied { getattr } for comm="rism_thread" path="/proc/35" dev="proc" ino=15822 scontext=u:r:untrusted_app:s0:c512,c768 tcontext=u:r:kernel:s0 tclass=dir permissive=0
06-17 14:13:07.329000  5408  5408 I auditd  : type=1400 audit(0.0:2762255): avc: denied { getattr } for comm="rism_thread" path="/proc/36" dev="proc" ino=15823 scontext=u:r:untrusted_app:s0:c512,c768 tcontext=u:r:kernel:s0 tclass=dir permissive=0
06-17 14:13:07.329000  5408  5408 I auditd  : type=1400 audit(0.0:2762256): avc: denied { getattr } for comm="rism_thread" path="/proc/38" dev="proc" ino=15825 scontext=u:r:untrusted_app:s0:c512,c768 tcontext=u:r:kernel:s0 tclass=dir permissive=0
06-17 14:13:07.339000  5408  5408 I auditd  : type=1400 audit(0.0:2762257): avc: denied { getattr } for comm="rism_thread" path="/proc/39" dev="proc" ino=15826 scontext=u:r:untrusted_app:s0:c512,c768 tcontext=u:r:kernel:s0 tclass=dir permissive=0
06-17 14:13:07.339000  5408  5408 I auditd  : type=1400 audit(0.0:2762258): avc: denied { getattr } for comm="rism_thread" path="/proc/40" dev="proc" ino=15827 scontext=u:r:untrusted_app:s0:c512,c768 tcontext=u:r:kernel:s0 tclass=dir permissive=0
06-17 14:13:07.339000  5408  5408 I auditd  : type=1400 audit(0.0:2762259): avc: denied { getattr } for comm="rism_thread" path="/proc/41" dev="proc" ino=15828 scontext=u:r:untrusted_app:s0:c512,c768 tcontext=u:r:kernel:s0 tclass=dir permissive=0
06-17 14:13:07.339000  5408  5408 I auditd  : type=1400 audit(0.0:2762260): avc: denied { getattr } for comm="rism_thread" path="/proc/42" dev="proc" ino=15829 scontext=u:r:untrusted_app:s0:c512,c768 tcontext=u:r:kernel:s0 tclass=dir permissive=0
06-17 14:13:07.368359  1114  2620 I am_home_stack_moved: [0,1,0,0,bringingFoundTaskToFront setFocusedActivity]
06-17 14:13:07.368409  1114  2620 I wm_task_moved: [625,1,1]
06-17 14:13:07.374661  1114  2620 I am_focused_activity: [0,com.tcl.mie.tlauncher/com.android.launcher3.Launcher]
06-17 14:13:07.376005  1114  2620 I am_pause_activity: [0,9657189,com.android.systemui/.recents.RecentsActivity]
06-17 14:13:07.377621  1114  2620 I am_task_to_front: [0,625]
06-17 14:13:07.377989  1114  2620 I am_new_intent: [0,96347938,625,com.tcl.mie.tlauncher/com.android.launcher3.Launcher,android.intent.action.MAIN,NULL,NULL,283115520]
06-17 14:13:07.387714  1332  1332 I am_on_paused_called: [0,com.android.systemui.recents.RecentsActivity]
06-17 14:13:07.404420  1114  1128 I am_resume_activity: [0,182215342,625,com.tcl.mie.tlauncher/com.android.launcher3.Launcher]
06-17 14:13:07.405178  1114  1128 I am_focused_activity: [0,com.tcl.mie.tlauncher/com.android.launcher3.Launcher]
06-17 14:13:07.409102  1114  1130 I am_destroy_activity: [0,181541526,667,jrdcom.com.anrdemo/.MainActivity,finish-idle]
06-17 14:13:07.435769  2451  2451 I am_on_resume_called: [0,com.android.launcher3.Launcher]
06-17 14:13:07.447649  1114  1129 I am_pss  : [10176,10089,com.android.dialer,35335168,31490048]
06-17 14:13:07.479803  1114  1129 I am_pss  : [2476,10151,com.sohu.inputmethod.sogou,19425280,17924096]
06-17 14:13:07.518661  1114  1129 I am_pss  : [4979,10169,com.UCMobile:push,18250752,15982592]
06-17 14:13:07.553916  1114  1129 I am_pss  : [4038,10171,com.nfyg.hsbb:pwservice,14974976,13824000]
06-17 14:13:07.583878  1114  1129 I am_pss  : [4214,10171,com.nfyg.hsbb:push,9921536,8699904]
06-17 14:13:07.609729  1114  1129 I am_pss  : [5987,1000,com.jrdcom.jrdlogger,7425024,6602752]
06-17 14:13:07.643919  1114  1129 I am_pss  : [1710,10177,cn.ninegame.gamemanager:core,21532672,19546112]
06-17 14:13:07.679476  1332  1332 I sysui_view_visibility: [224,0]
06-17 14:13:07.681917   296   296 I sf_frame_dur: [com.android.systemui/com.android.systemui.recents.RecentsActivity,55,4,0,0,2,1,0]
06-17 14:13:07.690552  1114  1129 I am_pss  : [4581,10202,com.android.app.quanmama,12394496,10874880]
06-17 14:13:07.722160  1114  1129 I am_pss  : [7869,10194,so.ofo.labofo,3020800,2560000]
06-17 14:13:07.758756  1114  1129 I am_pss  : [7315,10173,com.jianshu.haruki,17639424,16162816]
06-17 14:13:07.793190  1114  1129 I am_pss  : [7163,10207,com.lufax.android,20942848,19255296]
06-17 14:13:07.823415  1114  1129 I am_pss  : [12730,10169,com.UCMobile:channel,11583488,9695232]
06-17 14:13:07.848315  1114  1129 I am_pss  : [3769,10167,com.mobike.mobikeapp,8547328,2613248]
06-17 14:13:07.870191  1114  1129 I am_pss  : [3695,1000,com.tct.endusertest:bdservice_v1,10297344,9134080]
06-17 14:13:07.890473  1114  1129 I am_pss  : [3806,1000,com.tct.endusertest,4441088,3854336]
06-17 14:13:07.920460  1114  1129 I am_pss  : [5368,10190,com.eg.android.AlipayGphone:push,18779136,16715776]
06-17 14:13:07.947119  1114  1129 I am_pss  : [3480,10203,com.tencent.gamehelper.smoba:xg_service_v2,10691584,9359360]
06-17 14:13:07.969597  1114  1129 I am_pss  : [6657,10085,android.process.acore,12391424,11476992]
06-17 14:13:08.008183  1114  1129 I am_pss  : [11138,10170,com.aiyingshi.activity,51858432,38666240]
06-17 14:13:08.037457  1114  1129 I am_pss  : [4253,10171,com.nfyg.hsbb,11820032,10543104]
06-17 14:13:08.098223  1114  1129 I am_pss  : [7115,10176,com.fanli.android.apps:push,14203904,13090816]
06-17 14:13:08.135962  1114  1129 I am_pss  : [2303,10176,com.fanli.android.apps,14456832,12955648]
06-17 14:13:08.157434  1114  1129 I am_pss  : [6190,1000,com.tct.diagnostics,12175360,11001856]
06-17 14:13:08.184898  1114  1129 I am_pss  : [7811,10161,com.tencent.mm:push,17100800,15917056]
06-17 14:13:08.211285  1114  1129 I am_pss  : [12796,10169,com.UCMobile,18507776,16896000]
06-17 14:13:08.243288  1114  1129 I am_pss  : [8821,10179,cmb.pb:pushservice,10043392,9224192]
06-17 14:13:08.274637  1114  1129 I am_pss  : [6662,10144,com.tcl.gc.china,31383552,23687168]
06-17 14:13:08.296161  1114  1129 I am_pss  : [6401,1000,com.tct.onetouchbooster,7451648,6508544]
06-17 14:13:08.319221  1114  1129 I am_pss  : [3217,10085,com.android.contacts,10836992,9740288]
06-17 14:13:08.338825  1114  1129 I am_pss  : [3236,10138,com.tct.wechat.proxy,1203200,778240]
06-17 14:13:08.339000 29609 29609 I auditd  : type=1400 audit(0.0:2762619): avc: denied { search } for comm="netstat" name="1" dev="proc" ino=12292 scontext=u:r:untrusted_app:s0:c512,c768 tcontext=u:r:init:s0 tclass=dir permissive=0
06-17 14:13:08.366732  1114  1129 I am_pss  : [10712,10157,com.ss.android.article.news:push,5940224,4132864]
06-17 14:13:08.391766  1114  1129 I am_pss  : [6226,10094,com.tct.gallery3d,4806656,4272128]
06-17 14:13:08.389000 29612 29612 I auditd  : type=1400 audit(0.0:2762620): avc: denied { search } for comm="netstat" name="1" dev="proc" ino=12292 scontext=u:r:untrusted_app:s0:c512,c768 tcontext=u:r:init:s0 tclass=dir permissive=0
06-17 14:13:08.416129  1114  1129 I am_pss  : [6121,1000,com.cmx.cmvirtualbox,3519488,2973696]
06-17 14:13:08.453454  1114  1129 I am_pss  : [7067,10177,cn.ninegame.gamemanager:channel,8779776,7507968]
06-17 14:13:08.477532  1114  1129 I am_pss  : [11703,10168,com.tencent.tmgp.sgame,8006656,7319552]
06-17 14:13:08.498079  1114  1129 I am_pss  : [10394,10097,com.android.mms,7809024,6516736]
06-17 14:13:08.538937  1114  1129 I am_pss  : [18839,10203,com.tencent.gamehelper.smoba:game,12565504,11100160]
06-17 14:13:08.566042  1114  1129 I am_pss  : [7613,10184,com.jrdcom.wearable.smartband2:Cloud,4558848,3846144]
06-17 14:13:08.595304  1114  1129 I am_pss  : [7719,10184,com.jrdcom.wearable.smartband2:Service,4264960,3506176]
06-17 14:13:08.625386  1114  1129 I am_pss  : [7949,10203,com.tencent.gamehelper.smoba:QALSERVICE,9940992,9019392]
06-17 14:13:08.675937  1114  1129 I am_pss  : [9525,10161,com.tencent.mm,21557248,19566592]
06-17 14:13:08.702164  1114  1129 I am_pss  : [6104,10179,cmb.pb:CMCoreService,6853632,6172672]
06-17 14:13:08.724027  1114  1129 I am_pss  : [18897,10174,com.xiaomi.gamecenter.sdk.service,12958720,11964416]
06-17 14:13:08.744208  1114  1129 I am_pss  : [8640,10146,com.tcl.account.china:sync,4067328,3522560]
06-17 14:13:08.772477  1114  1129 I am_pss  : [7940,10202,com.android.app.quanmama:pushservice,19582976,18202624]
06-17 14:13:08.801414  1114  1129 I am_pss  : [7916,10194,so.ofo.labofo:pushservice,13378560,12599296]
06-17 14:13:08.829578  1114  1129 I am_pss  : [7489,10173,com.jianshu.haruki:pushservice,14636032,13602816]
06-17 14:13:08.855135  1114  1129 I am_pss  : [4032,10167,com.mobike.mobikeapp:pushservice,18486272,16662528]
06-17 14:13:08.880264  1114  1129 I am_pss  : [3185,10191,com.iflytek.recinbox,4757504,4145152]
06-17 14:13:08.902798  1114  1129 I am_pss  : [28815,10171,com.nfyg.hsbb:remote,5220352,4149248]
06-17 14:13:08.921564  1114  1129 I am_pss  : [8673,10146,com.tcl.account.china:notes,2110464,1613824]
06-17 14:13:08.945654  1114  1129 I am_pss  : [8425,10150,com.moji.tcl:Skin,4203520,3686400]
06-17 14:13:08.974916  1114  1129 I am_pss  : [7298,10207,com.lufax.android:pushservice,13700096,12541952]
06-17 14:13:09.001879  1114  1129 I am_pss  : [7031,10179,cmb.pb:push,3520512,2916352]
06-17 14:13:09.020754  1114  1129 I am_pss  : [6474,1000,com.mediatek.atci.service,3975168,3502080]
06-17 14:13:09.046769  1114  1129 I am_pss  : [3689,10150,com.moji.tcl:pushservice,6788096,6070272]
06-17 14:13:09.068395  1114  1129 I am_pss  : [2514,10165,com.baidu.map.location,6737920,5996544]
06-17 14:13:09.087501  1114  1129 I am_pss  : [2104,1000,com.tcl.tkeyguard.setting,3598336,3096576]
06-17 14:13:09.116096  1114  1129 I am_pss  : [4647,10202,com.android.app.quanmama:channel,16977920,15503360]
06-17 14:13:09.269000 29634 29634 I auditd  : type=1400 audit(0.0:2762621): avc: denied { search } for comm="netstat" name="1" dev="proc" ino=12292 scontext=u:r:untrusted_app:s0:c512,c768 tcontext=u:r:init:s0 tclass=dir permissive=0
06-17 14:13:09.319000 29635 29635 I auditd  : type=1400 audit(0.0:2762622): avc: denied { search } for comm="netstat" name="1" dev="proc" ino=12292 scontext=u:r:untrusted_app:s0:c512,c768 tcontext=u:r:init:s0 tclass=dir permissive=0
06-17 14:13:09.369000 29640 29640 I auditd  : type=1400 audit(0.0:2762623): avc: denied { search } for comm="netstat" name="1" dev="proc" ino=12292 scontext=u:r:untrusted_app:s0:c512,c768 tcontext=u:r:init:s0 tclass=dir permissive=0
06-17 14:13:09.409000 29641 29641 I auditd  : type=1400 audit(0.0:2762624): avc: denied { search } for comm="netstat" name="1" dev="proc" ino=12292 scontext=u:r:untrusted_app:s0:c512,c768 tcontext=u:r:init:s0 tclass=dir permissive=0
06-17 14:13:09.790292  1114  1638 I am_home_stack_moved: [0,0,1,1,startingNewTask]
06-17 14:13:09.790376  1114  1638 I wm_task_moved: [667,1,3]
06-17 14:13:09.792742  1114  1638 I am_create_task: [0,669]
06-17 14:13:09.792871  1114  1638 I am_create_activity: [0,259038215,669,com.google.android.packageinstaller/com.android.packageinstaller.UninstallerActivity,android.intent.action.DELETE,NULL,package:jrdcom.com.anrdemo,276824064]
06-17 14:13:09.793784  1114  1638 I wm_task_created: [669,1]
06-17 14:13:09.793952  1114  1638 I wm_task_moved: [669,1,4]
06-17 14:13:09.795285  1114  1638 I am_pause_activity: [0,182215342,com.tcl.mie.tlauncher/com.android.launcher3.Launcher]
06-17 14:13:09.798022  1114  1638 I am_home_stack_moved: [0,0,1,1,startedActivity setFocusedActivity]
06-17 14:13:09.798147  1114  1638 I wm_task_moved: [669,1,4]
06-17 14:13:09.803563  1114  1638 I am_focused_activity: [0,com.google.android.packageinstaller/com.android.packageinstaller.UninstallerActivity]
06-17 14:13:09.816231  2451  2451 I am_on_paused_called: [0,com.android.launcher3.Launcher]
06-17 14:13:09.832579  1114  1968 I am_proc_start: [0,29646,10095,com.google.android.packageinstaller,activity,com.google.android.packageinstaller/com.android.packageinstaller.UninstallerActivity]
06-17 14:13:09.899000  5408  5408 I auditd  : type=1400 audit(0.0:2762625): avc: denied { getattr } for comm="rism_thread" path="/proc/1" dev="proc" ino=12292 scontext=u:r:untrusted_app:s0:c512,c768 tcontext=u:r:init:s0 tclass=dir permissive=0
06-17 14:13:09.899000  5408  5408 I auditd  : type=1400 audit(0.0:2762626): avc: denied { getattr } for comm="rism_thread" path="/proc/2" dev="proc" ino=15789 scontext=u:r:untrusted_app:s0:c512,c768 tcontext=u:r:kernel:s0 tclass=dir permissive=0
06-17 14:13:09.899000  5408  5408 I auditd  : type=1400 audit(0.0:2762627): avc: denied { getattr } for comm="rism_thread" path="/proc/3" dev="proc" ino=15790 scontext=u:r:untrusted_app:s0:c512,c768 tcontext=u:r:kernel:s0 tclass=dir permissive=0
06-17 14:13:09.899000  5408  5408 I auditd  : type=1400 audit(0.0:2762628): avc: denied { getattr } for comm="rism_thread" path="/proc/5" dev="proc" ino=15792 scontext=u:r:untrusted_app:s0:c512,c768 tcontext=u:r:kernel:s0 tclass=dir permissive=0
06-17 14:13:09.899000  5408  5408 I auditd  : type=1400 audit(0.0:2762629): avc: denied { getattr } for comm="rism_thread" path="/proc/7" dev="proc" ino=15794 scontext=u:r:untrusted_app:s0:c512,c768 tcontext=u:r:kernel:s0 tclass=dir permissive=0
06-17 14:13:09.899000  5408  5408 I auditd  : type=1400 audit(0.0:2762630): avc: denied { getattr } for comm="rism_thread" path="/proc/8" dev="proc" ino=15795 scontext=u:r:untrusted_app:s0:c512,c768 tcontext=u:r:kernel:s0 tclass=dir permissive=0
06-17 14:13:09.899000  5408  5408 I auditd  : type=1400 audit(0.0:2762631): avc: denied { getattr } for comm="rism_thread" path="/proc/9" dev="proc" ino=15796 scontext=u:r:untrusted_app:s0:c512,c768 tcontext=u:r:kernel:s0 tclass=dir permissive=0
06-17 14:13:09.899000  5408  5408 I auditd  : type=1400 audit(0.0:2762632): avc: denied { getattr } for comm="rism_thread" path="/proc/10" dev="proc" ino=15797 scontext=u:r:untrusted_app:s0:c512,c768 tcontext=u:r:kernel:s0 tclass=dir permissive=0
06-17 14:13:09.899000  5408  5408 I auditd  : type=1400 audit(0.0:2762633): avc: denied { getattr } for comm="rism_thread" path="/proc/11" dev="proc" ino=15798 scontext=u:r:untrusted_app:s0:c512,c768 tcontext=u:r:kernel:s0 tclass=dir permissive=0
06-17 14:13:09.899000  5408  5408 I auditd  : type=1400 audit(0.0:2762634): avc: denied { getattr } for comm="rism_thread" path="/proc/12" dev="proc" ino=15799 scontext=u:r:untrusted_app:s0:c512,c768 tcontext=u:r:kernel:s0 tclass=dir permissive=0
06-17 14:13:09.899000  5408  5408 I auditd  : type=1400 audit(0.0:2762635): avc: denied { getattr } for comm="rism_thread" path="/proc/14" dev="proc" ino=15801 scontext=u:r:untrusted_app:s0:c512,c768 tcontext=u:r:kernel:s0 tclass=dir permissive=0
06-17 14:13:09.899000  5408  5408 I auditd  : type=1400 audit(0.0:2762636): avc: denied { getattr } for comm="rism_thread" path="/proc/15" dev="proc" ino=15802 scontext=u:r:untrusted_app:s0:c512,c768 tcontext=u:r:kernel:s0 tclass=dir permissive=0
06-17 14:13:09.899000  5408  5408 I auditd  : type=1400 audit(0.0:2762637): avc: denied { getattr } for comm="rism_thread" path="/proc/16" dev="proc" ino=15803 scontext=u:r:untrusted_app:s0:c512,c768 tcontext=u:r:kernel:s0 tclass=dir permissive=0
06-17 14:13:09.899000  5408  5408 I auditd  : type=1400 audit(0.0:2762638): avc: denied { getattr } for comm="rism_thread" path="/proc/18" dev="proc" ino=15805 scontext=u:r:untrusted_app:s0:c512,c768 tcontext=u:r:kernel:s0 tclass=dir permissive=0
06-17 14:13:09.899000  5408  5408 I auditd  : type=1400 audit(0.0:2762639): avc: denied { getattr } for comm="rism_thread" path="/proc/19" dev="proc" ino=15806 scontext=u:r:untrusted_app:s0:c512,c768 tcontext=u:r:kernel:s0 tclass=dir permissive=0
06-17 14:13:09.899000  5408  5408 I auditd  : type=1400 audit(0.0:2762640): avc: denied { getattr } for comm="rism_thread" path="/proc/20" dev="proc" ino=15807 scontext=u:r:untrusted_app:s0:c512,c768 tcontext=u:r:kernel:s0 tclass=dir permissive=0
06-17 14:13:09.899000  5408  5408 I auditd  : type=1400 audit(0.0:2762641): avc: denied { getattr } for comm="rism_thread" path="/proc/22" dev="proc" ino=15809 scontext=u:r:untrusted_app:s0:c512,c768 tcontext=u:r:kernel:s0 tclass=dir permissive=0
06-17 14:13:09.899000  5408  5408 I auditd  : type=1400 audit(0.0:2762642): avc: denied { getattr } for comm="rism_thread" path="/proc/23" dev="proc" ino=15810 scontext=u:r:untrusted_app:s0:c512,c768 tcontext=u:r:kernel:s0 tclass=dir permissive=0
06-17 14:13:09.899000  5408  5408 I auditd  : type=1400 audit(0.0:2762643): avc: denied { getattr } for comm="rism_thread" path="/proc/24" dev="proc" ino=15811 scontext=u:r:untrusted_app:s0:c512,c768 tcontext=u:r:kernel:s0 tclass=dir permissive=0
06-17 14:13:09.899000  5408  5408 I auditd  : type=1400 audit(0.0:2762644): avc: denied { getattr } for comm="rism_thread" path="/proc/26" dev="proc" ino=15813 scontext=u:r:untrusted_app:s0:c512,c768 tcontext=u:r:kernel:s0 tclass=dir permissive=0
06-17 14:13:09.899000  5408  5408 I auditd  : type=1400 audit(0.0:2762645): avc: denied { getattr } for comm="rism_thread" path="/proc/27" dev="proc" ino=15814 scontext=u:r:untrusted_app:s0:c512,c768 tcontext=u:r:kernel:s0 tclass=dir permissive=0
06-17 14:13:09.899000  5408  5408 I auditd  : type=1400 audit(0.0:2762646): avc: denied { getattr } for comm="rism_thread" path="/proc/28" dev="proc" ino=15815 scontext=u:r:untrusted_app:s0:c512,c768 tcontext=u:r:kernel:s0 tclass=dir permissive=0
06-17 14:13:09.899000  5408  5408 I auditd  : type=1400 audit(0.0:2762647): avc: denied { getattr } for comm="rism_thread" path="/proc/30" dev="proc" ino=15817 scontext=u:r:untrusted_app:s0:c512,c768 tcontext=u:r:kernel:s0 tclass=dir permissive=0
06-17 14:13:09.899000  5408  5408 I auditd  : type=1400 audit(0.0:2762648): avc: denied { getattr } for comm="rism_thread" path="/proc/31" dev="proc" ino=15818 scontext=u:r:untrusted_app:s0:c512,c768 tcontext=u:r:kernel:s0 tclass=dir permissive=0
06-17 14:13:09.899000  5408  5408 I auditd  : type=1400 audit(0.0:2762649): avc: denied { getattr } for comm="rism_thread" path="/proc/32" dev="proc" ino=15819 scontext=u:r:untrusted_app:s0:c512,c768 tcontext=u:r:kernel:s0 tclass=dir permissive=0
06-17 14:13:09.899000  5408  5408 I auditd  : type=1400 audit(0.0:2762650): avc: denied { getattr } for comm="rism_thread" path="/proc/34" dev="proc" ino=15821 scontext=u:r:untrusted_app:s0:c512,c768 tcontext=u:r:kernel:s0 tclass=dir permissive=0
06-17 14:13:09.899000  5408  5408 I auditd  : type=1400 audit(0.0:2762651): avc: denied { getattr } for comm="rism_thread" path="/proc/35" dev="proc" ino=15822 scontext=u:r:untrusted_app:s0:c512,c768 tcontext=u:r:kernel:s0 tclass=dir permissive=0
06-17 14:13:09.899000  5408  5408 I auditd  : type=1400 audit(0.0:2762652): avc: denied { getattr } for comm="rism_thread" path="/proc/36" dev="proc" ino=15823 scontext=u:r:untrusted_app:s0:c512,c768 tcontext=u:r:kernel:s0 tclass=dir permissive=0
06-17 14:13:09.899000  5408  5408 I auditd  : type=1400 audit(0.0:2762653): avc: denied { getattr } for comm="rism_thread" path="/proc/38" dev="proc" ino=15825 scontext=u:r:untrusted_app:s0:c512,c768 tcontext=u:r:kernel:s0 tclass=dir permissive=0
06-17 14:13:09.899000  5408  5408 I auditd  : type=1400 audit(0.0:2762654): avc: denied { getattr } for comm="rism_thread" path="/proc/39" dev="proc" ino=15826 scontext=u:r:untrusted_app:s0:c512,c768 tcontext=u:r:kernel:s0 tclass=dir permissive=0
06-17 14:13:09.899000  5408  5408 I auditd  : type=1400 audit(0.0:2762655): avc: denied { getattr } for comm="rism_thread" path="/proc/40" dev="proc" ino=15827 scontext=u:r:untrusted_app:s0:c512,c768 tcontext=u:r:kernel:s0 tclass=dir permissive=0
06-17 14:13:09.899000  5408  5408 I auditd  : type=1400 audit(0.0:2762656): avc: denied { getattr } for comm="rism_thread" path="/proc/41" dev="proc" ino=15828 scontext=u:r:untrusted_app:s0:c512,c768 tcontext=u:r:kernel:s0 tclass=dir permissive=0
06-17 14:13:09.899000  5408  5408 I auditd  : type=1400 audit(0.0:2762657): avc: denied { getattr } for comm="rism_thread" path="/proc/42" dev="proc" ino=15829 scontext=u:r:untrusted_app:s0:c512,c768 tcontext=u:r:kernel:s0 tclass=dir permissive=0
06-17 14:13:09.899000  5408  5408 I auditd  : type=1400 audit(0.0:2762658): avc: denied { getattr } for comm="rism_thread" path="/proc/43" dev="proc" ino=15830 scontext=u:r:untrusted_app:s0:c512,c768 tcontext=u:r:kernel:s0 tclass=dir permissive=0
06-17 14:13:09.923853  1114  2626 I am_proc_bound: [0,29646,com.google.android.packageinstaller]
06-17 14:13:09.930384  1114  2626 I am_restart_activity: [0,259038215,669,com.google.android.packageinstaller/com.android.packageinstaller.UninstallerActivity]
06-17 14:13:09.931556  1114  2626 I am_focused_activity: [0,com.google.android.packageinstaller/com.android.packageinstaller.UninstallerActivity]
06-17 14:13:09.983351  1114  1129 I am_pss  : [7103,10177,cn.ninegame.gamemanager,17025024,15089664]
06-17 14:13:10.064005 29646 29646 I am_on_resume_called: [0,com.android.packageinstaller.UninstallerActivity]
06-17 14:13:10.270691  1114  1135 I am_activity_launch_time: [0,259038215,com.google.android.packageinstaller/com.android.packageinstaller.UninstallerActivity,453,453]
06-17 14:13:11.318480  1114  1135 I am_focused_activity: [0,com.google.android.packageinstaller/com.android.packageinstaller.UninstallerActivity]
06-17 14:13:11.329123  1114 18231 I am_home_stack_moved: [0,0,1,1,sourceStackToFront]
06-17 14:13:11.329187  1114 18231 I wm_task_moved: [669,1,4]
06-17 14:13:11.332980  1114 18231 I am_create_activity: [0,173971467,669,com.google.android.packageinstaller/com.android.packageinstaller.UninstallAppProgress,android.intent.action.VIEW,NULL,NULL,0]
06-17 14:13:11.333321  1114 18231 I am_pause_activity: [0,259038215,com.google.android.packageinstaller/com.android.packageinstaller.UninstallerActivity]
06-17 14:13:11.336237  1114 18231 I am_home_stack_moved: [0,0,1,1,startedActivity setFocusedActivity]
06-17 14:13:11.336305  1114 18231 I wm_task_moved: [669,1,4]
06-17 14:13:11.341027  1114 18231 I am_focused_activity: [0,com.google.android.packageinstaller/com.android.packageinstaller.UninstallAppProgress]
06-17 14:13:11.339000 29715 29715 I auditd  : type=1400 audit(0.0:2763017): avc: denied { search } for comm="netstat" name="1" dev="proc" ino=12292 scontext=u:r:untrusted_app:s0:c512,c768 tcontext=u:r:init:s0 tclass=dir permissive=0
06-17 14:13:11.353927 29646 29646 I am_on_paused_called: [0,com.android.packageinstaller.UninstallerActivity]
06-17 14:13:11.356661  1114  1684 I am_restart_activity: [0,173971467,669,com.google.android.packageinstaller/com.android.packageinstaller.UninstallAppProgress]
06-17 14:13:11.360558  1114  1684 I am_focused_activity: [0,com.google.android.packageinstaller/com.android.packageinstaller.UninstallAppProgress]
06-17 14:13:11.367034  1114  4890 I am_finish_activity: [0,259038215,669,com.google.android.packageinstaller/com.android.packageinstaller.UninstallerActivity,app-request]
06-17 14:13:11.367592  1114  4890 I am_destroy_activity: [0,259038215,669,com.google.android.packageinstaller/com.android.packageinstaller.UninstallerActivity,finish-imm]
06-17 14:13:11.369000 29718 29718 I auditd  : type=1400 audit(0.0:2763018): avc: denied { search } for comm="netstat" name="1" dev="proc" ino=12292 scontext=u:r:untrusted_app:s0:c512,c768 tcontext=u:r:init:s0 tclass=dir permissive=0
06-17 14:13:11.410655 29646 29646 I am_on_resume_called: [0,com.android.packageinstaller.UninstallAppProgress]
06-17 14:13:11.412171  1114  1130 I am_kill : [0,12374,jrdcom.com.anrdemo,0,stop jrdcom.com.anrdemo]
06-17 14:13:11.439000 29721 29721 I auditd  : type=1400 audit(0.0:2763019): avc: denied { search } for comm="netstat" name="1" dev="proc" ino=12292 scontext=u:r:untrusted_app:s0:c512,c768 tcontext=u:r:init:s0 tclass=dir permissive=0
06-17 14:13:11.469000 29722 29722 I auditd  : type=1400 audit(0.0:2763020): avc: denied { search } for comm="netstat" name="1" dev="proc" ino=12292 scontext=u:r:untrusted_app:s0:c512,c768 tcontext=u:r:init:s0 tclass=dir permissive=0
06-17 14:13:11.541975  1114  1130 I am_schedule_service_restart: [0,jrdcom.com.anrdemo/com.android.tools.fd.runtime.InstantRunService,10384]
06-17 14:13:11.542480   296   296 I sf_frame_dur: [jrdcom.com.anrdemo/jrdcom.com.anrdemo.MainActivity,1,0,2,0,0,0,1]
06-17 14:13:11.616717  1114  1130 I wm_task_removed: [667,removeAppToken: last token]
06-17 14:13:11.616809  1114  1130 I wm_task_removed: [667,removeTask]
06-17 14:13:11.642250   296   296 I sf_frame_dur: [com.google.android.packageinstaller/com.android.packageinstaller.UninstallerActivity,3,1,0,1,0,1,0]
06-17 14:13:11.759943  1114  1135 I am_activity_launch_time: [0,173971467,com.google.android.packageinstaller/com.android.packageinstaller.UninstallAppProgress,406,406]
06-17 14:13:11.950576  2451  2451 I force_gc: bg
06-17 14:13:11.956784  4873  4873 I force_gc: bg
06-17 14:13:11.963272  1332  1332 I force_gc: bg
06-17 14:13:11.964419  1710  1710 I force_gc: bg
06-17 14:13:11.973516  7315  7315 I force_gc: bg
06-17 14:13:11.975227 11138 11138 I force_gc: bg
06-17 14:13:11.991261  6662  6662 I force_gc: bg
06-17 14:13:12.052090  6657  6657 I force_gc: bg
06-17 14:13:12.084443  1114  1967 I am_finish_activity: [0,173971467,669,com.google.android.packageinstaller/com.android.packageinstaller.UninstallAppProgress,app-request]
06-17 14:13:12.086166  1114  1967 I am_home_stack_moved: [0,1,0,0,finishActivity adjustFocus setFocusedActivity]
06-17 14:13:12.086265  1114  1967 I wm_task_moved: [625,1,1]
06-17 14:13:12.092334  1114  1967 I am_focused_activity: [0,com.tcl.mie.tlauncher/com.android.launcher3.Launcher]
06-17 14:13:12.116221  1114  1967 I am_pause_activity: [0,173971467,com.google.android.packageinstaller/com.android.packageinstaller.UninstallAppProgress]
06-17 14:13:12.189094 29646 29646 I am_on_paused_called: [0,com.android.packageinstaller.UninstallAppProgress]
06-17 14:13:12.227764  1114  1114 I notification_cancel_all: [1000,1114,jrdcom.com.anrdemo,0,0,0,5,NULL]
06-17 14:13:12.369000 29744 29744 I auditd  : type=1400 audit(0.0:2763021): avc: denied { search } for comm="netstat" name="1" dev="proc" ino=12292 scontext=u:r:untrusted_app:s0:c512,c768 tcontext=u:r:init:s0 tclass=dir permissive=0
06-17 14:13:12.432948   296   296 I sf_frame_dur: [com.tcl.mie.tlauncher/com.android.launcher3.Launcher,73,34,2,0,2,0,0]
06-17 14:13:12.429000 29745 29745 I auditd  : type=1400 audit(0.0:2763022): avc: denied { search } for comm="netstat" name="1" dev="proc" ino=12292 scontext=u:r:untrusted_app:s0:c512,c768 tcontext=u:r:init:s0 tclass=dir permissive=0
06-17 14:13:12.449543  1114  2622 I am_resume_activity: [0,182215342,625,com.tcl.mie.tlauncher/com.android.launcher3.Launcher]
06-17 14:13:12.450692  1114  2622 I am_focused_activity: [0,com.tcl.mie.tlauncher/com.android.launcher3.Launcher]
06-17 14:13:12.469000  5408  5408 I auditd  : type=1400 audit(0.0:2763023): avc: denied { getattr } for comm="rism_thread" path="/proc/1" dev="proc" ino=12292 scontext=u:r:untrusted_app:s0:c512,c768 tcontext=u:r:init:s0 tclass=dir permissive=0
06-17 14:13:12.469000  5408  5408 I auditd  : type=1400 audit(0.0:2763024): avc: denied { getattr } for comm="rism_thread" path="/proc/2" dev="proc" ino=15789 scontext=u:r:untrusted_app:s0:c512,c768 tcontext=u:r:kernel:s0 tclass=dir permissive=0
06-17 14:13:12.469000  5408  5408 I auditd  : type=1400 audit(0.0:2763025): avc: denied { getattr } for comm="rism_thread" path="/proc/3" dev="proc" ino=15790 scontext=u:r:untrusted_app:s0:c512,c768 tcontext=u:r:kernel:s0 tclass=dir permissive=0
06-17 14:13:12.469000  5408  5408 I auditd  : type=1400 audit(0.0:2763026): avc: denied { getattr } for comm="rism_thread" path="/proc/5" dev="proc" ino=15792 scontext=u:r:untrusted_app:s0:c512,c768 tcontext=u:r:kernel:s0 tclass=dir permissive=0
06-17 14:13:12.469000  5408  5408 I auditd  : type=1400 audit(0.0:2763027): avc: denied { getattr } for comm="rism_thread" path="/proc/7" dev="proc" ino=15794 scontext=u:r:untrusted_app:s0:c512,c768 tcontext=u:r:kernel:s0 tclass=dir permissive=0
06-17 14:13:12.469000  5408  5408 I auditd  : type=1400 audit(0.0:2763028): avc: denied { getattr } for comm="rism_thread" path="/proc/8" dev="proc" ino=15795 scontext=u:r:untrusted_app:s0:c512,c768 tcontext=u:r:kernel:s0 tclass=dir permissive=0
06-17 14:13:12.469000  5408  5408 I auditd  : type=1400 audit(0.0:2763029): avc: denied { getattr } for comm="rism_thread" path="/proc/9" dev="proc" ino=15796 scontext=u:r:untrusted_app:s0:c512,c768 tcontext=u:r:kernel:s0 tclass=dir permissive=0
06-17 14:13:12.469000  5408  5408 I auditd  : type=1400 audit(0.0:2763030): avc: denied { getattr } for comm="rism_thread" path="/proc/10" dev="proc" ino=15797 scontext=u:r:untrusted_app:s0:c512,c768 tcontext=u:r:kernel:s0 tclass=dir permissive=0
06-17 14:13:12.469000  5408  5408 I auditd  : type=1400 audit(0.0:2763031): avc: denied { getattr } for comm="rism_thread" path="/proc/11" dev="proc" ino=15798 scontext=u:r:untrusted_app:s0:c512,c768 tcontext=u:r:kernel:s0 tclass=dir permissive=0
06-17 14:13:12.469000  5408  5408 I auditd  : type=1400 audit(0.0:2763032): avc: denied { getattr } for comm="rism_thread" path="/proc/12" dev="proc" ino=15799 scontext=u:r:untrusted_app:s0:c512,c768 tcontext=u:r:kernel:s0 tclass=dir permissive=0
06-17 14:13:12.469000  5408  5408 I auditd  : type=1400 audit(0.0:2763033): avc: denied { getattr } for comm="rism_thread" path="/proc/14" dev="proc" ino=15801 scontext=u:r:untrusted_app:s0:c512,c768 tcontext=u:r:kernel:s0 tclass=dir permissive=0
06-17 14:13:12.469000  5408  5408 I auditd  : type=1400 audit(0.0:2763034): avc: denied { getattr } for comm="rism_thread" path="/proc/15" dev="proc" ino=15802 scontext=u:r:untrusted_app:s0:c512,c768 tcontext=u:r:kernel:s0 tclass=dir permissive=0
06-17 14:13:12.469000  5408  5408 I auditd  : type=1400 audit(0.0:2763035): avc: denied { getattr } for comm="rism_thread" path="/proc/16" dev="proc" ino=15803 scontext=u:r:untrusted_app:s0:c512,c768 tcontext=u:r:kernel:s0 tclass=dir permissive=0
06-17 14:13:12.469000  5408  5408 I auditd  : type=1400 audit(0.0:2763036): avc: denied { getattr } for comm="rism_thread" path="/proc/18" dev="proc" ino=15805 scontext=u:r:untrusted_app:s0:c512,c768 tcontext=u:r:kernel:s0 tclass=dir permissive=0
06-17 14:13:12.469000  5408  5408 I auditd  : type=1400 audit(0.0:2763037): avc: denied { getattr } for comm="rism_thread" path="/proc/19" dev="proc" ino=15806 scontext=u:r:untrusted_app:s0:c512,c768 tcontext=u:r:kernel:s0 tclass=dir permissive=0
06-17 14:13:12.469000  5408  5408 I auditd  : type=1400 audit(0.0:2763038): avc: denied { getattr } for comm="rism_thread" path="/proc/20" dev="proc" ino=15807 scontext=u:r:untrusted_app:s0:c512,c768 tcontext=u:r:kernel:s0 tclass=dir permissive=0
06-17 14:13:12.469000  5408  5408 I auditd  : type=1400 audit(0.0:2763039): avc: denied { getattr } for comm="rism_thread" path="/proc/22" dev="proc" ino=15809 scontext=u:r:untrusted_app:s0:c512,c768 tcontext=u:r:kernel:s0 tclass=dir permissive=0
06-17 14:13:12.469000  5408  5408 I auditd  : type=1400 audit(0.0:2763040): avc: denied { getattr } for comm="rism_thread" path="/proc/23" dev="proc" ino=15810 scontext=u:r:untrusted_app:s0:c512,c768 tcontext=u:r:kernel:s0 tclass=dir permissive=0
06-17 14:13:12.469000  5408  5408 I auditd  : type=1400 audit(0.0:2763041): avc: denied { getattr } for comm="rism_thread" path="/proc/24" dev="proc" ino=15811 scontext=u:r:untrusted_app:s0:c512,c768 tcontext=u:r:kernel:s0 tclass=dir permissive=0
06-17 14:13:12.469000  5408  5408 I auditd  : type=1400 audit(0.0:2763042): avc: denied { getattr } for comm="rism_thread" path="/proc/26" dev="proc" ino=15813 scontext=u:r:untrusted_app:s0:c512,c768 tcontext=u:r:kernel:s0 tclass=dir permissive=0
06-17 14:13:12.469000  5408  5408 I auditd  : type=1400 audit(0.0:2763043): avc: denied { getattr } for comm="rism_thread" path="/proc/27" dev="proc" ino=15814 scontext=u:r:untrusted_app:s0:c512,c768 tcontext=u:r:kernel:s0 tclass=dir permissive=0
06-17 14:13:12.469000  5408  5408 I auditd  : type=1400 audit(0.0:2763044): avc: denied { getattr } for comm="rism_thread" path="/proc/28" dev="proc" ino=15815 scontext=u:r:untrusted_app:s0:c512,c768 tcontext=u:r:kernel:s0 tclass=dir permissive=0
06-17 14:13:12.469000  5408  5408 I auditd  : type=1400 audit(0.0:2763045): avc: denied { getattr } for comm="rism_thread" path="/proc/30" dev="proc" ino=15817 scontext=u:r:untrusted_app:s0:c512,c768 tcontext=u:r:kernel:s0 tclass=dir permissive=0
06-17 14:13:12.469000  5408  5408 I auditd  : type=1400 audit(0.0:2763046): avc: denied { getattr } for comm="rism_thread" path="/proc/31" dev="proc" ino=15818 scontext=u:r:untrusted_app:s0:c512,c768 tcontext=u:r:kernel:s0 tclass=dir permissive=0
06-17 14:13:12.469000  5408  5408 I auditd  : type=1400 audit(0.0:2763047): avc: denied { getattr } for comm="rism_thread" path="/proc/32" dev="proc" ino=15819 scontext=u:r:untrusted_app:s0:c512,c768 tcontext=u:r:kernel:s0 tclass=dir permissive=0
06-17 14:13:12.469000  5408  5408 I auditd  : type=1400 audit(0.0:2763048): avc: denied { getattr } for comm="rism_thread" path="/proc/34" dev="proc" ino=15821 scontext=u:r:untrusted_app:s0:c512,c768 tcontext=u:r:kernel:s0 tclass=dir permissive=0
06-17 14:13:12.469000  5408  5408 I auditd  : type=1400 audit(0.0:2763049): avc: denied { getattr } for comm="rism_thread" path="/proc/35" dev="proc" ino=15822 scontext=u:r:untrusted_app:s0:c512,c768 tcontext=u:r:kernel:s0 tclass=dir permissive=0
06-17 14:13:12.469000  5408  5408 I auditd  : type=1400 audit(0.0:2763050): avc: denied { getattr } for comm="rism_thread" path="/proc/36" dev="proc" ino=15823 scontext=u:r:untrusted_app:s0:c512,c768 tcontext=u:r:kernel:s0 tclass=dir permissive=0
06-17 14:13:12.469000  5408  5408 I auditd  : type=1400 audit(0.0:2763051): avc: denied { getattr } for comm="rism_thread" path="/proc/38" dev="proc" ino=15825 scontext=u:r:untrusted_app:s0:c512,c768 tcontext=u:r:kernel:s0 tclass=dir permissive=0
06-17 14:13:12.469000  5408  5408 I auditd  : type=1400 audit(0.0:2763052): avc: denied { getattr } for comm="rism_thread" path="/proc/39" dev="proc" ino=15826 scontext=u:r:untrusted_app:s0:c512,c768 tcontext=u:r:kernel:s0 tclass=dir permissive=0
06-17 14:13:12.469000  5408  5408 I auditd  : type=1400 audit(0.0:2763053): avc: denied { getattr } for comm="rism_thread" path="/proc/40" dev="proc" ino=15827 scontext=u:r:untrusted_app:s0:c512,c768 tcontext=u:r:kernel:s0 tclass=dir permissive=0
06-17 14:13:12.469000  5408  5408 I auditd  : type=1400 audit(0.0:2763054): avc: denied { getattr } for comm="rism_thread" path="/proc/41" dev="proc" ino=15828 scontext=u:r:untrusted_app:s0:c512,c768 tcontext=u:r:kernel:s0 tclass=dir permissive=0
06-17 14:13:12.469000  5408  5408 I auditd  : type=1400 audit(0.0:2763055): avc: denied { getattr } for comm="rism_thread" path="/proc/42" dev="proc" ino=15829 scontext=u:r:untrusted_app:s0:c512,c768 tcontext=u:r:kernel:s0 tclass=dir permissive=0
06-17 14:13:12.469000  5408  5408 I auditd  : type=1400 audit(0.0:2763056): avc: denied { getattr } for comm="rism_thread" path="/proc/43" dev="proc" ino=15830 scontext=u:r:untrusted_app:s0:c512,c768 tcontext=u:r:kernel:s0 tclass=dir permissive=0
06-17 14:13:12.488063  1114  1255 I netstats_mobile_sample: [26174632,69414,10245944,79316,26174632,69414,10246270,79338,26174632,69414,59371558,829104,-1]
06-17 14:13:12.488612  1114  1255 I netstats_wifi_sample: [26340861,55461,9264365,88854,25459391,51747,7976651,76754,25459391,51747,46380233,982988,-1]
06-17 14:13:12.508469  2451  2451 I am_on_resume_called: [0,com.android.launcher3.Launcher]
06-17 14:13:12.708963  1114  2622 I am_destroy_activity: [0,173971467,669,com.google.android.packageinstaller/com.android.packageinstaller.UninstallAppProgress,finish-idle]
06-17 14:13:12.746994  1114  1114 I notification_cancel: [10144,6662,com.tcl.gc.china,1013,NULL,0,0,64,8,NULL]
06-17 14:13:12.748451  1114  1114 I notification_cancel: [10144,6662,com.tcl.gc.china,1013,NULL,0,0,64,8,NULL]
06-17 14:13:12.883233  1114  1968 I battery_status: [4,2,1,0,Li-ion]
06-17 14:13:12.894077  1114  1114 I notification_cancel: [10103,1332,com.android.systemui,2131623969,low_battery,-1,0,64,8,NULL]
06-17 14:13:13.132094  1114  1135 I wm_task_removed: [669,removeAppToken: last token]
06-17 14:13:13.132198  1114  1135 I wm_task_removed: [669,removeTask]
06-17 14:13:13.158526   296   296 I sf_frame_dur: [com.google.android.packageinstaller/com.android.packageinstaller.UninstallAppProgress,0,1,0,0,0,0,0]
06-17 14:13:13.297627  1114  1114 I am_proc_start: [0,29802,10116,com.android.documentsui,broadcast,com.android.documentsui/.PackageReceiver]
06-17 14:13:13.438245  1114 21938 I am_proc_bound: [0,29802,com.android.documentsui]
06-17 14:13:13.509700  1114  2626 I battery_status: [2,2,1,2,Li-ion]
06-17 14:13:13.559000 29817 29817 I auditd  : type=1400 audit(0.0:2763415): avc: denied { search } for comm="netstat" name="1" dev="proc" ino=12292 scontext=u:r:untrusted_app:s0:c512,c768 tcontext=u:r:init:s0 tclass=dir permissive=0
06-17 14:13:13.569000 29818 29818 I auditd  : type=1400 audit(0.0:2763416): avc: denied { search } for comm="netstat" name="1" dev="proc" ino=12292 scontext=u:r:untrusted_app:s0:c512,c768 tcontext=u:r:init:s0 tclass=dir permissive=0
06-17 14:13:13.585193  1114  1114 I notification_cancel: [10103,1332,com.android.systemui,2131623969,low_battery,-1,0,64,8,NULL]
06-17 14:13:13.615303  1114  2624 I am_proc_start: [0,29819,10091,com.android.externalstorage,content provider,com.android.externalstorage/.ExternalStorageProvider]
06-17 14:13:13.685165  1114  1128 I am_proc_start: [0,29824,10176,com.fanli.android.apps:xg_service_v2,broadcast,com.fanli.android.apps/com.tencent.android.tpush.XGPushReceiver]
06-17 14:13:13.762924  1114  1114 I notification_cancel: [10103,1332,com.android.systemui,2131623969,low_battery,-1,0,64,8,NULL]
06-17 14:13:13.802991  1114  1684 I am_proc_bound: [0,29819,com.android.externalstorage]
06-17 14:13:13.805791  1114  1684 I am_kill : [0,26677,com.jrdcom.wearable.smartband2:LOG,15,empty #17]
06-17 14:13:13.867545  1114  1124 I am_proc_bound: [0,29824,com.fanli.android.apps:xg_service_v2]
06-17 14:13:13.873078  1114  4890 I am_proc_died: [0,26677,com.jrdcom.wearable.smartband2:LOG]
06-17 14:13:13.928967  1114  2620 I am_proc_start: [0,29852,2000,com.android.shell,content provider,com.android.shell/.BugreportStorageProvider]
06-17 14:13:14.021002  1114  2622 I am_proc_start: [0,29860,1000,com.fw.upgrade.sysoper,broadcast,com.fw.upgrade.sysoper/com.adups.fota.sysoper.TaskReceiver]
06-17 14:13:14.059128  1114 21938 I am_proc_bound: [0,29852,com.android.shell]
06-17 14:13:14.064441  1114 21938 I am_kill : [0,11173,com.aiyingshi.activity:remote,15,empty #17]
06-17 14:13:14.133790  1114  1124 I am_proc_died: [0,11173,com.aiyingshi.activity:remote]
06-17 14:13:14.135980  1114  1968 I am_proc_bound: [0,29860,com.fw.upgrade.sysoper]
06-17 14:13:14.268232  1114  2618 I am_proc_died: [0,29860,com.fw.upgrade.sysoper]
06-17 14:13:14.409000 29896 29896 I auditd  : type=1400 audit(0.0:2763417): avc: denied { search } for comm="netstat" name="1" dev="proc" ino=12292 scontext=u:r:untrusted_app:s0:c512,c768 tcontext=u:r:init:s0 tclass=dir permissive=0
06-17 14:13:14.479000 29897 29897 I auditd  : type=1400 audit(0.0:2763418): avc: denied { search } for comm="netstat" name="1" dev="proc" ino=12292 scontext=u:r:untrusted_app:s0:c512,c768 tcontext=u:r:init:s0 tclass=dir permissive=0
06-17 14:13:14.609000 29898 29898 I auditd  : type=1400 audit(0.0:2763419): avc: denied { search } for comm="netstat" name="1" dev="proc" ino=12292 scontext=u:r:untrusted_app:s0:c512,c768 tcontext=u:r:init:s0 tclass=dir permissive=0
06-17 14:13:14.619000 29899 29899 I auditd  : type=1400 audit(0.0:2763420): avc: denied { search } for comm="netstat" name="1" dev="proc" ino=12292 scontext=u:r:untrusted_app:s0:c512,c768 tcontext=u:r:init:s0 tclass=dir permissive=0
06-17 14:13:15.029000  5408  5408 I auditd  : type=1400 audit(0.0:2763421): avc: denied { getattr } for comm="rism_thread" path="/proc/1" dev="proc" ino=12292 scontext=u:r:untrusted_app:s0:c512,c768 tcontext=u:r:init:s0 tclass=dir permissive=0
06-17 14:13:15.029000  5408  5408 I auditd  : type=1400 audit(0.0:2763422): avc: denied { getattr } for comm="rism_thread" path="/proc/2" dev="proc" ino=15789 scontext=u:r:untrusted_app:s0:c512,c768 tcontext=u:r:kernel:s0 tclass=dir permissive=0
06-17 14:13:15.029000  5408  5408 I auditd  : type=1400 audit(0.0:2763423): avc: denied { getattr } for comm="rism_thread" path="/proc/3" dev="proc" ino=15790 scontext=u:r:untrusted_app:s0:c512,c768 tcontext=u:r:kernel:s0 tclass=dir permissive=0
06-17 14:13:15.029000  5408  5408 I auditd  : type=1400 audit(0.0:2763424): avc: denied { getattr } for comm="rism_thread" path="/proc/5" dev="proc" ino=15792 scontext=u:r:untrusted_app:s0:c512,c768 tcontext=u:r:kernel:s0 tclass=dir permissive=0
06-17 14:13:15.029000  5408  5408 I auditd  : type=1400 audit(0.0:2763425): avc: denied { getattr } for comm="rism_thread" path="/proc/7" dev="proc" ino=15794 scontext=u:r:untrusted_app:s0:c512,c768 tcontext=u:r:kernel:s0 tclass=dir permissive=0
06-17 14:13:15.029000  5408  5408 I auditd  : type=1400 audit(0.0:2763426): avc: denied { getattr } for comm="rism_thread" path="/proc/8" dev="proc" ino=15795 scontext=u:r:untrusted_app:s0:c512,c768 tcontext=u:r:kernel:s0 tclass=dir permissive=0
06-17 14:13:15.029000  5408  5408 I auditd  : type=1400 audit(0.0:2763427): avc: denied { getattr } for comm="rism_thread" path="/proc/9" dev="proc" ino=15796 scontext=u:r:untrusted_app:s0:c512,c768 tcontext=u:r:kernel:s0 tclass=dir permissive=0
