06-17 14:12:39.999000 28756 28756 I auditd  : type=1400 audit(0.0:2756033): avc: denied { search } for comm="netstat" name="1" dev="proc" ino=12292 scontext=u:r:untrusted_app:s0:c512,c768 tcontext=u:r:init:s0 tclass=dir permissive=0
06-17 14:12:41.059000 28772 28772 I auditd  : type=1400 audit(0.0:2756034): avc: denied { search } for comm="netstat" name="1" dev="proc" ino=12292 scontext=u:r:untrusted_app:s0:c512,c768 tcontext=u:r:init:s0 tclass=dir permissive=0
06-17 14:12:41.069000 28771 28771 I auditd  : type=1400 audit(0.0:2756035): avc: denied { search } for comm="netstat" name="1" dev="proc" ino=12292 scontext=u:r:untrusted_app:s0:c512,c768 tcontext=u:r:init:s0 tclass=dir permissive=0
06-17 14:12:41.069000 28774 28774 I auditd  : type=1400 audit(0.0:2756036): avc: denied { search } for comm="netstat" name="1" dev="proc" ino=12292 scontext=u:r:untrusted_app:s0:c512,c768 tcontext=u:r:init:s0 tclass=dir permissive=0
06-17 14:12:41.069000 28773 28773 I auditd  : type=1400 audit(0.0:2756037): avc: denied { search } for comm="netstat" name="1" dev="proc" ino=12292 scontext=u:r:untrusted_app:s0:c512,c768 tcontext=u:r:init:s0 tclass=dir permissive=0
06-17 14:12:42.129000 28793 28793 I auditd  : type=1400 audit(0.0:2756038): avc: denied { search } for comm="netstat" name="1" dev="proc" ino=12292 scontext=u:r:untrusted_app:s0:c512,c768 tcontext=u:r:init:s0 tclass=dir permissive=0
06-17 14:12:42.139000 28792 28792 I auditd  : type=1400 audit(0.0:2756039): avc: denied { search } for comm="netstat" name="1" dev="proc" ino=12292 scontext=u:r:untrusted_app:s0:c512,c768 tcontext=u:r:init:s0 tclass=dir permissive=0
06-17 14:12:42.139000 28794 28794 I auditd  : type=1400 audit(0.0:2756040): avc: denied { search } for comm="netstat" name="1" dev="proc" ino=12292 scontext=u:r:untrusted_app:s0:c512,c768 tcontext=u:r:init:s0 tclass=dir permissive=0
06-17 14:12:42.139000 28791 28791 I auditd  : type=1400 audit(0.0:2756041): avc: denied { search } for comm="netstat" name="1" dev="proc" ino=12292 scontext=u:r:untrusted_app:s0:c512,c768 tcontext=u:r:init:s0 tclass=dir permissive=0
06-17 14:12:43.189000 28811 28811 I auditd  : type=1400 audit(0.0:2756042): avc: denied { search } for comm="netstat" name="1" dev="proc" ino=12292 scontext=u:r:untrusted_app:s0:c512,c768 tcontext=u:r:init:s0 tclass=dir permissive=0
06-17 14:12:43.199000 28812 28812 I auditd  : type=1400 audit(0.0:2756043): avc: denied { search } for comm="netstat" name="1" dev="proc" ino=12292 scontext=u:r:untrusted_app:s0:c512,c768 tcontext=u:r:init:s0 tclass=dir permissive=0
06-17 14:12:43.199000 28814 28814 I auditd  : type=1400 audit(0.0:2756044): avc: denied { search } for comm="netstat" name="1" dev="proc" ino=12292 scontext=u:r:untrusted_app:s0:c512,c768 tcontext=u:r:init:s0 tclass=dir permissive=0
06-17 14:12:43.199000 28813 28813 I auditd  : type=1400 audit(0.0:2756045): avc: denied { search } for comm="netstat" name="1" dev="proc" ino=12292 scontext=u:r:untrusted_app:s0:c512,c768 tcontext=u:r:init:s0 tclass=dir permissive=0
06-17 14:12:44.249000 28850 28850 I auditd  : type=1400 audit(0.0:2756046): avc: denied { search } for comm="netstat" name="1" dev="proc" ino=12292 scontext=u:r:untrusted_app:s0:c512,c768 tcontext=u:r:init:s0 tclass=dir permissive=0
06-17 14:12:44.259000 28849 28849 I auditd  : type=1400 audit(0.0:2756047): avc: denied { search } for comm="netstat" name="1" dev="proc" ino=12292 scontext=u:r:untrusted_app:s0:c512,c768 tcontext=u:r:init:s0 tclass=dir permissive=0
06-17 14:12:44.269000 28848 28848 I auditd  : type=1400 audit(0.0:2756048): avc: denied { search } for comm="netstat" name="1" dev="proc" ino=12292 scontext=u:r:untrusted_app:s0:c512,c768 tcontext=u:r:init:s0 tclass=dir permissive=0
06-17 14:12:44.269000 28851 28851 I auditd  : type=1400 audit(0.0:2756049): avc: denied { search } for comm="netstat" name="1" dev="proc" ino=12292 scontext=u:r:untrusted_app:s0:c512,c768 tcontext=u:r:init:s0 tclass=dir permissive=0
06-17 14:12:44.978575  1114  1114 I power_screen_state: [1,0,0,0]
06-17 14:12:44.978671  1114  1114 I screen_toggled: 1
06-17 14:12:44.978992  1114  1114 I power_screen_broadcast_send: 1
06-17 14:12:44.982457  1332  1332 I sysui_histogram: [note_load,29]
06-17 14:12:44.983167  1114  2622 I notification_panel_revealed: 29
06-17 14:12:44.987607  1114  1968 I notification_visibility: [0|com.ss.android.article.news|1644087|app_notify|10157,1,24008511,24008511,0,2]
06-17 14:12:44.987730  1114  1968 I notification_visibility: [0|com.UCMobile|1000|null|10169,1,190721307,18630381,0,1]
06-17 14:12:44.987806  1114  1968 I notification_visibility: [0|com.UCMobile|20003|null|10169,1,88907306,10283769,0,0]
06-17 14:12:45.186679  1114  1129 I am_pss  : [1114,1000,system,126169088,120989696]
06-17 14:12:45.214099  1114  1129 I am_pss  : [2592,10125,com.mediatek.apst.target,2260992,1794048]
06-17 14:12:45.251639  1114  1129 I am_pss  : [2580,1000,com.mediatek.voiceextension,2075648,1576960]
06-17 14:12:45.369000 28873 28873 I auditd  : type=1400 audit(0.0:2756050): avc: denied { search } for comm="netstat" name="1" dev="proc" ino=12292 scontext=u:r:untrusted_app:s0:c512,c768 tcontext=u:r:init:s0 tclass=dir permissive=0
06-17 14:12:45.439000 28874 28874 I auditd  : type=1400 audit(0.0:2756051): avc: denied { search } for comm="netstat" name="1" dev="proc" ino=12292 scontext=u:r:untrusted_app:s0:c512,c768 tcontext=u:r:init:s0 tclass=dir permissive=0
06-17 14:12:45.479000 28875 28875 I auditd  : type=1400 audit(0.0:2756052): avc: denied { search } for comm="netstat" name="1" dev="proc" ino=12292 scontext=u:r:untrusted_app:s0:c512,c768 tcontext=u:r:init:s0 tclass=dir permissive=0
06-17 14:12:45.479000 28872 28872 I auditd  : type=1400 audit(0.0:2756053): avc: denied { search } for comm="netstat" name="1" dev="proc" ino=12292 scontext=u:r:untrusted_app:s0:c512,c768 tcontext=u:r:init:s0 tclass=dir permissive=0
06-17 14:12:45.504267  1114  1129 I am_pss  : [2570,10128,com.waves.maxxservice,4169728,3575808]
06-17 14:12:45.525889  1114  1129 I am_pss  : [2564,1001,com.mediatek.wfo.impl,6231040,5599232]
06-17 14:12:45.545074  1114  1129 I am_pss  : [2559,1000,com.goodix.fingerprint,2355200,1855488]
06-17 14:12:45.564954   296   296 I sf_frame_dur: [ColorFade,26,0,1,0,0,0,0]
06-17 14:12:45.568629  1114  1129 I am_pss  : [2554,1001,com.mediatek.ims,8572928,7925760]
06-17 14:12:45.590302  1114  1129 I am_pss  : [2549,1001,com.mediatek.gba,2348032,1863680]
06-17 14:12:45.629232  1114  1129 I am_pss  : [2544,1001,com.android.phone,31504384,29405184]
06-17 14:12:45.672810  1114  1129 I am_pss  : [1332,10103,com.android.systemui,122605568,118079488]
06-17 14:12:45.801486  1114  1638 I battery_status: [4,2,1,0,Li-ion]
06-17 14:12:45.813588  1114  1114 I notification_cancel: [10103,1332,com.android.systemui,2131623969,low_battery,-1,0,64,8,NULL]
06-17 14:12:45.866744  1114  1124 I am_proc_start: [0,28895,10176,com.fanli.android.apps:xg_service_v2,broadcast,com.fanli.android.apps/com.tencent.android.tpush.XGPushReceiver]
06-17 14:12:45.928530  1114  1114 I power_screen_broadcast_done: [1,949,1]
06-17 14:12:46.013890  1114 21938 I am_proc_bound: [0,28895,com.fanli.android.apps:xg_service_v2]
06-17 14:12:46.172119  1114  2618 I am_proc_start: [0,28931,1000,com.fw.upgrade.sysoper,broadcast,com.fw.upgrade.sysoper/com.adups.fota.sysoper.TaskReceiver]
06-17 14:12:46.299142  1114 21938 I am_proc_bound: [0,28931,com.fw.upgrade.sysoper]
06-17 14:12:46.419000 28946 28946 I auditd  : type=1400 audit(0.0:2756054): avc: denied { search } for comm="netstat" name="1" dev="proc" ino=12292 scontext=u:r:untrusted_app:s0:c512,c768 tcontext=u:r:init:s0 tclass=dir permissive=0
06-17 14:12:46.446338  1114  2621 I battery_status: [2,2,1,2,Li-ion]
06-17 14:12:46.569000 28949 28949 I auditd  : type=1400 audit(0.0:2756055): avc: denied { search } for comm="netstat" name="1" dev="proc" ino=12292 scontext=u:r:untrusted_app:s0:c512,c768 tcontext=u:r:init:s0 tclass=dir permissive=0
06-17 14:12:46.609000 28950 28950 I auditd  : type=1400 audit(0.0:2756056): avc: denied { search } for comm="netstat" name="1" dev="proc" ino=12292 scontext=u:r:untrusted_app:s0:c512,c768 tcontext=u:r:init:s0 tclass=dir permissive=0
06-17 14:12:46.624552  1332  1332 I sysui_lockscreen_gesture: [1,139,3121]
06-17 14:12:46.629000 28947 28947 I auditd  : type=1400 audit(0.0:2756057): avc: denied { search } for comm="netstat" name="1" dev="proc" ino=12292 scontext=u:r:untrusted_app:s0:c512,c768 tcontext=u:r:init:s0 tclass=dir permissive=0
06-17 14:12:46.670506  1114  1967 I am_proc_died: [0,28931,com.fw.upgrade.sysoper]
06-17 14:12:46.759045  1114  1114 I notification_cancel: [10103,1332,com.android.systemui,2131623969,low_battery,-1,0,64,8,NULL]
06-17 14:12:46.767483  1114  1638 I notification_visibility: [0|com.ss.android.article.news|1644087|app_notify|10157,0,24010291,24010291,0,2]
06-17 14:12:46.770622  1114  1114 I notification_cancel: [10103,1332,com.android.systemui,2131623969,low_battery,-1,0,64,8,NULL]
06-17 14:12:46.817587  1114  1967 I notification_visibility: [0|com.UCMobile|1000|null|10169,0,190723137,18632211,0,1]
06-17 14:12:46.817663  1114  1967 I notification_visibility: [0|com.UCMobile|20003|null|10169,0,88909136,10285599,0,0]
06-17 14:12:46.817978  1114  1128 I notification_panel_hidden: []
06-17 14:12:46.819418  1332  1332 I screen_toggled: 2
06-17 14:12:46.820671  1332  1332 I screen_toggled: 2
06-17 14:12:46.827361  1114  2624 I am_resume_activity: [0,69379746,661,com.mediatek.mtklogger/.MainActivity]
06-17 14:12:46.833860  1114  2624 I am_focused_activity: [0,com.mediatek.mtklogger/.MainActivity]
06-17 14:12:46.844023 14813 14813 I am_on_resume_called: [0,com.mediatek.mtklogger.MainActivity]
06-17 14:12:46.879565  1114  2620 I notification_expansion: [0|com.UCMobile|20003|null|10169,0,1,88909198,10285661,1892]
06-17 14:12:46.881217  1114  1124 I notification_expansion: [0|com.UCMobile|1000|null|10169,0,1,190723201,18632275,1894]
06-17 14:12:46.894748  1332  1332 I sysui_status_bar_state: [0,0,0,0,0,1]
06-17 14:12:46.919000  5408  5408 I auditd  : type=1400 audit(0.0:2756058): avc: denied { getattr } for comm="rism_thread" path="/proc/1" dev="proc" ino=12292 scontext=u:r:untrusted_app:s0:c512,c768 tcontext=u:r:init:s0 tclass=dir permissive=0
06-17 14:12:46.919000  5408  5408 I auditd  : type=1400 audit(0.0:2756059): avc: denied { getattr } for comm="rism_thread" path="/proc/2" dev="proc" ino=15789 scontext=u:r:untrusted_app:s0:c512,c768 tcontext=u:r:kernel:s0 tclass=dir permissive=0
06-17 14:12:46.919000  5408  5408 I auditd  : type=1400 audit(0.0:2756060): avc: denied { getattr } for comm="rism_thread" path="/proc/3" dev="proc" ino=15790 scontext=u:r:untrusted_app:s0:c512,c768 tcontext=u:r:kernel:s0 tclass=dir permissive=0
06-17 14:12:46.919000  5408  5408 I auditd  : type=1400 audit(0.0:2756061): avc: denied { getattr } for comm="rism_thread" path="/proc/5" dev="proc" ino=15792 scontext=u:r:untrusted_app:s0:c512,c768 tcontext=u:r:kernel:s0 tclass=dir permissive=0
06-17 14:12:46.919000  5408  5408 I auditd  : type=1400 audit(0.0:2756062): avc: denied { getattr } for comm="rism_thread" path="/proc/7" dev="proc" ino=15794 scontext=u:r:untrusted_app:s0:c512,c768 tcontext=u:r:kernel:s0 tclass=dir permissive=0
06-17 14:12:46.919000  5408  5408 I auditd  : type=1400 audit(0.0:2756063): avc: denied { getattr } for comm="rism_thread" path="/proc/8" dev="proc" ino=15795 scontext=u:r:untrusted_app:s0:c512,c768 tcontext=u:r:kernel:s0 tclass=dir permissive=0
06-17 14:12:46.919000  5408  5408 I auditd  : type=1400 audit(0.0:2756064): avc: denied { getattr } for comm="rism_thread" path="/proc/9" dev="proc" ino=15796 scontext=u:r:untrusted_app:s0:c512,c768 tcontext=u:r:kernel:s0 tclass=dir permissive=0
06-17 14:12:46.919000  5408  5408 I auditd  : type=1400 audit(0.0:2756065): avc: denied { getattr } for comm="rism_thread" path="/proc/10" dev="proc" ino=15797 scontext=u:r:untrusted_app:s0:c512,c768 tcontext=u:r:kernel:s0 tclass=dir permissive=0
06-17 14:12:46.919000  5408  5408 I auditd  : type=1400 audit(0.0:2756066): avc: denied { getattr } for comm="rism_thread" path="/proc/11" dev="proc" ino=15798 scontext=u:r:untrusted_app:s0:c512,c768 tcontext=u:r:kernel:s0 tclass=dir permissive=0
06-17 14:12:46.919000  5408  5408 I auditd  : type=1400 audit(0.0:2756067): avc: denied { getattr } for comm="rism_thread" path="/proc/12" dev="proc" ino=15799 scontext=u:r:untrusted_app:s0:c512,c768 tcontext=u:r:kernel:s0 tclass=dir permissive=0
06-17 14:12:46.919000  5408  5408 I auditd  : type=1400 audit(0.0:2756068): avc: denied { getattr } for comm="rism_thread" path="/proc/14" dev="proc" ino=15801 scontext=u:r:untrusted_app:s0:c512,c768 tcontext=u:r:kernel:s0 tclass=dir permissive=0
06-17 14:12:46.919000  5408  5408 I auditd  : type=1400 audit(0.0:2756069): avc: denied { getattr } for comm="rism_thread" path="/proc/15" dev="proc" ino=15802 scontext=u:r:untrusted_app:s0:c512,c768 tcontext=u:r:kernel:s0 tclass=dir permissive=0
06-17 14:12:46.919000  5408  5408 I auditd  : type=1400 audit(0.0:2756070): avc: denied { getattr } for comm="rism_thread" path="/proc/16" dev="proc" ino=15803 scontext=u:r:untrusted_app:s0:c512,c768 tcontext=u:r:kernel:s0 tclass=dir permissive=0
06-17 14:12:46.919000  5408  5408 I auditd  : type=1400 audit(0.0:2756071): avc: denied { getattr } for comm="rism_thread" path="/proc/18" dev="proc" ino=15805 scontext=u:r:untrusted_app:s0:c512,c768 tcontext=u:r:kernel:s0 tclass=dir permissive=0
06-17 14:12:46.919000  5408  5408 I auditd  : type=1400 audit(0.0:2756072): avc: denied { getattr } for comm="rism_thread" path="/proc/19" dev="proc" ino=15806 scontext=u:r:untrusted_app:s0:c512,c768 tcontext=u:r:kernel:s0 tclass=dir permissive=0
06-17 14:12:46.919000  5408  5408 I auditd  : type=1400 audit(0.0:2756073): avc: denied { getattr } for comm="rism_thread" path="/proc/20" dev="proc" ino=15807 scontext=u:r:untrusted_app:s0:c512,c768 tcontext=u:r:kernel:s0 tclass=dir permissive=0
06-17 14:12:46.919000  5408  5408 I auditd  : type=1400 audit(0.0:2756074): avc: denied { getattr } for comm="rism_thread" path="/proc/22" dev="proc" ino=15809 scontext=u:r:untrusted_app:s0:c512,c768 tcontext=u:r:kernel:s0 tclass=dir permissive=0
06-17 14:12:46.919000  5408  5408 I auditd  : type=1400 audit(0.0:2756075): avc: denied { getattr } for comm="rism_thread" path="/proc/23" dev="proc" ino=15810 scontext=u:r:untrusted_app:s0:c512,c768 tcontext=u:r:kernel:s0 tclass=dir permissive=0
06-17 14:12:46.919000  5408  5408 I auditd  : type=1400 audit(0.0:2756076): avc: denied { getattr } for comm="rism_thread" path="/proc/24" dev="proc" ino=15811 scontext=u:r:untrusted_app:s0:c512,c768 tcontext=u:r:kernel:s0 tclass=dir permissive=0
06-17 14:12:46.919000  5408  5408 I auditd  : type=1400 audit(0.0:2756077): avc: denied { getattr } for comm="rism_thread" path="/proc/26" dev="proc" ino=15813 scontext=u:r:untrusted_app:s0:c512,c768 tcontext=u:r:kernel:s0 tclass=dir permissive=0
06-17 14:12:46.919000  5408  5408 I auditd  : type=1400 audit(0.0:2756078): avc: denied { getattr } for comm="rism_thread" path="/proc/27" dev="proc" ino=15814 scontext=u:r:untrusted_app:s0:c512,c768 tcontext=u:r:kernel:s0 tclass=dir permissive=0
06-17 14:12:46.919000  5408  5408 I auditd  : type=1400 audit(0.0:2756079): avc: denied { getattr } for comm="rism_thread" path="/proc/28" dev="proc" ino=15815 scontext=u:r:untrusted_app:s0:c512,c768 tcontext=u:r:kernel:s0 tclass=dir permissive=0
06-17 14:12:46.919000  5408  5408 I auditd  : type=1400 audit(0.0:2756080): avc: denied { getattr } for comm="rism_thread" path="/proc/30" dev="proc" ino=15817 scontext=u:r:untrusted_app:s0:c512,c768 tcontext=u:r:kernel:s0 tclass=dir permissive=0
06-17 14:12:46.919000  5408  5408 I auditd  : type=1400 audit(0.0:2756081): avc: denied { getattr } for comm="rism_thread" path="/proc/31" dev="proc" ino=15818 scontext=u:r:untrusted_app:s0:c512,c768 tcontext=u:r:kernel:s0 tclass=dir permissive=0
06-17 14:12:46.919000  5408  5408 I auditd  : type=1400 audit(0.0:2756082): avc: denied { getattr } for comm="rism_thread" path="/proc/32" dev="proc" ino=15819 scontext=u:r:untrusted_app:s0:c512,c768 tcontext=u:r:kernel:s0 tclass=dir permissive=0
06-17 14:12:46.919000  5408  5408 I auditd  : type=1400 audit(0.0:2756083): avc: denied { getattr } for comm="rism_thread" path="/proc/34" dev="proc" ino=15821 scontext=u:r:untrusted_app:s0:c512,c768 tcontext=u:r:kernel:s0 tclass=dir permissive=0
06-17 14:12:46.919000  5408  5408 I auditd  : type=1400 audit(0.0:2756084): avc: denied { getattr } for comm="rism_thread" path="/proc/35" dev="proc" ino=15822 scontext=u:r:untrusted_app:s0:c512,c768 tcontext=u:r:kernel:s0 tclass=dir permissive=0
06-17 14:12:46.919000  5408  5408 I auditd  : type=1400 audit(0.0:2756085): avc: denied { getattr } for comm="rism_thread" path="/proc/36" dev="proc" ino=15823 scontext=u:r:untrusted_app:s0:c512,c768 tcontext=u:r:kernel:s0 tclass=dir permissive=0
06-17 14:12:46.919000  5408  5408 I auditd  : type=1400 audit(0.0:2756086): avc: denied { getattr } for comm="rism_thread" path="/proc/38" dev="proc" ino=15825 scontext=u:r:untrusted_app:s0:c512,c768 tcontext=u:r:kernel:s0 tclass=dir permissive=0
06-17 14:12:46.919000  5408  5408 I auditd  : type=1400 audit(0.0:2756087): avc: denied { getattr } for comm="rism_thread" path="/proc/39" dev="proc" ino=15826 scontext=u:r:untrusted_app:s0:c512,c768 tcontext=u:r:kernel:s0 tclass=dir permissive=0
06-17 14:12:46.919000  5408  5408 I auditd  : type=1400 audit(0.0:2756088): avc: denied { getattr } for comm="rism_thread" path="/proc/40" dev="proc" ino=15827 scontext=u:r:untrusted_app:s0:c512,c768 tcontext=u:r:kernel:s0 tclass=dir permissive=0
06-17 14:12:46.919000  5408  5408 I auditd  : type=1400 audit(0.0:2756089): avc: denied { getattr } for comm="rism_thread" path="/proc/41" dev="proc" ino=15828 scontext=u:r:untrusted_app:s0:c512,c768 tcontext=u:r:kernel:s0 tclass=dir permissive=0
06-17 14:12:47.033543  1114  1125 I am_proc_start: [0,28976,10168,com.tencent.tmgp.sgame:xg_service_v2,broadcast,com.tencent.tmgp.sgame/com.tencent.android.tpush.XGPushReceiver]
06-17 14:12:47.192585  1114  2621 I am_proc_bound: [0,28976,com.tencent.tmgp.sgame:xg_service_v2]
06-17 14:12:47.198536  1114  1129 I am_meminfo: [671150080,24535040,237531136,517128192,103726080]
06-17 14:12:47.230743  1114  1129 I am_pss  : [14813,10126,com.mediatek.mtklogger,36122624,33734656]
06-17 14:12:47.275272  1114  1129 I am_pss  : [2451,10145,com.tcl.mie.tlauncher,76367872,70643712]
06-17 14:12:47.302576  1114  1129 I am_pss  : [10176,10089,com.android.dialer,35476480,31641600]
06-17 14:12:47.326740  1114  1129 I am_pss  : [12374,10175,jrdcom.com.anrdemo,32998400,30519296]
06-17 14:12:47.352283  1114  1129 I am_pss  : [14683,1001,com.mediatek.engineermode,13899776,11821056]
06-17 14:12:47.382190  1114  1129 I am_pss  : [2476,10151,com.sohu.inputmethod.sogou,19359744,17866752]
06-17 14:12:47.408945  1114  1129 I am_pss  : [13313,10090,android.process.media,6358016,5644288]
06-17 14:12:47.436150  1114  1129 I am_pss  : [4581,10202,com.android.app.quanmama,12404736,10883072]
06-17 14:12:47.462624  1114  1129 I am_pss  : [7869,10194,so.ofo.labofo,2991104,2547712]
06-17 14:12:47.500635  1114  1129 I am_pss  : [7315,10173,com.jianshu.haruki,17591296,16134144]
06-17 14:12:47.526775  1114  1129 I am_pss  : [4038,10171,com.nfyg.hsbb:pwservice,13116416,11964416]
06-17 14:12:47.550427  1114  1129 I am_pss  : [3769,10167,com.mobike.mobikeapp,8340480,2224128]
06-17 14:12:47.572527  1114  1129 I am_pss  : [4214,10171,com.nfyg.hsbb:push,9927680,8704000]
06-17 14:12:47.594866  1114  1129 I am_pss  : [3695,1000,com.tct.endusertest:bdservice_v1,10224640,9060352]
06-17 14:12:47.617916  1114  1129 I am_pss  : [6786,10150,com.moji.tcl,4611072,3989504]
06-17 14:12:47.638161  1114  1129 I am_pss  : [3806,1000,com.tct.endusertest,4441088,3854336]
06-17 14:12:47.670477  1114  1129 I am_pss  : [5368,10190,com.eg.android.AlipayGphone:push,18538496,16494592]
06-17 14:12:47.697607  1114  1129 I am_pss  : [3480,10203,com.tencent.gamehelper.smoba:xg_service_v2,10576896,9363456]
06-17 14:12:47.719843  1114  1129 I am_pss  : [6657,10085,android.process.acore,12398592,11485184]
06-17 14:12:47.754084  1114  1129 I am_pss  : [11138,10170,com.aiyingshi.activity,51563520,38666240]
06-17 14:12:47.773503  1114  1129 I am_pss  : [10838,10154,cn.andouya,6811648,6201344]
06-17 14:12:47.798863  1114  1129 I am_pss  : [5987,1000,com.jrdcom.jrdlogger,7376896,6553600]
06-17 14:12:47.835584  1114  1129 I am_pss  : [4979,10169,com.UCMobile:push,17592320,15360000]
06-17 14:12:47.857165  1114  1129 I am_pss  : [1873,1000,com.tcl.ota,6970368,6172672]
06-17 14:12:47.900637  1114  1129 I am_pss  : [1710,10177,cn.ninegame.gamemanager:core,21472256,19513344]
06-17 14:12:47.926348  1114  1129 I am_pss  : [4253,10171,com.nfyg.hsbb,11771904,10493952]
06-17 14:12:48.007097  1114  1129 I am_pss  : [7115,10176,com.fanli.android.apps:push,13563904,12070912]
06-17 14:12:48.053288  1114  1129 I am_pss  : [2303,10176,com.fanli.android.apps,14185472,12673024]
06-17 14:12:48.089107  1114  1129 I am_pss  : [12730,10169,com.UCMobile:channel,11501568,9633792]
06-17 14:12:48.117752  1114  1129 I am_pss  : [6190,1000,com.tct.diagnostics,12502016,11325440]
06-17 14:12:48.144419  1114  1129 I am_pss  : [6780,10151,sogou.mobile.explorer.hotwords,5354496,4714496]
06-17 14:12:48.179796  1114  2618 I am_proc_died: [0,28895,com.fanli.android.apps:xg_service_v2]
06-17 14:12:48.186722  1114  1129 I am_pss  : [18737,10104,com.android.deskclock,4051968,3272704]
06-17 14:12:48.229062  1114  1129 I am_pss  : [18749,10124,com.qualcomm.qti.lunarinfo,2640896,2125824]
06-17 14:12:48.264767  1114  1129 I am_pss  : [7811,10161,com.tencent.mm:push,17087488,15917056]
06-17 14:12:48.287637  1114  1129 I am_pss  : [12279,10088,com.android.defcontainer,2924544,2383872]
06-17 14:12:48.320528  1114  1129 I am_pss  : [12796,10169,com.UCMobile,18505728,16912384]
06-17 14:12:48.347866  1114  1129 I am_pss  : [8821,10179,cmb.pb:pushservice,10034176,9224192]
06-17 14:12:48.368255  1114  1129 I am_pss  : [12722,10130,com.android.quicksearchbox,3129344,2613248]
06-17 14:12:48.394993  1114  1129 I am_pss  : [12590,10157,com.ss.android.article.news,12403712,10129408]
06-17 14:12:48.422550  1114  1129 I am_pss  : [6662,10144,com.tcl.gc.china,31241216,23740416]
06-17 14:12:48.443318  1114  1129 I am_pss  : [6401,1000,com.tct.onetouchbooster,7457792,6512640]
06-17 14:12:48.467836  1114  1129 I am_pss  : [3217,10085,com.android.contacts,10839040,9740288]
06-17 14:12:48.489000 29056 29056 I auditd  : type=1400 audit(0.0:2756834): avc: denied { search } for comm="netstat" name="1" dev="proc" ino=12292 scontext=u:r:untrusted_app:s0:c512,c768 tcontext=u:r:init:s0 tclass=dir permissive=0
06-17 14:12:48.498428  1114  1129 I am_pss  : [3236,10138,com.tct.wechat.proxy,1206272,782336]
06-17 14:12:48.526136  1114  1129 I am_pss  : [12423,10158,com.tencent.news:PushService,6556672,5783552]
06-17 14:12:48.550120  1114  1129 I am_pss  : [12385,10157,com.ss.android.article.news:pushservice,7248896,5459968]
06-17 14:12:48.576620  1114  1129 I am_pss  : [10712,10157,com.ss.android.article.news:push,5923840,4132864]
06-17 14:12:48.579000 29063 29063 I auditd  : type=1400 audit(0.0:2756835): avc: denied { connectto } for comm="xlog" path="/dev/socket/property_service" scontext=u:r:xlog:s0 tcontext=u:r:init:s0 tclass=unix_stream_socket permissive=0
06-17 14:12:48.596776  1114  1129 I am_pss  : [12578,10135,com.svox.pico,2406400,1966080]
06-17 14:12:48.624067  1114  1129 I am_pss  : [6226,10094,com.tct.gallery3d,4702208,4177920]
06-17 14:12:48.619000 29068 29068 I auditd  : type=1400 audit(0.0:2756836): avc: denied { connectto } for comm="xlog" path="/dev/socket/property_service" scontext=u:r:xlog:s0 tcontext=u:r:init:s0 tclass=unix_stream_socket permissive=0
06-17 14:12:48.629000 29069 29069 I auditd  : type=1400 audit(0.0:2756837): avc: denied { search } for comm="netstat" name="1" dev="proc" ino=12292 scontext=u:r:untrusted_app:s0:c512,c768 tcontext=u:r:init:s0 tclass=dir permissive=0
06-17 14:12:48.654070  1114  1129 I am_pss  : [6121,1000,com.cmx.cmvirtualbox,3506176,2973696]
06-17 14:12:48.679000 29075 29075 I auditd  : type=1400 audit(0.0:2756838): avc: denied { search } for comm="netstat" name="1" dev="proc" ino=12292 scontext=u:r:untrusted_app:s0:c512,c768 tcontext=u:r:init:s0 tclass=dir permissive=0
06-17 14:12:48.679000 29076 29076 I auditd  : type=1400 audit(0.0:2756839): avc: denied { search } for comm="netstat" name="1" dev="proc" ino=12292 scontext=u:r:untrusted_app:s0:c512,c768 tcontext=u:r:init:s0 tclass=dir permissive=0
06-17 14:12:48.689188  1114  1129 I am_pss  : [7067,10177,cn.ninegame.gamemanager:channel,8766464,7507968]
06-17 14:12:48.709087  1114  1129 I am_pss  : [12349,1000,com.android.keychain,2861056,2334720]
06-17 14:12:48.733280  1114  1129 I am_pss  : [11703,10168,com.tencent.tmgp.sgame,7289856,6008832]
06-17 14:12:48.754780  1114  1129 I am_pss  : [11173,10170,com.aiyingshi.activity:remote,8671232,5902336]
06-17 14:12:48.778639  1114  1129 I am_pss  : [10394,10097,com.android.mms,7826432,6524928]
06-17 14:12:48.811671  1114  1129 I am_pss  : [18839,10203,com.tencent.gamehelper.smoba:game,12526592,11112448]
06-17 14:12:48.843261  1114  1129 I am_pss  : [7163,10207,com.lufax.android,21071872,19390464]
06-17 14:12:48.868600  1114  1129 I am_pss  : [7613,10184,com.jrdcom.wearable.smartband2:Cloud,4549632,3846144]
06-17 14:12:48.894542  1114  1129 I am_pss  : [26677,10184,com.jrdcom.wearable.smartband2:LOG,24594432,23629824]
06-17 14:12:48.921622  1114  1129 I am_pss  : [7719,10184,com.jrdcom.wearable.smartband2:Service,4265984,3514368]
06-17 14:12:48.948757  1114  1129 I am_pss  : [7949,10203,com.tencent.gamehelper.smoba:QALSERVICE,9953280,9056256]
06-17 14:12:49.003741  1114  1129 I am_pss  : [9525,10161,com.tencent.mm,21669888,19689472]
06-17 14:12:49.033512  1114  1129 I am_pss  : [6104,10179,cmb.pb:CMCoreService,6825984,6156288]
06-17 14:12:49.058245  1114  1129 I am_pss  : [18897,10174,com.xiaomi.gamecenter.sdk.service,12961792,11964416]
06-17 14:12:49.084430  1114  1129 I am_pss  : [8640,10146,com.tcl.account.china:sync,4068352,3522560]
06-17 14:12:49.124658  1114  1129 I am_pss  : [7940,10202,com.android.app.quanmama:pushservice,19588096,18206720]
06-17 14:12:49.163593  1114  1129 I am_pss  : [7916,10194,so.ofo.labofo:pushservice,13371392,12603392]
06-17 14:12:49.197803  1114  1129 I am_pss  : [7489,10173,com.jianshu.haruki:pushservice,14968832,13946880]
06-17 14:12:49.226413  1114  1129 I am_pss  : [4032,10167,com.mobike.mobikeapp:pushservice,18435072,16609280]
06-17 14:12:49.251174  1114  1129 I am_pss  : [3185,10191,com.iflytek.recinbox,4757504,4145152]
06-17 14:12:49.272835  1114  1684 I am_proc_died: [0,28976,com.tencent.tmgp.sgame:xg_service_v2]
06-17 14:12:49.275721  1114  1129 I am_pss  : [28815,10171,com.nfyg.hsbb:remote,5232640,4157440]
06-17 14:12:49.297740  1114  1129 I am_pss  : [8673,10146,com.tcl.account.china:notes,2110464,1613824]
06-17 14:12:49.322540  1114  1129 I am_pss  : [8425,10150,com.moji.tcl:Skin,4203520,3686400]
06-17 14:12:49.355307  1114  1129 I am_pss  : [7298,10207,com.lufax.android:pushservice,13941760,12783616]
06-17 14:12:49.383670  1114  1129 I am_pss  : [7031,10179,cmb.pb:push,3520512,2916352]
06-17 14:12:49.404050  1114  1129 I am_pss  : [6474,1000,com.mediatek.atci.service,3975168,3502080]
06-17 14:12:49.431318  1114  1129 I am_pss  : [3689,10150,com.moji.tcl:pushservice,6788096,6070272]
06-17 14:12:49.452073  1114  1129 I am_pss  : [2514,10165,com.baidu.map.location,6652928,5910528]
06-17 14:12:49.471532  1114  1129 I am_pss  : [2592,10125,com.mediatek.apst.target,2258944,1794048]
06-17 14:12:49.479000  5408  5408 I auditd  : type=1400 audit(0.0:2756840): avc: denied { getattr } for comm="rism_thread" path="/proc/1" dev="proc" ino=12292 scontext=u:r:untrusted_app:s0:c512,c768 tcontext=u:r:init:s0 tclass=dir permissive=0
06-17 14:12:49.479000  5408  5408 I auditd  : type=1400 audit(0.0:2756841): avc: denied { getattr } for comm="rism_thread" path="/proc/2" dev="proc" ino=15789 scontext=u:r:untrusted_app:s0:c512,c768 tcontext=u:r:kernel:s0 tclass=dir permissive=0
06-17 14:12:49.479000  5408  5408 I auditd  : type=1400 audit(0.0:2756842): avc: denied { getattr } for comm="rism_thread" path="/proc/3" dev="proc" ino=15790 scontext=u:r:untrusted_app:s0:c512,c768 tcontext=u:r:kernel:s0 tclass=dir permissive=0
06-17 14:12:49.479000  5408  5408 I auditd  : type=1400 audit(0.0:2756843): avc: denied { getattr } for comm="rism_thread" path="/proc/5" dev="proc" ino=15792 scontext=u:r:untrusted_app:s0:c512,c768 tcontext=u:r:kernel:s0 tclass=dir permissive=0
06-17 14:12:49.479000  5408  5408 I auditd  : type=1400 audit(0.0:2756844): avc: denied { getattr } for comm="rism_thread" path="/proc/7" dev="proc" ino=15794 scontext=u:r:untrusted_app:s0:c512,c768 tcontext=u:r:kernel:s0 tclass=dir permissive=0
06-17 14:12:49.479000  5408  5408 I auditd  : type=1400 audit(0.0:2756845): avc: denied { getattr } for comm="rism_thread" path="/proc/8" dev="proc" ino=15795 scontext=u:r:untrusted_app:s0:c512,c768 tcontext=u:r:kernel:s0 tclass=dir permissive=0
06-17 14:12:49.479000  5408  5408 I auditd  : type=1400 audit(0.0:2756846): avc: denied { getattr } for comm="rism_thread" path="/proc/9" dev="proc" ino=15796 scontext=u:r:untrusted_app:s0:c512,c768 tcontext=u:r:kernel:s0 tclass=dir permissive=0
06-17 14:12:49.479000  5408  5408 I auditd  : type=1400 audit(0.0:2756847): avc: denied { getattr } for comm="rism_thread" path="/proc/10" dev="proc" ino=15797 scontext=u:r:untrusted_app:s0:c512,c768 tcontext=u:r:kernel:s0 tclass=dir permissive=0
06-17 14:12:49.479000  5408  5408 I auditd  : type=1400 audit(0.0:2756848): avc: denied { getattr } for comm="rism_thread" path="/proc/11" dev="proc" ino=15798 scontext=u:r:untrusted_app:s0:c512,c768 tcontext=u:r:kernel:s0 tclass=dir permissive=0
06-17 14:12:49.479000  5408  5408 I auditd  : type=1400 audit(0.0:2756849): avc: denied { getattr } for comm="rism_thread" path="/proc/12" dev="proc" ino=15799 scontext=u:r:untrusted_app:s0:c512,c768 tcontext=u:r:kernel:s0 tclass=dir permissive=0
06-17 14:12:49.479000  5408  5408 I auditd  : type=1400 audit(0.0:2756850): avc: denied { getattr } for comm="rism_thread" path="/proc/14" dev="proc" ino=15801 scontext=u:r:untrusted_app:s0:c512,c768 tcontext=u:r:kernel:s0 tclass=dir permissive=0
06-17 14:12:49.479000  5408  5408 I auditd  : type=1400 audit(0.0:2756851): avc: denied { getattr } for comm="rism_thread" path="/proc/15" dev="proc" ino=15802 scontext=u:r:untrusted_app:s0:c512,c768 tcontext=u:r:kernel:s0 tclass=dir permissive=0
06-17 14:12:49.479000  5408  5408 I auditd  : type=1400 audit(0.0:2756852): avc: denied { getattr } for comm="rism_thread" path="/proc/16" dev="proc" ino=15803 scontext=u:r:untrusted_app:s0:c512,c768 tcontext=u:r:kernel:s0 tclass=dir permissive=0
06-17 14:12:49.479000  5408  5408 I auditd  : type=1400 audit(0.0:2756853): avc: denied { getattr } for comm="rism_thread" path="/proc/18" dev="proc" ino=15805 scontext=u:r:untrusted_app:s0:c512,c768 tcontext=u:r:kernel:s0 tclass=dir permissive=0
06-17 14:12:49.495327  1114  1129 I am_pss  : [2580,1000,com.mediatek.voiceextension,2075648,1576960]
06-17 14:12:49.499000  5408  5408 I auditd  : type=1400 audit(0.0:2757166): avc: denied { getattr } for comm="rism_thread" path="/proc/4982" dev="proc" ino=4409183 scontext=u:r:untrusted_app:s0:c512,c768 tcontext=u:r:kernel:s0 tclass=dir permissive=0
06-17 14:12:49.499000  5408  5408 I auditd  : type=1400 audit(0.0:2757167): avc: denied { getattr } for comm="rism_thread" path="/proc/5987" dev="proc" ino=58623 scontext=u:r:untrusted_app:s0:c512,c768 tcontext=u:r:system_app:s0 tclass=dir permissive=0
06-17 14:12:49.499000  5408  5408 I auditd  : type=1400 audit(0.0:2757168): avc: denied { getattr } for comm="rism_thread" path="/proc/6032" dev="proc" ino=4521416 scontext=u:r:untrusted_app:s0:c512,c768 tcontext=u:r:kernel:s0 tclass=dir permissive=0
06-17 14:12:49.499000  5408  5408 I auditd  : type=1400 audit(0.0:2757169): avc: denied { getattr } for comm="rism_thread" path="/proc/6121" dev="proc" ino=56922 scontext=u:r:untrusted_app:s0:c512,c768 tcontext=u:r:system_app:s0 tclass=dir permissive=0
06-17 14:12:49.499000  5408  5408 I auditd  : type=1400 audit(0.0:2757170): avc: denied { getattr } for comm="rism_thread" path="/proc/6190" dev="proc" ino=59272 scontext=u:r:untrusted_app:s0:c512,c768 tcontext=u:r:system_app:s0 tclass=dir permissive=0
06-17 14:12:49.499000  5408  5408 I auditd  : type=1400 audit(0.0:2757171): avc: denied { getattr } for comm="rism_thread" path="/proc/6226" dev="proc" ino=62502 scontext=u:r:untrusted_app:s0:c512,c768 tcontext=u:r:platform_app:s0:c512,c768 tclass=dir permissive=0
06-17 14:12:49.499000  5408  5408 I auditd  : type=1400 audit(0.0:2757172): avc: denied { getattr } for comm="rism_thread" path="/proc/6401" dev="proc" ino=62845 scontext=u:r:untrusted_app:s0:c512,c768 tcontext=u:r:system_app:s0 tclass=dir permissive=0
06-17 14:12:49.499000  5408  5408 I auditd  : type=1400 audit(0.0:2757173): avc: denied { getattr } for comm="rism_thread" path="/proc/6474" dev="proc" ino=61255 scontext=u:r:untrusted_app:s0:c512,c768 tcontext=u:r:system_app:s0 tclass=dir permissive=0
06-17 14:12:49.499000  5408  5408 I auditd  : type=1400 audit(0.0:2757174): avc: denied { getattr } for comm="rism_thread" path="/proc/7474" dev="proc" ino=4263844 scontext=u:r:untrusted_app:s0:c512,c768 tcontext=u:r:kernel:s0 tclass=dir permissive=0
06-17 14:12:49.499000  5408  5408 I auditd  : type=1400 audit(0.0:2757175): avc: denied { getattr } for comm="rism_thread" path="/proc/8480" dev="proc" ino=111446 scontext=u:r:untrusted_app:s0:c512,c768 tcontext=u:r:kernel:s0 tclass=dir permissive=0
06-17 14:12:49.499000  5408  5408 I auditd  : type=1400 audit(0.0:2757176): avc: denied { getattr } for comm="rism_thread" path="/proc/8640" dev="proc" ino=107388 scontext=u:r:untrusted_app:s0:c512,c768 tcontext=u:r:platform_app:s0:c512,c768 tclass=dir permissive=0
06-17 14:12:49.499000  5408  5408 I auditd  : type=1400 audit(0.0:2757177): avc: denied { getattr } for comm="rism_thread" path="/proc/8673" dev="proc" ino=109415 scontext=u:r:untrusted_app:s0:c512,c768 tcontext=u:r:platform_app:s0:c512,c768 tclass=dir permissive=0
06-17 14:12:49.499000  5408  5408 I auditd  : type=1400 audit(0.0:2757178): avc: denied { getattr } for comm="rism_thread" path="/proc/9571" dev="proc" ino=3936946 scontext=u:r:untrusted_app:s0:c512,c768 tcontext=u:r:kernel:s0 tclass=dir permissive=0
06-17 14:12:49.499000  5408  5408 I auditd  : type=1400 audit(0.0:2757179): avc: denied { getattr } for comm="rism_thread" path="/proc/9818" dev="proc" ino=3937188 scontext=u:r:untrusted_app:s0:c512,c768 tcontext=u:r:mtkmal:s0 tclass=dir permissive=0
06-17 14:12:49.499000  5408  5408 I auditd  : type=1400 audit(0.0:2757180): avc: denied { getattr } for comm="rism_thread" path="/proc/9959" dev="proc" ino=4044193 scontext=u:r:untrusted_app:s0:c512,c768 tcontext=u:r:volte_stack:s0 tclass=dir permissive=0
06-17 14:12:49.499000  5408  5408 I auditd  : type=1400 audit(0.0:2757181): avc: denied { getattr } for comm="rism_thread" path="/proc/9960" dev="proc" ino=4044201 scontext=u:r:untrusted_app:s0:c512,c768 tcontext=u:r:volte_ua:s0 tclass=dir permissive=0
06-17 14:12:49.499000  5408  5408 I auditd  : type=1400 audit(0.0:2757182): avc: denied { getattr } for comm="rism_thread" path="/proc/9961" dev="proc" ino=4046017 scontext=u:r:untrusted_app:s0:c512,c768 tcontext=u:r:volte_imcb:s0 tclass=dir permissive=0
06-17 14:12:49.499000  5408  5408 I auditd  : type=1400 audit(0.0:2757183): avc: denied { getattr } for comm="rism_thread" path="/proc/10094" dev="proc" ino=4285740 scontext=u:r:untrusted_app:s0:c512,c768 tcontext=u:r:kernel:s0 tclass=dir permissive=0
06-17 14:12:49.499000  5408  5408 I auditd  : type=1400 audit(0.0:2757184): avc: denied { getattr } for comm="rism_thread" path="/proc/10141" dev="proc" ino=4545159 scontext=u:r:untrusted_app:s0:c512,c768 tcontext=u:r:kernel:s0 tclass=dir permissive=0
06-17 14:12:49.499000  5408  5408 I auditd  : type=1400 audit(0.0:2757185): avc: denied { getattr } for comm="rism_thread" path="/proc/10176" dev="proc" ino=4545662 scontext=u:r:untrusted_app:s0:c512,c768 tcontext=u:r:platform_app:s0:c512,c768 tclass=dir permissive=0
06-17 14:12:49.537365  1114  1129 I am_pss  : [2570,10128,com.waves.maxxservice,4173824,3579904]
06-17 14:12:49.558992  1114  1129 I am_pss  : [2564,1001,com.mediatek.wfo.impl,6198272,5570560]
06-17 14:12:49.578753  1114  1129 I am_pss  : [2559,1000,com.goodix.fingerprint,2353152,1855488]
06-17 14:12:49.600688  1114  1129 I am_pss  : [2554,1001,com.mediatek.ims,8330240,7692288]
06-17 14:12:49.619974  1114  1129 I am_pss  : [2549,1001,com.mediatek.gba,2345984,1863680]
06-17 14:12:49.662746  1114  1129 I am_pss  : [2544,1001,com.android.phone,30553088,28467200]
06-17 14:12:49.689948  1114  1129 I am_pss  : [2104,1000,com.tcl.tkeyguard.setting,3598336,3096576]
06-17 14:12:49.741981  1114  1129 I am_pss  : [1332,10103,com.android.systemui,101052416,96546816]
06-17 14:12:49.774758  1114  1114 I notification_cancel: [10126,14813,com.mediatek.mtklogger,2130837521,NULL,0,0,64,8,NULL]
06-17 14:12:49.861619  1114  1129 I am_pss  : [1114,1000,system,117182464,111536128]
06-17 14:12:50.059842   296   296 I sf_frame_dur: [,54,0,0,0,1,0,0]
06-17 14:12:50.472561  1114  4890 I am_home_stack_moved: [0,0,1,1,sourceStackToFront]
06-17 14:12:50.472622  1114  4890 I wm_task_moved: [661,1,3]
06-17 14:12:50.474615  1114  4890 I am_create_activity: [0,179102296,661,com.mediatek.mtklogger/.LogFolderListActivity,NULL,NULL,NULL,0]
06-17 14:12:50.475132  1114  4890 I am_pause_activity: [0,69379746,com.mediatek.mtklogger/.MainActivity]
06-17 14:12:50.477647  1114  4890 I am_home_stack_moved: [0,0,1,1,startedActivity setFocusedActivity]
06-17 14:12:50.477744  1114  4890 I wm_task_moved: [661,1,3]
06-17 14:12:50.482474  1114  4890 I am_focused_activity: [0,com.mediatek.mtklogger/.LogFolderListActivity]
06-17 14:12:50.484210 14813 14813 I am_on_paused_called: [0,com.mediatek.mtklogger.MainActivity]
06-17 14:12:50.487208  1114  2626 I am_restart_activity: [0,179102296,661,com.mediatek.mtklogger/.LogFolderListActivity]
06-17 14:12:50.488297  1114  2626 I am_focused_activity: [0,com.mediatek.mtklogger/.LogFolderListActivity]
06-17 14:12:50.520388 14813 14813 I am_on_resume_called: [0,com.mediatek.mtklogger.LogFolderListActivity]
06-17 14:12:50.539000 28925 28925 I auditd  : type=1400 audit(0.0:2757230): avc: denied { getattr } for comm="SingleThread" path="/proc/gmnode" dev="proc" ino=4026534493 scontext=u:r:untrusted_app:s0:c512,c768 tcontext=u:object_r:goodix_t:s0 tclass=file permissive=0
06-17 14:12:50.539000 28925 28925 I auditd  : type=1400 audit(0.0:2757231): avc: denied { getattr } for comm="SingleThread" path="/proc/gt1x_debug" dev="proc" ino=4026534492 scontext=u:r:untrusted_app:s0:c512,c768 tcontext=u:object_r:goodix_t:s0 tclass=file permissive=0
06-17 14:12:50.539000 28925 28925 I auditd  : type=1400 audit(0.0:2757232): avc: denied { getattr } for comm="SingleThread" path="/proc/mrdump_rst" dev="proc" ino=4026534490 scontext=u:r:untrusted_app:s0:c512,c768 tcontext=u:object_r:proc_mrdump_rst:s0 tclass=file permissive=0
06-17 14:12:50.539000 28925 28925 I auditd  : type=1400 audit(0.0:2757233): avc: denied { search } for comm="SingleThread" name="mtkcooler" dev="proc" ino=4026533863 scontext=u:r:untrusted_app:s0:c512,c768 tcontext=u:object_r:proc_mtkcooler:s0 tclass=dir permissive=0
06-17 14:12:50.539000 28925 28925 I auditd  : type=1400 audit(0.0:2757234): avc: denied { search } for comm="SingleThread" name="mtkcooler" dev="proc" ino=4026533863 scontext=u:r:untrusted_app:s0:c512,c768 tcontext=u:object_r:proc_mtkcooler:s0 tclass=dir permissive=0
06-17 14:12:50.559000 28925 28925 I auditd  : type=1400 audit(0.0:2757235): avc: denied { getattr } for comm="SingleThread" path="/proc/1" dev="proc" ino=12292 scontext=u:r:untrusted_app:s0:c512,c768 tcontext=u:r:init:s0 tclass=dir permissive=0
06-17 14:12:50.559000 28925 28925 I auditd  : type=1400 audit(0.0:2757236): avc: denied { getattr } for comm="SingleThread" path="/proc/2" dev="proc" ino=15789 scontext=u:r:untrusted_app:s0:c512,c768 tcontext=u:r:kernel:s0 tclass=dir permissive=0
06-17 14:12:50.559000 28925 28925 I auditd  : type=1400 audit(0.0:2757237): avc: denied { getattr } for comm="SingleThread" path="/proc/3" dev="proc" ino=15790 scontext=u:r:untrusted_app:s0:c512,c768 tcontext=u:r:kernel:s0 tclass=dir permissive=0
06-17 14:12:50.559000 28925 28925 I auditd  : type=1400 audit(0.0:2757238): avc: denied { getattr } for comm="SingleThread" path="/proc/5" dev="proc" ino=15792 scontext=u:r:untrusted_app:s0:c512,c768 tcontext=u:r:kernel:s0 tclass=dir permissive=0
06-17 14:12:50.559000 28925 28925 I auditd  : type=1400 audit(0.0:2757239): avc: denied { getattr } for comm="SingleThread" path="/proc/7" dev="proc" ino=15794 scontext=u:r:untrusted_app:s0:c512,c768 tcontext=u:r:kernel:s0 tclass=dir permissive=0
06-17 14:12:50.559000 28925 28925 I auditd  : type=1400 audit(0.0:2757240): avc: denied { getattr } for comm="SingleThread" path="/proc/8" dev="proc" ino=15795 scontext=u:r:untrusted_app:s0:c512,c768 tcontext=u:r:kernel:s0 tclass=dir permissive=0
06-17 14:12:50.559000 28925 28925 I auditd  : type=1400 audit(0.0:2757241): avc: denied { getattr } for comm="SingleThread" path="/proc/9" dev="proc" ino=15796 scontext=u:r:untrusted_app:s0:c512,c768 tcontext=u:r:kernel:s0 tclass=dir permissive=0
06-17 14:12:50.559000 28925 28925 I auditd  : type=1400 audit(0.0:2757242): avc: denied { getattr } for comm="SingleThread" path="/proc/10" dev="proc" ino=15797 scontext=u:r:untrusted_app:s0:c512,c768 tcontext=u:r:kernel:s0 tclass=dir permissive=0
06-17 14:12:50.559000 28925 28925 I auditd  : type=1400 audit(0.0:2757243): avc: denied { getattr } for comm="SingleThread" path="/proc/11" dev="proc" ino=15798 scontext=u:r:untrusted_app:s0:c512,c768 tcontext=u:r:kernel:s0 tclass=dir permissive=0
06-17 14:12:50.559000 28925 28925 I auditd  : type=1400 audit(0.0:2757244): avc: denied { getattr } for comm="SingleThread" path="/proc/12" dev="proc" ino=15799 scontext=u:r:untrusted_app:s0:c512,c768 tcontext=u:r:kernel:s0 tclass=dir permissive=0
06-17 14:12:50.559000 28925 28925 I auditd  : type=1400 audit(0.0:2757245): avc: denied { getattr } for comm="SingleThread" path="/proc/14" dev="proc" ino=15801 scontext=u:r:untrusted_app:s0:c512,c768 tcontext=u:r:kernel:s0 tclass=dir permissive=0
06-17 14:12:50.559000 28925 28925 I auditd  : type=1400 audit(0.0:2757246): avc: denied { getattr } for comm="SingleThread" path="/proc/15" dev="proc" ino=15802 scontext=u:r:untrusted_app:s0:c512,c768 tcontext=u:r:kernel:s0 tclass=dir permissive=0
06-17 14:12:50.559000 28925 28925 I auditd  : type=1400 audit(0.0:2757247): avc: denied { getattr } for comm="SingleThread" path="/proc/16" dev="proc" ino=15803 scontext=u:r:untrusted_app:s0:c512,c768 tcontext=u:r:kernel:s0 tclass=dir permissive=0
06-17 14:12:50.559000 28925 28925 I auditd  : type=1400 audit(0.0:2757248): avc: denied { getattr } for comm="SingleThread" path="/proc/18" dev="proc" ino=15805 scontext=u:r:untrusted_app:s0:c512,c768 tcontext=u:r:kernel:s0 tclass=dir permissive=0
06-17 14:12:50.559000 28925 28925 I auditd  : type=1400 audit(0.0:2757249): avc: denied { getattr } for comm="SingleThread" path="/proc/19" dev="proc" ino=15806 scontext=u:r:untrusted_app:s0:c512,c768 tcontext=u:r:kernel:s0 tclass=dir permissive=0
06-17 14:12:50.768536  1114  1114 I notification_cancel: [1000,1114,com.mediatek.mtklogger,2130837539,NULL,0,0,0,8,NULL]
06-17 14:12:50.769123  1114  1114 I notification_canceled: [0|com.mediatek.mtklogger|2130837539|null|10126,8,1984046,1984046,947958]
06-17 14:12:50.959383   296   296 I sf_frame_dur: [com.mediatek.mtklogger/com.mediatek.mtklogger.MainActivity,4,1,2,2,17,51,20]
06-17 14:12:51.076842  1114  1135 I am_activity_launch_time: [0,179102296,com.mediatek.mtklogger/.LogFolderListActivity,591,591]
06-17 14:12:51.276497  1114  2620 I force_gc: Binder
06-17 14:12:51.599000 29164 29164 I auditd  : type=1400 audit(0.0:2757623): avc: denied { search } for comm="netstat" name="1" dev="proc" ino=12292 scontext=u:r:untrusted_app:s0:c512,c768 tcontext=u:r:init:s0 tclass=dir permissive=0
06-17 14:12:51.739000 29169 29169 I auditd  : type=1400 audit(0.0:2757624): avc: denied { search } for comm="netstat" name="1" dev="proc" ino=12292 scontext=u:r:untrusted_app:s0:c512,c768 tcontext=u:r:init:s0 tclass=dir permissive=0
06-17 14:12:51.769000 29170 29170 I auditd  : type=1400 audit(0.0:2757625): avc: denied { search } for comm="netstat" name="1" dev="proc" ino=12292 scontext=u:r:untrusted_app:s0:c512,c768 tcontext=u:r:init:s0 tclass=dir permissive=0
06-17 14:12:51.779000 29171 29171 I auditd  : type=1400 audit(0.0:2757626): avc: denied { search } for comm="netstat" name="1" dev="proc" ino=12292 scontext=u:r:untrusted_app:s0:c512,c768 tcontext=u:r:init:s0 tclass=dir permissive=0
06-17 14:12:52.019000  5408  5408 I auditd  : type=1400 audit(0.0:2757627): avc: denied { getattr } for comm="rism_thread" path="/proc/1" dev="proc" ino=12292 scontext=u:r:untrusted_app:s0:c512,c768 tcontext=u:r:init:s0 tclass=dir permissive=0
06-17 14:12:52.019000  5408  5408 I auditd  : type=1400 audit(0.0:2757628): avc: denied { getattr } for comm="rism_thread" path="/proc/2" dev="proc" ino=15789 scontext=u:r:untrusted_app:s0:c512,c768 tcontext=u:r:kernel:s0 tclass=dir permissive=0
06-17 14:12:52.019000  5408  5408 I auditd  : type=1400 audit(0.0:2757629): avc: denied { getattr } for comm="rism_thread" path="/proc/3" dev="proc" ino=15790 scontext=u:r:untrusted_app:s0:c512,c768 tcontext=u:r:kernel:s0 tclass=dir permissive=0
06-17 14:12:52.019000  5408  5408 I auditd  : type=1400 audit(0.0:2757630): avc: denied { getattr } for comm="rism_thread" path="/proc/5" dev="proc" ino=15792 scontext=u:r:untrusted_app:s0:c512,c768 tcontext=u:r:kernel:s0 tclass=dir permissive=0
06-17 14:12:52.019000  5408  5408 I auditd  : type=1400 audit(0.0:2757631): avc: denied { getattr } for comm="rism_thread" path="/proc/7" dev="proc" ino=15794 scontext=u:r:untrusted_app:s0:c512,c768 tcontext=u:r:kernel:s0 tclass=dir permissive=0
06-17 14:12:52.019000  5408  5408 I auditd  : type=1400 audit(0.0:2757632): avc: denied { getattr } for comm="rism_thread" path="/proc/8" dev="proc" ino=15795 scontext=u:r:untrusted_app:s0:c512,c768 tcontext=u:r:kernel:s0 tclass=dir permissive=0
06-17 14:12:52.019000  5408  5408 I auditd  : type=1400 audit(0.0:2757633): avc: denied { getattr } for comm="rism_thread" path="/proc/9" dev="proc" ino=15796 scontext=u:r:untrusted_app:s0:c512,c768 tcontext=u:r:kernel:s0 tclass=dir permissive=0
06-17 14:12:52.019000  5408  5408 I auditd  : type=1400 audit(0.0:2757634): avc: denied { getattr } for comm="rism_thread" path="/proc/10" dev="proc" ino=15797 scontext=u:r:untrusted_app:s0:c512,c768 tcontext=u:r:kernel:s0 tclass=dir permissive=0
06-17 14:12:52.019000  5408  5408 I auditd  : type=1400 audit(0.0:2757635): avc: denied { getattr } for comm="rism_thread" path="/proc/11" dev="proc" ino=15798 scontext=u:r:untrusted_app:s0:c512,c768 tcontext=u:r:kernel:s0 tclass=dir permissive=0
06-17 14:12:52.019000  5408  5408 I auditd  : type=1400 audit(0.0:2757636): avc: denied { getattr } for comm="rism_thread" path="/proc/12" dev="proc" ino=15799 scontext=u:r:untrusted_app:s0:c512,c768 tcontext=u:r:kernel:s0 tclass=dir permissive=0
06-17 14:12:52.019000  5408  5408 I auditd  : type=1400 audit(0.0:2757637): avc: denied { getattr } for comm="rism_thread" path="/proc/14" dev="proc" ino=15801 scontext=u:r:untrusted_app:s0:c512,c768 tcontext=u:r:kernel:s0 tclass=dir permissive=0
06-17 14:12:52.019000  5408  5408 I auditd  : type=1400 audit(0.0:2757638): avc: denied { getattr } for comm="rism_thread" path="/proc/15" dev="proc" ino=15802 scontext=u:r:untrusted_app:s0:c512,c768 tcontext=u:r:kernel:s0 tclass=dir permissive=0
06-17 14:12:52.019000  5408  5408 I auditd  : type=1400 audit(0.0:2757639): avc: denied { getattr } for comm="rism_thread" path="/proc/16" dev="proc" ino=15803 scontext=u:r:untrusted_app:s0:c512,c768 tcontext=u:r:kernel:s0 tclass=dir permissive=0
06-17 14:12:52.019000  5408  5408 I auditd  : type=1400 audit(0.0:2757640): avc: denied { getattr } for comm="rism_thread" path="/proc/18" dev="proc" ino=15805 scontext=u:r:untrusted_app:s0:c512,c768 tcontext=u:r:kernel:s0 tclass=dir permissive=0
06-17 14:12:52.019000  5408  5408 I auditd  : type=1400 audit(0.0:2757641): avc: denied { getattr } for comm="rism_thread" path="/proc/19" dev="proc" ino=15806 scontext=u:r:untrusted_app:s0:c512,c768 tcontext=u:r:kernel:s0 tclass=dir permissive=0
06-17 14:12:52.019000  5408  5408 I auditd  : type=1400 audit(0.0:2757642): avc: denied { getattr } for comm="rism_thread" path="/proc/20" dev="proc" ino=15807 scontext=u:r:untrusted_app:s0:c512,c768 tcontext=u:r:kernel:s0 tclass=dir permissive=0
06-17 14:12:52.246186 14813 14813 I menu_item_selected: [0,]
06-17 14:12:52.639000 29187 29187 I auditd  : type=1400 audit(0.0:2760233): avc: denied { search } for comm="netstat" name="1" dev="proc" ino=12292 scontext=u:r:untrusted_app:s0:c512,c768 tcontext=u:r:init:s0 tclass=dir permissive=0
06-17 14:12:52.769000 29195 29195 I auditd  : type=1400 audit(0.0:2760234): avc: denied { search } for comm="netstat" name="1" dev="proc" ino=12292 scontext=u:r:untrusted_app:s0:c512,c768 tcontext=u:r:init:s0 tclass=dir permissive=0
06-17 14:12:52.789000 29200 29200 I auditd  : type=1400 audit(0.0:2760235): avc: denied { search } for comm="netstat" name="1" dev="proc" ino=12292 scontext=u:r:untrusted_app:s0:c512,c768 tcontext=u:r:init:s0 tclass=dir permissive=0
06-17 14:12:52.809000 29202 29202 I auditd  : type=1400 audit(0.0:2760236): avc: denied { search } for comm="netstat" name="1" dev="proc" ino=12292 scontext=u:r:untrusted_app:s0:c512,c768 tcontext=u:r:init:s0 tclass=dir permissive=0
