06-17 14:12:53.283712  1114  2620 I am_home_stack_moved: [0,0,1,1,sourceStackToFront]
06-17 14:12:53.283772  1114  2620 I wm_task_moved: [661,1,3]
06-17 14:12:53.285226  1114  2620 I am_create_activity: [0,10712381,661,com.mediatek.mtklogger/.LogFileListActivity,NULL,NULL,NULL,0]
06-17 14:12:53.285634  1114  2620 I am_pause_activity: [0,179102296,com.mediatek.mtklogger/.LogFolderListActivity]
06-17 14:12:53.287019  1114  2620 I am_home_stack_moved: [0,0,1,1,startedActivity setFocusedActivity]
06-17 14:12:53.287262  1114  2620 I wm_task_moved: [661,1,3]
06-17 14:12:53.292202  1114  2620 I am_focused_activity: [0,com.mediatek.mtklogger/.LogFileListActivity]
06-17 14:12:53.293285 14813 14813 I am_on_paused_called: [0,com.mediatek.mtklogger.LogFolderListActivity]
06-17 14:12:53.296462  1114  1684 I am_restart_activity: [0,10712381,661,com.mediatek.mtklogger/.LogFileListActivity]
06-17 14:12:53.298513  1114  1684 I am_focused_activity: [0,com.mediatek.mtklogger/.LogFileListActivity]
06-17 14:12:53.335389 14813 14813 I am_on_resume_called: [0,com.mediatek.mtklogger.LogFileListActivity]
06-17 14:12:53.390134   296   296 I sf_frame_dur: [com.mediatek.mtklogger/com.mediatek.mtklogger.LogFolderListActivity,0,0,0,0,1,0,0]
06-17 14:12:53.620132  1114  1124 I am_finish_activity: [0,179102296,661,com.mediatek.mtklogger/.LogFolderListActivity,app-request]
06-17 14:12:53.620663  1114  1124 I am_destroy_activity: [0,179102296,661,com.mediatek.mtklogger/.LogFolderListActivity,finish-imm]
06-17 14:12:53.669000 29227 29227 I auditd  : type=1400 audit(0.0:2760237): avc: denied { search } for comm="netstat" name="1" dev="proc" ino=12292 scontext=u:r:untrusted_app:s0:c512,c768 tcontext=u:r:init:s0 tclass=dir permissive=0
06-17 14:12:53.689997   296   296 I sf_frame_dur: [com.mediatek.mtklogger/com.mediatek.mtklogger.LogFolderListActivity,15,1,1,2,0,2,0]
06-17 14:12:53.756588   296   296 I sf_frame_dur: [,2,0,0,0,1,0,0]
06-17 14:12:53.789000 29232 29232 I auditd  : type=1400 audit(0.0:2760238): avc: denied { search } for comm="netstat" name="1" dev="proc" ino=12292 scontext=u:r:untrusted_app:s0:c512,c768 tcontext=u:r:init:s0 tclass=dir permissive=0
06-17 14:12:53.824758  1114  1135 I am_activity_launch_time: [0,10712381,com.mediatek.mtklogger/.LogFileListActivity,529,529]
06-17 14:12:53.819000 29233 29233 I auditd  : type=1400 audit(0.0:2760239): avc: denied { search } for comm="netstat" name="1" dev="proc" ino=12292 scontext=u:r:untrusted_app:s0:c512,c768 tcontext=u:r:init:s0 tclass=dir permissive=0
06-17 14:12:53.839000 29234 29234 I auditd  : type=1400 audit(0.0:2760240): avc: denied { search } for comm="netstat" name="1" dev="proc" ino=12292 scontext=u:r:untrusted_app:s0:c512,c768 tcontext=u:r:init:s0 tclass=dir permissive=0
06-17 14:12:53.987062  1114  1124 I force_gc: Binder
06-17 14:12:54.179520 13313 13323 I force_gc: Binder
06-17 14:12:54.264658  4979  5228 I force_gc: Binder
06-17 14:12:54.549000  5408  5408 I auditd  : type=1400 audit(0.0:2760241): avc: denied { getattr } for comm="rism_thread" path="/proc/1" dev="proc" ino=12292 scontext=u:r:untrusted_app:s0:c512,c768 tcontext=u:r:init:s0 tclass=dir permissive=0
06-17 14:12:54.549000  5408  5408 I auditd  : type=1400 audit(0.0:2760242): avc: denied { getattr } for comm="rism_thread" path="/proc/2" dev="proc" ino=15789 scontext=u:r:untrusted_app:s0:c512,c768 tcontext=u:r:kernel:s0 tclass=dir permissive=0
06-17 14:12:54.549000  5408  5408 I auditd  : type=1400 audit(0.0:2760243): avc: denied { getattr } for comm="rism_thread" path="/proc/3" dev="proc" ino=15790 scontext=u:r:untrusted_app:s0:c512,c768 tcontext=u:r:kernel:s0 tclass=dir permissive=0
06-17 14:12:54.549000  5408  5408 I auditd  : type=1400 audit(0.0:2760244): avc: denied { getattr } for comm="rism_thread" path="/proc/5" dev="proc" ino=15792 scontext=u:r:untrusted_app:s0:c512,c768 tcontext=u:r:kernel:s0 tclass=dir permissive=0
06-17 14:12:54.549000  5408  5408 I auditd  : type=1400 audit(0.0:2760245): avc: denied { getattr } for comm="rism_thread" path="/proc/7" dev="proc" ino=15794 scontext=u:r:untrusted_app:s0:c512,c768 tcontext=u:r:kernel:s0 tclass=dir permissive=0
06-17 14:12:54.549000  5408  5408 I auditd  : type=1400 audit(0.0:2760246): avc: denied { getattr } for comm="rism_thread" path="/proc/8" dev="proc" ino=15795 scontext=u:r:untrusted_app:s0:c512,c768 tcontext=u:r:kernel:s0 tclass=dir permissive=0
06-17 14:12:54.549000  5408  5408 I auditd  : type=1400 audit(0.0:2760247): avc: denied { getattr } for comm="rism_thread" path="/proc/9" dev="proc" ino=15796 scontext=u:r:untrusted_app:s0:c512,c768 tcontext=u:r:kernel:s0 tclass=dir permissive=0
06-17 14:12:54.549000  5408  5408 I auditd  : type=1400 audit(0.0:2760248): avc: denied { getattr } for comm="rism_thread" path="/proc/10" dev="proc" ino=15797 scontext=u:r:untrusted_app:s0:c512,c768 tcontext=u:r:kernel:s0 tclass=dir permissive=0
06-17 14:12:54.549000  5408  5408 I auditd  : type=1400 audit(0.0:2760249): avc: denied { getattr } for comm="rism_thread" path="/proc/11" dev="proc" ino=15798 scontext=u:r:untrusted_app:s0:c512,c768 tcontext=u:r:kernel:s0 tclass=dir permissive=0
06-17 14:12:54.549000  5408  5408 I auditd  : type=1400 audit(0.0:2760250): avc: denied { getattr } for comm="rism_thread" path="/proc/12" dev="proc" ino=15799 scontext=u:r:untrusted_app:s0:c512,c768 tcontext=u:r:kernel:s0 tclass=dir permissive=0
06-17 14:12:54.549000  5408  5408 I auditd  : type=1400 audit(0.0:2760251): avc: denied { getattr } for comm="rism_thread" path="/proc/14" dev="proc" ino=15801 scontext=u:r:untrusted_app:s0:c512,c768 tcontext=u:r:kernel:s0 tclass=dir permissive=0
06-17 14:12:54.549000  5408  5408 I auditd  : type=1400 audit(0.0:2760252): avc: denied { getattr } for comm="rism_thread" path="/proc/15" dev="proc" ino=15802 scontext=u:r:untrusted_app:s0:c512,c768 tcontext=u:r:kernel:s0 tclass=dir permissive=0
06-17 14:12:54.549000  5408  5408 I auditd  : type=1400 audit(0.0:2760253): avc: denied { getattr } for comm="rism_thread" path="/proc/16" dev="proc" ino=15803 scontext=u:r:untrusted_app:s0:c512,c768 tcontext=u:r:kernel:s0 tclass=dir permissive=0
06-17 14:12:54.549000  5408  5408 I auditd  : type=1400 audit(0.0:2760254): avc: denied { getattr } for comm="rism_thread" path="/proc/18" dev="proc" ino=15805 scontext=u:r:untrusted_app:s0:c512,c768 tcontext=u:r:kernel:s0 tclass=dir permissive=0
06-17 14:12:54.549000  5408  5408 I auditd  : type=1400 audit(0.0:2760255): avc: denied { getattr } for comm="rism_thread" path="/proc/19" dev="proc" ino=15806 scontext=u:r:untrusted_app:s0:c512,c768 tcontext=u:r:kernel:s0 tclass=dir permissive=0
06-17 14:12:54.549000  5408  5408 I auditd  : type=1400 audit(0.0:2760256): avc: denied { getattr } for comm="rism_thread" path="/proc/20" dev="proc" ino=15807 scontext=u:r:untrusted_app:s0:c512,c768 tcontext=u:r:kernel:s0 tclass=dir permissive=0
06-17 14:12:54.549000  5408  5408 I auditd  : type=1400 audit(0.0:2760257): avc: denied { getattr } for comm="rism_thread" path="/proc/22" dev="proc" ino=15809 scontext=u:r:untrusted_app:s0:c512,c768 tcontext=u:r:kernel:s0 tclass=dir permissive=0
06-17 14:12:54.549000  5408  5408 I auditd  : type=1400 audit(0.0:2760258): avc: denied { getattr } for comm="rism_thread" path="/proc/23" dev="proc" ino=15810 scontext=u:r:untrusted_app:s0:c512,c768 tcontext=u:r:kernel:s0 tclass=dir permissive=0
06-17 14:12:54.549000  5408  5408 I auditd  : type=1400 audit(0.0:2760259): avc: denied { getattr } for comm="rism_thread" path="/proc/24" dev="proc" ino=15811 scontext=u:r:untrusted_app:s0:c512,c768 tcontext=u:r:kernel:s0 tclass=dir permissive=0
06-17 14:12:54.549000  5408  5408 I auditd  : type=1400 audit(0.0:2760260): avc: denied { getattr } for comm="rism_thread" path="/proc/26" dev="proc" ino=15813 scontext=u:r:untrusted_app:s0:c512,c768 tcontext=u:r:kernel:s0 tclass=dir permissive=0
06-17 14:12:54.549000  5408  5408 I auditd  : type=1400 audit(0.0:2760261): avc: denied { getattr } for comm="rism_thread" path="/proc/27" dev="proc" ino=15814 scontext=u:r:untrusted_app:s0:c512,c768 tcontext=u:r:kernel:s0 tclass=dir permissive=0
06-17 14:12:54.549000  5408  5408 I auditd  : type=1400 audit(0.0:2760262): avc: denied { getattr } for comm="rism_thread" path="/proc/28" dev="proc" ino=15815 scontext=u:r:untrusted_app:s0:c512,c768 tcontext=u:r:kernel:s0 tclass=dir permissive=0
06-17 14:12:54.549000  5408  5408 I auditd  : type=1400 audit(0.0:2760263): avc: denied { getattr } for comm="rism_thread" path="/proc/30" dev="proc" ino=15817 scontext=u:r:untrusted_app:s0:c512,c768 tcontext=u:r:kernel:s0 tclass=dir permissive=0
06-17 14:12:54.549000  5408  5408 I auditd  : type=1400 audit(0.0:2760264): avc: denied { getattr } for comm="rism_thread" path="/proc/31" dev="proc" ino=15818 scontext=u:r:untrusted_app:s0:c512,c768 tcontext=u:r:kernel:s0 tclass=dir permissive=0
06-17 14:12:54.549000  5408  5408 I auditd  : type=1400 audit(0.0:2760265): avc: denied { getattr } for comm="rism_thread" path="/proc/32" dev="proc" ino=15819 scontext=u:r:untrusted_app:s0:c512,c768 tcontext=u:r:kernel:s0 tclass=dir permissive=0
06-17 14:12:54.549000  5408  5408 I auditd  : type=1400 audit(0.0:2760266): avc: denied { getattr } for comm="rism_thread" path="/proc/34" dev="proc" ino=15821 scontext=u:r:untrusted_app:s0:c512,c768 tcontext=u:r:kernel:s0 tclass=dir permissive=0
06-17 14:12:54.549000  5408  5408 I auditd  : type=1400 audit(0.0:2760267): avc: denied { getattr } for comm="rism_thread" path="/proc/35" dev="proc" ino=15822 scontext=u:r:untrusted_app:s0:c512,c768 tcontext=u:r:kernel:s0 tclass=dir permissive=0
06-17 14:12:54.549000  5408  5408 I auditd  : type=1400 audit(0.0:2760268): avc: denied { getattr } for comm="rism_thread" path="/proc/36" dev="proc" ino=15823 scontext=u:r:untrusted_app:s0:c512,c768 tcontext=u:r:kernel:s0 tclass=dir permissive=0
06-17 14:12:54.549000  5408  5408 I auditd  : type=1400 audit(0.0:2760269): avc: denied { getattr } for comm="rism_thread" path="/proc/38" dev="proc" ino=15825 scontext=u:r:untrusted_app:s0:c512,c768 tcontext=u:r:kernel:s0 tclass=dir permissive=0
06-17 14:12:54.549000  5408  5408 I auditd  : type=1400 audit(0.0:2760270): avc: denied { getattr } for comm="rism_thread" path="/proc/39" dev="proc" ino=15826 scontext=u:r:untrusted_app:s0:c512,c768 tcontext=u:r:kernel:s0 tclass=dir permissive=0
06-17 14:12:54.549000  5408  5408 I auditd  : type=1400 audit(0.0:2760271): avc: denied { getattr } for comm="rism_thread" path="/proc/40" dev="proc" ino=15827 scontext=u:r:untrusted_app:s0:c512,c768 tcontext=u:r:kernel:s0 tclass=dir permissive=0
06-17 14:12:54.549000  5408  5408 I auditd  : type=1400 audit(0.0:2760272): avc: denied { getattr } for comm="rism_thread" path="/proc/41" dev="proc" ino=15828 scontext=u:r:untrusted_app:s0:c512,c768 tcontext=u:r:kernel:s0 tclass=dir permissive=0
06-17 14:12:54.711638  1114  1638 I force_gc: Binder
06-17 14:12:54.800334  1114  2620 I am_finish_activity: [0,10712381,661,com.mediatek.mtklogger/.LogFileListActivity,app-request]
06-17 14:12:54.800854  1114  2620 I am_home_stack_moved: [0,0,1,1,finishActivity adjustFocus setFocusedActivity]
06-17 14:12:54.800955  1114  2620 I wm_task_moved: [661,1,3]
06-17 14:12:54.803865  1114  2620 I am_focused_activity: [0,com.mediatek.mtklogger/.MainActivity]
06-17 14:12:54.804047  1114  2620 I am_pause_activity: [0,10712381,com.mediatek.mtklogger/.LogFileListActivity]
06-17 14:12:54.811508 14813 14813 I am_on_paused_called: [0,com.mediatek.mtklogger.LogFileListActivity]
06-17 14:12:54.813803  1114  4890 I am_resume_activity: [0,69379746,661,com.mediatek.mtklogger/.MainActivity]
06-17 14:12:54.814546  1114  4890 I am_focused_activity: [0,com.mediatek.mtklogger/.MainActivity]
06-17 14:12:54.829704 14813 14813 I am_on_resume_called: [0,com.mediatek.mtklogger.MainActivity]
06-17 14:12:54.978307 13313 13512 I force_gc: Binder
06-17 14:12:55.140277  1114  1130 I am_destroy_activity: [0,10712381,661,com.mediatek.mtklogger/.LogFileListActivity,finish-imm]
06-17 14:12:55.155790   296   296 I sf_frame_dur: [com.mediatek.mtklogger/com.mediatek.mtklogger.LogFileListActivity,14,1,0,0,1,1,0]
06-17 14:12:55.698444  1114 21938 I force_gc: Binder
06-17 14:12:55.759000 29281 29281 I auditd  : type=1400 audit(0.0:2760629): avc: denied { search } for comm="netstat" name="1" dev="proc" ino=12292 scontext=u:r:untrusted_app:s0:c512,c768 tcontext=u:r:init:s0 tclass=dir permissive=0
06-17 14:12:55.849000 29282 29282 I auditd  : type=1400 audit(0.0:2760630): avc: denied { search } for comm="netstat" name="1" dev="proc" ino=12292 scontext=u:r:untrusted_app:s0:c512,c768 tcontext=u:r:init:s0 tclass=dir permissive=0
06-17 14:12:55.899000 29283 29283 I auditd  : type=1400 audit(0.0:2760631): avc: denied { search } for comm="netstat" name="1" dev="proc" ino=12292 scontext=u:r:untrusted_app:s0:c512,c768 tcontext=u:r:init:s0 tclass=dir permissive=0
06-17 14:12:55.939000 29284 29284 I auditd  : type=1400 audit(0.0:2760632): avc: denied { search } for comm="netstat" name="1" dev="proc" ino=12292 scontext=u:r:untrusted_app:s0:c512,c768 tcontext=u:r:init:s0 tclass=dir permissive=0
06-17 14:12:55.980164 13313 29226 I force_gc: Binder
06-17 14:12:56.218348  4979  5228 I force_gc: Binder
06-17 14:12:56.819000 29316 29316 I auditd  : type=1400 audit(0.0:2760633): avc: denied { search } for comm="netstat" name="1" dev="proc" ino=12292 scontext=u:r:untrusted_app:s0:c512,c768 tcontext=u:r:init:s0 tclass=dir permissive=0
06-17 14:12:56.869000 29317 29317 I auditd  : type=1400 audit(0.0:2760634): avc: denied { search } for comm="netstat" name="1" dev="proc" ino=12292 scontext=u:r:untrusted_app:s0:c512,c768 tcontext=u:r:init:s0 tclass=dir permissive=0
06-17 14:12:56.929000 29323 29323 I auditd  : type=1400 audit(0.0:2760635): avc: denied { search } for comm="netstat" name="1" dev="proc" ino=12292 scontext=u:r:untrusted_app:s0:c512,c768 tcontext=u:r:init:s0 tclass=dir permissive=0
06-17 14:12:56.979000 29324 29324 I auditd  : type=1400 audit(0.0:2760636): avc: denied { search } for comm="netstat" name="1" dev="proc" ino=12292 scontext=u:r:untrusted_app:s0:c512,c768 tcontext=u:r:init:s0 tclass=dir permissive=0
06-17 14:12:57.029000 29329 29329 I auditd  : type=1400 audit(0.0:2760637): avc: denied { connectto } for comm="xlog" path="/dev/socket/property_service" scontext=u:r:xlog:s0 tcontext=u:r:init:s0 tclass=unix_stream_socket permissive=0
06-17 14:12:57.119000  5408  5408 I auditd  : type=1400 audit(0.0:2760638): avc: denied { getattr } for comm="rism_thread" path="/proc/1" dev="proc" ino=12292 scontext=u:r:untrusted_app:s0:c512,c768 tcontext=u:r:init:s0 tclass=dir permissive=0
06-17 14:12:57.129000  5408  5408 I auditd  : type=1400 audit(0.0:2760639): avc: denied { getattr } for comm="rism_thread" path="/proc/2" dev="proc" ino=15789 scontext=u:r:untrusted_app:s0:c512,c768 tcontext=u:r:kernel:s0 tclass=dir permissive=0
06-17 14:12:57.129000  5408  5408 I auditd  : type=1400 audit(0.0:2760640): avc: denied { getattr } for comm="rism_thread" path="/proc/3" dev="proc" ino=15790 scontext=u:r:untrusted_app:s0:c512,c768 tcontext=u:r:kernel:s0 tclass=dir permissive=0
06-17 14:12:57.129000  5408  5408 I auditd  : type=1400 audit(0.0:2760641): avc: denied { getattr } for comm="rism_thread" path="/proc/5" dev="proc" ino=15792 scontext=u:r:untrusted_app:s0:c512,c768 tcontext=u:r:kernel:s0 tclass=dir permissive=0
06-17 14:12:57.129000  5408  5408 I auditd  : type=1400 audit(0.0:2760642): avc: denied { getattr } for comm="rism_thread" path="/proc/7" dev="proc" ino=15794 scontext=u:r:untrusted_app:s0:c512,c768 tcontext=u:r:kernel:s0 tclass=dir permissive=0
06-17 14:12:57.129000  5408  5408 I auditd  : type=1400 audit(0.0:2760643): avc: denied { getattr } for comm="rism_thread" path="/proc/8" dev="proc" ino=15795 scontext=u:r:untrusted_app:s0:c512,c768 tcontext=u:r:kernel:s0 tclass=dir permissive=0
06-17 14:12:57.129000  5408  5408 I auditd  : type=1400 audit(0.0:2760644): avc: denied { getattr } for comm="rism_thread" path="/proc/9" dev="proc" ino=15796 scontext=u:r:untrusted_app:s0:c512,c768 tcontext=u:r:kernel:s0 tclass=dir permissive=0
06-17 14:12:57.129000  5408  5408 I auditd  : type=1400 audit(0.0:2760645): avc: denied { getattr } for comm="rism_thread" path="/proc/10" dev="proc" ino=15797 scontext=u:r:untrusted_app:s0:c512,c768 tcontext=u:r:kernel:s0 tclass=dir permissive=0
06-17 14:12:57.129000  5408  5408 I auditd  : type=1400 audit(0.0:2760646): avc: denied { getattr } for comm="rism_thread" path="/proc/11" dev="proc" ino=15798 scontext=u:r:untrusted_app:s0:c512,c768 tcontext=u:r:kernel:s0 tclass=dir permissive=0
06-17 14:12:57.129000  5408  5408 I auditd  : type=1400 audit(0.0:2760647): avc: denied { getattr } for comm="rism_thread" path="/proc/12" dev="proc" ino=15799 scontext=u:r:untrusted_app:s0:c512,c768 tcontext=u:r:kernel:s0 tclass=dir permissive=0
06-17 14:12:57.129000  5408  5408 I auditd  : type=1400 audit(0.0:2760648): avc: denied { getattr } for comm="rism_thread" path="/proc/14" dev="proc" ino=15801 scontext=u:r:untrusted_app:s0:c512,c768 tcontext=u:r:kernel:s0 tclass=dir permissive=0
06-17 14:12:57.129000  5408  5408 I auditd  : type=1400 audit(0.0:2760649): avc: denied { getattr } for comm="rism_thread" path="/proc/15" dev="proc" ino=15802 scontext=u:r:untrusted_app:s0:c512,c768 tcontext=u:r:kernel:s0 tclass=dir permissive=0
06-17 14:12:57.129000  5408  5408 I auditd  : type=1400 audit(0.0:2760650): avc: denied { getattr } for comm="rism_thread" path="/proc/16" dev="proc" ino=15803 scontext=u:r:untrusted_app:s0:c512,c768 tcontext=u:r:kernel:s0 tclass=dir permissive=0
06-17 14:12:57.129000  5408  5408 I auditd  : type=1400 audit(0.0:2760651): avc: denied { getattr } for comm="rism_thread" path="/proc/18" dev="proc" ino=15805 scontext=u:r:untrusted_app:s0:c512,c768 tcontext=u:r:kernel:s0 tclass=dir permissive=0
06-17 14:12:57.129000  5408  5408 I auditd  : type=1400 audit(0.0:2760652): avc: denied { getattr } for comm="rism_thread" path="/proc/19" dev="proc" ino=15806 scontext=u:r:untrusted_app:s0:c512,c768 tcontext=u:r:kernel:s0 tclass=dir permissive=0
06-17 14:12:57.129000  5408  5408 I auditd  : type=1400 audit(0.0:2760653): avc: denied { getattr } for comm="rism_thread" path="/proc/20" dev="proc" ino=15807 scontext=u:r:untrusted_app:s0:c512,c768 tcontext=u:r:kernel:s0 tclass=dir permissive=0
06-17 14:12:57.129000  5408  5408 I auditd  : type=1400 audit(0.0:2760654): avc: denied { getattr } for comm="rism_thread" path="/proc/22" dev="proc" ino=15809 scontext=u:r:untrusted_app:s0:c512,c768 tcontext=u:r:kernel:s0 tclass=dir permissive=0
06-17 14:12:57.129000  5408  5408 I auditd  : type=1400 audit(0.0:2760655): avc: denied { getattr } for comm="rism_thread" path="/proc/23" dev="proc" ino=15810 scontext=u:r:untrusted_app:s0:c512,c768 tcontext=u:r:kernel:s0 tclass=dir permissive=0
06-17 14:12:57.139000  5408  5408 I auditd  : type=1400 audit(0.0:2760656): avc: denied { getattr } for comm="rism_thread" path="/proc/24" dev="proc" ino=15811 scontext=u:r:untrusted_app:s0:c512,c768 tcontext=u:r:kernel:s0 tclass=dir permissive=0
06-17 14:12:57.139000  5408  5408 I auditd  : type=1400 audit(0.0:2760657): avc: denied { getattr } for comm="rism_thread" path="/proc/26" dev="proc" ino=15813 scontext=u:r:untrusted_app:s0:c512,c768 tcontext=u:r:kernel:s0 tclass=dir permissive=0
06-17 14:12:57.139000  5408  5408 I auditd  : type=1400 audit(0.0:2760658): avc: denied { getattr } for comm="rism_thread" path="/proc/27" dev="proc" ino=15814 scontext=u:r:untrusted_app:s0:c512,c768 tcontext=u:r:kernel:s0 tclass=dir permissive=0
06-17 14:12:57.139000  5408  5408 I auditd  : type=1400 audit(0.0:2760659): avc: denied { getattr } for comm="rism_thread" path="/proc/28" dev="proc" ino=15815 scontext=u:r:untrusted_app:s0:c512,c768 tcontext=u:r:kernel:s0 tclass=dir permissive=0
06-17 14:12:57.139000  5408  5408 I auditd  : type=1400 audit(0.0:2760660): avc: denied { getattr } for comm="rism_thread" path="/proc/30" dev="proc" ino=15817 scontext=u:r:untrusted_app:s0:c512,c768 tcontext=u:r:kernel:s0 tclass=dir permissive=0
06-17 14:12:57.139000  5408  5408 I auditd  : type=1400 audit(0.0:2760661): avc: denied { getattr } for comm="rism_thread" path="/proc/31" dev="proc" ino=15818 scontext=u:r:untrusted_app:s0:c512,c768 tcontext=u:r:kernel:s0 tclass=dir permissive=0
06-17 14:12:57.139000  5408  5408 I auditd  : type=1400 audit(0.0:2760662): avc: denied { getattr } for comm="rism_thread" path="/proc/32" dev="proc" ino=15819 scontext=u:r:untrusted_app:s0:c512,c768 tcontext=u:r:kernel:s0 tclass=dir permissive=0
06-17 14:12:57.139000  5408  5408 I auditd  : type=1400 audit(0.0:2760663): avc: denied { getattr } for comm="rism_thread" path="/proc/34" dev="proc" ino=15821 scontext=u:r:untrusted_app:s0:c512,c768 tcontext=u:r:kernel:s0 tclass=dir permissive=0
06-17 14:12:57.139000  5408  5408 I auditd  : type=1400 audit(0.0:2760664): avc: denied { getattr } for comm="rism_thread" path="/proc/35" dev="proc" ino=15822 scontext=u:r:untrusted_app:s0:c512,c768 tcontext=u:r:kernel:s0 tclass=dir permissive=0
06-17 14:12:57.139000  5408  5408 I auditd  : type=1400 audit(0.0:2760665): avc: denied { getattr } for comm="rism_thread" path="/proc/36" dev="proc" ino=15823 scontext=u:r:untrusted_app:s0:c512,c768 tcontext=u:r:kernel:s0 tclass=dir permissive=0
06-17 14:12:57.139000  5408  5408 I auditd  : type=1400 audit(0.0:2760666): avc: denied { getattr } for comm="rism_thread" path="/proc/38" dev="proc" ino=15825 scontext=u:r:untrusted_app:s0:c512,c768 tcontext=u:r:kernel:s0 tclass=dir permissive=0
06-17 14:12:57.139000  5408  5408 I auditd  : type=1400 audit(0.0:2760667): avc: denied { getattr } for comm="rism_thread" path="/proc/39" dev="proc" ino=15826 scontext=u:r:untrusted_app:s0:c512,c768 tcontext=u:r:kernel:s0 tclass=dir permissive=0
06-17 14:12:57.139000  5408  5408 I auditd  : type=1400 audit(0.0:2760668): avc: denied { getattr } for comm="rism_thread" path="/proc/40" dev="proc" ino=15827 scontext=u:r:untrusted_app:s0:c512,c768 tcontext=u:r:kernel:s0 tclass=dir permissive=0
06-17 14:12:57.264876  1114  1129 I am_pss  : [14813,10126,com.mediatek.mtklogger,43590656,40920064]
06-17 14:12:57.770345   296   296 I sf_frame_dur: [,53,0,0,0,1,0,0]
06-17 14:12:58.487210  1114  1114 I notification_enqueue: [10126,14813,com.mediatek.mtklogger,2130837539,NULL,0,Notification(pri=0 contentView=com.mediatek.mtklogger/0x1090087 vibrate=null sound=null tick defaults=0x0 flags=0x60 color=0x00000000 vis=PRIVATE),0]
06-17 14:12:58.660403  1114  1131 I am_home_stack_moved: [0,1,0,0,bringingFoundTaskToFront setFocusedActivity]
06-17 14:12:58.660458  1114  1131 I wm_task_moved: [625,1,1]
06-17 14:12:58.705912  1114  1131 I am_focused_activity: [0,com.tcl.mie.tlauncher/com.android.launcher3.Launcher]
06-17 14:12:58.732197  1114  1131 I am_pause_activity: [0,69379746,com.mediatek.mtklogger/.MainActivity]
06-17 14:12:58.734209  1114  1131 I am_task_to_front: [0,625]
06-17 14:12:58.734380  1114  1131 I am_new_intent: [0,105388139,625,com.tcl.mie.tlauncher/com.android.launcher3.Launcher,android.intent.action.MAIN,NULL,NULL,283115520]
06-17 14:12:58.739814 14813 14813 I am_on_paused_called: [0,com.mediatek.mtklogger.MainActivity]
06-17 14:12:58.745353  1114  2624 I am_resume_activity: [0,182215342,625,com.tcl.mie.tlauncher/com.android.launcher3.Launcher]
06-17 14:12:58.747484  1114  2624 I am_focused_activity: [0,com.tcl.mie.tlauncher/com.android.launcher3.Launcher]
06-17 14:12:58.831005  2451  2451 I am_on_resume_called: [0,com.android.launcher3.Launcher]
06-17 14:12:58.969000 29386 29386 I auditd  : type=1400 audit(0.0:2761029): avc: denied { search } for comm="netstat" name="1" dev="proc" ino=12292 scontext=u:r:untrusted_app:s0:c512,c768 tcontext=u:r:init:s0 tclass=dir permissive=0
06-17 14:12:59.039000 29388 29388 I auditd  : type=1400 audit(0.0:2761030): avc: denied { search } for comm="netstat" name="1" dev="proc" ino=12292 scontext=u:r:untrusted_app:s0:c512,c768 tcontext=u:r:init:s0 tclass=dir permissive=0
06-17 14:12:59.059000 29391 29391 I auditd  : type=1400 audit(0.0:2761031): avc: denied { search } for comm="netstat" name="1" dev="proc" ino=12292 scontext=u:r:untrusted_app:s0:c512,c768 tcontext=u:r:init:s0 tclass=dir permissive=0
06-17 14:12:59.079000 29392 29392 I auditd  : type=1400 audit(0.0:2761032): avc: denied { search } for comm="netstat" name="1" dev="proc" ino=12292 scontext=u:r:untrusted_app:s0:c512,c768 tcontext=u:r:init:s0 tclass=dir permissive=0
06-17 14:12:59.425133   296   296 I sf_frame_dur: [com.mediatek.mtklogger/com.mediatek.mtklogger.MainActivity,1,1,1,0,1,2,1]
06-17 14:12:59.669000  5408  5408 I auditd  : type=1400 audit(0.0:2761033): avc: denied { getattr } for comm="rism_thread" path="/proc/1" dev="proc" ino=12292 scontext=u:r:untrusted_app:s0:c512,c768 tcontext=u:r:init:s0 tclass=dir permissive=0
06-17 14:12:59.669000  5408  5408 I auditd  : type=1400 audit(0.0:2761034): avc: denied { getattr } for comm="rism_thread" path="/proc/2" dev="proc" ino=15789 scontext=u:r:untrusted_app:s0:c512,c768 tcontext=u:r:kernel:s0 tclass=dir permissive=0
06-17 14:12:59.669000  5408  5408 I auditd  : type=1400 audit(0.0:2761035): avc: denied { getattr } for comm="rism_thread" path="/proc/3" dev="proc" ino=15790 scontext=u:r:untrusted_app:s0:c512,c768 tcontext=u:r:kernel:s0 tclass=dir permissive=0
06-17 14:12:59.669000  5408  5408 I auditd  : type=1400 audit(0.0:2761036): avc: denied { getattr } for comm="rism_thread" path="/proc/5" dev="proc" ino=15792 scontext=u:r:untrusted_app:s0:c512,c768 tcontext=u:r:kernel:s0 tclass=dir permissive=0
06-17 14:12:59.669000  5408  5408 I auditd  : type=1400 audit(0.0:2761037): avc: denied { getattr } for comm="rism_thread" path="/proc/7" dev="proc" ino=15794 scontext=u:r:untrusted_app:s0:c512,c768 tcontext=u:r:kernel:s0 tclass=dir permissive=0
06-17 14:12:59.669000  5408  5408 I auditd  : type=1400 audit(0.0:2761038): avc: denied { getattr } for comm="rism_thread" path="/proc/8" dev="proc" ino=15795 scontext=u:r:untrusted_app:s0:c512,c768 tcontext=u:r:kernel:s0 tclass=dir permissive=0
06-17 14:12:59.669000  5408  5408 I auditd  : type=1400 audit(0.0:2761039): avc: denied { getattr } for comm="rism_thread" path="/proc/9" dev="proc" ino=15796 scontext=u:r:untrusted_app:s0:c512,c768 tcontext=u:r:kernel:s0 tclass=dir permissive=0
06-17 14:12:59.669000  5408  5408 I auditd  : type=1400 audit(0.0:2761040): avc: denied { getattr } for comm="rism_thread" path="/proc/10" dev="proc" ino=15797 scontext=u:r:untrusted_app:s0:c512,c768 tcontext=u:r:kernel:s0 tclass=dir permissive=0
06-17 14:12:59.669000  5408  5408 I auditd  : type=1400 audit(0.0:2761041): avc: denied { getattr } for comm="rism_thread" path="/proc/11" dev="proc" ino=15798 scontext=u:r:untrusted_app:s0:c512,c768 tcontext=u:r:kernel:s0 tclass=dir permissive=0
06-17 14:12:59.669000  5408  5408 I auditd  : type=1400 audit(0.0:2761042): avc: denied { getattr } for comm="rism_thread" path="/proc/12" dev="proc" ino=15799 scontext=u:r:untrusted_app:s0:c512,c768 tcontext=u:r:kernel:s0 tclass=dir permissive=0
06-17 14:12:59.669000  5408  5408 I auditd  : type=1400 audit(0.0:2761043): avc: denied { getattr } for comm="rism_thread" path="/proc/14" dev="proc" ino=15801 scontext=u:r:untrusted_app:s0:c512,c768 tcontext=u:r:kernel:s0 tclass=dir permissive=0
06-17 14:12:59.669000  5408  5408 I auditd  : type=1400 audit(0.0:2761044): avc: denied { getattr } for comm="rism_thread" path="/proc/15" dev="proc" ino=15802 scontext=u:r:untrusted_app:s0:c512,c768 tcontext=u:r:kernel:s0 tclass=dir permissive=0
06-17 14:12:59.669000  5408  5408 I auditd  : type=1400 audit(0.0:2761045): avc: denied { getattr } for comm="rism_thread" path="/proc/16" dev="proc" ino=15803 scontext=u:r:untrusted_app:s0:c512,c768 tcontext=u:r:kernel:s0 tclass=dir permissive=0
06-17 14:12:59.669000  5408  5408 I auditd  : type=1400 audit(0.0:2761046): avc: denied { getattr } for comm="rism_thread" path="/proc/18" dev="proc" ino=15805 scontext=u:r:untrusted_app:s0:c512,c768 tcontext=u:r:kernel:s0 tclass=dir permissive=0
06-17 14:12:59.669000  5408  5408 I auditd  : type=1400 audit(0.0:2761047): avc: denied { getattr } for comm="rism_thread" path="/proc/19" dev="proc" ino=15806 scontext=u:r:untrusted_app:s0:c512,c768 tcontext=u:r:kernel:s0 tclass=dir permissive=0
06-17 14:12:59.669000  5408  5408 I auditd  : type=1400 audit(0.0:2761048): avc: denied { getattr } for comm="rism_thread" path="/proc/20" dev="proc" ino=15807 scontext=u:r:untrusted_app:s0:c512,c768 tcontext=u:r:kernel:s0 tclass=dir permissive=0
06-17 14:12:59.989000 29419 29419 I auditd  : type=1400 audit(0.0:2761421): avc: denied { search } for comm="netstat" name="1" dev="proc" ino=12292 scontext=u:r:untrusted_app:s0:c512,c768 tcontext=u:r:init:s0 tclass=dir permissive=0
06-17 14:13:00.079000 29420 29420 I auditd  : type=1400 audit(0.0:2761422): avc: denied { search } for comm="netstat" name="1" dev="proc" ino=12292 scontext=u:r:untrusted_app:s0:c512,c768 tcontext=u:r:init:s0 tclass=dir permissive=0
06-17 14:13:00.099000 29421 29421 I auditd  : type=1400 audit(0.0:2761423): avc: denied { search } for comm="netstat" name="1" dev="proc" ino=12292 scontext=u:r:untrusted_app:s0:c512,c768 tcontext=u:r:init:s0 tclass=dir permissive=0
06-17 14:13:00.139000 29422 29422 I auditd  : type=1400 audit(0.0:2761424): avc: denied { search } for comm="netstat" name="1" dev="proc" ino=12292 scontext=u:r:untrusted_app:s0:c512,c768 tcontext=u:r:init:s0 tclass=dir permissive=0
06-17 14:13:01.019000 29435 29435 I auditd  : type=1400 audit(0.0:2761425): avc: denied { search } for comm="netstat" name="1" dev="proc" ino=12292 scontext=u:r:untrusted_app:s0:c512,c768 tcontext=u:r:init:s0 tclass=dir permissive=0
06-17 14:13:01.129000 29440 29440 I auditd  : type=1400 audit(0.0:2761426): avc: denied { search } for comm="netstat" name="1" dev="proc" ino=12292 scontext=u:r:untrusted_app:s0:c512,c768 tcontext=u:r:init:s0 tclass=dir permissive=0
06-17 14:13:01.129000 29441 29441 I auditd  : type=1400 audit(0.0:2761427): avc: denied { search } for comm="netstat" name="1" dev="proc" ino=12292 scontext=u:r:untrusted_app:s0:c512,c768 tcontext=u:r:init:s0 tclass=dir permissive=0
06-17 14:13:01.169000 29442 29442 I auditd  : type=1400 audit(0.0:2761428): avc: denied { search } for comm="netstat" name="1" dev="proc" ino=12292 scontext=u:r:untrusted_app:s0:c512,c768 tcontext=u:r:init:s0 tclass=dir permissive=0
06-17 14:13:02.049000 29466 29466 I auditd  : type=1400 audit(0.0:2761429): avc: denied { search } for comm="netstat" name="1" dev="proc" ino=12292 scontext=u:r:untrusted_app:s0:c512,c768 tcontext=u:r:init:s0 tclass=dir permissive=0
06-17 14:13:02.149000 29467 29467 I auditd  : type=1400 audit(0.0:2761430): avc: denied { search } for comm="netstat" name="1" dev="proc" ino=12292 scontext=u:r:untrusted_app:s0:c512,c768 tcontext=u:r:init:s0 tclass=dir permissive=0
06-17 14:13:02.159000 29468 29468 I auditd  : type=1400 audit(0.0:2761431): avc: denied { search } for comm="netstat" name="1" dev="proc" ino=12292 scontext=u:r:untrusted_app:s0:c512,c768 tcontext=u:r:init:s0 tclass=dir permissive=0
06-17 14:13:02.199000 29469 29469 I auditd  : type=1400 audit(0.0:2761432): avc: denied { search } for comm="netstat" name="1" dev="proc" ino=12292 scontext=u:r:untrusted_app:s0:c512,c768 tcontext=u:r:init:s0 tclass=dir permissive=0
06-17 14:13:02.199000  5408  5408 I auditd  : type=1400 audit(0.0:2761433): avc: denied { getattr } for comm="rism_thread" path="/proc/1" dev="proc" ino=12292 scontext=u:r:untrusted_app:s0:c512,c768 tcontext=u:r:init:s0 tclass=dir permissive=0
06-17 14:13:02.209000  5408  5408 I auditd  : type=1400 audit(0.0:2761434): avc: denied { getattr } for comm="rism_thread" path="/proc/2" dev="proc" ino=15789 scontext=u:r:untrusted_app:s0:c512,c768 tcontext=u:r:kernel:s0 tclass=dir permissive=0
06-17 14:13:02.209000  5408  5408 I auditd  : type=1400 audit(0.0:2761435): avc: denied { getattr } for comm="rism_thread" path="/proc/3" dev="proc" ino=15790 scontext=u:r:untrusted_app:s0:c512,c768 tcontext=u:r:kernel:s0 tclass=dir permissive=0
06-17 14:13:02.209000  5408  5408 I auditd  : type=1400 audit(0.0:2761436): avc: denied { getattr } for comm="rism_thread" path="/proc/5" dev="proc" ino=15792 scontext=u:r:untrusted_app:s0:c512,c768 tcontext=u:r:kernel:s0 tclass=dir permissive=0
06-17 14:13:02.209000  5408  5408 I auditd  : type=1400 audit(0.0:2761437): avc: denied { getattr } for comm="rism_thread" path="/proc/7" dev="proc" ino=15794 scontext=u:r:untrusted_app:s0:c512,c768 tcontext=u:r:kernel:s0 tclass=dir permissive=0
06-17 14:13:02.209000  5408  5408 I auditd  : type=1400 audit(0.0:2761438): avc: denied { getattr } for comm="rism_thread" path="/proc/8" dev="proc" ino=15795 scontext=u:r:untrusted_app:s0:c512,c768 tcontext=u:r:kernel:s0 tclass=dir permissive=0
06-17 14:13:02.209000  5408  5408 I auditd  : type=1400 audit(0.0:2761439): avc: denied { getattr } for comm="rism_thread" path="/proc/9" dev="proc" ino=15796 scontext=u:r:untrusted_app:s0:c512,c768 tcontext=u:r:kernel:s0 tclass=dir permissive=0
06-17 14:13:02.209000  5408  5408 I auditd  : type=1400 audit(0.0:2761440): avc: denied { getattr } for comm="rism_thread" path="/proc/10" dev="proc" ino=15797 scontext=u:r:untrusted_app:s0:c512,c768 tcontext=u:r:kernel:s0 tclass=dir permissive=0
06-17 14:13:02.209000  5408  5408 I auditd  : type=1400 audit(0.0:2761441): avc: denied { getattr } for comm="rism_thread" path="/proc/11" dev="proc" ino=15798 scontext=u:r:untrusted_app:s0:c512,c768 tcontext=u:r:kernel:s0 tclass=dir permissive=0
06-17 14:13:02.209000  5408  5408 I auditd  : type=1400 audit(0.0:2761442): avc: denied { getattr } for comm="rism_thread" path="/proc/12" dev="proc" ino=15799 scontext=u:r:untrusted_app:s0:c512,c768 tcontext=u:r:kernel:s0 tclass=dir permissive=0
06-17 14:13:02.209000  5408  5408 I auditd  : type=1400 audit(0.0:2761443): avc: denied { getattr } for comm="rism_thread" path="/proc/14" dev="proc" ino=15801 scontext=u:r:untrusted_app:s0:c512,c768 tcontext=u:r:kernel:s0 tclass=dir permissive=0
06-17 14:13:02.209000  5408  5408 I auditd  : type=1400 audit(0.0:2761444): avc: denied { getattr } for comm="rism_thread" path="/proc/15" dev="proc" ino=15802 scontext=u:r:untrusted_app:s0:c512,c768 tcontext=u:r:kernel:s0 tclass=dir permissive=0
06-17 14:13:02.209000  5408  5408 I auditd  : type=1400 audit(0.0:2761445): avc: denied { getattr } for comm="rism_thread" path="/proc/16" dev="proc" ino=15803 scontext=u:r:untrusted_app:s0:c512,c768 tcontext=u:r:kernel:s0 tclass=dir permissive=0
06-17 14:13:02.209000  5408  5408 I auditd  : type=1400 audit(0.0:2761446): avc: denied { getattr } for comm="rism_thread" path="/proc/18" dev="proc" ino=15805 scontext=u:r:untrusted_app:s0:c512,c768 tcontext=u:r:kernel:s0 tclass=dir permissive=0
06-17 14:13:02.219000  5408  5408 I auditd  : type=1400 audit(0.0:2761447): avc: denied { getattr } for comm="rism_thread" path="/proc/19" dev="proc" ino=15806 scontext=u:r:untrusted_app:s0:c512,c768 tcontext=u:r:kernel:s0 tclass=dir permissive=0
06-17 14:13:02.219000  5408  5408 I auditd  : type=1400 audit(0.0:2761448): avc: denied { getattr } for comm="rism_thread" path="/proc/20" dev="proc" ino=15807 scontext=u:r:untrusted_app:s0:c512,c768 tcontext=u:r:kernel:s0 tclass=dir permissive=0
06-17 14:13:02.219000  5408  5408 I auditd  : type=1400 audit(0.0:2761449): avc: denied { getattr } for comm="rism_thread" path="/proc/22" dev="proc" ino=15809 scontext=u:r:untrusted_app:s0:c512,c768 tcontext=u:r:kernel:s0 tclass=dir permissive=0
06-17 14:13:02.219000  5408  5408 I auditd  : type=1400 audit(0.0:2761450): avc: denied { getattr } for comm="rism_thread" path="/proc/23" dev="proc" ino=15810 scontext=u:r:untrusted_app:s0:c512,c768 tcontext=u:r:kernel:s0 tclass=dir permissive=0
06-17 14:13:02.219000  5408  5408 I auditd  : type=1400 audit(0.0:2761451): avc: denied { getattr } for comm="rism_thread" path="/proc/24" dev="proc" ino=15811 scontext=u:r:untrusted_app:s0:c512,c768 tcontext=u:r:kernel:s0 tclass=dir permissive=0
06-17 14:13:02.219000  5408  5408 I auditd  : type=1400 audit(0.0:2761452): avc: denied { getattr } for comm="rism_thread" path="/proc/26" dev="proc" ino=15813 scontext=u:r:untrusted_app:s0:c512,c768 tcontext=u:r:kernel:s0 tclass=dir permissive=0
06-17 14:13:02.229000  5408  5408 I auditd  : type=1400 audit(0.0:2761453): avc: denied { getattr } for comm="rism_thread" path="/proc/27" dev="proc" ino=15814 scontext=u:r:untrusted_app:s0:c512,c768 tcontext=u:r:kernel:s0 tclass=dir permissive=0
06-17 14:13:02.229000  5408  5408 I auditd  : type=1400 audit(0.0:2761454): avc: denied { getattr } for comm="rism_thread" path="/proc/28" dev="proc" ino=15815 scontext=u:r:untrusted_app:s0:c512,c768 tcontext=u:r:kernel:s0 tclass=dir permissive=0
06-17 14:13:02.229000  5408  5408 I auditd  : type=1400 audit(0.0:2761455): avc: denied { getattr } for comm="rism_thread" path="/proc/30" dev="proc" ino=15817 scontext=u:r:untrusted_app:s0:c512,c768 tcontext=u:r:kernel:s0 tclass=dir permissive=0
06-17 14:13:02.229000  5408  5408 I auditd  : type=1400 audit(0.0:2761456): avc: denied { getattr } for comm="rism_thread" path="/proc/31" dev="proc" ino=15818 scontext=u:r:untrusted_app:s0:c512,c768 tcontext=u:r:kernel:s0 tclass=dir permissive=0
06-17 14:13:02.229000  5408  5408 I auditd  : type=1400 audit(0.0:2761457): avc: denied { getattr } for comm="rism_thread" path="/proc/32" dev="proc" ino=15819 scontext=u:r:untrusted_app:s0:c512,c768 tcontext=u:r:kernel:s0 tclass=dir permissive=0
06-17 14:13:02.229000  5408  5408 I auditd  : type=1400 audit(0.0:2761458): avc: denied { getattr } for comm="rism_thread" path="/proc/34" dev="proc" ino=15821 scontext=u:r:untrusted_app:s0:c512,c768 tcontext=u:r:kernel:s0 tclass=dir permissive=0
06-17 14:13:02.229000  5408  5408 I auditd  : type=1400 audit(0.0:2761459): avc: denied { getattr } for comm="rism_thread" path="/proc/35" dev="proc" ino=15822 scontext=u:r:untrusted_app:s0:c512,c768 tcontext=u:r:kernel:s0 tclass=dir permissive=0
06-17 14:13:02.229000  5408  5408 I auditd  : type=1400 audit(0.0:2761460): avc: denied { getattr } for comm="rism_thread" path="/proc/36" dev="proc" ino=15823 scontext=u:r:untrusted_app:s0:c512,c768 tcontext=u:r:kernel:s0 tclass=dir permissive=0
06-17 14:13:02.545405  1114  2622 I am_home_stack_moved: [0,0,1,1,bringingFoundTaskToFront setFocusedActivity]
06-17 14:13:02.545481  1114  2622 I wm_task_moved: [667,1,3]
06-17 14:13:02.555344  1114  2622 I am_focused_activity: [0,jrdcom.com.anrdemo/.MainActivity]
06-17 14:13:02.556316  1114  2622 I am_pause_activity: [0,182215342,com.tcl.mie.tlauncher/com.android.launcher3.Launcher]
06-17 14:13:02.560053  1114  2622 I am_task_to_front: [0,667]
06-17 14:13:02.609766  2451  2451 I am_on_paused_called: [0,com.android.launcher3.Launcher]
06-17 14:13:02.616501  1114 18231 I am_resume_activity: [0,181541526,667,jrdcom.com.anrdemo/.MainActivity]
06-17 14:13:02.618470  1114 18231 I am_focused_activity: [0,jrdcom.com.anrdemo/.MainActivity]
06-17 14:13:02.999788   296   296 I sf_frame_dur: [com.tcl.mie.tlauncher/com.android.launcher3.Launcher,5,73,1,1,2,0,0]
06-17 14:13:03.239000 29491 29491 I auditd  : type=1400 audit(0.0:2761824): avc: denied { search } for comm="netstat" name="1" dev="proc" ino=12292 scontext=u:r:untrusted_app:s0:c512,c768 tcontext=u:r:init:s0 tclass=dir permissive=0
06-17 14:13:03.449977  1114  1114 I free_storage_changed: 13122727936
06-17 14:13:04.109000 29511 29511 I auditd  : type=1400 audit(0.0:2761825): avc: denied { search } for comm="netstat" name="1" dev="proc" ino=12292 scontext=u:r:untrusted_app:s0:c512,c768 tcontext=u:r:init:s0 tclass=dir permissive=0
06-17 14:13:04.199000 29518 29518 I auditd  : type=1400 audit(0.0:2761826): avc: denied { search } for comm="netstat" name="1" dev="proc" ino=12292 scontext=u:r:untrusted_app:s0:c512,c768 tcontext=u:r:init:s0 tclass=dir permissive=0
06-17 14:13:04.219000 29519 29519 I auditd  : type=1400 audit(0.0:2761827): avc: denied { search } for comm="netstat" name="1" dev="proc" ino=12292 scontext=u:r:untrusted_app:s0:c512,c768 tcontext=u:r:init:s0 tclass=dir permissive=0
06-17 14:13:04.269000 29522 29522 I auditd  : type=1400 audit(0.0:2761828): avc: denied { search } for comm="netstat" name="1" dev="proc" ino=12292 scontext=u:r:untrusted_app:s0:c512,c768 tcontext=u:r:init:s0 tclass=dir permissive=0
06-17 14:13:04.779000  5408  5408 I auditd  : type=1400 audit(0.0:2761829): avc: denied { getattr } for comm="rism_thread" path="/proc/1" dev="proc" ino=12292 scontext=u:r:untrusted_app:s0:c512,c768 tcontext=u:r:init:s0 tclass=dir permissive=0
06-17 14:13:04.779000  5408  5408 I auditd  : type=1400 audit(0.0:2761830): avc: denied { getattr } for comm="rism_thread" path="/proc/2" dev="proc" ino=15789 scontext=u:r:untrusted_app:s0:c512,c768 tcontext=u:r:kernel:s0 tclass=dir permissive=0
06-17 14:13:04.779000  5408  5408 I auditd  : type=1400 audit(0.0:2761831): avc: denied { getattr } for comm="rism_thread" path="/proc/3" dev="proc" ino=15790 scontext=u:r:untrusted_app:s0:c512,c768 tcontext=u:r:kernel:s0 tclass=dir permissive=0
06-17 14:13:04.779000  5408  5408 I auditd  : type=1400 audit(0.0:2761832): avc: denied { getattr } for comm="rism_thread" path="/proc/5" dev="proc" ino=15792 scontext=u:r:untrusted_app:s0:c512,c768 tcontext=u:r:kernel:s0 tclass=dir permissive=0
06-17 14:13:04.779000  5408  5408 I auditd  : type=1400 audit(0.0:2761833): avc: denied { getattr } for comm="rism_thread" path="/proc/7" dev="proc" ino=15794 scontext=u:r:untrusted_app:s0:c512,c768 tcontext=u:r:kernel:s0 tclass=dir permissive=0
06-17 14:13:04.779000  5408  5408 I auditd  : type=1400 audit(0.0:2761834): avc: denied { getattr } for comm="rism_thread" path="/proc/8" dev="proc" ino=15795 scontext=u:r:untrusted_app:s0:c512,c768 tcontext=u:r:kernel:s0 tclass=dir permissive=0
06-17 14:13:04.789000  5408  5408 I auditd  : type=1400 audit(0.0:2761835): avc: denied { getattr } for comm="rism_thread" path="/proc/9" dev="proc" ino=15796 scontext=u:r:untrusted_app:s0:c512,c768 tcontext=u:r:kernel:s0 tclass=dir permissive=0
06-17 14:13:04.789000  5408  5408 I auditd  : type=1400 audit(0.0:2761836): avc: denied { getattr } for comm="rism_thread" path="/proc/10" dev="proc" ino=15797 scontext=u:r:untrusted_app:s0:c512,c768 tcontext=u:r:kernel:s0 tclass=dir permissive=0
06-17 14:13:04.789000  5408  5408 I auditd  : type=1400 audit(0.0:2761837): avc: denied { getattr } for comm="rism_thread" path="/proc/11" dev="proc" ino=15798 scontext=u:r:untrusted_app:s0:c512,c768 tcontext=u:r:kernel:s0 tclass=dir permissive=0
06-17 14:13:04.789000  5408  5408 I auditd  : type=1400 audit(0.0:2761838): avc: denied { getattr } for comm="rism_thread" path="/proc/12" dev="proc" ino=15799 scontext=u:r:untrusted_app:s0:c512,c768 tcontext=u:r:kernel:s0 tclass=dir permissive=0
06-17 14:13:04.789000  5408  5408 I auditd  : type=1400 audit(0.0:2761839): avc: denied { getattr } for comm="rism_thread" path="/proc/14" dev="proc" ino=15801 scontext=u:r:untrusted_app:s0:c512,c768 tcontext=u:r:kernel:s0 tclass=dir permissive=0
06-17 14:13:04.789000  5408  5408 I auditd  : type=1400 audit(0.0:2761840): avc: denied { getattr } for comm="rism_thread" path="/proc/15" dev="proc" ino=15802 scontext=u:r:untrusted_app:s0:c512,c768 tcontext=u:r:kernel:s0 tclass=dir permissive=0
06-17 14:13:04.789000  5408  5408 I auditd  : type=1400 audit(0.0:2761841): avc: denied { getattr } for comm="rism_thread" path="/proc/16" dev="proc" ino=15803 scontext=u:r:untrusted_app:s0:c512,c768 tcontext=u:r:kernel:s0 tclass=dir permissive=0
06-17 14:13:04.789000  5408  5408 I auditd  : type=1400 audit(0.0:2761842): avc: denied { getattr } for comm="rism_thread" path="/proc/18" dev="proc" ino=15805 scontext=u:r:untrusted_app:s0:c512,c768 tcontext=u:r:kernel:s0 tclass=dir permissive=0
06-17 14:13:04.789000  5408  5408 I auditd  : type=1400 audit(0.0:2761843): avc: denied { getattr } for comm="rism_thread" path="/proc/19" dev="proc" ino=15806 scontext=u:r:untrusted_app:s0:c512,c768 tcontext=u:r:kernel:s0 tclass=dir permissive=0
06-17 14:13:04.789000  5408  5408 I auditd  : type=1400 audit(0.0:2761844): avc: denied { getattr } for comm="rism_thread" path="/proc/20" dev="proc" ino=15807 scontext=u:r:untrusted_app:s0:c512,c768 tcontext=u:r:kernel:s0 tclass=dir permissive=0
06-17 14:13:04.789000  5408  5408 I auditd  : type=1400 audit(0.0:2761845): avc: denied { getattr } for comm="rism_thread" path="/proc/22" dev="proc" ino=15809 scontext=u:r:untrusted_app:s0:c512,c768 tcontext=u:r:kernel:s0 tclass=dir permissive=0
06-17 14:13:04.789000  5408  5408 I auditd  : type=1400 audit(0.0:2761846): avc: denied { getattr } for comm="rism_thread" path="/proc/23" dev="proc" ino=15810 scontext=u:r:untrusted_app:s0:c512,c768 tcontext=u:r:kernel:s0 tclass=dir permissive=0
06-17 14:13:04.789000  5408  5408 I auditd  : type=1400 audit(0.0:2761847): avc: denied { getattr } for comm="rism_thread" path="/proc/24" dev="proc" ino=15811 scontext=u:r:untrusted_app:s0:c512,c768 tcontext=u:r:kernel:s0 tclass=dir permissive=0
06-17 14:13:04.789000  5408  5408 I auditd  : type=1400 audit(0.0:2761848): avc: denied { getattr } for comm="rism_thread" path="/proc/26" dev="proc" ino=15813 scontext=u:r:untrusted_app:s0:c512,c768 tcontext=u:r:kernel:s0 tclass=dir permissive=0
06-17 14:13:04.789000  5408  5408 I auditd  : type=1400 audit(0.0:2761849): avc: denied { getattr } for comm="rism_thread" path="/proc/27" dev="proc" ino=15814 scontext=u:r:untrusted_app:s0:c512,c768 tcontext=u:r:kernel:s0 tclass=dir permissive=0
06-17 14:13:04.799000  5408  5408 I auditd  : type=1400 audit(0.0:2761850): avc: denied { getattr } for comm="rism_thread" path="/proc/28" dev="proc" ino=15815 scontext=u:r:untrusted_app:s0:c512,c768 tcontext=u:r:kernel:s0 tclass=dir permissive=0
06-17 14:13:04.799000  5408  5408 I auditd  : type=1400 audit(0.0:2761851): avc: denied { getattr } for comm="rism_thread" path="/proc/30" dev="proc" ino=15817 scontext=u:r:untrusted_app:s0:c512,c768 tcontext=u:r:kernel:s0 tclass=dir permissive=0
06-17 14:13:04.799000  5408  5408 I auditd  : type=1400 audit(0.0:2761852): avc: denied { getattr } for comm="rism_thread" path="/proc/31" dev="proc" ino=15818 scontext=u:r:untrusted_app:s0:c512,c768 tcontext=u:r:kernel:s0 tclass=dir permissive=0
06-17 14:13:04.799000  5408  5408 I auditd  : type=1400 audit(0.0:2761853): avc: denied { getattr } for comm="rism_thread" path="/proc/32" dev="proc" ino=15819 scontext=u:r:untrusted_app:s0:c512,c768 tcontext=u:r:kernel:s0 tclass=dir permissive=0
06-17 14:13:04.799000  5408  5408 I auditd  : type=1400 audit(0.0:2761854): avc: denied { getattr } for comm="rism_thread" path="/proc/34" dev="proc" ino=15821 scontext=u:r:untrusted_app:s0:c512,c768 tcontext=u:r:kernel:s0 tclass=dir permissive=0
06-17 14:13:04.799000  5408  5408 I auditd  : type=1400 audit(0.0:2761855): avc: denied { getattr } for comm="rism_thread" path="/proc/35" dev="proc" ino=15822 scontext=u:r:untrusted_app:s0:c512,c768 tcontext=u:r:kernel:s0 tclass=dir permissive=0
06-17 14:13:04.799000  5408  5408 I auditd  : type=1400 audit(0.0:2761856): avc: denied { getattr } for comm="rism_thread" path="/proc/36" dev="proc" ino=15823 scontext=u:r:untrusted_app:s0:c512,c768 tcontext=u:r:kernel:s0 tclass=dir permissive=0
06-17 14:13:04.799000  5408  5408 I auditd  : type=1400 audit(0.0:2761857): avc: denied { getattr } for comm="rism_thread" path="/proc/38" dev="proc" ino=15825 scontext=u:r:untrusted_app:s0:c512,c768 tcontext=u:r:kernel:s0 tclass=dir permissive=0
06-17 14:13:04.799000  5408  5408 I auditd  : type=1400 audit(0.0:2761858): avc: denied { getattr } for comm="rism_thread" path="/proc/39" dev="proc" ino=15826 scontext=u:r:untrusted_app:s0:c512,c768 tcontext=u:r:kernel:s0 tclass=dir permissive=0
06-17 14:13:04.799000  5408  5408 I auditd  : type=1400 audit(0.0:2761859): avc: denied { getattr } for comm="rism_thread" path="/proc/40" dev="proc" ino=15827 scontext=u:r:untrusted_app:s0:c512,c768 tcontext=u:r:kernel:s0 tclass=dir permissive=0
06-17 14:13:04.799000  5408  5408 I auditd  : type=1400 audit(0.0:2761860): avc: denied { getattr } for comm="rism_thread" path="/proc/41" dev="proc" ino=15828 scontext=u:r:untrusted_app:s0:c512,c768 tcontext=u:r:kernel:s0 tclass=dir permissive=0
06-17 14:13:04.799000  5408  5408 I auditd  : type=1400 audit(0.0:2761861): avc: denied { getattr } for comm="rism_thread" path="/proc/42" dev="proc" ino=15829 scontext=u:r:untrusted_app:s0:c512,c768 tcontext=u:r:kernel:s0 tclass=dir permissive=0
06-17 14:13:04.799000  5408  5408 I auditd  : type=1400 audit(0.0:2761862): avc: denied { getattr } for comm="rism_thread" path="/proc/43" dev="proc" ino=15830 scontext=u:r:untrusted_app:s0:c512,c768 tcontext=u:r:kernel:s0 tclass=dir permissive=0
06-17 14:13:04.809000  5408  5408 I auditd  : type=1400 audit(0.0:2761863): avc: denied { getattr } for comm="rism_thread" path="/proc/44" dev="proc" ino=15831 scontext=u:r:untrusted_app:s0:c512,c768 tcontext=u:r:kernel:s0 tclass=dir permissive=0
06-17 14:13:05.482514  1114  1638 I am_home_stack_moved: [0,1,0,0,bringingFoundTaskToFront setFocusedActivity]
06-17 14:13:05.482594  1114  1638 I wm_task_moved: [656,1,1]
06-17 14:13:05.486431  1114  1638 I am_focused_activity: [0,com.android.systemui/.recents.RecentsActivity]
06-17 14:13:05.508527  1114  1638 I am_pause_activity: [0,181541526,jrdcom.com.anrdemo/.MainActivity]
06-17 14:13:05.514590  1114  1638 I am_resume_activity: [0,9657189,656,com.android.systemui/.recents.RecentsActivity]
06-17 14:13:05.515691  1114  1638 I am_focused_activity: [0,com.android.systemui/.recents.RecentsActivity]
06-17 14:13:05.517630  1114  1638 I am_task_to_front: [0,656]
06-17 14:13:05.517762  1114  1638 I am_new_intent: [0,150850173,656,com.android.systemui/.recents.RecentsActivity,com.android.systemui.recents.SHOW_RECENTS,NULL,NULL,281034752]
06-17 14:13:05.523222  1332  1332 I sysui_view_visibility: [224,100]
06-17 14:13:05.532882  1332  1332 I sysui_count: [overview_trigger_nav_btn,1]
06-17 14:13:05.532961  1332  1332 I sysui_count: [overview_source_app,1]
