06-17 14:13:00.747761   885  9707 D RILMUXD : [gsm0710muxd] 1050:pseudo_device_read(): Enter, LackofAtciChannel=0
06-17 14:13:00.747779  1093  1094 D RIL     : [RilProxy] onRequest: request = 20, slotId = 0
06-17 14:13:00.747801   885  9707 D RILMUXD : [gsm0710muxd] 657:write_frame(): Sending frame to channel 3
06-17 14:13:00.747868   885  9707 D RILMUXD : [gsm0710muxd] 772:write_frame(): Write a frame on channel 3 with length 9
06-17 14:13:00.747884  1040  1054 I RILC-MTK: RIL_CMD_PROXY_1 sleep
06-17 14:13:00.747993  1093  1099 D RfxMainThread: enqueueMessage(), mainHandler = 0x7f9713d6e0, msg = [type=REQUEST, source=GSM, dest=GSM, pId=VOICE_REGISTRATION_STATE(20), pToken=18348, id=VOICE_REGISTRATION_STATE(20), token=24468, slotId=0,             error = 0, pTimeStamp =  1400064044, isWrongC2KResponse = 0]
06-17 14:13:00.748668  1040  1061 I RILC-MTK: RIL_CMD2_PROXY_4 sleep
06-17 14:13:00.748826  1093  1097 D RfxMainThread: handle msg begin, mainHandler = 0x7f9713d6e0
06-17 14:13:00.748908  1093  1097 D RfxRootController: processMessage() msg = [type=REQUEST, source=GSM, dest=GSM, pId=VOICE_REGISTRATION_STATE(20), pToken=18348, id=VOICE_REGISTRATION_STATE(20), token=24468, slotId=0,             error = 0, pTimeStamp =  1400064044, isWrongC2KResponse = 0]
06-17 14:13:00.748939  1093  1097 D RfxRootController: processMessage() handler = 0x7f97119000, RpNwStateController
06-17 14:13:00.748969  1093  1097 D RfxRilAdapter: isRequestQueueEmpty slotId=0, group=0, ret=t
06-17 14:13:00.748993  1093  1097 D RfxDispatchThread: addMessageToPendingQueue pRequest = 20, pToken = 18348, token = 24468
06-17 14:13:00.749055  1093  1097 D RfxRilAdapter: requestToRild send request done (slotId=0, dest=0, reqId=20, true, dataSize=8, 12)
06-17 14:13:00.749123  1040  1063 D RILC    : SOCKET RIL_SOCKET_1 REQUEST: VOICE_REGISTRATION_STATE length:8
06-17 14:13:00.749161  1040  1063 I RILC-MTK: create request 20: pRequest=0x7f975fc2e0, pRI=0x7f9a04c5a0, p=0x7f9a05b860, pUCI=0x0
06-17 14:13:00.749185  1040  1063 D RILC-MTK: 1:DATA_REGISTRATION_STATE pRI=0x7f9a04c480 p=0x7f9a05b630 is queued in RIL_CMD_PROXY_3
06-17 14:13:00.749205  1040  1063 D RILC-MTK: **** the last executed cmd for RIL_CMD_PROXY_3 is OPERATOR ****
06-17 14:13:00.749227  1040  1063 D RILC-MTK: Request pRI=0x7f9a04c5a0 to RIL_CMD_PROXY_3 is busy. total:2 requests pending
06-17 14:13:00.749251  2544  2544 D GsmSST  : [GsmSST0] handleMessage msg done
06-17 14:13:00.749385  1093  1094 E RILC    : [RilProxy] token = 18349, request = 45
06-17 14:13:00.749386  2544  2544 E GsmSST  : Received message { when=-8ms what=102 obj=android.os.AsyncResult@319986c target=com.android.internal.telephony.gsm.GsmServiceStateTracker obj=android.os.AsyncResult@319986c }[102] while being destroyed. Ignoring.
06-17 14:13:00.749419  1093  1094 D RIL     : [RilProxy] onRequest: QUERY_NETWORK_SELECTION_MODE, datalen = 0, radioState:10, socket_id: 0
06-17 14:13:00.749430  2544  2544 D GsmSST  : [GsmSST0] handle EVENT_PS_NETWORK_STATE_CHANGED
06-17 14:13:00.749440  1093  1094 D RIL     : [RilProxy] onRequest: request = 45, slotId = 0
06-17 14:13:00.749459  2544  2544 D GsmSST  : [GsmSST0] mPsRegState:0,new:0,result:1
06-17 14:13:00.749573  1093  1099 D RfxMainThread: enqueueMessage(), mainHandler = 0x7f9713d4a0, msg = [type=REQUEST, source=GSM, dest=GSM, pId=QUERY_NETWORK_SELECTION_MODE(45), pToken=18349, id=QUERY_NETWORK_SELECTION_MODE(45), token=24469, slotId=0,             error = 0, pTimeStamp =  1401725121, isWrongC2KResponse = 0]
06-17 14:13:00.749783   885  1026 D RILMUXD : [gsm0710muxd] 1649:gsm0710_base_buffer_get_frame(): Get a complete frame. ch:3, ctrl:239, len:24
06-17 14:13:00.749831   885  1026 D RILMUXD : [gsm0710muxd] 2394:extract_frames(): Writing 24 byte frame received on channel 3 to /dev/pts/1
06-17 14:13:00.749937  1093  1097 D RfxMainThread: handle msg begin, mainHandler = 0x7f9713d4a0
06-17 14:13:00.750026  1093  1097 D RfxRootController: processMessage() msg = [type=REQUEST, source=GSM, dest=GSM, pId=QUERY_NETWORK_SELECTION_MODE(45), pToken=18349, id=QUERY_NETWORK_SELECTION_MODE(45), token=24469, slotId=0,             error = 0, pTimeStamp =  1401725121, isWrongC2KResponse = 0]
06-17 14:13:00.750074  1093  1097 D RfxRootController: processMessage() handler = NULL ==> request
06-17 14:13:00.750099  1093  1097 D RfxRilAdapter: isRequestQueueEmpty slotId=0, group=0, ret=t
06-17 14:13:00.750124  1093  1097 D RfxDispatchThread: addMessageToPendingQueue pRequest = 45, pToken = 18349, token = 24469
06-17 14:13:00.750119   885  1026 D RILMUXD : [gsm0710muxd] 2414:extract_frames(): write() returned. Written 24/24 bytes of frame to /dev/pts/1
06-17 14:13:00.750152  1040  9806 I AT      : AT read end: 24
06-17 14:13:00.750163   885  1026 D RILMUXD : [gsm0710muxd] 2419:extract_frames(): fsync() failed (-1, 22 - Invalid argument)
06-17 14:13:00.750176  1040  9806 D AT      : AT< +COPS: 0,2,"46000",7
06-17 14:13:00.750186  1093  1097 D RfxRilAdapter: requestToRild send request done (slotId=0, dest=0, reqId=45, true, dataSize=8, 12)
06-17 14:13:00.750198  1040  9806 D AT      : RIL_CMD_READER_1 Enter processLine:+COPS: 0,2,"46000",7
06-17 14:13:00.750203   885  1026 D RILMUXD : [gsm0710muxd] 1649:gsm0710_base_buffer_get_frame(): Get a complete frame. ch:3, ctrl:239, len:6
06-17 14:13:00.750233   885  1026 D RILMUXD : [gsm0710muxd] 2394:extract_frames(): Writing 6 byte frame received on channel 3 to /dev/pts/1
06-17 14:13:00.750237  1040  9806 I AT      : AT read start
06-17 14:13:00.750252  1040  1063 D RILC    : SOCKET RIL_SOCKET_1 REQUEST: QUERY_NETWORK_SELECTION_MODE length:8
06-17 14:13:00.750281   885  1026 D RILMUXD : [gsm0710muxd] 2414:extract_frames(): write() returned. Written 6/6 bytes of frame to /dev/pts/1
06-17 14:13:00.750286  1040  1063 I RILC-MTK: create request 45: pRequest=0x7f975fc4e0, pRI=0x7f9a04c5d0, p=0x7f9a05b8d0, pUCI=0x0
06-17 14:13:00.750310   885  1026 D RILMUXD : [gsm0710muxd] 2419:extract_frames(): fsync() failed (-1, 22 - Invalid argument)
06-17 14:13:00.750313  1040  1063 D RILC-MTK: 1:DATA_REGISTRATION_STATE pRI=0x7f9a04c480 p=0x7f9a05b630 is queued in RIL_CMD_PROXY_3
06-17 14:13:00.750335  1040  1063 D RILC-MTK: 2:VOICE_REGISTRATION_STATE pRI=0x7f9a04c5a0 p=0x7f9a05b860 is queued in RIL_CMD_PROXY_3
06-17 14:13:00.750356  1040  1063 D RILC-MTK: **** the last executed cmd for RIL_CMD_PROXY_3 is OPERATOR ****
06-17 14:13:00.750378  1040  1063 D RILC-MTK: Request pRI=0x7f9a04c5d0 to RIL_CMD_PROXY_3 is busy. total:3 requests pending
06-17 14:13:00.750455  1040  9806 I AT      : AT read end: 6
06-17 14:13:00.750474  1040  9806 D AT      : AT< OK
06-17 14:13:00.750494  1040  9806 D AT      : RIL_CMD_READER_1 Enter processLine:OK
06-17 14:13:00.750526  1040  9806 I AT      : AT read start
06-17 14:13:00.750566  1040  1052 D AT      : response received on RIL_CMD_READER_1, tid:548028556352
06-17 14:13:00.750594  1040  1052 D RIL     : Get operator code 46000
06-17 14:13:00.750621  1040  1052 D RIL     : Get ril_nw_nitzName_mutex in the getOperatorNamesFromNumericCode
06-17 14:13:00.750643  2544  2544 D PhoneFactory: calculatePreferredNetworkType: phoneSubId = 2 networkType = 10
06-17 14:13:00.750642  1040  1052 D RILC    : RequestComplete, RIL_SOCKET_1
06-17 14:13:00.750674  1040  1052 I RILC    : isSvlteSupport: 0
06-17 14:13:00.750685  2544  2544 D GsmSST  : [GsmSST0] pollState RadioState is RADIO_ON, currentNetworkMode= 10
06-17 14:13:00.750693  1040  1052 I RILC    : isSrlteSupport: 1
06-17 14:13:00.750728  1040  1052 E RILC    : Send Response to RIL_SOCKET_1
06-17 14:13:00.750762  2544  2544 D RILJ    : [1998]> OPERATOR [SUB0]
06-17 14:13:00.750782  1040  1052 D RILC-MTK: proxyLoop free  pRI=0x7f9a04c2d0 p=0x7f9a0599c0 
06-17 14:13:00.750805  1040  1052 D RILC-MTK: proxyLoop free  pRequest=0x7f975fc8c0
06-17 14:13:00.750826  1040  1052 D RILC-MTK: proxy id:1, proxyName: RIL_CMD_PROXY_3
06-17 14:13:00.750849  1040  1052 D RILC-MTK: DATA_REGISTRATION_STATE pRI=0x7f9a04c480 p=0x7f9a05b630 execute on RIL_CMD_PROXY_3 using channel 1
06-17 14:13:00.750872  1040  1052 D RILC    : callOnRequest for new vendor ril
06-17 14:13:00.750891  1040  1052 D RIL     : onRequest: DATA_REGISTRATION_STATE, datalen = 0
06-17 14:13:00.750907  1040  1052 D RIL     : radioState:10
06-17 14:13:00.750935  1040  1052 D RIL     : request gprs reg state: normal case
06-17 14:13:00.750957  1040  1052 D AT      : AT send on RIL_CMD_READER_1, tid:548028556352
06-17 14:13:00.750975  1040  1052 D AT      : AT> AT+CGREG?
06-17 14:13:00.750996  1040  1052 I AT      : AT write start
06-17 14:13:00.751032  1040  1052 I AT      : AT write end, errno = 9, length = 10
06-17 14:13:00.751121   885  9707 D RILMUXD : [gsm0710muxd] 3630:poll_thread(): poll_thread select found
06-17 14:13:00.751160   885  9707 D RILMUXD : [gsm0710muxd] 1050:pseudo_device_read(): Enter, LackofAtciChannel=0
06-17 14:13:00.751195   885  9707 D RILMUXD : [gsm0710muxd] 657:write_frame(): Sending frame to channel 3
06-17 14:13:00.751256   885  9707 D RILMUXD : [gsm0710muxd] 772:write_frame(): Write a frame on channel 3 with length 10
06-17 14:13:00.751250  1093  1100 D RfxMainThread: enqueueMessage(), mainHandler = 0x7f9713d700, msg = [type=RESPONSE, source=GSM, dest=GSM, pId=OPERATOR(22), pToken=18346, id=OPERATOR(22), token=24466, slotId=0,             error = 0, pTimeStamp =  1397524813, isWrongC2KResponse = 0]
06-17 14:13:00.751342  1093  1097 D RfxMainThread: handle msg begin, mainHandler = 0x7f9713d700
06-17 14:13:00.751413  1093  1097 D RfxRootController: processMessage() msg = [type=RESPONSE, source=GSM, dest=GSM, pId=OPERATOR(22), pToken=18346, id=OPERATOR(22), token=24466, slotId=0,             error = 0, pTimeStamp =  1397524813, isWrongC2KResponse = 0]
06-17 14:13:00.751443  1093  1097 D RfxRootController: processMessage() handler = 0x7f97119000, RpNwStateController
06-17 14:13:00.751522  1093  1097 D RfxRilAdapter: responseToRilj send Response done (slotId=0, pToken=18346, pId=22, dataSize=64)
06-17 14:13:00.751854  2544  2756 D RILJ    : [1994]< OPERATOR {46000, 46000, 46000} [SUB0]
06-17 14:13:00.752005  2544  2544 D RILJ    : [1999]> DATA_REGISTRATION_STATE [SUB0]
06-17 14:13:00.752160  1093  1094 E RILC    : [RilProxy] token = 18350, request = 22
06-17 14:13:00.752198  1093  1094 D RIL     : [RilProxy] onRequest: OPERATOR, datalen = 0, radioState:10, socket_id: 0
06-17 14:13:00.752218  1093  1094 D RIL     : [RilProxy] onRequest: request = 22, slotId = 0
06-17 14:13:00.752352  1093  1099 D RfxMainThread: enqueueMessage(), mainHandler = 0x7f9713d760, msg = [type=REQUEST, source=GSM, dest=GSM, pId=OPERATOR(22), pToken=18350, id=OPERATOR(22), token=24470, slotId=0,             error = 0, pTimeStamp =  1404500506, isWrongC2KResponse = 0]
06-17 14:13:00.752425  1093  1097 D RfxMainThread: handle msg begin, mainHandler = 0x7f9713d760
06-17 14:13:00.752493  1093  1097 D RfxRootController: processMessage() msg = [type=REQUEST, source=GSM, dest=GSM, pId=OPERATOR(22), pToken=18350, id=OPERATOR(22), token=24470, slotId=0,             error = 0, pTimeStamp =  1404500506, isWrongC2KResponse = 0]
06-17 14:13:00.752548  1093  1097 D RfxRootController: processMessage() handler = 0x7f97119000, RpNwStateController
06-17 14:13:00.752601  1093  1097 D RfxRilAdapter: isRequestQueueEmpty slotId=0, group=0, ret=t
06-17 14:13:00.752627  1093  1097 D RfxDispatchThread: addMessageToPendingQueue pRequest = 22, pToken = 18350, token = 24470
06-17 14:13:00.752689  1093  1097 D RfxRilAdapter: requestToRild send request done (slotId=0, dest=0, reqId=22, true, dataSize=8, 12)
06-17 14:13:00.752669   885  1026 D RILMUXD : [gsm0710muxd] 1649:gsm0710_base_buffer_get_frame(): Get a complete frame. ch:3, ctrl:239, len:44
06-17 14:13:00.752737   885  1026 D RILMUXD : [gsm0710muxd] 2394:extract_frames(): Writing 44 byte frame received on channel 3 to /dev/pts/1
06-17 14:13:00.752789   885  1026 D RILMUXD : [gsm0710muxd] 2414:extract_frames(): write() returned. Written 44/44 bytes of frame to /dev/pts/1
06-17 14:13:00.752837   885  1026 D RILMUXD : [gsm0710muxd] 2419:extract_frames(): fsync() failed (-1, 22 - Invalid argument)
06-17 14:13:00.752915  1040  9806 I AT      : AT read end: 44
06-17 14:13:00.752945  1040  9806 D AT      : AT< +CGREG: 3,1,"18BE","0192D32B",7,"00",0,0
06-17 14:13:00.752969  1040  9806 D AT      : RIL_CMD_READER_1 Enter processLine:+CGREG: 3,1,"18BE","0192D32B",7,"00",0,0
06-17 14:13:00.753002  1040  9806 I AT      : AT read start
06-17 14:13:00.753074   885  1026 D RILMUXD : [gsm0710muxd] 1649:gsm0710_base_buffer_get_frame(): Get a complete frame. ch:3, ctrl:239, len:6
06-17 14:13:00.753106   885  1026 D RILMUXD : [gsm0710muxd] 2394:extract_frames(): Writing 6 byte frame received on channel 3 to /dev/pts/1
06-17 14:13:00.753147   885  1026 D RILMUXD : [gsm0710muxd] 2414:extract_frames(): write() returned. Written 6/6 bytes of frame to /dev/pts/1
06-17 14:13:00.753176   885  1026 D RILMUXD : [gsm0710muxd] 2419:extract_frames(): fsync() failed (-1, 22 - Invalid argument)
06-17 14:13:00.753231  1040  9806 I AT      : AT read end: 6
06-17 14:13:00.753240  1040  1063 D RILC    : SOCKET RIL_SOCKET_1 REQUEST: OPERATOR length:8
06-17 14:13:00.753256  1040  9806 D AT      : AT< OK
06-17 14:13:00.753278  1040  9806 D AT      : RIL_CMD_READER_1 Enter processLine:OK
06-17 14:13:00.753282  1040  1063 I RILC-MTK: create request 22: pRequest=0x7f975fc620, pRI=0x7f9a04cc00, p=0x7f9a05b940, pUCI=0x0
06-17 14:13:00.753313  1040  1063 D RILC-MTK: 1:VOICE_REGISTRATION_STATE pRI=0x7f9a04c5a0 p=0x7f9a05b860 is queued in RIL_CMD_PROXY_3
06-17 14:13:00.753315  1040  9806 I AT      : AT read start
06-17 14:13:00.753338  1040  1063 D RILC-MTK: 2:QUERY_NETWORK_SELECTION_MODE pRI=0x7f9a04c5d0 p=0x7f9a05b8d0 is queued in RIL_CMD_PROXY_3
06-17 14:13:00.753361  1040  1063 D RILC-MTK: **** the last executed cmd for RIL_CMD_PROXY_3 is DATA_REGISTRATION_STATE ****
06-17 14:13:00.753382  1040  1063 D RILC-MTK: Request pRI=0x7f9a04cc00 to RIL_CMD_PROXY_3 is busy. total:3 requests pending
06-17 14:13:00.753404  2544  2544 D RILJ    : [2000]> VOICE_REGISTRATION_STATE [SUB0]
06-17 14:13:00.753516  1040  1052 D AT      : response received on RIL_CMD_READER_1, tid:548028556352
06-17 14:13:00.753550  1040  1052 D RIL     : convertRegState() uiRegState=1 , uiRet=1 
06-17 14:13:00.753572  1040  1052 E RIL     : The value in the field <lac> :0
06-17 14:13:00.753592  1040  1052 D RIL     : cid: 26399531
06-17 14:13:00.753610  1040  1052 E RIL     : The value of act: 7
06-17 14:13:00.753627  1040  1052 D RIL     : cause_type: 0
06-17 14:13:00.753644  1040  1052 D RIL     : reject_cause: 0
06-17 14:13:00.753681  1040  1052 D AT      : AT send on RIL_CMD_READER_1, tid:548028556352
06-17 14:13:00.753699  1040  1052 D AT      : AT> AT+PSBEARER?
06-17 14:13:00.753720  1040  1052 I AT      : AT write start
06-17 14:13:00.753762  1040  1052 I AT      : AT write end, errno = 9, length = 13
06-17 14:13:00.753834  1093  1094 E RILC    : [RilProxy] token = 18351, request = 21
06-17 14:13:00.753873  1093  1094 D RIL     : [RilProxy] onRequest: DATA_REGISTRATION_STATE, datalen = 0, radioState:10, socket_id: 0
06-17 14:13:00.753894  1093  1094 D RIL     : [RilProxy] onRequest: request = 21, slotId = 0
06-17 14:13:00.754031  1093  1099 D RfxMainThread: enqueueMessage(), mainHandler = 0x7f9713d3e0, msg = [type=REQUEST, source=GSM, dest=GSM, pId=DATA_REGISTRATION_STATE(21), pToken=18351, id=DATA_REGISTRATION_STATE(21), token=24471, slotId=0,             error = 0, pTimeStamp =  1406186275, isWrongC2KResponse = 0]
06-17 14:13:00.754110  1093  1097 D RfxMainThread: handle msg begin, mainHandler = 0x7f9713d3e0
06-17 14:13:00.754174  1093  1097 D RfxRootController: processMessage() msg = [type=REQUEST, source=GSM, dest=GSM, pId=DATA_REGISTRATION_STATE(21), pToken=18351, id=DATA_REGISTRATION_STATE(21), token=24471, slotId=0,             error = 0, pTimeStamp =  1406186275, isWrongC2KResponse = 0]
06-17 14:13:00.754202  1093  1097 D RfxRootController: processMessage() handler = 0x7f97119000, RpNwStateController
06-17 14:13:00.754238  1093  1097 D RfxRilAdapter: isRequestQueueEmpty slotId=0, group=0, ret=t
06-17 14:13:00.754264  1093  1097 D RfxDispatchThread: addMessageToPendingQueue pRequest = 21, pToken = 18351, token = 24471
06-17 14:13:00.754426  1093  1097 D RfxRilAdapter: requestToRild send request done (slotId=0, dest=0, reqId=21, true, dataSize=8, 12)
06-17 14:13:00.754498   885  9707 D RILMUXD : [gsm0710muxd] 3630:poll_thread(): poll_thread select found
06-17 14:13:00.754538   885  9707 D RILMUXD : [gsm0710muxd] 1050:pseudo_device_read(): Enter, LackofAtciChannel=0
06-17 14:13:00.754572   885  9707 D RILMUXD : [gsm0710muxd] 657:write_frame(): Sending frame to channel 3
06-17 14:13:00.754638   885  9707 D RILMUXD : [gsm0710muxd] 772:write_frame(): Write a frame on channel 3 with length 13
06-17 14:13:00.754701  2544  2544 D RILJ    : [2001]> QUERY_NETWORK_SELECTION_MODE [SUB0]
06-17 14:13:00.754780  1040  1063 D RILC    : SOCKET RIL_SOCKET_1 REQUEST: DATA_REGISTRATION_STATE length:8
06-17 14:13:00.754826  1040  1063 I RILC-MTK: create request 21: pRequest=0x7f975fc640, pRI=0x7f9a04cc90, p=0x7f9a05b9b0, pUCI=0x0
06-17 14:13:00.754852  1040  1063 D RILC-MTK: 1:VOICE_REGISTRATION_STATE pRI=0x7f9a04c5a0 p=0x7f9a05b860 is queued in RIL_CMD_PROXY_3
06-17 14:13:00.754873  1040  1063 D RILC-MTK: 2:QUERY_NETWORK_SELECTION_MODE pRI=0x7f9a04c5d0 p=0x7f9a05b8d0 is queued in RIL_CMD_PROXY_3
06-17 14:13:00.754897  1040  1063 D RILC-MTK: 3:OPERATOR pRI=0x7f9a04cc00 p=0x7f9a05b940 is queued in RIL_CMD_PROXY_3
06-17 14:13:00.754918  1040  1063 D RILC-MTK: **** the last executed cmd for RIL_CMD_PROXY_3 is DATA_REGISTRATION_STATE ****
06-17 14:13:00.754942  1040  1063 D RILC-MTK: Request pRI=0x7f9a04cc90 to RIL_CMD_PROXY_3 is busy. total:4 requests pending
06-17 14:13:00.755693  1093  1094 E RILC    : [RilProxy] token = 18352, request = 20
06-17 14:13:00.755733  1093  1094 D RIL     : [RilProxy] onRequest: VOICE_REGISTRATION_STATE, datalen = 0, radioState:10, socket_id: 0
06-17 14:13:00.755743   885  1026 D RILMUXD : [gsm0710muxd] 1649:gsm0710_base_buffer_get_frame(): Get a complete frame. ch:3, ctrl:239, len:22
06-17 14:13:00.755758  1093  1094 D RIL     : [RilProxy] onRequest: request = 20, slotId = 0
06-17 14:13:00.755785   885  1026 D RILMUXD : [gsm0710muxd] 2394:extract_frames(): Writing 22 byte frame received on channel 3 to /dev/pts/1
06-17 14:13:00.755836   885  1026 D RILMUXD : [gsm0710muxd] 2414:extract_frames(): write() returned. Written 22/22 bytes of frame to /dev/pts/1
06-17 14:13:00.755865   885  1026 D RILMUXD : [gsm0710muxd] 2419:extract_frames(): fsync() failed (-1, 22 - Invalid argument)
06-17 14:13:00.755885  1093  1099 D RfxMainThread: enqueueMessage(), mainHandler = 0x7f9713d560, msg = [type=REQUEST, source=GSM, dest=GSM, pId=VOICE_REGISTRATION_STATE(20), pToken=18352, id=VOICE_REGISTRATION_STATE(20), token=24472, slotId=0,             error = 0, pTimeStamp =  1408046429, isWrongC2KResponse = 0]
06-17 14:13:00.755975  1093  1097 D RfxMainThread: handle msg begin, mainHandler = 0x7f9713d560
06-17 14:13:00.755989  1040  9806 I AT      : AT read end: 22
06-17 14:13:00.756017  1040  9806 D AT      : AT< +PSBEARER: 4096, 3
06-17 14:13:00.756039  1040  9806 D AT      : RIL_CMD_READER_1 Enter processLine:+PSBEARER: 4096, 3
06-17 14:13:00.756062  1093  1097 D RfxRootController: processMessage() msg = [type=REQUEST, source=GSM, dest=GSM, pId=VOICE_REGISTRATION_STATE(20), pToken=18352, id=VOICE_REGISTRATION_STATE(20), token=24472, slotId=0,             error = 0, pTimeStamp =  1408046429, isWrongC2KResponse = 0]
06-17 14:13:00.756065  1040  9806 I AT      : AT read start
06-17 14:13:00.756111  1093  1097 D RfxRootController: processMessage() handler = 0x7f97119000, RpNwStateController
06-17 14:13:00.756140   885  1026 D RILMUXD : [gsm0710muxd] 1649:gsm0710_base_buffer_get_frame(): Get a complete frame. ch:3, ctrl:239, len:6
06-17 14:13:00.756147  1093  1097 D RfxRilAdapter: isRequestQueueEmpty slotId=0, group=0, ret=t
06-17 14:13:00.756177   885  1026 D RILMUXD : [gsm0710muxd] 2394:extract_frames(): Writing 6 byte frame received on channel 3 to /dev/pts/1
06-17 14:13:00.756177  1093  1097 D RfxDispatchThread: addMessageToPendingQueue pRequest = 20, pToken = 18352, token = 24472
06-17 14:13:00.756228   885  1026 D RILMUXD : [gsm0710muxd] 2414:extract_frames(): write() returned. Written 6/6 bytes of frame to /dev/pts/1
06-17 14:13:00.756242  1093  1097 D RfxRilAdapter: requestToRild send request done (slotId=0, dest=0, reqId=20, true, dataSize=8, 12)
06-17 14:13:00.756259   885  1026 D RILMUXD : [gsm0710muxd] 2419:extract_frames(): fsync() failed (-1, 22 - Invalid argument)
06-17 14:13:00.756388  1040  1063 D RILC    : SOCKET RIL_SOCKET_1 REQUEST: VOICE_REGISTRATION_STATE length:8
06-17 14:13:00.756389  1040  9806 I AT      : AT read end: 6
06-17 14:13:00.756415  1040  9806 D AT      : AT< OK
06-17 14:13:00.756429  1040  1063 I RILC-MTK: create request 20: pRequest=0x7f975fc8e0, pRI=0x7f9a04cd50, p=0x7f9a0596b0, pUCI=0x0
06-17 14:13:00.756436  1040  9806 D AT      : RIL_CMD_READER_1 Enter processLine:OK
06-17 14:13:00.756454  1040  1063 D RILC-MTK: 1:VOICE_REGISTRATION_STATE pRI=0x7f9a04c5a0 p=0x7f9a05b860 is queued in RIL_CMD_PROXY_3
06-17 14:13:00.756452  2544  2544 D GsmSST  : [GsmSST0] handleMessage msg done
06-17 14:13:00.756472  1040  9806 I AT      : AT read start
06-17 14:13:00.756481  1040  1063 D RILC-MTK: 2:QUERY_NETWORK_SELECTION_MODE pRI=0x7f9a04c5d0 p=0x7f9a05b8d0 is queued in RIL_CMD_PROXY_3
06-17 14:13:00.756504  1040  1063 D RILC-MTK: 3:OPERATOR pRI=0x7f9a04cc00 p=0x7f9a05b940 is queued in RIL_CMD_PROXY_3
06-17 14:13:00.756524  1040  1063 D RILC-MTK: 4:DATA_REGISTRATION_STATE pRI=0x7f9a04cc90 p=0x7f9a05b9b0 is queued in RIL_CMD_PROXY_3
06-17 14:13:00.756545  1040  1063 D RILC-MTK: **** the last executed cmd for RIL_CMD_PROXY_3 is DATA_REGISTRATION_STATE ****
06-17 14:13:00.756568  1040  1063 D RILC-MTK: Request pRI=0x7f9a04cd50 to RIL_CMD_PROXY_3 is busy. total:5 requests pending
06-17 14:13:00.756658  1040  1052 D AT      : response received on RIL_CMD_READER_1, tid:548028556352
06-17 14:13:00.756664  1093  1094 E RILC    : [RilProxy] token = 18353, request = 45
06-17 14:13:00.756698  1093  1094 D RIL     : [RilProxy] onRequest: QUERY_NETWORK_SELECTION_MODE, datalen = 0, radioState:10, socket_id: 0
06-17 14:13:00.756707  1040  1052 E RIL     : rid: 0
06-17 14:13:00.756719  1093  1094 D RIL     : [RilProxy] onRequest: request = 45, slotId = 0
06-17 14:13:00.756726  1040  1052 D RIL     : RestrictedStateChanged: 0
06-17 14:13:00.756750  1040  1052 D RIL     : isSimInserted(): rid: 0, sim_inserted_status: 1
06-17 14:13:00.756771  1040  1052 D RIL     : isSimInserted(): pivotSim = 1 ,1
06-17 14:13:00.756789  1040  1052 D RIL     : isSimInserted(): simInserted = 1
06-17 14:13:00.756808  1040  1052 D RILC    : RequestComplete, RIL_SOCKET_1
06-17 14:13:00.756807  2544  2544 E GsmSST  : Received message { when=-14ms what=102 obj=android.os.AsyncResult@ddefe35 target=com.android.internal.telephony.gsm.GsmServiceStateTracker obj=android.os.AsyncResult@ddefe35 }[102] while being destroyed. Ignoring.
06-17 14:13:00.756838  1040  1052 I RILC    : isSvlteSupport: 0
06-17 14:13:00.756857  1040  1052 I RILC    : isSrlteSupport: 1
06-17 14:13:00.756865  2544  2544 D GsmSST  : [GsmSST0] handle EVENT_PS_NETWORK_STATE_CHANGED
06-17 14:13:00.756892  1040  1052 E RILC    : Send Response to RIL_SOCKET_1
06-17 14:13:00.756897  2544  2544 D GsmSST  : [GsmSST0] mPsRegState:0,new:0,result:1
06-17 14:13:00.756952  1040  1052 D RILC-MTK: proxyLoop free  pRI=0x7f9a04c480 p=0x7f9a05b630 
06-17 14:13:00.756973  1040  1052 D RILC-MTK: proxyLoop free  pRequest=0x7f975fc220
06-17 14:13:00.756992  1040  1052 D RILC-MTK: proxy id:1, proxyName: RIL_CMD_PROXY_3
06-17 14:13:00.757014  1040  1052 D RILC-MTK: VOICE_REGISTRATION_STATE pRI=0x7f9a04c5a0 p=0x7f9a05b860 execute on RIL_CMD_PROXY_3 using channel 1
06-17 14:13:00.757034  1040  1052 D RILC    : callOnRequest for new vendor ril
06-17 14:13:00.757053  1040  1052 D RIL     : onRequest: VOICE_REGISTRATION_STATE, datalen = 0
06-17 14:13:00.757070  1040  1052 D RIL     : radioState:10
06-17 14:13:00.757098  1040  1052 D AT      : AT send on RIL_CMD_READER_1, tid:548028556352
06-17 14:13:00.757116  1040  1052 D AT      : AT> AT+CREG?
06-17 14:13:00.757134  1040  1052 I AT      : AT write start
06-17 14:13:00.757185  1040  1052 I AT      : AT write end, errno = 9, length = 9
06-17 14:13:00.757250  1093  1100 D RfxMainThread: enqueueMessage(), mainHandler = 0x7f9713d4a0, msg = [type=RESPONSE, source=GSM, dest=GSM, pId=DATA_REGISTRATION_STATE(21), pToken=18347, id=DATA_REGISTRATION_STATE(21), token=24467, slotId=0,             error = 0, pTimeStamp =  1398805275, isWrongC2KResponse = 0]
06-17 14:13:00.757299  1093  1099 D RfxMainThread: enqueueMessage(), mainHandler = 0x7f9713d6e0, msg = [type=REQUEST, source=GSM, dest=GSM, pId=QUERY_NETWORK_SELECTION_MODE(45), pToken=18353, id=QUERY_NETWORK_SELECTION_MODE(45), token=24473, slotId=0,             error = 0, pTimeStamp =  1409004583, isWrongC2KResponse = 0]
06-17 14:13:00.757353   885  9707 D RILMUXD : [gsm0710muxd] 3630:poll_thread(): poll_thread select found
06-17 14:13:00.757394   885  9707 D RILMUXD : [gsm0710muxd] 1050:pseudo_device_read(): Enter, LackofAtciChannel=0
06-17 14:13:00.757433   885  9707 D RILMUXD : [gsm0710muxd] 657:write_frame(): Sending frame to channel 3
06-17 14:13:00.757490  2544  2544 D PhoneFactory: calculatePreferredNetworkType: phoneSubId = 2 networkType = 10
06-17 14:13:00.757495   885  9707 D RILMUXD : [gsm0710muxd] 772:write_frame(): Write a frame on channel 3 with length 9
06-17 14:13:00.757668  1093  1097 D RfxMainThread: handle msg begin, mainHandler = 0x7f9713d4a0
06-17 14:13:00.757744  1093  1097 D RfxRootController: processMessage() msg = [type=RESPONSE, source=GSM, dest=GSM, pId=DATA_REGISTRATION_STATE(21), pToken=18347, id=DATA_REGISTRATION_STATE(21), token=24467, slotId=0,             error = 0, pTimeStamp =  1398805275, isWrongC2KResponse = 0]
06-17 14:13:00.757775  1093  1097 D RfxRootController: processMessage() handler = 0x7f97119000, RpNwStateController
06-17 14:13:00.757875  1093  1097 D RfxRilAdapter: responseToRilj send Response done (slotId=0, pToken=18347, pId=21, dataSize=88)
06-17 14:13:00.757921  1093  1097 D RfxMainThread: handle msg begin, mainHandler = 0x7f9713d6e0
06-17 14:13:00.757986  1093  1097 D RfxRootController: processMessage() msg = [type=REQUEST, source=GSM, dest=GSM, pId=QUERY_NETWORK_SELECTION_MODE(45), pToken=18353, id=QUERY_NETWORK_SELECTION_MODE(45), token=24473, slotId=0,             error = 0, pTimeStamp =  1409004583, isWrongC2KResponse = 0]
06-17 14:13:00.758010  1093  1097 D RfxRootController: processMessage() handler = NULL ==> request
06-17 14:13:00.758037  1093  1097 D RfxRilAdapter: isRequestQueueEmpty slotId=0, group=0, ret=t
06-17 14:13:00.758063  1093  1097 D RfxDispatchThread: addMessageToPendingQueue pRequest = 45, pToken = 18353, token = 24473
06-17 14:13:00.758090  2544  2756 D RILJ    : [1995]< DATA_REGISTRATION_STATE {1, 18be, 192d32b, 14, 0, 9} [SUB0]
06-17 14:13:00.758127  1093  1097 D RfxRilAdapter: requestToRild send request done (slotId=0, dest=0, reqId=45, true, dataSize=8, 12)
06-17 14:13:00.758217  2544  2544 D GsmSST  : [GsmSST0] pollState RadioState is RADIO_ON, currentNetworkMode= 10
06-17 14:13:00.758305  2544  2544 D RILJ    : [2002]> OPERATOR [SUB0]
06-17 14:13:00.758447  1040  1063 D RILC    : SOCKET RIL_SOCKET_1 REQUEST: QUERY_NETWORK_SELECTION_MODE length:8
06-17 14:13:00.758491  1040  1063 I RILC-MTK: create request 45: pRequest=0x7f975fc900, pRI=0x7f9a04cde0, p=0x7f9a059aa0, pUCI=0x0
06-17 14:13:00.758563  1040  1063 D RILC-MTK: 1:QUERY_NETWORK_SELECTION_MODE pRI=0x7f9a04c5d0 p=0x7f9a05b8d0 is queued in RIL_CMD_PROXY_3
06-17 14:13:00.758587  1040  1063 D RILC-MTK: 2:OPERATOR pRI=0x7f9a04cc00 p=0x7f9a05b940 is queued in RIL_CMD_PROXY_3
06-17 14:13:00.758608  1040  1063 D RILC-MTK: 3:DATA_REGISTRATION_STATE pRI=0x7f9a04cc90 p=0x7f9a05b9b0 is queued in RIL_CMD_PROXY_3
06-17 14:13:00.758629  1040  1063 D RILC-MTK: 4:VOICE_REGISTRATION_STATE pRI=0x7f9a04cd50 p=0x7f9a0596b0 is queued in RIL_CMD_PROXY_3
06-17 14:13:00.758650  1040  1063 D RILC-MTK: **** the last executed cmd for RIL_CMD_PROXY_3 is VOICE_REGISTRATION_STATE ****
06-17 14:13:00.758672  1040  1063 D RILC-MTK: Request pRI=0x7f9a04cde0 to RIL_CMD_PROXY_3 is busy. total:5 requests pending
06-17 14:13:00.758862   885  1026 D RILMUXD : [gsm0710muxd] 1649:gsm0710_base_buffer_get_frame(): Get a complete frame. ch:3, ctrl:239, len:38
06-17 14:13:00.758911   885  1026 D RILMUXD : [gsm0710muxd] 2394:extract_frames(): Writing 38 byte frame received on channel 3 to /dev/pts/1
06-17 14:13:00.758961   885  1026 D RILMUXD : [gsm0710muxd] 2414:extract_frames(): write() returned. Written 38/38 bytes of frame to /dev/pts/1
06-17 14:13:00.758991   885  1026 D RILMUXD : [gsm0710muxd] 2419:extract_frames(): fsync() failed (-1, 22 - Invalid argument)
06-17 14:13:00.759161   885  1026 D RILMUXD : [gsm0710muxd] 1649:gsm0710_base_buffer_get_frame(): Get a complete frame. ch:3, ctrl:239, len:6
06-17 14:13:00.759194   885  1026 D RILMUXD : [gsm0710muxd] 2394:extract_frames(): Writing 6 byte frame received on channel 3 to /dev/pts/1
06-17 14:13:00.759233   885  1026 D RILMUXD : [gsm0710muxd] 2414:extract_frames(): write() returned. Written 6/6 bytes of frame to /dev/pts/1
06-17 14:13:00.759265   885  1026 D RILMUXD : [gsm0710muxd] 2419:extract_frames(): fsync() failed (-1, 22 - Invalid argument)
06-17 14:13:00.759450  1040  9806 I AT      : AT read end: 44
06-17 14:13:00.759483  1040  9806 D AT      : AT< +CREG: 3,1,"18BE","0192D32B",7,0,0
06-17 14:13:00.759508  1040  9806 D AT      : RIL_CMD_READER_1 Enter processLine:+CREG: 3,1,"18BE","0192D32B",7,0,0
06-17 14:13:00.759534  1040  9806 D AT      : AT< OK
06-17 14:13:00.759552  1040  9806 D AT      : RIL_CMD_READER_1 Enter processLine:OK
06-17 14:13:00.759581  1040  9806 I AT      : AT read start
06-17 14:13:00.759954  1093  1094 E RILC    : [RilProxy] token = 18354, request = 22
06-17 14:13:00.759976  1040  1052 D AT      : response received on RIL_CMD_READER_1, tid:548028556352
06-17 14:13:00.759996  1093  1094 D RIL     : [RilProxy] onRequest: OPERATOR, datalen = 0, radioState:10, socket_id: 0
06-17 14:13:00.760014  1040  1052 D RIL     : convertRegState() uiRegState=1 , uiRet=1 
06-17 14:13:00.760017  1093  1094 D RIL     : [RilProxy] onRequest: request = 22, slotId = 0
06-17 14:13:00.760035  1040  1052 E RIL     : The value in the field <lac> :0
06-17 14:13:00.760058  1040  1052 D RIL     : cid: 26399531
06-17 14:13:00.760078  1040  1052 E RIL     : The value of act: 7
06-17 14:13:00.760095  1040  1052 D RIL     : cause_type: 0
06-17 14:13:00.760111  1040  1052 D RIL     : reject_cause: 0
06-17 14:13:00.759840  2544  2544 D RILJ    : [2003]> DATA_REGISTRATION_STATE [SUB0]
06-17 14:13:00.760150  1040  1052 E RIL     : rid: 0
06-17 14:13:00.760168  1040  1052 D RIL     : RestrictedStateChanged: 0
06-17 14:13:00.760190  1040  1052 D RIL     : isSimInserted(): rid: 0, sim_inserted_status: 1
06-17 14:13:00.760208  1040  1052 D RIL     : isSimInserted(): pivotSim = 1 ,1
06-17 14:13:00.760226  1040  1052 D RIL     : isSimInserted(): simInserted = 1
06-17 14:13:00.760246  1040  1052 D RIL     : convertToRilRegState() uiRegState=1 , uiRet=1 
06-17 14:13:00.760270  1040  1052 D RILC    : RequestComplete, RIL_SOCKET_1
06-17 14:13:00.760302  1040  1052 I RILC    : isSvlteSupport: 0
06-17 14:13:00.760322  1040  1052 I RILC    : isSrlteSupport: 1
06-17 14:13:00.760366  1040  1052 E RILC    : Send Response to RIL_SOCKET_1
06-17 14:13:00.760430  1040  1052 D RILC-MTK: proxyLoop free  pRI=0x7f9a04c5a0 p=0x7f9a05b860 
06-17 14:13:00.760455  1040  1052 D RILC-MTK: proxyLoop free  pRequest=0x7f975fc2e0
06-17 14:13:00.760477  1040  1052 D RILC-MTK: proxy id:1, proxyName: RIL_CMD_PROXY_3
06-17 14:13:00.760500  1040  1052 D RILC-MTK: QUERY_NETWORK_SELECTION_MODE pRI=0x7f9a04c5d0 p=0x7f9a05b8d0 execute on RIL_CMD_PROXY_3 using channel 1
06-17 14:13:00.760523  1040  1052 D RILC    : callOnRequest for new vendor ril
06-17 14:13:00.760543  1040  1052 D RIL     : onRequest: QUERY_NETWORK_SELECTION_MODE, datalen = 0
06-17 14:13:00.760560  1040  1052 D RIL     : radioState:10
06-17 14:13:00.760588  1040  1052 D AT      : AT send on RIL_CMD_READER_1, tid:548028556352
06-17 14:13:00.760607  1040  1052 D AT      : AT> AT+COPS?
06-17 14:13:00.760626  1040  1052 I AT      : AT write start
06-17 14:13:00.760669  1040  1052 I AT      : AT write end, errno = 9, length = 9
06-17 14:13:00.761010  1093  1099 D RfxMainThread: enqueueMessage(), mainHandler = 0x7f9713d7a0, msg = [type=REQUEST, source=GSM, dest=GSM, pId=OPERATOR(22), pToken=18354, id=OPERATOR(22), token=24474, slotId=0,             error = 0, pTimeStamp =  1412309583, isWrongC2KResponse = 0]
06-17 14:13:00.761133  1093  1097 D RfxMainThread: handle msg begin, mainHandler = 0x7f9713d7a0
06-17 14:13:00.761211  1093  1097 D RfxRootController: processMessage() msg = [type=REQUEST, source=GSM, dest=GSM, pId=OPERATOR(22), pToken=18354, id=OPERATOR(22), token=24474, slotId=0,             error = 0, pTimeStamp =  1412309583, isWrongC2KResponse = 0]
06-17 14:13:00.761241  1093  1097 D RfxRootController: processMessage() handler = 0x7f97119000, RpNwStateController
06-17 14:13:00.761272  1093  1097 D RfxRilAdapter: isRequestQueueEmpty slotId=0, group=0, ret=t
06-17 14:13:00.761297  1093  1097 D RfxDispatchThread: addMessageToPendingQueue pRequest = 22, pToken = 18354, token = 24474
06-17 14:13:00.761361  1093  1097 D RfxRilAdapter: requestToRild send request done (slotId=0, dest=0, reqId=22, true, dataSize=8, 12)
06-17 14:13:00.761748  1093  1094 E RILC    : [RilProxy] token = 18355, request = 21
06-17 14:13:00.761887  1093  1094 D RIL     : [RilProxy] onRequest: DATA_REGISTRATION_STATE, datalen = 0, radioState:10, socket_id: 0
06-17 14:13:00.761909  1093  1094 D RIL     : [RilProxy] onRequest: request = 21, slotId = 0
06-17 14:13:00.761945  1040  1063 D RILC    : SOCKET RIL_SOCKET_1 REQUEST: OPERATOR length:8
06-17 14:13:00.761967  1093  1100 D RfxMainThread: enqueueMessage(), mainHandler = 0x7f9713d5e0, msg = [type=RESPONSE, source=GSM, dest=GSM, pId=VOICE_REGISTRATION_STATE(20), pToken=18348, id=VOICE_REGISTRATION_STATE(20), token=24468, slotId=0,             error = 0, pTimeStamp =  1400063890, isWrongC2KResponse = 0]
06-17 14:13:00.761651  2544  2544 D RILJ    : [2004]> VOICE_REGISTRATION_STATE [SUB0]
06-17 14:13:00.761989  1040  1063 I RILC-MTK: create request 22: pRequest=0x7f975fc960, pRI=0x7f9a04c3f0, p=0x7f9a05b710, pUCI=0x0
06-17 14:13:00.762017  1040  1063 D RILC-MTK: 1:OPERATOR pRI=0x7f9a04cc00 p=0x7f9a05b940 is queued in RIL_CMD_PROXY_3
06-17 14:13:00.762023  1093  1099 D RfxMainThread: enqueueMessage(), mainHandler = 0x7f9713d3e0, msg = [type=REQUEST, source=GSM, dest=GSM, pId=DATA_REGISTRATION_STATE(21), pToken=18355, id=DATA_REGISTRATION_STATE(21), token=24475, slotId=0,             error = 0, pTimeStamp =  1414196736, isWrongC2KResponse = 0]
06-17 14:13:00.762038  1040  1063 D RILC-MTK: 2:DATA_REGISTRATION_STATE pRI=0x7f9a04cc90 p=0x7f9a05b9b0 is queued in RIL_CMD_PROXY_3
06-17 14:13:00.762058  1040  1063 D RILC-MTK: 3:VOICE_REGISTRATION_STATE pRI=0x7f9a04cd50 p=0x7f9a0596b0 is queued in RIL_CMD_PROXY_3
06-17 14:13:00.762078  1040  1063 D RILC-MTK: 4:QUERY_NETWORK_SELECTION_MODE pRI=0x7f9a04cde0 p=0x7f9a059aa0 is queued in RIL_CMD_PROXY_3
06-17 14:13:00.762078   885  9707 D RILMUXD : [gsm0710muxd] 3630:poll_thread(): poll_thread select found
06-17 14:13:00.762099  1040  1063 D RILC-MTK: **** the last executed cmd for RIL_CMD_PROXY_3 is QUERY_NETWORK_SELECTION_MODE ****
06-17 14:13:00.762122  1040  1063 D RILC-MTK: Request pRI=0x7f9a04c3f0 to RIL_CMD_PROXY_3 is busy. total:5 requests pending
06-17 14:13:00.762120   885  9707 D RILMUXD : [gsm0710muxd] 1050:pseudo_device_read(): Enter, LackofAtciChannel=0
06-17 14:13:00.762165   885  9707 D RILMUXD : [gsm0710muxd] 657:write_frame(): Sending frame to channel 3
06-17 14:13:00.762192  1093  1097 D RfxMainThread: handle msg begin, mainHandler = 0x7f9713d5e0
06-17 14:13:00.762227   885  9707 D RILMUXD : [gsm0710muxd] 772:write_frame(): Write a frame on channel 3 with length 9
06-17 14:13:00.762257  1093  1097 D RfxRootController: processMessage() msg = [type=RESPONSE, source=GSM, dest=GSM, pId=VOICE_REGISTRATION_STATE(20), pToken=18348, id=VOICE_REGISTRATION_STATE(20), token=24468, slotId=0,             error = 0, pTimeStamp =  1400063890, isWrongC2KResponse = 0]
06-17 14:13:00.762288  1093  1097 D RfxRootController: processMessage() handler = 0x7f97119000, RpNwStateController
06-17 14:13:00.762374  1093  1097 D RfxRilAdapter: responseToRilj send Response done (slotId=0, pToken=18348, pId=20, dataSize=152)
06-17 14:13:00.762438  1093  1097 D RfxMainThread: handle msg begin, mainHandler = 0x7f9713d3e0
06-17 14:13:00.762499  1093  1097 D RfxRootController: processMessage() msg = [type=REQUEST, source=GSM, dest=GSM, pId=DATA_REGISTRATION_STATE(21), pToken=18355, id=DATA_REGISTRATION_STATE(21), token=24475, slotId=0,             error = 0, pTimeStamp =  1414196736, isWrongC2KResponse = 0]
06-17 14:13:00.762524  1093  1097 D RfxRootController: processMessage() handler = 0x7f97119000, RpNwStateController
06-17 14:13:00.762551  1093  1097 D RfxRilAdapter: isRequestQueueEmpty slotId=0, group=0, ret=t
06-17 14:13:00.762564  2544  2756 D RILJ    : [1996]< VOICE_REGISTRATION_STATE {1, 18be, 192d32b, 14, , , , , , , , , , 0} [SUB0]
06-17 14:13:00.762576  1093  1097 D RfxDispatchThread: addMessageToPendingQueue pRequest = 21, pToken = 18355, token = 24475
06-17 14:13:00.762635  1093  1097 D RfxRilAdapter: requestToRild send request done (slotId=0, dest=0, reqId=21, true, dataSize=8, 12)
06-17 14:13:00.762730  1040  1063 D RILC    : SOCKET RIL_SOCKET_1 REQUEST: DATA_REGISTRATION_STATE length:8
06-17 14:13:00.762771  1040  1063 I RILC-MTK: create request 21: pRequest=0x7f975fc060, pRI=0x7f9a04c690, p=0x7f9a05b780, pUCI=0x0
06-17 14:13:00.762796  1040  1063 D RILC-MTK: 1:OPERATOR pRI=0x7f9a04cc00 p=0x7f9a05b940 is queued in RIL_CMD_PROXY_3
06-17 14:13:00.762817  1040  1063 D RILC-MTK: 2:DATA_REGISTRATION_STATE pRI=0x7f9a04cc90 p=0x7f9a05b9b0 is queued in RIL_CMD_PROXY_3
06-17 14:13:00.762839  1040  1063 D RILC-MTK: 3:VOICE_REGISTRATION_STATE pRI=0x7f9a04cd50 p=0x7f9a0596b0 is queued in RIL_CMD_PROXY_3
06-17 14:13:00.762860  1040  1063 D RILC-MTK: 4:QUERY_NETWORK_SELECTION_MODE pRI=0x7f9a04cde0 p=0x7f9a059aa0 is queued in RIL_CMD_PROXY_3
06-17 14:13:00.762880  1040  1063 D RILC-MTK: 5:OPERATOR pRI=0x7f9a04c3f0 p=0x7f9a05b710 is queued in RIL_CMD_PROXY_3
06-17 14:13:00.762901  1040  1063 D RILC-MTK: **** the last executed cmd for RIL_CMD_PROXY_3 is QUERY_NETWORK_SELECTION_MODE ****
06-17 14:13:00.762924  1040  1063 D RILC-MTK: Request pRI=0x7f9a04c690 to RIL_CMD_PROXY_3 is busy. total:6 requests pending
06-17 14:13:00.764136  1093  1094 E RILC    : [RilProxy] token = 18356, request = 20
06-17 14:13:00.764199  1093  1094 D RIL     : [RilProxy] onRequest: VOICE_REGISTRATION_STATE, datalen = 0, radioState:10, socket_id: 0
06-17 14:13:00.764220  1093  1094 D RIL     : [RilProxy] onRequest: request = 20, slotId = 0
06-17 14:13:00.764033  2544  2544 D RILJ    : [2005]> QUERY_NETWORK_SELECTION_MODE [SUB0]
06-17 14:13:00.764531  1093  1099 D RfxMainThread: enqueueMessage(), mainHandler = 0x7f9713d560, msg = [type=REQUEST, source=GSM, dest=GSM, pId=VOICE_REGISTRATION_STATE(20), pToken=18356, id=VOICE_REGISTRATION_STATE(20), token=24476, slotId=0,             error = 0, pTimeStamp =  1416511659, isWrongC2KResponse = 0]
06-17 14:13:00.764629  1093  1097 D RfxMainThread: handle msg begin, mainHandler = 0x7f9713d560
06-17 14:13:00.764705  1093  1097 D RfxRootController: processMessage() msg = [type=REQUEST, source=GSM, dest=GSM, pId=VOICE_REGISTRATION_STATE(20), pToken=18356, id=VOICE_REGISTRATION_STATE(20), token=24476, slotId=0,             error = 0, pTimeStamp =  1416511659, isWrongC2KResponse = 0]
06-17 14:13:00.764734  1093  1097 D RfxRootController: processMessage() handler = 0x7f97119000, RpNwStateController
06-17 14:13:00.764780  1093  1097 D RfxRilAdapter: isRequestQueueEmpty slotId=0, group=0, ret=t
06-17 14:13:00.764805  1093  1097 D RfxDispatchThread: addMessageToPendingQueue pRequest = 20, pToken = 18356, token = 24476
06-17 14:13:00.764865  1093  1097 D RfxRilAdapter: requestToRild send request done (slotId=0, dest=0, reqId=20, true, dataSize=8, 12)
06-17 14:13:00.764897   885  1026 D RILMUXD : [gsm0710muxd] 1649:gsm0710_base_buffer_get_frame(): Get a complete frame. ch:3, ctrl:239, len:24
06-17 14:13:00.764949   885  1026 D RILMUXD : [gsm0710muxd] 2394:extract_frames(): Writing 24 byte frame received on channel 3 to /dev/pts/1
06-17 14:13:00.764955  1040  1063 D RILC    : SOCKET RIL_SOCKET_1 REQUEST: VOICE_REGISTRATION_STATE length:8
06-17 14:13:00.764999  1040  1063 I RILC-MTK: create request 20: pRequest=0x7f975fc660, pRI=0x7f9a04c870, p=0x7f9a05ba20, pUCI=0x0
06-17 14:13:00.765000   885  1026 D RILMUXD : [gsm0710muxd] 2414:extract_frames(): write() returned. Written 24/24 bytes of frame to /dev/pts/1
06-17 14:13:00.765028  1040  1063 D RILC-MTK: 1:OPERATOR pRI=0x7f9a04cc00 p=0x7f9a05b940 is queued in RIL_CMD_PROXY_3
06-17 14:13:00.765034   885  1026 D RILMUXD : [gsm0710muxd] 2419:extract_frames(): fsync() failed (-1, 22 - Invalid argument)
06-17 14:13:00.765049  1040  1063 D RILC-MTK: 2:DATA_REGISTRATION_STATE pRI=0x7f9a04cc90 p=0x7f9a05b9b0 is queued in RIL_CMD_PROXY_3
06-17 14:13:00.765068  1040  1063 D RILC-MTK: 3:VOICE_REGISTRATION_STATE pRI=0x7f9a04cd50 p=0x7f9a0596b0 is queued in RIL_CMD_PROXY_3
06-17 14:13:00.765071   885  1026 D RILMUXD : [gsm0710muxd] 1649:gsm0710_base_buffer_get_frame(): Get a complete frame. ch:3, ctrl:239, len:6
06-17 14:13:00.765094  1040  1063 D RILC-MTK: 4:QUERY_NETWORK_SELECTION_MODE pRI=0x7f9a04cde0 p=0x7f9a059aa0 is queued in RIL_CMD_PROXY_3
06-17 14:13:00.765100   885  1026 D RILMUXD : [gsm0710muxd] 2394:extract_frames(): Writing 6 byte frame received on channel 3 to /dev/pts/1
06-17 14:13:00.765115  1040  1063 D RILC-MTK: 5:OPERATOR pRI=0x7f9a04c3f0 p=0x7f9a05b710 is queued in RIL_CMD_PROXY_3
06-17 14:13:00.765133   885  1026 D RILMUXD : [gsm0710muxd] 2414:extract_frames(): write() returned. Written 6/6 bytes of frame to /dev/pts/1
06-17 14:13:00.765135  1040  1063 D RILC-MTK: 6:DATA_REGISTRATION_STATE pRI=0x7f9a04c690 p=0x7f9a05b780 is queued in RIL_CMD_PROXY_3
06-17 14:13:00.765160   885  1026 D RILMUXD : [gsm0710muxd] 2419:extract_frames(): fsync() failed (-1, 22 - Invalid argument)
06-17 14:13:00.765159  1040  1063 D RILC-MTK: **** the last executed cmd for RIL_CMD_PROXY_3 is QUERY_NETWORK_SELECTION_MODE ****
06-17 14:13:00.765190  1040  1063 D RILC-MTK: Request pRI=0x7f9a04c870 to RIL_CMD_PROXY_3 is busy. total:7 requests pending
06-17 14:13:00.765561  2544  2544 D GsmSST  : [GsmSST0] handleMessage msg done
06-17 14:13:00.765639  2544  2544 D GsmSST  : [GsmSST0] handle EVENT_POLL_STATE_OPERATOR
06-17 14:13:00.765676  2544  2544 E GsmSST  : [GsmSST0] handlePollStateResult return due to (ar.userObj != mPollingContext)
06-17 14:13:00.765699  2544  2544 D GsmSST  : [GsmSST0] handleMessage msg done
06-17 14:13:00.765698  1040  9806 I AT      : AT read end: 30
06-17 14:13:00.765730  1040  9806 D AT      : AT< +COPS: 0,2,"46000",7
06-17 14:13:00.765752  1040  9806 D AT      : RIL_CMD_READER_1 Enter processLine:+COPS: 0,2,"46000",7
06-17 14:13:00.765751  2544  2544 D GsmSST  : [GsmSST0] handle EVENT_POLL_STATE_GPRS
06-17 14:13:00.765780  2544  2544 E GsmSST  : [GsmSST0] handlePollStateResult return due to (ar.userObj != mPollingContext)
06-17 14:13:00.765783  1040  9806 D AT      : AT< OK
06-17 14:13:00.765803  2544  2544 D GsmSST  : [GsmSST0] handleMessage msg done
06-17 14:13:00.765803  1040  9806 D AT      : RIL_CMD_READER_1 Enter processLine:OK
06-17 14:13:00.765834  2544  2544 D GsmSST  : [GsmSST0] handle EVENT_POLL_STATE_REGISTRATION
06-17 14:13:00.765841  1040  9806 I AT      : AT read start
06-17 14:13:00.765857  2544  2544 E GsmSST  : [GsmSST0] handlePollStateResult return due to (ar.userObj != mPollingContext)
06-17 14:13:00.765877  2544  2544 D GsmSST  : [GsmSST0] handleMessage msg done
06-17 14:13:00.765915  1040  1052 D AT      : response received on RIL_CMD_READER_1, tid:548028556352
06-17 14:13:00.765950  1040  1052 D RILC    : RequestComplete, RIL_SOCKET_1
06-17 14:13:00.765981  1040  1052 I RILC    : isSvlteSupport: 0
06-17 14:13:00.766000  1040  1052 I RILC    : isSrlteSupport: 1
06-17 14:13:00.766035  1040  1052 E RILC    : Send Response to RIL_SOCKET_1
06-17 14:13:00.766111  1040  1052 D RILC-MTK: proxyLoop free  pRI=0x7f9a04c5d0 p=0x7f9a05b8d0 
06-17 14:13:00.766135  1040  1052 D RILC-MTK: proxyLoop free  pRequest=0x7f975fc4e0
06-17 14:13:00.766160  1040  1052 D RILC-MTK: proxy id:1, proxyName: RIL_CMD_PROXY_3
06-17 14:13:00.766183  1040  1052 D RILC-MTK: OPERATOR pRI=0x7f9a04cc00 p=0x7f9a05b940 execute on RIL_CMD_PROXY_3 using channel 1
06-17 14:13:00.766205  1040  1052 D RILC    : callOnRequest for new vendor ril
06-17 14:13:00.766225  1040  1052 D RIL     : onRequest: OPERATOR, datalen = 0
06-17 14:13:00.766242  1040  1052 D RIL     : radioState:10
06-17 14:13:00.766270  1040  1052 D AT      : AT send on RIL_CMD_READER_1, tid:548028556352
06-17 14:13:00.766290  1040  1052 D AT      : AT> AT+COPS?
06-17 14:13:00.766330  1040  1052 I AT      : AT write start
06-17 14:13:00.766381  1040  1052 I AT      : AT write end, errno = 9, length = 9
06-17 14:13:00.766726  1093  1100 D RfxMainThread: enqueueMessage(), mainHandler = 0x7f9713d4a0, msg = [type=RESPONSE, source=GSM, dest=GSM, pId=QUERY_NETWORK_SELECTION_MODE(45), pToken=18349, id=QUERY_NETWORK_SELECTION_MODE(45), token=24469, slotId=0,             error = 0, pTimeStamp =  1401725044, isWrongC2KResponse = 0]
06-17 14:13:00.766818  1093  1097 D RfxMainThread: handle msg begin, mainHandler = 0x7f9713d4a0
06-17 14:13:00.766887  1093  1097 D RfxRootController: processMessage() msg = [type=RESPONSE, source=GSM, dest=GSM, pId=QUERY_NETWORK_SELECTION_MODE(45), pToken=18349, id=QUERY_NETWORK_SELECTION_MODE(45), token=24469, slotId=0,             error = 0, pTimeStamp =  1401725044, isWrongC2KResponse = 0]
06-17 14:13:00.766959  1093  1097 D RfxRootController: processMessage() handler = NULL ==> response/urc
06-17 14:13:00.767060  1093  1097 D RfxRilAdapter: responseToRilj send Response done (slotId=0, pToken=18349, pId=45, dataSize=20)
06-17 14:13:00.767058   885  9707 D RILMUXD : [gsm0710muxd] 3630:poll_thread(): poll_thread select found
06-17 14:13:00.767161   885  9707 D RILMUXD : [gsm0710muxd] 1050:pseudo_device_read(): Enter, LackofAtciChannel=0
06-17 14:13:00.767210   885  9707 D RILMUXD : [gsm0710muxd] 657:write_frame(): Sending frame to channel 3
06-17 14:13:00.767250  2544  2756 D RILJ    : responseInts numInts=1 [SUB0]
06-17 14:13:00.767288   885  9707 D RILMUXD : [gsm0710muxd] 772:write_frame(): Write a frame on channel 3 with length 9
06-17 14:13:00.767322  1093  1094 E RILC    : [RilProxy] token = 18357, request = 45
06-17 14:13:00.767317  2544  2756 D RILJ    : responseInts response[0]=0 [SUB0]
06-17 14:13:00.767360  1093  1094 D RIL     : [RilProxy] onRequest: QUERY_NETWORK_SELECTION_MODE, datalen = 0, radioState:10, socket_id: 0
06-17 14:13:00.767385  1093  1094 D RIL     : [RilProxy] onRequest: request = 45, slotId = 0
06-17 14:13:00.767407  2544  2756 D RILJ    : [1997]< QUERY_NETWORK_SELECTION_MODE {0} [SUB0]
06-17 14:13:00.767563  2544  2544 D GsmSST  : [GsmSST0] handle EVENT_POLL_STATE_NETWORK_SELECTION_MODE
06-17 14:13:00.767613  2544  2544 E GsmSST  : [GsmSST0] handlePollStateResult return due to (ar.userObj != mPollingContext)
06-17 14:13:00.767639  2544  2544 D GsmSST  : [GsmSST0] handleMessage msg done
06-17 14:13:00.768120  1093  1099 D RfxMainThread: enqueueMessage(), mainHandler = 0x7f9713d3e0, msg = [type=REQUEST, source=GSM, dest=GSM, pId=QUERY_NETWORK_SELECTION_MODE(45), pToken=18357, id=QUERY_NETWORK_SELECTION_MODE(45), token=24477, slotId=0,             error = 0, pTimeStamp =  1419681044, isWrongC2KResponse = 0]
06-17 14:13:00.768234  1093  1097 D RfxMainThread: handle msg begin, mainHandler = 0x7f9713d3e0
06-17 14:13:00.768308  1093  1097 D RfxRootController: processMessage() msg = [type=REQUEST, source=GSM, dest=GSM, pId=QUERY_NETWORK_SELECTION_MODE(45), pToken=18357, id=QUERY_NETWORK_SELECTION_MODE(45), token=24477, slotId=0,             error = 0, pTimeStamp =  1419681044, isWrongC2KResponse = 0]
06-17 14:13:00.768337  1093  1097 D RfxRootController: processMessage() handler = NULL ==> request
06-17 14:13:00.768367  1093  1097 D RfxRilAdapter: isRequestQueueEmpty slotId=0, group=0, ret=t
06-17 14:13:00.768453  1093  1097 D RfxDispatchThread: addMessageToPendingQueue pRequest = 45, pToken = 18357, token = 24477
06-17 14:13:00.768530  1093  1097 D RfxRilAdapter: requestToRild send request done (slotId=0, dest=0, reqId=45, true, dataSize=8, 12)
06-17 14:13:00.768660  1040  1063 D RILC    : SOCKET RIL_SOCKET_1 REQUEST: QUERY_NETWORK_SELECTION_MODE length:8
06-17 14:13:00.768714  1040  1063 I RILC-MTK: create request 45: pRequest=0x7f975fc700, pRI=0x7f9a04c8d0, p=0x7f9a05ba90, pUCI=0x0
06-17 14:13:00.768747  1040  1063 D RILC-MTK: 1:DATA_REGISTRATION_STATE pRI=0x7f9a04cc90 p=0x7f9a05b9b0 is queued in RIL_CMD_PROXY_3
06-17 14:13:00.768771  1040  1063 D RILC-MTK: 2:VOICE_REGISTRATION_STATE pRI=0x7f9a04cd50 p=0x7f9a0596b0 is queued in RIL_CMD_PROXY_3
06-17 14:13:00.768795  1040  1063 D RILC-MTK: 3:QUERY_NETWORK_SELECTION_MODE pRI=0x7f9a04cde0 p=0x7f9a059aa0 is queued in RIL_CMD_PROXY_3
06-17 14:13:00.768819  1040  1063 D RILC-MTK: 4:OPERATOR pRI=0x7f9a04c3f0 p=0x7f9a05b710 is queued in RIL_CMD_PROXY_3
06-17 14:13:00.768841  1040  1063 D RILC-MTK: 5:DATA_REGISTRATION_STATE pRI=0x7f9a04c690 p=0x7f9a05b780 is queued in RIL_CMD_PROXY_3
