06-17 14:12:45.539503  2544  2544 D CdmaSST : [CdmaLteSST] pollStateDone: lte 1 ss=[3 3 voice home data home null null null null null null  Unknown Unknown CSS not supported -1 -1 RoamInd=-1 DefRoamInd=-1 EmergOnly=false Ril Voice Regist state: 0 Ril Data Regist state: 0 mProprietaryDataRadioTechnology: 0 VoiceRejectCause: -1 DataRejectCause: -1 IsDataRoamingFromRegistration=false] newSS=[3 3 voice home data home null null null null null null  Unknown Unknown CSS not supported -1 -1 RoamInd=-1 DefRoamInd=-1 EmergOnly=false Ril Voice Regist state: 0 Ril Data Regist state: 0 mProprietaryDataRadioTechnology: 0 VoiceRejectCause: -1 DataRejectCause: -1 IsDataRoamingFromRegistration=false]
06-17 14:12:45.539522  1093  1100 D RfxMainThread: enqueueMessage(), mainHandler = 0x7f9713d3e0, msg = [type=RESPONSE, source=C2K, dest=GSM, pId=VOICE_REGISTRATION_STATE(20), pToken=18332, id=VOICE_REGISTRATION_STATE(20), token=24439, slotId=1,             error = 1, pTimeStamp =  3368725766, isWrongC2KResponse = 0]
06-17 14:12:45.539627  2544  2544 D CdmaSST : [CdmaLteSST] pollStateDone: hasRegistered=false hasDeegistered=false hasCdmaDataConnectionAttached=false hasCdmaDataConnectionDetached=false hasCdmaDataConnectionChanged=false hasVoiceRadioTechnologyChanged= false hasDataRadioTechnologyChanged=false hasChanged=false hasVoiceRoamingOn=false hasVoiceRoamingOff=false hasDataRoamingOn=false hasDataRoamingOff=false hasLocationChanged=false has4gHandoff = false hasMultiApnSupport=false hasLostMultiApnSupport=false
06-17 14:12:45.539658  2544  2544 D PHONE   : [ServiceState] setNullState=1
06-17 14:12:45.539656  1093  1100 D RfxMainThread: enqueueMessage(), mainHandler = 0x7f9713d540, msg = [type=RESPONSE, source=GSM, dest=GSM, pId=VOICE_REGISTRATION_STATE(20), pToken=18332, id=VOICE_REGISTRATION_STATE(20), token=24438, slotId=1,             error = 1, pTimeStamp =  3368725766, isWrongC2KResponse = 0]
06-17 14:12:45.539691  2544  2544 D PHONE   : [ServiceState] setNullState=1
06-17 14:12:45.539761  1093  1100 D RfxMainThread: enqueueMessage(), mainHandler = 0x7f9713d6e0, msg = [type=RESPONSE, source=GSM, dest=GSM, pId=DATA_REGISTRATION_STATE(21), pToken=18333, id=DATA_REGISTRATION_STATE(21), token=24440, slotId=1,             error = 1, pTimeStamp =  3369507843, isWrongC2KResponse = 0]
06-17 14:12:45.539819  1079  1082 I         : AT_CHANNEL wakeup
06-17 14:12:45.539861  1079  1082 I         : proxy deque done
06-17 14:12:45.539895  1079  1082 D         : DATA_REGISTRATION_STATE execute on AT_CHANNEL using channel 0
06-17 14:12:45.539908  2544  2544 D SubscriptionController: [getSubId]- numSubIds == 0, return DummySubIds slotIdx=1
06-17 14:12:45.539941  1079  1082 D C2K_RIL : C2K onRequest: DATA_REGISTRATION_STATE, sState= 0, smsReadyReported= 1, uimInsertedReported= 1
06-17 14:12:45.539947  2544  2544 D SubscriptionController: getDummySubIds: slotIdx=1 return 2 DummySubIds with each subId=-3
06-17 14:12:45.539976  1079  1082 D C2K_RILC: RequestComplete, RIL_SOCKET_1
06-17 14:12:45.540074  1079  1082 I         : proxy deque done
06-17 14:12:45.540100  1079  1082 I         : AT_CHANNEL sleep
06-17 14:12:45.540318  1114  1128 D TelephonyRegistry: notifyCellInfoForSubscriber: subId=-3 cellInfo=[]
06-17 14:12:45.540393  1114  1128 D SubscriptionManager: [getPhoneId]- return dummy value, subId = -3
06-17 14:12:45.540406  1093  1100 D RfxMainThread: enqueueMessage(), mainHandler = 0x7f9713d760, msg = [type=RESPONSE, source=C2K, dest=GSM, pId=DATA_REGISTRATION_STATE(21), pToken=18333, id=DATA_REGISTRATION_STATE(21), token=24441, slotId=1,             error = 1, pTimeStamp =  3369507843, isWrongC2KResponse = 0]
06-17 14:12:45.540434  1114  1128 D TelephonyRegistry: validatePhoneId: true
06-17 14:12:45.540529  1114  1128 D TelephonyRegistry: validateEventsAndUserLocked: valid=false r.callerUserId=0 foregroundUser=0 r.events=8192 events=1024
06-17 14:12:45.540582  1114  1128 D TelephonyRegistry: validateEventsAndUserLocked: valid=false r.callerUserId=0 foregroundUser=0 r.events=449 events=1024
06-17 14:12:45.540629  1114  1128 D TelephonyRegistry: validateEventsAndUserLocked: valid=false r.callerUserId=0 foregroundUser=0 r.events=32 events=1024
06-17 14:12:45.540674  1114  1128 D TelephonyRegistry: validateEventsAndUserLocked: valid=false r.callerUserId=0 foregroundUser=0 r.events=32 events=1024
06-17 14:12:45.540727  1114  1128 D TelephonyRegistry: validateEventsAndUserLocked: valid=false r.callerUserId=0 foregroundUser=0 r.events=0 events=1024
06-17 14:12:45.540772  1114  1128 D TelephonyRegistry: validateEventsAndUserLocked: valid=false r.callerUserId=0 foregroundUser=0 r.events=64 events=1024
06-17 14:12:45.540816  1114  1128 D TelephonyRegistry: validateEventsAndUserLocked: valid=false r.callerUserId=0 foregroundUser=0 r.events=0 events=1024
06-17 14:12:45.540859  1114  1128 D TelephonyRegistry: validateEventsAndUserLocked: valid=false r.callerUserId=0 foregroundUser=0 r.events=32 events=1024
06-17 14:12:45.540911  1114  1128 D TelephonyRegistry: validateEventsAndUserLocked: valid=false r.callerUserId=0 foregroundUser=0 r.events=0 events=1024
06-17 14:12:45.540961  1114  1128 D TelephonyRegistry: validateEventsAndUserLocked: valid=false r.callerUserId=0 foregroundUser=0 r.events=272 events=1024
06-17 14:12:45.541010  1114  1128 D TelephonyRegistry: validateEventsAndUserLocked: valid=false r.callerUserId=0 foregroundUser=0 r.events=0 events=1024
06-17 14:12:45.541027  1093  1097 D RfxMainThread: handle msg begin, mainHandler = 0x7f9713d3e0
06-17 14:12:45.541059  1114  1128 D TelephonyRegistry: validateEventsAndUserLocked: valid=false r.callerUserId=0 foregroundUser=0 r.events=0 events=1024
06-17 14:12:45.541105  1114  1128 D TelephonyRegistry: validateEventsAndUserLocked: valid=false r.callerUserId=0 foregroundUser=0 r.events=0 events=1024
06-17 14:12:45.541129  1093  1097 D RfxRootController: processMessage() msg = [type=RESPONSE, source=C2K, dest=GSM, pId=VOICE_REGISTRATION_STATE(20), pToken=18332, id=VOICE_REGISTRATION_STATE(20), token=24439, slotId=1,             error = 1, pTimeStamp =  3368725766, isWrongC2KResponse = 0]
06-17 14:12:45.541152  1114  1128 D TelephonyRegistry: validateEventsAndUserLocked: valid=false r.callerUserId=0 foregroundUser=0 r.events=0 events=1024
06-17 14:12:45.541170  1093  1097 D RfxRootController: processMessage() handler = 0x7f97119380, RpNwStateController
06-17 14:12:45.541198  1114  1128 D TelephonyRegistry: validateEventsAndUserLocked: valid=false r.callerUserId=0 foregroundUser=0 r.events=32 events=1024
06-17 14:12:45.541215  1093  1097 D RpNwSC[1]:  onHandleResponse() SIM1 req=REQ_VOICE_REG_STATE src=C2K
06-17 14:12:45.541250  1114  1128 D TelephonyRegistry: validateEventsAndUserLocked: valid=false r.callerUserId=0 foregroundUser=0 r.events=0 events=1024
06-17 14:12:45.541263  1093  1097 D RfxController: 0x7f97119380, RpNwStateController, store the response (token:24439)
06-17 14:12:45.541295  1114  1128 D TelephonyRegistry: validateEventsAndUserLocked: valid=false r.callerUserId=0 foregroundUser=0 r.events=512 events=1024
06-17 14:12:45.541303  1093  1097 D RfxTimer: start(), timer = 0x7f97076140
06-17 14:12:45.541344  1114  1128 D TelephonyRegistry: validateEventsAndUserLocked: valid=false r.callerUserId=0 foregroundUser=0 r.events=32 events=1024
06-17 14:12:45.541347  1093  1097 D RpNwSC[1]:  Response saved
06-17 14:12:45.541392  1114  1128 D TelephonyRegistry: validateEventsAndUserLocked: valid=false r.callerUserId=0 foregroundUser=0 r.events=256 events=1024
06-17 14:12:45.541400  1093  1097 D RfxMainThread: handle msg begin, mainHandler = 0x7f9713d540
06-17 14:12:45.541441  1114  1128 D TelephonyRegistry: validateEventsAndUserLocked: valid=false r.callerUserId=0 foregroundUser=0 r.events=256 events=1024
06-17 14:12:45.541486  1093  1097 D RfxRootController: processMessage() msg = [type=RESPONSE, source=GSM, dest=GSM, pId=VOICE_REGISTRATION_STATE(20), pToken=18332, id=VOICE_REGISTRATION_STATE(20), token=24438, slotId=1,             error = 1, pTimeStamp =  3368725766, isWrongC2KResponse = 0]
06-17 14:12:45.541487  1114  1128 D TelephonyRegistry: validateEventsAndUserLocked: valid=false r.callerUserId=0 foregroundUser=0 r.events=32 events=1024
06-17 14:12:45.541520  1093  1097 D RfxRootController: processMessage() handler = 0x7f97119380, RpNwStateController
06-17 14:12:45.541538  1114  1128 D TelephonyRegistry: validateEventsAndUserLocked: valid=false r.callerUserId=0 foregroundUser=0 r.events=256 events=1024
06-17 14:12:45.541558  1093  1097 D RpNwSC[1]:  onHandleResponse() SIM1 req=REQ_VOICE_REG_STATE src=GSM
06-17 14:12:45.541583  1114  1128 D TelephonyRegistry: validateEventsAndUserLocked: valid=false r.callerUserId=0 foregroundUser=0 r.events=256 events=1024
06-17 14:12:45.541588  1093  1097 D RfxTimer: stop(), timer = 0x7f97076140
06-17 14:12:45.541637  1093  1097 D RfxController: 0x7f97119380, RpNwStateController, Have fond reponse: pToken=18332, pID=20, token=24439
06-17 14:12:45.541636  1114  1128 D TelephonyRegistry: validateEventsAndUserLocked: valid=false r.callerUserId=0 foregroundUser=0 r.events=256 events=1024
06-17 14:12:45.541679  1093  1097 D RfxController: setProcessedMsg 0x7f97119380, RpNwStateController, id: 20, pTimeStamp: 3368725766
06-17 14:12:45.541693  1114  1128 D TelephonyRegistry: validateEventsAndUserLocked: valid=false r.callerUserId=0 foregroundUser=0 r.events=32 events=1024
06-17 14:12:45.541718  1093  1097 D RpNwSC[1]:  Response matched
06-17 14:12:45.541739  1114  1128 D TelephonyRegistry: validateEventsAndUserLocked: valid=false r.callerUserId=0 foregroundUser=0 r.events=1 events=1024
06-17 14:12:45.541750  1093  1097 D RpNwSC[1]:  GSM voice response error
06-17 14:12:45.541826  1093  1097 D RpNwSC[1]:  C2K voice response error
06-17 14:12:45.541831  1114  1128 D TelephonyRegistry: validateEventsAndUserLocked: valid=false r.callerUserId=0 foregroundUser=0 r.events=0 events=1024
06-17 14:12:45.541888  1114  1128 D TelephonyRegistry: validateEventsAndUserLocked: valid=false r.callerUserId=0 foregroundUser=0 r.events=0 events=1024
06-17 14:12:45.541936  1114  1128 D TelephonyRegistry: validateEventsAndUserLocked: valid=false r.callerUserId=0 foregroundUser=0 r.events=65536 events=1024
06-17 14:12:45.541943  1093  1097 D RfxRilAdapter: responseToRilj send Response done (slotId=1, pToken=18332, pId=20, dataSize=12)
06-17 14:12:45.541984  1114  1128 D TelephonyRegistry: validateEventsAndUserLocked: valid=false r.callerUserId=0 foregroundUser=0 r.events=0 events=1024
06-17 14:12:45.542002  1093  1097 D RfxMainThread: handle msg begin, mainHandler = 0x7f9713d6e0
06-17 14:12:45.542031  1114  1128 D TelephonyRegistry: validateEventsAndUserLocked: valid=false r.callerUserId=0 foregroundUser=0 r.events=0 events=1024
06-17 14:12:45.542078  1114  1128 D TelephonyRegistry: validateEventsAndUserLocked: valid=false r.callerUserId=0 foregroundUser=0 r.events=65536 events=1024
06-17 14:12:45.542089  1093  1097 D RfxRootController: processMessage() msg = [type=RESPONSE, source=GSM, dest=GSM, pId=DATA_REGISTRATION_STATE(21), pToken=18333, id=DATA_REGISTRATION_STATE(21), token=24440, slotId=1,             error = 1, pTimeStamp =  3369507843, isWrongC2KResponse = 0]
06-17 14:12:45.542121  1093  1097 D RfxRootController: processMessage() handler = 0x7f97119380, RpNwStateController
06-17 14:12:45.542128  1114  1128 D TelephonyRegistry: validateEventsAndUserLocked: valid=false r.callerUserId=0 foregroundUser=0 r.events=1 events=1024
06-17 14:12:45.542175  1093  1097 D RpNwSC[1]:  onHandleResponse() SIM1 req=REQ_DATA_REG_STATE src=GSM
06-17 14:12:45.542185  1114  1128 D TelephonyRegistry: validateEventsAndUserLocked: valid=false r.callerUserId=0 foregroundUser=0 r.events=1 events=1024
06-17 14:12:45.542218  1093  1097 D RfxController: 0x7f97119380, RpNwStateController, store the response (token:24440)
06-17 14:12:45.542233  1114  1128 D TelephonyRegistry: validateEventsAndUserLocked: valid=false r.callerUserId=0 foregroundUser=0 r.events=66017 events=1024
06-17 14:12:45.542235  2544  2758 D RilRequest: [1980]< VOICE_REGISTRATION_STATE error: com.android.internal.telephony.CommandException: RADIO_NOT_AVAILABLE ret=
06-17 14:12:45.542256  1093  1097 D RfxTimer: start(), timer = 0x7f97076140
06-17 14:12:45.542299  1093  1097 D RpNwSC[1]:  Response saved
06-17 14:12:45.542305  1114  1128 D TelephonyRegistry: validateEventsAndUserLocked: valid=false r.callerUserId=0 foregroundUser=0 r.events=12 events=1024
06-17 14:12:45.542366  1114  1128 D TelephonyRegistry: validateEventsAndUserLocked: valid=false r.callerUserId=0 foregroundUser=0 r.events=18 events=1024
06-17 14:12:45.542353  1093  1097 D RfxMainThread: handle msg begin, mainHandler = 0x7f9713d760
06-17 14:12:45.542419  1114  1128 D TelephonyRegistry: validateEventsAndUserLocked: valid=false r.callerUserId=0 foregroundUser=0 r.events=64 events=1024
06-17 14:12:45.542476  1114  1128 D TelephonyRegistry: validateEventsAndUserLocked: valid=false r.callerUserId=0 foregroundUser=0 r.events=1 events=1024
06-17 14:12:45.542487  1093  1097 D RfxRootController: processMessage() msg = [type=RESPONSE, source=C2K, dest=GSM, pId=DATA_REGISTRATION_STATE(21), pToken=18333, id=DATA_REGISTRATION_STATE(21), token=24441, slotId=1,             error = 1, pTimeStamp =  3369507843, isWrongC2KResponse = 0]
06-17 14:12:45.542525  1114  1128 D TelephonyRegistry: validateEventsAndUserLocked: valid=false r.callerUserId=0 foregroundUser=0 r.events=257 events=1024
06-17 14:12:45.542532  1093  1097 D RfxRootController: processMessage() handler = 0x7f97119380, RpNwStateController
06-17 14:12:45.542592  1114  1128 D TelephonyRegistry: validateEventsAndUserLocked: valid=false r.callerUserId=0 foregroundUser=0 r.events=64 events=1024
06-17 14:12:45.542589  1093  1097 D RpNwSC[1]:  onHandleResponse() SIM1 req=REQ_DATA_REG_STATE src=C2K
06-17 14:12:45.542639  1093  1097 D RfxTimer: stop(), timer = 0x7f97076140
06-17 14:12:45.542648  1114  1128 D TelephonyRegistry: handleRemoveListLocked: mRemoveList.size()=0
06-17 14:12:45.542683  1093  1097 D RfxController: 0x7f97119380, RpNwStateController, Have fond reponse: pToken=18333, pID=21, token=24440
06-17 14:12:45.542730  1093  1097 D RfxController: setProcessedMsg 0x7f97119380, RpNwStateController, id: 21, pTimeStamp: 3369507843
06-17 14:12:45.542763  1093  1097 D RpNwSC[1]:  Response matched
06-17 14:12:45.542798  1093  1097 D RpNwSC[1]:  GSM data response error
06-17 14:12:45.542829  1093  1097 D RpNwSC[1]:  C2K data response error
06-17 14:12:45.542917  1093  1097 D RfxRilAdapter: responseToRilj send Response done (slotId=1, pToken=18333, pId=21, dataSize=12)
06-17 14:12:45.542943  2544  2544 D RILJ    : [1982]> OPERATOR [SUB1]
06-17 14:12:45.543055  2544  2758 D RilRequest: [1981]< DATA_REGISTRATION_STATE error: com.android.internal.telephony.CommandException: RADIO_NOT_AVAILABLE ret=
06-17 14:12:45.544486  2544  2544 D RILJ    : [1983]> VOICE_REGISTRATION_STATE [SUB1]
06-17 14:12:45.545321  1093  1094 E RILC    : [RilProxy] token = 18334, request = 22
06-17 14:12:45.545373  1093  1094 D RIL     : [RilProxy] onRequest: OPERATOR, datalen = 0, radioState:0, socket_id: 1
06-17 14:12:45.545404  1093  1094 D RIL     : [RilProxy] onRequest: request = 22, slotId = 1
06-17 14:12:45.545554  1093  1099 D RfxMainThread: enqueueMessage(), mainHandler = 0x7f9713d5e0, msg = [type=REQUEST, source=GSM, dest=GSM, pId=OPERATOR(22), pToken=18334, id=OPERATOR(22), token=24442, slotId=1,             error = 0, pTimeStamp =  3377566381, isWrongC2KResponse = 0]
06-17 14:12:45.545645  1093  1094 E RILC    : [RilProxy] token = 18335, request = 20
06-17 14:12:45.545654  2544  2544 D RILJ    : [1984]> DATA_REGISTRATION_STATE [SUB1]
06-17 14:12:45.545666  1093  1097 D RfxMainThread: handle msg begin, mainHandler = 0x7f9713d5e0
06-17 14:12:45.545688  1093  1094 D RIL     : [RilProxy] onRequest: VOICE_REGISTRATION_STATE, datalen = 0, radioState:0, socket_id: 1
06-17 14:12:45.545722  1093  1094 D RIL     : [RilProxy] onRequest: request = 20, slotId = 1
06-17 14:12:45.545769  1093  1097 D RfxRootController: processMessage() msg = [type=REQUEST, source=GSM, dest=GSM, pId=OPERATOR(22), pToken=18334, id=OPERATOR(22), token=24442, slotId=1,             error = 0, pTimeStamp =  3377566381, isWrongC2KResponse = 0]
06-17 14:12:45.545808  1093  1097 D RfxRootController: processMessage() handler = 0x7f97119380, RpNwStateController
06-17 14:12:45.545839  1093  1099 D RfxMainThread: enqueueMessage(), mainHandler = 0x7f9713d3e0, msg = [type=REQUEST, source=GSM, dest=GSM, pId=VOICE_REGISTRATION_STATE(20), pToken=18335, id=VOICE_REGISTRATION_STATE(20), token=24443, slotId=1,             error = 0, pTimeStamp =  3377875304, isWrongC2KResponse = 0]
06-17 14:12:45.546236  1093  1097 D RpNwSC[1]:  onHandleReq() SIM1 REQ=REQ_OPERATOR
06-17 14:12:45.546295  1093  1097 D RfxRilAdapter: isRequestQueueEmpty slotId=1, group=0, ret=t
06-17 14:12:45.546334  1093  1097 D RfxDispatchThread: addMessageToPendingQueue pRequest = 22, pToken = 18334, token = 24442
06-17 14:12:45.546411  1093  1097 D RfxRilAdapter: requestToRild send request done (slotId=1, dest=0, reqId=22, true, dataSize=8, 12)
06-17 14:12:45.546448  1093  1097 D RfxRilAdapter: isRequestQueueEmpty slotId=1, group=1, ret=t
06-17 14:12:45.546480  1093  1097 D RfxDispatchThread: addMessageToPendingQueue pRequest = 22, pToken = 18334, token = 24444
06-17 14:12:45.546500  1040  1063 D RILC    : SOCKET RIL_SOCKET_2 REQUEST: OPERATOR length:8
06-17 14:12:45.546558  1040  1063 I RILC-MTK: create request 22: pRequest=0x7f975fc740, pRI=0x7f9a04c8d0, p=0x7f9a056e70, pUCI=0x0
06-17 14:12:45.546600  1040  1063 D RILC-MTK: OPERATOR pRI=0x7f9a04c8d0 p=0x7f9a056e70 dispatched to RIL_CMD2_PROXY_3
06-17 14:12:45.546823  1040  1055 I RILC-MTK: RIL_CMD_PROXY_4 wakeup
06-17 14:12:45.546868  1040  1055 I RILC-MTK: RIL_CMD_PROXY_4 sleep
06-17 14:12:45.546915  1040  1060 I RILC-MTK: RIL_CMD2_PROXY_1 wakeup
06-17 14:12:45.546947  1040  1060 I RILC-MTK: RIL_CMD2_PROXY_1 sleep
06-17 14:12:45.547133  2544  2544 D GsmSST  : [GsmSST0] handle EVENT_POLL_STATE_NETWORK_SELECTION_MODE
06-17 14:12:45.547175  1040  1056 I RILC-MTK: RIL_ATCI_PROXY wakeup
06-17 14:12:45.547185  1040  1054 I RILC-MTK: RIL_CMD_PROXY_1 wakeup
06-17 14:12:45.547205  2544  2544 D GsmSST  : [GsmSST0] set roaming=false,mGsmRoaming= false,mDataRoaming= false
06-17 14:12:45.547208  1040  1056 I RILC-MTK: RIL_ATCI_PROXY sleep
06-17 14:12:45.547280  1040  1059 I RILC-MTK: RIL_CMD2_PROXY_2 wakeup
06-17 14:12:45.547313  1040  1059 I RILC-MTK: RIL_CMD2_PROXY_2 sleep
06-17 14:12:45.547313  1040  1053 I RILC-MTK: RIL_CMD_PROXY_2 wakeup
06-17 14:12:45.547321  1040  1057 I RILC-MTK: RIL_URC2_PROXY wakeup
06-17 14:12:45.547358  1040  1053 I RILC-MTK: RIL_CMD_PROXY_2 sleep
06-17 14:12:45.547449  1040  1051 I RILC-MTK: RIL_URC_PROXY wakeup
06-17 14:12:45.547480  1040  1051 I RILC-MTK: RIL_URC_PROXY sleep
06-17 14:12:45.547512  1093  1094 E RILC    : [RilProxy] token = 18336, request = 21
06-17 14:12:45.547559  1040  1058 I RILC-MTK: RIL_CMD2_PROXY_3 wakeup
06-17 14:12:45.547563  1093  1094 D RIL     : [RilProxy] onRequest: DATA_REGISTRATION_STATE, datalen = 0, radioState:0, socket_id: 1
06-17 14:12:45.547594  1040  1058 D RILC-MTK: proxy id:7, proxyName: RIL_CMD2_PROXY_3
06-17 14:12:45.547596  1093  1094 D RIL     : [RilProxy] onRequest: request = 21, slotId = 1
06-17 14:12:45.547633  1040  1058 D RILC-MTK: OPERATOR pRI=0x7f9a04c8d0 p=0x7f9a056e70 execute on RIL_CMD2_PROXY_3 using channel 7
06-17 14:12:45.547631  1079  1086 W C2K_RILC: token = 24444, request = 22
06-17 14:12:45.547669  1040  1058 D RILC    : callOnRequest for new vendor ril
06-17 14:12:45.547682  1079  1086 D C2K_RILC: SOCKET RIL_SOCKET_1 REQUEST: OPERATOR length:8
06-17 14:12:45.547701  1040  1058 D RIL     : onRequest: OPERATOR, datalen = 0
06-17 14:12:45.547401  1093  1097 D RfxRilAdapter: requestToRild send request done (slotId=1, dest=1, reqId=22, true, dataSize=8, 12)
06-17 14:12:45.547730  1040  1058 D RIL     : radioState:0
06-17 14:12:45.547739  1079  1086 I C2K_RILC: processCommandBuffer enqueueProxyList &s_Proxy[proxyId]=-148218568, request=22, proxyId=0
06-17 14:12:45.547761  1093  1099 D RfxMainThread: enqueueMessage(), mainHandler = 0x7f9713d540, msg = [type=REQUEST, source=GSM, dest=GSM, pId=DATA_REGISTRATION_STATE(21), pToken=18336, id=DATA_REGISTRATION_STATE(21), token=24445, slotId=1,             error = 0, pTimeStamp =  3379768919, isWrongC2KResponse = 0]
06-17 14:12:45.547789  1079  1086 I         : enqueueProxyList &pProxyList=-148218568, &s_Proxy[0]=-148218568, &s_Proxy[1]=-148218564
06-17 14:12:45.547786  1093  1097 D RfxMainThread: handle msg begin, mainHandler = 0x7f9713d3e0
06-17 14:12:45.547789  1040  1058 D         : IMS: IMS_isRilRequestFromIms, socket_id = 1 
06-17 14:12:45.547826  1079  1086 D         : OPERATOR dispatched to AT_CHANNEL
06-17 14:12:45.547829  1040  1058 D RILC    : RequestComplete, RIL_SOCKET_2
06-17 14:12:45.547861  1040  1058 I RILC    : isSvlteSupport: 0
06-17 14:12:45.547887  1040  1058 I RILC    : isSrlteSupport: 1
06-17 14:12:45.547927  1040  1058 E RILC    : Send Response to RIL_SOCKET_2
06-17 14:12:45.547939  1079  1085 I         : SIM_CHANNEL wakeup
06-17 14:12:45.547969  1079  1085 I         : proxy deque done
06-17 14:12:45.547967  1040  1054 I RILC-MTK: RIL_CMD_PROXY_1 sleep
06-17 14:12:45.547998  1079  1085 I         : SIM_CHANNEL sleep
06-17 14:12:45.548002  1040  1058 D RILC-MTK: proxyLoop free  pRI=0x7f9a04c8d0 p=0x7f9a056e70 
06-17 14:12:45.548038  1040  1058 D RILC-MTK: proxyLoop free  pRequest=0x7f975fc740
06-17 14:12:45.548040  1079  1082 I         : AT_CHANNEL wakeup
06-17 14:12:45.548070  1040  1058 I RILC-MTK: RIL_CMD2_PROXY_3 sleep
06-17 14:12:45.548075  1079  1082 I         : proxy deque done
06-17 14:12:45.548106  1079  1082 D         : OPERATOR execute on AT_CHANNEL using channel 0
06-17 14:12:45.548112  1040  1057 I RILC-MTK: RIL_URC2_PROXY sleep
06-17 14:12:45.548114  1079  1083 I         : DATA_CHANNEL wakeup
06-17 14:12:45.548150  1079  1083 I         : proxy deque done
06-17 14:12:45.548151  1079  1082 D C2K_RIL : C2K onRequest: OPERATOR, sState= 0, smsReadyReported= 1, uimInsertedReported= 1
06-17 14:12:45.548178  1079  1083 I         : DATA_CHANNEL sleep
06-17 14:12:45.548191  1079  1082 D C2K_RIL : requestOperator: uimInsertedStatus is 0, sState is 0
06-17 14:12:45.548187  1040  1061 I RILC-MTK: RIL_CMD2_PROXY_4 wakeup
06-17 14:12:45.548219  1040  1061 I RILC-MTK: RIL_CMD2_PROXY_4 sleep
06-17 14:12:45.548239  1079  1082 D C2K_RILC: RequestComplete, RIL_SOCKET_1
06-17 14:12:45.548262  1040  1062 I RILC-MTK: RIL_ATCI2_PROXY wakeup
06-17 14:12:45.548247  1079  1084 I         : MISC_CHANNEL wakeup
06-17 14:12:45.548300  1079  1084 I         : proxy deque done
06-17 14:12:45.548295  1040  1062 I RILC-MTK: RIL_ATCI2_PROXY sleep
06-17 14:12:45.548325  1079  1084 I         : MISC_CHANNEL sleep
06-17 14:12:45.548348  1040  1052 I RILC-MTK: RIL_CMD_PROXY_3 wakeup
06-17 14:12:45.548385  1040  1052 I RILC-MTK: RIL_CMD_PROXY_3 sleep
06-17 14:12:45.548419  1093  1100 D RfxMainThread: enqueueMessage(), mainHandler = 0x7f9713d5a0, msg = [type=RESPONSE, source=GSM, dest=GSM, pId=OPERATOR(22), pToken=18334, id=OPERATOR(22), token=24442, slotId=1,             error = 1, pTimeStamp =  3377566227, isWrongC2KResponse = 0]
06-17 14:12:45.548510  1079  1082 I         : proxy deque done
06-17 14:12:45.548542  1093  1100 D RfxMainThread: enqueueMessage(), mainHandler = 0x7f9713d6c0, msg = [type=RESPONSE, source=C2K, dest=GSM, pId=OPERATOR(22), pToken=18334, id=OPERATOR(22), token=24444, slotId=1,             error = 0, pTimeStamp =  3377566227, isWrongC2KResponse = 0]
06-17 14:12:45.548543  1079  1082 I         : AT_CHANNEL sleep
06-17 14:12:45.548610  1093  1097 D RfxRootController: processMessage() msg = [type=REQUEST, source=GSM, dest=GSM, pId=VOICE_REGISTRATION_STATE(20), pToken=18335, id=VOICE_REGISTRATION_STATE(20), token=24443, slotId=1,             error = 0, pTimeStamp =  3377875304, isWrongC2KResponse = 0]
06-17 14:12:45.548655  1093  1097 D RfxRootController: processMessage() handler = 0x7f97119380, RpNwStateController
06-17 14:12:45.548698  1093  1097 D RpNwSC[1]:  onHandleReq() SIM1 REQ=REQ_VOICE_REG_STATE
06-17 14:12:45.548760  1093  1097 D RfxRilAdapter: isRequestQueueEmpty slotId=1, group=0, ret=t
06-17 14:12:45.548798  1093  1097 D RfxDispatchThread: addMessageToPendingQueue pRequest = 20, pToken = 18335, token = 24443
06-17 14:12:45.548877  1093  1097 D RfxRilAdapter: requestToRild send request done (slotId=1, dest=0, reqId=20, true, dataSize=8, 12)
06-17 14:12:45.548880  2544  2544 D GsmSST  : [GsmSST0] Poll ServiceState done:  oldSS=[0 0 voice home data home 中国移动 中国移动 46000 中国移动 中国移动 46000  LTE LTE CSS not supported -1 -1 RoamInd=-1 DefRoamInd=-1 EmergOnly=false Ril Voice Regist state: 1 Ril Data Regist state: 1 mProprietaryDataRadioTechnology: 0 VoiceRejectCause: 0 DataRejectCause: -1 IsDataRoamingFromRegistration=false] newSS=[0 0 voice home data home 中国移动 中国移动 46000 中国移动 中国移动 46000  LTE LTE CSS not supported -1 -1 RoamInd=-1 DefRoamInd=-1 EmergOnly=false Ril Voice Regist state: 1 Ril Data Regist state: 1 mProprietaryDataRadioTechnology: 0 VoiceRejectCause: 0 DataRejectCause: -1 IsDataRoamingFromRegistration=false] oldMaxDataCalls=9 mNewMaxDataCalls=9 oldReasonDataDenied=-1 mNewReasonDataDenied=-1
06-17 14:12:45.548911  1093  1097 D RfxRilAdapter: isRequestQueueEmpty slotId=1, group=1, ret=t
06-17 14:12:45.548946  1093  1097 D RfxDispatchThread: addMessageToPendingQueue pRequest = 20, pToken = 18335, token = 24446
06-17 14:12:45.548974  1040  1063 D RILC    : SOCKET RIL_SOCKET_2 REQUEST: VOICE_REGISTRATION_STATE length:8
06-17 14:12:45.549020  1040  1063 I RILC-MTK: create request 20: pRequest=0x7f975fc880, pRI=0x7f9a04cba0, p=0x7f9a05a520, pUCI=0x0
06-17 14:12:45.549024  2544  2544 D GsmSST  : [GsmSST0] pollStateDone,hasRegistered:false,hasDeregistered:false,hasGprsAttached:false,hasRilVoiceRadioTechnologyChanged:false,hasRilDataRadioTechnologyChanged:false,hasVoiceRegStateChanged:false,hasDataRegStateChanged:false,hasChanged:false,hasVoiceRoamingOn:false,hasVoiceRoamingOff:false,hasDataRoamingOn:false,hasDataRoamingOff:false,hasLocationChanged:true,hasLacChanged:false,sReceiveNitz:true
06-17 14:12:45.549020  1093  1097 D RfxRilAdapter: requestToRild send request done (slotId=1, dest=1, reqId=20, true, dataSize=8, 12)
06-17 14:12:45.549061  1040  1063 D RILC-MTK: VOICE_REGISTRATION_STATE pRI=0x7f9a04cba0 p=0x7f9a05a520 dispatched to RIL_CMD2_PROXY_3
06-17 14:12:45.549075  2544  2544 D GsmSST  : [GsmSST0] explict_update_spn trigger to refresh SPN
06-17 14:12:45.549118  1079  1086 W C2K_RILC: token = 24446, request = 20
06-17 14:12:45.549172  2544  2544 D SIMRecords: [SIMRecords] getServiceProviderName: no brandOverride (slot 0)
06-17 14:12:45.549170  1079  1086 D C2K_RILC: SOCKET RIL_SOCKET_1 REQUEST: VOICE_REGISTRATION_STATE length:8
06-17 14:12:45.549211  1040  1061 I RILC-MTK: RIL_CMD2_PROXY_4 wakeup
06-17 14:12:45.549224  2544  2544 D SIMRecords: [SIMRecords] getServiceProviderName: providerName=CMCC (slot 0)
06-17 14:12:45.549246  1040  1061 I RILC-MTK: RIL_CMD2_PROXY_4 sleep
06-17 14:12:45.549255  1079  1086 I C2K_RILC: processCommandBuffer enqueueProxyList &s_Proxy[proxyId]=-148218568, request=20, proxyId=0
06-17 14:12:45.549270  2544  2544 D SIMRecords: [SIMRecords] getDisplayRule USIM mEfSST is 867f1f1c230e0000400050 set bSpnActive to true (slot 0)
06-17 14:12:45.549280  1040  1058 I RILC-MTK: RIL_CMD2_PROXY_3 wakeup
06-17 14:12:45.549307  1079  1086 I         : enqueueProxyList &pProxyList=-148218568, &s_Proxy[0]=-148218568, &s_Proxy[1]=-148218564
06-17 14:12:45.549311  2544  2544 D SIMRecords: [SIMRecords] getDisplayRule mParentApp is com.android.internal.telephony.uicc.UiccCardApplication@c264bc5 (slot 0)
06-17 14:12:45.549314  1040  1055 I RILC-MTK: RIL_CMD_PROXY_4 wakeup
06-17 14:12:45.549314  1040  1058 D RILC-MTK: proxy id:7, proxyName: RIL_CMD2_PROXY_3
06-17 14:12:45.549350  1079  1086 D         : VOICE_REGISTRATION_STATE dispatched to AT_CHANNEL
06-17 14:12:45.549360  1040  1055 I RILC-MTK: RIL_CMD_PROXY_4 sleep
06-17 14:12:45.549369  1040  1058 D RILC-MTK: VOICE_REGISTRATION_STATE pRI=0x7f9a04cba0 p=0x7f9a05a520 execute on RIL_CMD2_PROXY_3 using channel 7
06-17 14:12:45.549400  1040  1058 D RILC    : callOnRequest for new vendor ril
06-17 14:12:45.549402  2544  2544 D SIMRecords: [SIMRecords] getServiceProviderName: no brandOverride (slot 0)
06-17 14:12:45.549412  1040  1051 I RILC-MTK: RIL_URC_PROXY wakeup
06-17 14:12:45.549439  1040  1058 D RIL     : onRequest: VOICE_REGISTRATION_STATE, datalen = 0
06-17 14:12:45.549445  1040  1051 I RILC-MTK: RIL_URC_PROXY sleep
06-17 14:12:45.549453  2544  2544 D SIMRecords: [SIMRecords] getServiceProviderName: providerName=CMCC (slot 0)
06-17 14:12:45.549463  1079  1085 I         : SIM_CHANNEL wakeup
06-17 14:12:45.549471  1040  1058 D RIL     : radioState:0
06-17 14:12:45.549498  1079  1085 I         : proxy deque done
06-17 14:12:45.549492  1040  1062 I RILC-MTK: RIL_ATCI2_PROXY wakeup
06-17 14:12:45.549506  2544  2544 D SIMRecords: [SIMRecords] EONS getEonsIfExist: plmn is 46000 nLac is 6334 bLongNameRequired: true (slot 0)
06-17 14:12:45.549507  1040  1054 I RILC-MTK: RIL_CMD_PROXY_1 wakeup
06-17 14:12:45.549534  1040  1058 D         : IMS: IMS_isRilRequestFromIms, socket_id = 1 
06-17 14:12:45.549535  1079  1085 I         : SIM_CHANNEL sleep
06-17 14:12:45.549552  2544  2544 D GsmSST  : [GsmSST0] Home PLMN, get CPHS ons
06-17 14:12:45.549539  1040  1062 I RILC-MTK: RIL_ATCI2_PROXY sleep
06-17 14:12:45.549576  1040  1058 D RILC    : RequestComplete, RIL_SOCKET_2
06-17 14:12:45.549585  1079  1084 I         : MISC_CHANNEL wakeup
06-17 14:12:45.549590  2544  2544 D GsmSST  : [GsmSST0] No matched EONS and No CPHS ONS
06-17 14:12:45.549586  1079  1083 I         : DATA_CHANNEL wakeup
06-17 14:12:45.549607  1040  1058 I RILC    : isSvlteSupport: 0
06-17 14:12:45.549627  1079  1084 I         : proxy deque done
06-17 14:12:45.549620  1079  1082 I         : AT_CHANNEL wakeup
06-17 14:12:45.549654  1040  1058 I RILC    : isSrlteSupport: 1
06-17 14:12:45.549662  1079  1084 I         : MISC_CHANNEL sleep
06-17 14:12:45.549664  2544  2544 D GsmSST  : [GsmSST0] updateSpnDisplay mVoiceCapable=true mEmergencyOnly=false mCi.getRadioState().isOn()=true getVoiceRegState()=0 getDataRegState()0
06-17 14:12:45.549684  1093  1097 D RfxMainThread: handle msg begin, mainHandler = 0x7f9713d540
06-17 14:12:45.549706  1040  1058 E RILC    : Send Response to RIL_SOCKET_2
06-17 14:12:45.549730  1040  1053 I RILC-MTK: RIL_CMD_PROXY_2 wakeup
06-17 14:12:45.549747  2544  2544 D GsmSST  : [GsmSST0] origin showSpn:true showPlmn:false rule:1
06-17 14:12:45.549760  1040  1058 D RILC-MTK: proxyLoop free  pRI=0x7f9a04cba0 p=0x7f9a05a520 
06-17 14:12:45.549760  1079  1083 I         : proxy deque done
06-17 14:12:45.549777  1040  1054 I RILC-MTK: RIL_CMD_PROXY_1 sleep
06-17 14:12:45.549793  1079  1083 I         : DATA_CHANNEL sleep
06-17 14:12:45.549803  1040  1058 D RILC-MTK: proxyLoop free  pRequest=0x7f975fc880
06-17 14:12:45.549833  1040  1058 I RILC-MTK: RIL_CMD2_PROXY_3 sleep
06-17 14:12:45.549840  1040  1057 I RILC-MTK: RIL_URC2_PROXY wakeup
06-17 14:12:45.549847  1079  1082 I         : proxy deque done
06-17 14:12:45.549869  1040  1057 I RILC-MTK: RIL_URC2_PROXY sleep
06-17 14:12:45.549887  1079  1082 D         : VOICE_REGISTRATION_STATE execute on AT_CHANNEL using channel 0
06-17 14:12:45.549893  1093  1097 D RfxRootController: processMessage() msg = [type=REQUEST, source=GSM, dest=GSM, pId=DATA_REGISTRATION_STATE(21), pToken=18336, id=DATA_REGISTRATION_STATE(21), token=24445, slotId=1,             error = 0, pTimeStamp =  3379768919, isWrongC2KResponse = 0]
06-17 14:12:45.549909  1040  1053 I RILC-MTK: RIL_CMD_PROXY_2 sleep
06-17 14:12:45.549942  1093  1097 D RfxRootController: processMessage() handler = 0x7f97119380, RpNwStateController
06-17 14:12:45.549943  1079  1082 D C2K_RIL : C2K onRequest: VOICE_REGISTRATION_STATE, sState= 0, smsReadyReported= 1, uimInsertedReported= 1
06-17 14:12:45.549979  1079  1082 D C2K_RILC: RequestComplete, RIL_SOCKET_1
06-17 14:12:45.549991  1093  1097 D RpNwSC[1]:  onHandleReq() SIM1 REQ=REQ_DATA_REG_STATE
06-17 14:12:45.550007  1040  1056 I RILC-MTK: RIL_ATCI_PROXY wakeup
06-17 14:12:45.550039  1040  1056 I RILC-MTK: RIL_ATCI_PROXY sleep
06-17 14:12:45.550058  1093  1100 D RfxMainThread: enqueueMessage(), mainHandler = 0x7f9713d700, msg = [type=RESPONSE, source=GSM, dest=GSM, pId=VOICE_REGISTRATION_STATE(20), pToken=18335, id=VOICE_REGISTRATION_STATE(20), token=24443, slotId=1,             error = 1, pTimeStamp =  3377875073, isWrongC2KResponse = 0]
06-17 14:12:45.550075  1079  1082 I         : proxy deque done
06-17 14:12:45.550090  1040  1059 I RILC-MTK: RIL_CMD2_PROXY_2 wakeup
06-17 14:12:45.550102  1079  1082 I         : AT_CHANNEL sleep
06-17 14:12:45.550099  1093  1097 D RfxRilAdapter: isRequestQueueEmpty slotId=1, group=0, ret=t
06-17 14:12:45.550115  1040  1059 I RILC-MTK: RIL_CMD2_PROXY_2 sleep
06-17 14:12:45.550136  1093  1100 D RfxMainThread: enqueueMessage(), mainHandler = 0x7f9713d740, msg = [type=RESPONSE, source=C2K, dest=GSM, pId=VOICE_REGISTRATION_STATE(20), pToken=18335, id=VOICE_REGISTRATION_STATE(20), token=24446, slotId=1,             error = 1, pTimeStamp =  3377875073, isWrongC2KResponse = 0]
06-17 14:12:45.550143  1093  1097 D RfxDispatchThread: addMessageToPendingQueue pRequest = 21, pToken = 18336, token = 24445
06-17 14:12:45.550148  1040  1060 I RILC-MTK: RIL_CMD2_PROXY_1 wakeup
06-17 14:12:45.550153  1040  1052 I RILC-MTK: RIL_CMD_PROXY_3 wakeup
06-17 14:12:45.550179  1040  1060 I RILC-MTK: RIL_CMD2_PROXY_1 sleep
06-17 14:12:45.550225  1093  1097 D RfxRilAdapter: requestToRild send request done (slotId=1, dest=0, reqId=21, true, dataSize=8, 12)
06-17 14:12:45.550257  1093  1097 D RfxRilAdapter: isRequestQueueEmpty slotId=1, group=1, ret=t
06-17 14:12:45.550275  1040  1052 I RILC-MTK: RIL_CMD_PROXY_3 sleep
06-17 14:12:45.550289  1093  1097 D RfxDispatchThread: addMessageToPendingQueue pRequest = 21, pToken = 18336, token = 24447
06-17 14:12:45.550296  1040  1063 D RILC    : SOCKET RIL_SOCKET_2 REQUEST: DATA_REGISTRATION_STATE length:8
06-17 14:12:45.550344  1040  1063 I RILC-MTK: create request 21: pRequest=0x7f975fc000, pRI=0x7f9a04c4e0, p=0x7f9a05aa60, pUCI=0x0
06-17 14:12:45.550345  2544  2544 D GsmSST  : [GsmSST0] updateAllOpertorInfo with realPlmn:中国移动
06-17 14:12:45.550361  1093  1097 D RfxRilAdapter: requestToRild send request done (slotId=1, dest=1, reqId=21, true, dataSize=8, 12)
06-17 14:12:45.550371  1040  1063 D RILC-MTK: DATA_REGISTRATION_STATE pRI=0x7f9a04c4e0 p=0x7f9a05aa60 dispatched to RIL_CMD2_PROXY_3
06-17 14:12:45.550445  1079  1086 W C2K_RILC: token = 24447, request = 21
06-17 14:12:45.550482  1079  1086 D C2K_RILC: SOCKET RIL_SOCKET_1 REQUEST: DATA_REGISTRATION_STATE length:8
06-17 14:12:45.550533  1040  1059 I RILC-MTK: RIL_CMD2_PROXY_2 wakeup
06-17 14:12:45.550537  1040  1055 I RILC-MTK: RIL_CMD_PROXY_4 wakeup
06-17 14:12:45.550545  1040  1056 I RILC-MTK: RIL_ATCI_PROXY wakeup
06-17 14:12:45.550547  1079  1086 I C2K_RILC: processCommandBuffer enqueueProxyList &s_Proxy[proxyId]=-148218568, request=21, proxyId=0
06-17 14:12:45.550565  1040  1057 I RILC-MTK: RIL_URC2_PROXY wakeup
06-17 14:12:45.550570  1040  1059 I RILC-MTK: RIL_CMD2_PROXY_2 sleep
06-17 14:12:45.550457  1093  1097 D RfxMainThread: handle msg begin, mainHandler = 0x7f9713d5a0
06-17 14:12:45.550605  1040  1061 I RILC-MTK: RIL_CMD2_PROXY_4 wakeup
06-17 14:12:45.550607  1079  1086 I         : enqueueProxyList &pProxyList=-148218568, &s_Proxy[0]=-148218568, &s_Proxy[1]=-148218564
06-17 14:12:45.550635  1040  1061 I RILC-MTK: RIL_CMD2_PROXY_4 sleep
06-17 14:12:45.550636  1040  1053 I RILC-MTK: RIL_CMD_PROXY_2 wakeup
06-17 14:12:45.550639  1079  1086 D         : DATA_REGISTRATION_STATE dispatched to AT_CHANNEL
06-17 14:12:45.550651  1040  1062 I RILC-MTK: RIL_ATCI2_PROXY wakeup
06-17 14:12:45.550679  1040  1053 I RILC-MTK: RIL_CMD_PROXY_2 sleep
06-17 14:12:45.550716  1093  1097 D RfxRootController: processMessage() msg = [type=RESPONSE, source=GSM, dest=GSM, pId=OPERATOR(22), pToken=18334, id=OPERATOR(22), token=24442, slotId=1,             error = 1, pTimeStamp =  3377566227, isWrongC2KResponse = 0]
06-17 14:12:45.550778  1093  1097 D RfxRootController: processMessage() handler = 0x7f97119380, RpNwStateController
06-17 14:12:45.550778  1079  1085 I         : SIM_CHANNEL wakeup
06-17 14:12:45.550887  1093  1097 D RpNwSC[1]:  onHandleResponse() SIM1 req=REQ_OPERATOR src=GSM
06-17 14:12:45.550896  1040  1060 I RILC-MTK: RIL_CMD2_PROXY_1 wakeup
06-17 14:12:45.550903  1079  1085 I         : proxy deque done
06-17 14:12:45.550931  1040  1057 I RILC-MTK: RIL_URC2_PROXY sleep
06-17 14:12:45.550952  1079  1085 I         : SIM_CHANNEL sleep
06-17 14:12:45.550788  1079  1084 I         : MISC_CHANNEL wakeup
06-17 14:12:45.550996  1079  1084 I         : proxy deque done
06-17 14:12:45.550990  1040  1058 I RILC-MTK: RIL_CMD2_PROXY_3 wakeup
06-17 14:12:45.551026  1079  1084 I         : MISC_CHANNEL sleep
06-17 14:12:45.551034  1040  1058 D RILC-MTK: proxy id:7, proxyName: RIL_CMD2_PROXY_3
06-17 14:12:45.550792  1040  1052 I RILC-MTK: RIL_CMD_PROXY_3 wakeup
06-17 14:12:45.551065  1040  1052 I RILC-MTK: RIL_CMD_PROXY_3 sleep
06-17 14:12:45.551071  1040  1058 D RILC-MTK: DATA_REGISTRATION_STATE pRI=0x7f9a04c4e0 p=0x7f9a05aa60 execute on RIL_CMD2_PROXY_3 using channel 7
06-17 14:12:45.551086  1079  1082 I         : AT_CHANNEL wakeup
06-17 14:12:45.551108  1079  1082 I         : proxy deque done
06-17 14:12:45.551105  1040  1058 D RILC    : callOnRequest for new vendor ril
06-17 14:12:45.551142  1079  1082 D         : DATA_REGISTRATION_STATE execute on AT_CHANNEL using channel 0
06-17 14:12:45.551149  1040  1058 D RIL     : onRequest: DATA_REGISTRATION_STATE, datalen = 0
06-17 14:12:45.551175  1079  1082 D C2K_RIL : C2K onRequest: DATA_REGISTRATION_STATE, sState= 0, smsReadyReported= 1, uimInsertedReported= 1
06-17 14:12:45.551176  1040  1058 D RIL     : radioState:0
06-17 14:12:45.551210  1079  1082 D C2K_RILC: RequestComplete, RIL_SOCKET_1
06-17 14:12:45.551245  1040  1058 D         : IMS: IMS_isRilRequestFromIms, socket_id = 1 
06-17 14:12:45.551259  1093  1097 D RfxController: 0x7f97119380, RpNwStateController, store the response (token:24442)
06-17 14:12:45.551274  1040  1058 D RILC    : RequestComplete, RIL_SOCKET_2
06-17 14:12:45.551294  1079  1082 I         : proxy deque done
06-17 14:12:45.551304  1093  1097 D RfxTimer: start(), timer = 0x7f97076140
06-17 14:12:45.551304  1040  1058 I RILC    : isSvlteSupport: 0
06-17 14:12:45.551314  1079  1082 I         : AT_CHANNEL sleep
06-17 14:12:45.551321  2544  2544 D GsmSST  : [GsmSST0] old:0 ,mPsRegState:0,new:0
06-17 14:12:45.551342  1040  1058 I RILC    : isSrlteSupport: 1
06-17 14:12:45.551358  1093  1097 D RpNwSC[1]:  Response saved
06-17 14:12:45.551389  1040  1058 E RILC    : Send Response to RIL_SOCKET_2
06-17 14:12:45.551417  1093  1097 D RfxMainThread: handle msg begin, mainHandler = 0x7f9713d6c0
06-17 14:12:45.551458  1040  1058 D RILC-MTK: proxyLoop free  pRI=0x7f9a04c4e0 p=0x7f9a05aa60 
06-17 14:12:45.551487  2544  2544 D GsmSST  : [GsmSST0] getCellLocation(): X good mCellLoc=[6334,26399541,-1]
06-17 14:12:45.551492  1040  1058 D RILC-MTK: proxyLoop free  pRequest=0x7f975fc000
06-17 14:12:45.551509  1093  1097 D RfxRootController: processMessage() msg = [type=RESPONSE, source=C2K, dest=GSM, pId=OPERATOR(22), pToken=18334, id=OPERATOR(22), token=24444, slotId=1,             error = 0, pTimeStamp =  3377566227, isWrongC2KResponse = 0]
06-17 14:12:45.551529  1040  1058 I RILC-MTK: RIL_CMD2_PROXY_3 sleep
06-17 14:12:45.551547  1093  1097 D RfxRootController: processMessage() handler = 0x7f97119380, RpNwStateController
06-17 14:12:45.551569  1093  1100 D RfxMainThread: enqueueMessage(), mainHandler = 0x7f9713d7c0, msg = [type=RESPONSE, source=C2K, dest=GSM, pId=DATA_REGISTRATION_STATE(21), pToken=18336, id=DATA_REGISTRATION_STATE(21), token=24447, slotId=1,             error = 1, pTimeStamp =  3379768766, isWrongC2KResponse = 0]
06-17 14:12:45.551569  1040  1055 I RILC-MTK: RIL_CMD_PROXY_4 sleep
06-17 14:12:45.551587  1093  1097 D RpNwSC[1]:  onHandleResponse() SIM1 req=REQ_OPERATOR src=C2K
06-17 14:12:45.551623  1093  1097 D RfxTimer: stop(), timer = 0x7f97076140
06-17 14:12:45.551638  1040  1062 I RILC-MTK: RIL_ATCI2_PROXY sleep
06-17 14:12:45.550803  1079  1083 I         : DATA_CHANNEL wakeup
06-17 14:12:45.552026  1079  1083 I         : proxy deque done
06-17 14:12:45.552057  1079  1083 I         : DATA_CHANNEL sleep
06-17 14:12:45.551665  1093  1097 D RfxController: 0x7f97119380, RpNwStateController, Have fond reponse: pToken=18334, pID=22, token=24442
06-17 14:12:45.552159  1093  1097 D RfxController: setProcessedMsg 0x7f97119380, RpNwStateController, id: 22, pTimeStamp: 3377566227
06-17 14:12:45.551729  1040  1056 I RILC-MTK: RIL_ATCI_PROXY sleep
06-17 14:12:45.552295  1040  1060 I RILC-MTK: RIL_CMD2_PROXY_1 sleep
06-17 14:12:45.552354  1040  1054 I RILC-MTK: RIL_CMD_PROXY_1 wakeup
06-17 14:12:45.552208  1093  1097 D RpNwSC[1]:  Response matched
06-17 14:12:45.551658  1093  1100 D RfxMainThread: enqueueMessage(), mainHandler = 0x7f9713d800, msg = [type=RESPONSE, source=GSM, dest=GSM, pId=DATA_REGISTRATION_STATE(21), pToken=18336, id=DATA_REGISTRATION_STATE(21), token=24445, slotId=1,             error = 1, pTimeStamp =  3379768766, isWrongC2KResponse = 0]
06-17 14:12:45.552381  1040  1054 I RILC-MTK: RIL_CMD_PROXY_1 sleep
06-17 14:12:45.551723  1040  1051 I RILC-MTK: RIL_URC_PROXY wakeup
06-17 14:12:45.552556  1093  1097 D RpNwSC[1]:  GSM optr response error
06-17 14:12:45.552708  1040  1051 I RILC-MTK: RIL_URC_PROXY sleep
06-17 14:12:45.552851  1114  2624 D TelephonyRegistry: notifyCellLocationForSubscriber: subId=2 cellLocation=Bundle[mParcelledData.dataSize=88]
06-17 14:12:45.552967  1114  2624 D TelephonyRegistry: notifyCellLocationForSubscriber: subId=2 cellLocation=Bundle[mParcelledData.dataSize=88]
06-17 14:12:45.552776  1093  1097 D RpNwSC[1]:  updateOperatorCache(): src=C2K, stgCount=3
06-17 14:12:45.553098  1093  1097 D RpNwSC[1]:  OptrCache: ,,
06-17 14:12:45.553136  1093  1097 D RpNwSC[1]:  C2K optr response ok
06-17 14:12:45.553191  1093  1097 D RpNwSC[1]:  [getDeviceMode] mode=0
06-17 14:12:45.553225  1093  1097 D RpNwSC[1]:  combineOperatorState(): count=0
06-17 14:12:45.553325  1093  1097 D RfxRilAdapter: responseToRilj send Response done (slotId=1, pToken=18334, pId=22, dataSize=16)
06-17 14:12:45.553398  1093  1097 D RfxMainThread: handle msg begin, mainHandler = 0x7f9713d700
06-17 14:12:45.553466  2544  2758 D RILJ    : [1982]< OPERATOR {} [SUB1]
06-17 14:12:45.553491  1093  1097 D RfxRootController: processMessage() msg = [type=RESPONSE, source=GSM, dest=GSM, pId=VOICE_REGISTRATION_STATE(20), pToken=18335, id=VOICE_REGISTRATION_STATE(20), token=24443, slotId=1,             error = 1, pTimeStamp =  3377875073, isWrongC2KResponse = 0]
06-17 14:12:45.553528  1093  1097 D RfxRootController: processMessage() handler = 0x7f97119380, RpNwStateController
06-17 14:12:45.553569  1093  1097 D RpNwSC[1]:  onHandleResponse() SIM1 req=REQ_VOICE_REG_STATE src=GSM
06-17 14:12:45.553613  1093  1097 D RfxController: 0x7f97119380, RpNwStateController, store the response (token:24443)
06-17 14:12:45.553648  1093  1097 D RfxTimer: start(), timer = 0x7f97076140
06-17 14:12:45.553687  1093  1097 D RpNwSC[1]:  Response saved
06-17 14:12:45.553732  1093  1097 D RfxMainThread: handle msg begin, mainHandler = 0x7f9713d740
06-17 14:12:45.553818  1093  1097 D RfxRootController: processMessage() msg = [type=RESPONSE, source=C2K, dest=GSM, pId=VOICE_REGISTRATION_STATE(20), pToken=18335, id=VOICE_REGISTRATION_STATE(20), token=24446, slotId=1,             error = 1, pTimeStamp =  3377875073, isWrongC2KResponse = 0]
06-17 14:12:45.553850  1093  1097 D RfxRootController: processMessage() handler = 0x7f97119380, RpNwStateController
06-17 14:12:45.553888  1093  1097 D RpNwSC[1]:  onHandleResponse() SIM1 req=REQ_VOICE_REG_STATE src=C2K
06-17 14:12:45.553922  1093  1097 D RfxTimer: stop(), timer = 0x7f97076140
06-17 14:12:45.553965  1093  1097 D RfxController: 0x7f97119380, RpNwStateController, Have fond reponse: pToken=18335, pID=20, token=24443
06-17 14:12:45.554078  1114  2624 D TelephonyRegistry: validatePhoneId: true
06-17 14:12:45.554085  1093  1097 D RfxController: setProcessedMsg 0x7f97119380, RpNwStateController, id: 20, pTimeStamp: 3377875073
06-17 14:12:45.554137  1093  1097 D RpNwSC[1]:  Response matched
06-17 14:12:45.554174  1093  1097 D RpNwSC[1]:  GSM voice response error
06-17 14:12:45.554198  1114  2624 D TelephonyRegistry: validateEventsAndUserLocked: valid=false r.callerUserId=0 foregroundUser=0 r.events=8192 events=16
06-17 14:12:45.554205  1093  1097 D RpNwSC[1]:  C2K voice response error
06-17 14:12:45.554262  1114  2624 D TelephonyRegistry: validateEventsAndUserLocked: valid=false r.callerUserId=0 foregroundUser=0 r.events=449 events=16
06-17 14:12:45.554299  1093  1097 D RfxRilAdapter: responseToRilj send Response done (slotId=1, pToken=18335, pId=20, dataSize=12)
06-17 14:12:45.554310  1114  2624 D TelephonyRegistry: validateEventsAndUserLocked: valid=false r.callerUserId=0 foregroundUser=0 r.events=32 events=16
06-17 14:12:45.554355  1114  2624 D TelephonyRegistry: validateEventsAndUserLocked: valid=false r.callerUserId=0 foregroundUser=0 r.events=32 events=16
06-17 14:12:45.554365  1093  1097 D RfxMainThread: handle msg begin, mainHandler = 0x7f9713d7c0
06-17 14:12:45.554403  1114  2624 D TelephonyRegistry: validateEventsAndUserLocked: valid=false r.callerUserId=0 foregroundUser=0 r.events=0 events=16
06-17 14:12:45.554455  1093  1097 D RfxRootController: processMessage() msg = [type=RESPONSE, source=C2K, dest=GSM, pId=DATA_REGISTRATION_STATE(21), pToken=18336, id=DATA_REGISTRATION_STATE(21), token=24447, slotId=1,             error = 1, pTimeStamp =  3379768766, isWrongC2KResponse = 0]
06-17 14:12:45.554459  1114  2624 D TelephonyRegistry: validateEventsAndUserLocked: valid=false r.callerUserId=0 foregroundUser=0 r.events=64 events=16
06-17 14:12:45.554494  1093  1097 D RfxRootController: processMessage() handler = 0x7f97119380, RpNwStateController
06-17 14:12:45.554508  1114  2624 D TelephonyRegistry: validateEventsAndUserLocked: valid=false r.callerUserId=0 foregroundUser=0 r.events=0 events=16
06-17 14:12:45.554531  1093  1097 D RpNwSC[1]:  onHandleResponse() SIM1 req=REQ_DATA_REG_STATE src=C2K
06-17 14:12:45.554556  1114  2624 D TelephonyRegistry: validateEventsAndUserLocked: valid=false r.callerUserId=0 foregroundUser=0 r.events=32 events=16
06-17 14:12:45.554575  1093  1097 D RfxController: 0x7f97119380, RpNwStateController, store the response (token:24447)
06-17 14:12:45.554606  1093  1097 D RfxTimer: start(), timer = 0x7f97076140
06-17 14:12:45.554604  1114  2624 D TelephonyRegistry: validateEventsAndUserLocked: valid=false r.callerUserId=0 foregroundUser=0 r.events=0 events=16
06-17 14:12:45.554644  1093  1097 D RpNwSC[1]:  Response saved
06-17 14:12:45.554656  1114  2624 D TelephonyRegistry: validateEventsAndUserLocked: valid=true r.callerUserId=0 foregroundUser=0 r.events=272 events=16
06-17 14:12:45.554682  1093  1097 D RfxMainThread: handle msg begin, mainHandler = 0x7f9713d800
06-17 14:12:45.554698  1114  2624 D TelephonyRegistry: idMatch: rlt=true
06-17 14:12:45.554766  1093  1097 D RfxRootController: processMessage() msg = [type=RESPONSE, source=GSM, dest=GSM, pId=DATA_REGISTRATION_STATE(21), pToken=18336, id=DATA_REGISTRATION_STATE(21), token=24445, slotId=1,             error = 1, pTimeStamp =  3379768766, isWrongC2KResponse = 0]
06-17 14:12:45.554799  1093  1097 D RfxRootController: processMessage() handler = 0x7f97119380, RpNwStateController
06-17 14:12:45.554835  1093  1097 D RpNwSC[1]:  onHandleResponse() SIM1 req=REQ_DATA_REG_STATE src=GSM
06-17 14:12:45.554864  1093  1097 D RfxTimer: stop(), timer = 0x7f97076140
06-17 14:12:45.554870  1114  2624 D TelephonyRegistry: validateEventsAndUserLocked: valid=false r.callerUserId=0 foregroundUser=0 r.events=0 events=16
06-17 14:12:45.554904  1093  1097 D RfxController: 0x7f97119380, RpNwStateController, Have fond reponse: pToken=18336, pID=21, token=24447
06-17 14:12:45.554928  1114  2624 D TelephonyRegistry: validateEventsAndUserLocked: valid=false r.callerUserId=0 foregroundUser=0 r.events=0 events=16
06-17 14:12:45.554938  1093  1097 D RfxController: setProcessedMsg 0x7f97119380, RpNwStateController, id: 21, pTimeStamp: 3379768766
06-17 14:12:45.554969  1093  1097 D RpNwSC[1]:  Response matched
06-17 14:12:45.554980  1114  2624 D TelephonyRegistry: validateEventsAndUserLocked: valid=false r.callerUserId=0 foregroundUser=0 r.events=0 events=16
06-17 14:12:45.555002  1093  1097 D RpNwSC[1]:  GSM data response error
06-17 14:12:45.555032  1093  1097 D RpNwSC[1]:  C2K data response error
06-17 14:12:45.555032  1114  2624 D TelephonyRegistry: validateEventsAndUserLocked: valid=false r.callerUserId=0 foregroundUser=0 r.events=0 events=16
06-17 14:12:45.555086  1114  2624 D TelephonyRegistry: validateEventsAndUserLocked: valid=false r.callerUserId=0 foregroundUser=0 r.events=32 events=16
06-17 14:12:45.555108  1093  1097 D RfxRilAdapter: responseToRilj send Response done (slotId=1, pToken=18336, pId=21, dataSize=12)
06-17 14:12:45.555131  1114  2624 D TelephonyRegistry: validateEventsAndUserLocked: valid=false r.callerUserId=0 foregroundUser=0 r.events=0 events=16
06-17 14:12:45.555178  1114  2624 D TelephonyRegistry: validateEventsAndUserLocked: valid=false r.callerUserId=0 foregroundUser=0 r.events=512 events=16
06-17 14:12:45.555232  1114  2624 D TelephonyRegistry: validateEventsAndUserLocked: valid=false r.callerUserId=0 foregroundUser=0 r.events=32 events=16
