----- timezone:GMT
06-17 14:12:45.406967  2544  2758 V RILJ    : [UNSL]< UNSOL_RESPONSE_VOICE_NETWORK_STATE_CHANGED {} [SUB1]
06-17 14:12:45.407003  1093  1097 D RfxTimer: stop(), timer = 0x7f97076200
06-17 14:12:45.407051  1093  1097 D RfxController: 0x7f97535b40, RpCdmaOemController, Have fond reponse: pToken=18316, pID=61, token=24414
06-17 14:12:45.407087  1093  1097 D RfxController: setProcessedMsg 0x7f97535b40, RpCdmaOemController, id: 61, pTimeStamp: 3135822996
06-17 14:12:45.407115  1093  1094 E RILC    : [RilProxy] token = 18323, request = 22
06-17 14:12:45.407126  1093  1097 D RpCdmaOemController: [handleScreenStateRsp]Response matched
06-17 14:12:45.407155  1093  1094 D RIL     : [RilProxy] onRequest: OPERATOR, datalen = 0, radioState:0, socket_id: 1
06-17 14:12:45.407184  1093  1094 D RIL     : [RilProxy] onRequest: request = 22, slotId = 1
06-17 14:12:45.407203  1093  1097 D RfxRilAdapter: responseToRilj send Response done (slotId=1, pToken=18316, pId=61, dataSize=12)
06-17 14:12:45.407262  1093  1097 D RfxMainThread: handle msg begin, mainHandler = 0x7f9713d5c0
06-17 14:12:45.407275  2544  2758 D RILJ    : [1964]< SCREEN_STATE  [SUB1]
06-17 14:12:45.407370  1093  1097 D RfxRootController: processMessage() msg = [type=RESPONSE, source=GSM, dest=GSM, pId=IMS_REGISTRATION_STATE(112), pToken=18321, id=IMS_REGISTRATION_STATE(112), token=24420, slotId=0,             error = 0, pTimeStamp =  3208378612, isWrongC2KResponse = 0]
06-17 14:12:45.407406  1093  1097 D RfxRootController: processMessage() handler = NULL ==> response/urc
06-17 14:12:45.407406  1093  1099 D RfxMainThread: enqueueMessage(), mainHandler = 0x7f9713d3e0, msg = [type=REQUEST, source=GSM, dest=GSM, pId=OPERATOR(22), pToken=18323, id=OPERATOR(22), token=24422, slotId=1,             error = 0, pTimeStamp =  3239336766, isWrongC2KResponse = 0]
06-17 14:12:45.407489  1093  1097 D RfxRilAdapter: responseToRilj send Response done (slotId=0, pToken=18321, pId=112, dataSize=24)
06-17 14:12:45.407536  1093  1097 D RfxMainThread: handle msg begin, mainHandler = 0x7f9713d3e0
06-17 14:12:45.407559  2544  2756 D RILJ    : responseInts numInts=2 [SUB0]
06-17 14:12:45.407604  2544  2756 D RILJ    : responseInts response[0]=0 [SUB0]
06-17 14:12:45.407627  1093  1097 D RfxRootController: processMessage() msg = [type=REQUEST, source=GSM, dest=GSM, pId=OPERATOR(22), pToken=18323, id=OPERATOR(22), token=24422, slotId=1,             error = 0, pTimeStamp =  3239336766, isWrongC2KResponse = 0]
06-17 14:12:45.407640  2544  2756 D RILJ    : responseInts response[1]=1 [SUB0]
06-17 14:12:45.407663  1093  1097 D RfxRootController: processMessage() handler = 0x7f97119380, RpNwStateController
06-17 14:12:45.407701  1093  1097 D RpNwSC[1]:  onHandleReq() SIM1 REQ=REQ_OPERATOR
06-17 14:12:45.407709  2544  2756 D RILJ    : [1969]< RIL_REQUEST_IMS_REGISTRATION_STATE {0, 1} [SUB0]
06-17 14:12:45.407747  1093  1097 D RfxRilAdapter: isRequestQueueEmpty slotId=1, group=0, ret=t
06-17 14:12:45.407782  1093  1097 D RfxDispatchThread: addMessageToPendingQueue pRequest = 22, pToken = 18323, token = 24422
06-17 14:12:45.407856  1093  1097 D RfxRilAdapter: requestToRild send request done (slotId=1, dest=0, reqId=22, true, dataSize=8, 12)
06-17 14:12:45.407888  1093  1097 D RfxRilAdapter: isRequestQueueEmpty slotId=1, group=1, ret=t
06-17 14:12:45.407922  1093  1097 D RfxDispatchThread: addMessageToPendingQueue pRequest = 22, pToken = 18323, token = 24423
06-17 14:12:45.407944  2544  2544 D RILJ    : [1973]> DATA_REGISTRATION_STATE [SUB1]
06-17 14:12:45.407989  1093  1097 D RfxRilAdapter: requestToRild send request done (slotId=1, dest=1, reqId=22, true, dataSize=8, 12)
06-17 14:12:45.408207  1040  1063 D RILC    : SOCKET RIL_SOCKET_2 REQUEST: OPERATOR length:8
06-17 14:12:45.408260  1040  1063 I RILC-MTK: create request 22: pRequest=0x7f975fc9c0, pRI=0x7f9a04cba0, p=0x7f9a05a520, pUCI=0x0
06-17 14:12:45.408294  1040  1063 D RILC-MTK: OPERATOR pRI=0x7f9a04cba0 p=0x7f9a05a520 dispatched to RIL_CMD2_PROXY_3
06-17 14:12:45.408409  1079  1086 W C2K_RILC: token = 24423, request = 22
06-17 14:12:45.408456  1079  1086 D C2K_RILC: SOCKET RIL_SOCKET_1 REQUEST: OPERATOR length:8
06-17 14:12:45.408559  1079  1086 I C2K_RILC: processCommandBuffer enqueueProxyList &s_Proxy[proxyId]=-148218568, request=22, proxyId=0
06-17 14:12:45.408611  1079  1086 I         : enqueueProxyList &pProxyList=-148218568, &s_Proxy[0]=-148218568, &s_Proxy[1]=-148218564
06-17 14:12:45.408638  1079  1086 D         : OPERATOR dispatched to AT_CHANNEL
06-17 14:12:45.408783  1040  1056 I RILC-MTK: RIL_ATCI_PROXY wakeup
06-17 14:12:45.408817  1040  1056 I RILC-MTK: RIL_ATCI_PROXY sleep
06-17 14:12:45.408862  1040  1054 I RILC-MTK: RIL_CMD_PROXY_1 wakeup
06-17 14:12:45.408885  1040  1054 I RILC-MTK: RIL_CMD_PROXY_1 sleep
06-17 14:12:45.408923  1040  1059 I RILC-MTK: RIL_CMD2_PROXY_2 wakeup
06-17 14:12:45.408946  1040  1059 I RILC-MTK: RIL_CMD2_PROXY_2 sleep
06-17 14:12:45.408996  1040  1053 I RILC-MTK: RIL_CMD_PROXY_2 wakeup
06-17 14:12:45.409019  1040  1053 I RILC-MTK: RIL_CMD_PROXY_2 sleep
06-17 14:12:45.409055  1040  1055 I RILC-MTK: RIL_CMD_PROXY_4 wakeup
06-17 14:12:45.409078  1040  1055 I RILC-MTK: RIL_CMD_PROXY_4 sleep
06-17 14:12:45.409115  1040  1060 I RILC-MTK: RIL_CMD2_PROXY_1 wakeup
06-17 14:12:45.409125  1040  1061 I RILC-MTK: RIL_CMD2_PROXY_4 wakeup
06-17 14:12:45.409142  1040  1060 I RILC-MTK: RIL_CMD2_PROXY_1 sleep
06-17 14:12:45.409192  1040  1062 I RILC-MTK: RIL_ATCI2_PROXY wakeup
06-17 14:12:45.409216  1040  1062 I RILC-MTK: RIL_ATCI2_PROXY sleep
06-17 14:12:45.409262  1040  1057 I RILC-MTK: RIL_URC2_PROXY wakeup
06-17 14:12:45.409286  1040  1057 I RILC-MTK: RIL_URC2_PROXY sleep
06-17 14:12:45.409315  1093  1094 E RILC    : [RilProxy] token = 18324, request = 20
06-17 14:12:45.409324  1040  1051 I RILC-MTK: RIL_URC_PROXY wakeup
06-17 14:12:45.409348  1040  1051 I RILC-MTK: RIL_URC_PROXY sleep
06-17 14:12:45.409364  1093  1094 D RIL     : [RilProxy] onRequest: VOICE_REGISTRATION_STATE, datalen = 0, radioState:0, socket_id: 1
06-17 14:12:45.409384  1040  1058 I RILC-MTK: RIL_CMD2_PROXY_3 wakeup
06-17 14:12:45.409393  1093  1094 D RIL     : [RilProxy] onRequest: request = 20, slotId = 1
06-17 14:12:45.409416  1040  1058 D RILC-MTK: proxy id:7, proxyName: RIL_CMD2_PROXY_3
06-17 14:12:45.409449  1040  1058 D RILC-MTK: OPERATOR pRI=0x7f9a04cba0 p=0x7f9a05a520 execute on RIL_CMD2_PROXY_3 using channel 7
06-17 14:12:45.409479  1040  1058 D RILC    : callOnRequest for new vendor ril
06-17 14:12:45.409494  1040  1061 I RILC-MTK: RIL_CMD2_PROXY_4 sleep
06-17 14:12:45.409508  1040  1058 D RIL     : onRequest: OPERATOR, datalen = 0
06-17 14:12:45.409531  1040  1058 D RIL     : radioState:0
06-17 14:12:45.409578  1079  1082 I         : AT_CHANNEL wakeup
06-17 14:12:45.409589  1040  1058 D         : IMS: IMS_isRilRequestFromIms, socket_id = 1 
06-17 14:12:45.409619  1079  1082 I         : proxy deque done
06-17 14:12:45.409618  1040  1058 D RILC    : RequestComplete, RIL_SOCKET_2
06-17 14:12:45.409656  1040  1058 I RILC    : isSvlteSupport: 0
06-17 14:12:45.409656  1079  1082 D         : OPERATOR execute on AT_CHANNEL using channel 0
06-17 14:12:45.409688  1040  1058 I RILC    : isSrlteSupport: 1
06-17 14:12:45.409708  1079  1082 D C2K_RIL : C2K onRequest: OPERATOR, sState= 0, smsReadyReported= 1, uimInsertedReported= 1
06-17 14:12:45.409728  1040  1058 E RILC    : Send Response to RIL_SOCKET_2
06-17 14:12:45.409745  1079  1082 D C2K_RIL : requestOperator: uimInsertedStatus is 0, sState is 0
06-17 14:12:45.409789  1079  1082 D C2K_RILC: RequestComplete, RIL_SOCKET_1
06-17 14:12:45.409797  1040  1058 D RILC-MTK: proxyLoop free  pRI=0x7f9a04cba0 p=0x7f9a05a520 
06-17 14:12:45.409834  1040  1058 D RILC-MTK: proxyLoop free  pRequest=0x7f975fc9c0
06-17 14:12:45.409857  1040  1058 I RILC-MTK: RIL_CMD2_PROXY_3 sleep
06-17 14:12:45.409879  1079  1082 I         : proxy deque done
06-17 14:12:45.409907  1079  1082 I         : AT_CHANNEL sleep
06-17 14:12:45.410034  1093  1099 D RfxMainThread: enqueueMessage(), mainHandler = 0x7f9713d5a0, msg = [type=REQUEST, source=GSM, dest=GSM, pId=VOICE_REGISTRATION_STATE(20), pToken=18324, id=VOICE_REGISTRATION_STATE(20), token=24424, slotId=1,             error = 0, pTimeStamp =  3241558612, isWrongC2KResponse = 0]
06-17 14:12:45.410131  1093  1097 D RfxMainThread: handle msg begin, mainHandler = 0x7f9713d5a0
06-17 14:12:45.410228  1093  1097 D RfxRootController: processMessage() msg = [type=REQUEST, source=GSM, dest=GSM, pId=VOICE_REGISTRATION_STATE(20), pToken=18324, id=VOICE_REGISTRATION_STATE(20), token=24424, slotId=1,             error = 0, pTimeStamp =  3241558612, isWrongC2KResponse = 0]
06-17 14:12:45.410266  1093  1097 D RfxRootController: processMessage() handler = 0x7f97119380, RpNwStateController
06-17 14:12:45.410306  1093  1097 D RpNwSC[1]:  onHandleReq() SIM1 REQ=REQ_VOICE_REG_STATE
06-17 14:12:45.410320  1093  1100 D RfxMainThread: enqueueMessage(), mainHandler = 0x7f9713d700, msg = [type=RESPONSE, source=C2K, dest=GSM, pId=OPERATOR(22), pToken=18323, id=OPERATOR(22), token=24423, slotId=1,             error = 0, pTimeStamp =  3239336535, isWrongC2KResponse = 0]
06-17 14:12:45.410353  1093  1097 D RfxRilAdapter: isRequestQueueEmpty slotId=1, group=0, ret=t
06-17 14:12:45.410387  1093  1097 D RfxDispatchThread: addMessageToPendingQueue pRequest = 20, pToken = 18324, token = 24424
06-17 14:12:45.410442  1079  1083 I         : DATA_CHANNEL wakeup
06-17 14:12:45.410457  1093  1097 D RfxRilAdapter: requestToRild send request done (slotId=1, dest=0, reqId=20, true, dataSize=8, 12)
06-17 14:12:45.410473  1079  1083 I         : proxy deque done
06-17 14:12:45.410488  1093  1097 D RfxRilAdapter: isRequestQueueEmpty slotId=1, group=1, ret=t
06-17 14:12:45.410496  1079  1083 I         : DATA_CHANNEL sleep
06-17 14:12:45.410521  1093  1097 D RfxDispatchThread: addMessageToPendingQueue pRequest = 20, pToken = 18324, token = 24425
06-17 14:12:45.410545  1079  1085 I         : SIM_CHANNEL wakeup
06-17 14:12:45.410571  1079  1085 I         : proxy deque done
06-17 14:12:45.410581  1093  1097 D RfxRilAdapter: requestToRild send request done (slotId=1, dest=1, reqId=20, true, dataSize=8, 12)
06-17 14:12:45.410595  1079  1085 I         : SIM_CHANNEL sleep
06-17 14:12:45.410626  1093  1097 D RfxMainThread: handle msg begin, mainHandler = 0x7f9713d700
06-17 14:12:45.410632  1079  1084 I         : MISC_CHANNEL wakeup
06-17 14:12:45.410662  1079  1084 I         : proxy deque done
06-17 14:12:45.410684  1079  1084 I         : MISC_CHANNEL sleep
06-17 14:12:45.410711  1093  1097 D RfxRootController: processMessage() msg = [type=RESPONSE, source=C2K, dest=GSM, pId=OPERATOR(22), pToken=18323, id=OPERATOR(22), token=24423, slotId=1,             error = 0, pTimeStamp =  3239336535, isWrongC2KResponse = 0]
06-17 14:12:45.410745  1093  1097 D RfxRootController: processMessage() handler = 0x7f97119380, RpNwStateController
06-17 14:12:45.410783  1093  1097 D RpNwSC[1]:  onHandleResponse() SIM1 req=REQ_OPERATOR src=C2K
06-17 14:12:45.410789  1093  1100 D RfxMainThread: enqueueMessage(), mainHandler = 0x7f9713d500, msg = [type=RESPONSE, source=GSM, dest=GSM, pId=OPERATOR(22), pToken=18323, id=OPERATOR(22), token=24422, slotId=1,             error = 1, pTimeStamp =  3239336535, isWrongC2KResponse = 0]
06-17 14:12:45.410828  1093  1097 D RfxController: 0x7f97119380, RpNwStateController, store the response (token:24423)
06-17 14:12:45.410862  1093  1097 D RfxTimer: start(), timer = 0x7f97076200
06-17 14:12:45.410898  1093  1097 D RpNwSC[1]:  Response saved
06-17 14:12:45.410936  1093  1097 D RfxMainThread: handle msg begin, mainHandler = 0x7f9713d500
06-17 14:12:45.406502  1040  1052 D AT      : AT send on RIL_CMD_READER_1, tid:548028556352
06-17 14:12:45.411006  1040  1052 D AT      : AT> AT+CIREG?
06-17 14:12:45.411018  1093  1097 D RfxRootController: processMessage() msg = [type=RESPONSE, source=GSM, dest=GSM, pId=OPERATOR(22), pToken=18323, id=OPERATOR(22), token=24422, slotId=1,             error = 1, pTimeStamp =  3239336535, isWrongC2KResponse = 0]
06-17 14:12:45.411035  1040  1052 I AT      : AT write start
06-17 14:12:45.411048  1093  1097 D RfxRootController: processMessage() handler = 0x7f97119380, RpNwStateController
06-17 14:12:45.411067  2544  2544 D GsmSST  : [GsmSST0] handle EVENT_SIGNAL_STRENGTH_UPDATE
06-17 14:12:45.411084  1093  1097 D RpNwSC[1]:  onHandleResponse() SIM1 req=REQ_OPERATOR src=GSM
06-17 14:12:45.411115  1093  1097 D RfxTimer: stop(), timer = 0x7f97076200
06-17 14:12:45.411160  1093  1097 D RfxController: 0x7f97119380, RpNwStateController, Have fond reponse: pToken=18323, pID=22, token=24423
06-17 14:12:45.411163   885  9707 D RILMUXD : [gsm0710muxd] 3630:poll_thread(): poll_thread select found
06-17 14:12:45.411180  2544  2544 D GsmSST  : [GsmSST0] onSignalStrengthResult():  LastSignalStrength=SignalStrength: 0 43 -120 -160 -7 0 -1 99 -97 -3 277 2147483647 gsm|lte 1 1 1
06-17 14:12:45.411198  1093  1097 D RfxController: setProcessedMsg 0x7f97119380, RpNwStateController, id: 22, pTimeStamp: 3239336535
06-17 14:12:45.411210   885  9707 D RILMUXD : [gsm0710muxd] 1050:pseudo_device_read(): Enter, LackofAtciChannel=0
06-17 14:12:45.411231  1093  1097 D RpNwSC[1]:  Response matched
06-17 14:12:45.411237  2544  2544 D GsmSST  : [GsmSST0] onSignalStrengthResult():new mSignalStrength=SignalStrength: 0 44 -120 -160 -7 0 -1 99 -96 -6 300 2147483647 gsm|lte 1 1 1
06-17 14:12:45.411262   885  9707 D RILMUXD : [gsm0710muxd] 657:write_frame(): Sending frame to channel 3
06-17 14:12:45.411266  1093  1097 D RpNwSC[1]:  GSM optr response error
06-17 14:12:45.411304  1093  1097 D RpNwSC[1]:  updateOperatorCache(): src=C2K, stgCount=3
06-17 14:12:45.411340  1093  1097 D RpNwSC[1]:  OptrCache: ,,
06-17 14:12:45.411347   885  9707 D RILMUXD : [gsm0710muxd] 772:write_frame(): Write a frame on channel 3 with length 10
06-17 14:12:45.411372  1093  1097 D RpNwSC[1]:  C2K optr response ok
06-17 14:12:45.411373  2544  2544 W SignalStrength: getTCLLteLevel : upper_limit = -44
06-17 14:12:45.411407  1040  1052 I AT      : AT write end, errno = 9, length = 10
06-17 14:12:45.411414  2544  2544 W SignalStrength: getLTELevel - rsrp:-96 rsrpIconLevel:4
06-17 14:12:45.411425  1093  1097 D RpNwSC[1]:  [getDeviceMode] mode=0
06-17 14:12:45.411452  2544  2544 D GsmSST  : [GsmSST0] notifySignalStrength: mSignalStrength.getLevel=4
06-17 14:12:45.411458  1093  1097 D RpNwSC[1]:  combineOperatorState(): count=0
06-17 14:12:45.411533  1093  1097 D RfxRilAdapter: responseToRilj send Response done (slotId=1, pToken=18323, pId=22, dataSize=16)
06-17 14:12:45.411675  2544  2544 D DefaultPhoneNotifier: notifySignalStrength: mRegistry=com.android.internal.telephony.ITelephonyRegistry$Stub$Proxy@c1e9433 ss=SignalStrength: 0 44 -120 -160 -7 0 -1 99 -96 -6 300 2147483647 gsm|lte 1 1 1 sender=Handler (com.android.internal.telephony.gsm.GSMPhone) {38607fc}
06-17 14:12:45.411703  1040  1063 D RILC    : SOCKET RIL_SOCKET_2 REQUEST: VOICE_REGISTRATION_STATE length:8
06-17 14:12:45.411755  1040  1063 I RILC-MTK: create request 20: pRequest=0x7f975fc000, pRI=0x7f9a04c3f0, p=0x7f9a05aa60, pUCI=0x0
06-17 14:12:45.411846  1040  1063 D RILC-MTK: VOICE_REGISTRATION_STATE pRI=0x7f9a04c3f0 p=0x7f9a05aa60 dispatched to RIL_CMD2_PROXY_3
06-17 14:12:45.411993  1040  1061 I RILC-MTK: RIL_CMD2_PROXY_4 wakeup
06-17 14:12:45.412023  1040  1061 I RILC-MTK: RIL_CMD2_PROXY_4 sleep
06-17 14:12:45.412372  1114 21938 D TelephonyRegistry: notifySignalStrengthForSubscriber: subId=2 signalStrength=SignalStrength: 0 44 -120 -160 -7 0 -1 99 -96 -6 300 2147483647 gsm|lte 1 1 1
06-17 14:12:45.412441  1114 21938 D TelephonyRegistry: notifySignalStrengthForSubscriber: logSSC.length=5 next=0
06-17 14:12:45.412810  1114 21938 D TelephonyRegistry: notifyServiceStateForSubscriber Time 20170617T112055Asia/Shanghai(6,167,28800,0,1497669655) mSubId 2 mPhoneId 0  mState 3 3 voice home data home null null null null null null  Unknown Unknown CSS not supported -1 -1 RoamInd=-1 DefRoamInd=-1 EmergOnly=false Ril Voice Regist state: 0 Ril Data Regist state: 0 mProprietaryDataRadioTechnology: 0 VoiceRejectCause: -1 DataRejectCause: -1 IsDataRoamingFromRegistration=false
06-17 14:12:45.413131  1114 21938 D TelephonyRegistry: notifyServiceStateForSubscriber Time 20170617T112055Asia/Shanghai(6,167,28800,0,1497669655) mSubId -3 mPhoneId 1  mState 1 1 voice home data home null null null null null null  Unknown Unknown CSS not supported -1 -1 RoamInd=-1 DefRoamInd=-1 EmergOnly=false Ril Voice Regist state: 0 Ril Data Regist state: 0 mProprietaryDataRadioTechnology: 0 VoiceRejectCause: -1 DataRejectCause: -1 IsDataRoamingFromRegistration=false
06-17 14:12:45.413425  1114 21938 D TelephonyRegistry: notifyServiceStateForSubscriber Time 20170617T112059Asia/Shanghai(6,167,28800,0,1497669659) mSubId -3 mPhoneId 1  mState 3 3 voice home data home null null null null null null  Unknown Unknown CSS not supported -1 -1 RoamInd=-1 DefRoamInd=-1 EmergOnly=false Ril Voice Regist state: 0 Ril Data Regist state: 0 mProprietaryDataRadioTechnology: 0 VoiceRejectCause: -1 DataRejectCause: -1 IsDataRoamingFromRegistration=false
06-17 14:12:45.413875  1114 21938 D TelephonyRegistry: notifyServiceStateForSubscriber Time 20170617T112102Asia/Shanghai(6,167,28800,0,1497669662) mSubId 2 mPhoneId 0  mState 1 1 voice home data home null null null null null null  Unknown Unknown CSS not supported -1 -1 RoamInd=-1 DefRoamInd=-1 EmergOnly=false Ril Voice Regist state: 2 Ril Data Regist state: 2 mProprietaryDataRadioTechnology: 0 VoiceRejectCause: -1 DataRejectCause: -1 IsDataRoamingFromRegistration=false
06-17 14:12:45.413912   885  1026 D RILMUXD : [gsm0710muxd] 1649:gsm0710_base_buffer_get_frame(): Get a complete frame. ch:3, ctrl:239, len:17
06-17 14:12:45.413970   885  1026 D RILMUXD : [gsm0710muxd] 2394:extract_frames(): Writing 17 byte frame received on channel 3 to /dev/pts/1
06-17 14:12:45.414141  1040  9806 I AT      : AT read end: 17
06-17 14:12:45.414186  1040  9806 D AT      : AT< +CIREG: 2,0,0
06-17 14:12:45.414220  1040  9806 D AT      : RIL_CMD_READER_1 Enter processLine:+CIREG: 2,0,0
06-17 14:12:45.414258  1040  9806 I AT      : AT read start
06-17 14:12:45.414038   885  1026 D RILMUXD : [gsm0710muxd] 2414:extract_frames(): write() returned. Written 17/17 bytes of frame to /dev/pts/1
06-17 14:12:45.414317  1114 21938 D TelephonyRegistry: notifyServiceStateForSubscriber Time 20170617T112102Asia/Shanghai(6,167,28800,0,1497669662) mSubId 2 mPhoneId 0  mState 0 0 voice home data home 中国移动 中国移动 46000 中国移动 中国移动 46000  LTE LTE CSS not supported -1 -1 RoamInd=-1 DefRoamInd=-1 EmergOnly=false Ril Voice Regist state: 1 Ril Data Regist state: 1 mProprietaryDataRadioTechnology: 0 VoiceRejectCause: 0 DataRejectCause: -1 IsDataRoamingFromRegistration=false
06-17 14:12:45.414337   885  1026 D RILMUXD : [gsm0710muxd] 2419:extract_frames(): fsync() failed (-1, 22 - Invalid argument)
06-17 14:12:45.414392   885  1026 D RILMUXD : [gsm0710muxd] 1649:gsm0710_base_buffer_get_frame(): Get a complete frame. ch:3, ctrl:239, len:6
06-17 14:12:45.414409  1114 21938 D TelephonyRegistry: notifySignalStrengthForSubscriber: ----------------
06-17 14:12:45.414434   885  1026 D RILMUXD : [gsm0710muxd] 2394:extract_frames(): Writing 6 byte frame received on channel 3 to /dev/pts/1
06-17 14:12:45.414496   885  1026 D RILMUXD : [gsm0710muxd] 2414:extract_frames(): write() returned. Written 6/6 bytes of frame to /dev/pts/1
06-17 14:12:45.414565   885  1026 D RILMUXD : [gsm0710muxd] 2419:extract_frames(): fsync() failed (-1, 22 - Invalid argument)
06-17 14:12:45.415150  1040  9806 I AT      : AT read end: 6
06-17 14:12:45.415211  1040  9806 D AT      : AT< OK
06-17 14:12:45.415242  1040  9806 D AT      : RIL_CMD_READER_1 Enter processLine:OK
06-17 14:12:45.415292  1040  9806 I AT      : AT read start
06-17 14:12:45.415314  2544  2758 D RILJ    : [1971]< OPERATOR {} [SUB1]
06-17 14:12:45.415347  1040  1052 D AT      : response received on RIL_CMD_READER_1, tid:548028556352
06-17 14:12:45.415387  1040  1052 D RILC    : RequestComplete, RIL_SOCKET_1
06-17 14:12:45.415427  1040  1052 I RILC    : isSvlteSupport: 0
06-17 14:12:45.415455  1040  1052 I RILC    : isSrlteSupport: 1
06-17 14:12:45.415465  1040  1053 I RILC-MTK: RIL_CMD_PROXY_2 wakeup
06-17 14:12:45.415497  1040  1052 E RILC    : Send Response to RIL_SOCKET_1
06-17 14:12:45.415495  1040  1053 I RILC-MTK: RIL_CMD_PROXY_2 sleep
06-17 14:12:45.415545  1040  1055 I RILC-MTK: RIL_CMD_PROXY_4 wakeup
06-17 14:12:45.415570  1040  1055 I RILC-MTK: RIL_CMD_PROXY_4 sleep
06-17 14:12:45.415608  1040  1059 I RILC-MTK: RIL_CMD2_PROXY_2 wakeup
06-17 14:12:45.415632  1040  1059 I RILC-MTK: RIL_CMD2_PROXY_2 sleep
06-17 14:12:45.415671  1040  1051 I RILC-MTK: RIL_URC_PROXY wakeup
06-17 14:12:45.415697  1040  1051 I RILC-MTK: RIL_URC_PROXY sleep
06-17 14:12:45.415708  1040  1052 D RILC-MTK: proxyLoop free  pRI=0x7f9a04c690 p=0x7f9a0596b0 
06-17 14:12:45.415736  1040  1057 I RILC-MTK: RIL_URC2_PROXY wakeup
06-17 14:12:45.415741  1040  1052 D RILC-MTK: proxyLoop free  pRequest=0x7f975fc960
06-17 14:12:45.415766  1040  1057 I RILC-MTK: RIL_URC2_PROXY sleep
06-17 14:12:45.415816  1040  1054 I RILC-MTK: RIL_CMD_PROXY_1 wakeup
06-17 14:12:45.415844  1040  1054 I RILC-MTK: RIL_CMD_PROXY_1 sleep
06-17 14:12:45.415894  1040  1062 I RILC-MTK: RIL_ATCI2_PROXY wakeup
06-17 14:12:45.415910  1040  1052 I RILC-MTK: RIL_CMD_PROXY_3 sleep
06-17 14:12:45.415947  1040  1056 I RILC-MTK: RIL_ATCI_PROXY wakeup
06-17 14:12:45.415971  1040  1056 I RILC-MTK: RIL_ATCI_PROXY sleep
06-17 14:12:45.416057  1040  1062 I RILC-MTK: RIL_ATCI2_PROXY sleep
06-17 14:12:45.416104  1040  1060 I RILC-MTK: RIL_CMD2_PROXY_1 wakeup
06-17 14:12:45.416130  1040  1060 I RILC-MTK: RIL_CMD2_PROXY_1 sleep
06-17 14:12:45.416436  1093  1094 E RILC    : [RilProxy] token = 18325, request = 21
06-17 14:12:45.416486  1093  1094 D RIL     : [RilProxy] onRequest: DATA_REGISTRATION_STATE, datalen = 0, radioState:0, socket_id: 1
06-17 14:12:45.416518  1093  1094 D RIL     : [RilProxy] onRequest: request = 21, slotId = 1
06-17 14:12:45.416537  1093  1100 D RfxMainThread: enqueueMessage(), mainHandler = 0x7f9713d560, msg = [type=RESPONSE, source=GSM, dest=GSM, pId=IMS_REGISTRATION_STATE(112), pToken=18322, id=IMS_REGISTRATION_STATE(112), token=24421, slotId=0,             error = 0, pTimeStamp =  3222884150, isWrongC2KResponse = 0]
06-17 14:12:45.416638  1093  1097 D RfxMainThread: handle msg begin, mainHandler = 0x7f9713d560
06-17 14:12:45.416688  1093  1099 D RfxMainThread: enqueueMessage(), mainHandler = 0x7f9713d3e0, msg = [type=REQUEST, source=GSM, dest=GSM, pId=DATA_REGISTRATION_STATE(21), pToken=18325, id=DATA_REGISTRATION_STATE(21), token=24426, slotId=1,             error = 0, pTimeStamp =  3248677150, isWrongC2KResponse = 0]
06-17 14:12:45.416733  1093  1097 D RfxRootController: processMessage() msg = [type=RESPONSE, source=GSM, dest=GSM, pId=IMS_REGISTRATION_STATE(112), pToken=18322, id=IMS_REGISTRATION_STATE(112), token=24421, slotId=0,             error = 0, pTimeStamp =  3222884150, isWrongC2KResponse = 0]
06-17 14:12:45.416772  1093  1097 D RfxRootController: processMessage() handler = NULL ==> response/urc
06-17 14:12:45.416860  1093  1097 D RfxRilAdapter: responseToRilj send Response done (slotId=0, pToken=18322, pId=112, dataSize=24)
06-17 14:12:45.416857  1079  1086 W C2K_RILC: token = 24425, request = 20
06-17 14:12:45.416906  1079  1086 D C2K_RILC: SOCKET RIL_SOCKET_1 REQUEST: VOICE_REGISTRATION_STATE length:8
06-17 14:12:45.416921  1093  1097 D RfxMainThread: handle msg begin, mainHandler = 0x7f9713d3e0
06-17 14:12:45.416960  1079  1086 I C2K_RILC: processCommandBuffer enqueueProxyList &s_Proxy[proxyId]=-148218568, request=20, proxyId=0
06-17 14:12:45.417006  1093  1097 D RfxRootController: processMessage() msg = [type=REQUEST, source=GSM, dest=GSM, pId=DATA_REGISTRATION_STATE(21), pToken=18325, id=DATA_REGISTRATION_STATE(21), token=24426, slotId=1,             error = 0, pTimeStamp =  3248677150, isWrongC2KResponse = 0]
06-17 14:12:45.417011  1079  1086 I         : enqueueProxyList &pProxyList=-148218568, &s_Proxy[0]=-148218568, &s_Proxy[1]=-148218564
06-17 14:12:45.417044  1093  1097 D RfxRootController: processMessage() handler = 0x7f97119380, RpNwStateController
06-17 14:12:45.417041  1079  1086 D         : VOICE_REGISTRATION_STATE dispatched to AT_CHANNEL
06-17 14:12:45.417087  1093  1097 D RpNwSC[1]:  onHandleReq() SIM1 REQ=REQ_DATA_REG_STATE
06-17 14:12:45.417133  1093  1097 D RfxRilAdapter: isRequestQueueEmpty slotId=1, group=0, ret=t
06-17 14:12:45.417135  1079  1082 I         : AT_CHANNEL wakeup
06-17 14:12:45.417169  1079  1082 I         : proxy deque done
06-17 14:12:45.417173  1093  1097 D RfxDispatchThread: addMessageToPendingQueue pRequest = 21, pToken = 18325, token = 24426
06-17 14:12:45.417198  1079  1083 I         : DATA_CHANNEL wakeup
06-17 14:12:45.417213  1079  1082 D         : VOICE_REGISTRATION_STATE execute on AT_CHANNEL using channel 0
06-17 14:12:45.417229  1079  1083 I         : proxy deque done
06-17 14:12:45.417249  1093  1097 D RfxRilAdapter: requestToRild send request done (slotId=1, dest=0, reqId=21, true, dataSize=8, 12)
06-17 14:12:45.417254  1079  1083 I         : DATA_CHANNEL sleep
06-17 14:12:45.417261  1079  1082 D C2K_RIL : C2K onRequest: VOICE_REGISTRATION_STATE, sState= 0, smsReadyReported= 1, uimInsertedReported= 1
06-17 14:12:45.417283  1093  1097 D RfxRilAdapter: isRequestQueueEmpty slotId=1, group=1, ret=t
06-17 14:12:45.417293  1079  1082 D C2K_RILC: RequestComplete, RIL_SOCKET_1
06-17 14:12:45.417303  1079  1084 I         : MISC_CHANNEL wakeup
06-17 14:12:45.417316  1093  1097 D RfxDispatchThread: addMessageToPendingQueue pRequest = 21, pToken = 18325, token = 24427
06-17 14:12:45.417333  1079  1084 I         : proxy deque done
06-17 14:12:45.417356  1079  1084 I         : MISC_CHANNEL sleep
06-17 14:12:45.417376  1093  1097 D RfxRilAdapter: requestToRild send request done (slotId=1, dest=1, reqId=21, true, dataSize=8, 12)
06-17 14:12:45.417430  1079  1082 I         : proxy deque done
06-17 14:12:45.417458  1079  1082 I         : AT_CHANNEL sleep
06-17 14:12:45.417530  1040  1063 D RILC    : SOCKET RIL_SOCKET_2 REQUEST: DATA_REGISTRATION_STATE length:8
06-17 14:12:45.417580  1040  1063 I RILC-MTK: create request 21: pRequest=0x7f975fc020, pRI=0x7f9a04c4e0, p=0x7f9a05b010, pUCI=0x0
06-17 14:12:45.417614  1040  1063 D RILC-MTK: 1:VOICE_REGISTRATION_STATE pRI=0x7f9a04c3f0 p=0x7f9a05aa60 is queued in RIL_CMD2_PROXY_3
06-17 14:12:45.417645  1040  1063 D RILC-MTK: **** the last executed cmd for RIL_CMD2_PROXY_3 is OPERATOR ****
06-17 14:12:45.417646  2544  2756 D RILJ    : responseInts numInts=2 [SUB0]
06-17 14:12:45.417680  1040  1063 D RILC-MTK: Request pRI=0x7f9a04c4e0 to RIL_CMD2_PROXY_3 is busy. total:2 requests pending
06-17 14:12:45.417704  2544  2756 D RILJ    : responseInts response[0]=0 [SUB0]
06-17 14:12:45.417757  2544  2756 D RILJ    : responseInts response[1]=1 [SUB0]
06-17 14:12:45.417835  2544  2756 D RILJ    : [1970]< RIL_REQUEST_IMS_REGISTRATION_STATE {0, 1} [SUB0]
06-17 14:12:45.420157  1079  1085 I         : SIM_CHANNEL wakeup
06-17 14:12:45.420206  1079  1085 I         : proxy deque done
06-17 14:12:45.420231  1079  1085 I         : SIM_CHANNEL sleep
06-17 14:12:45.421070  1093  1100 D RfxMainThread: enqueueMessage(), mainHandler = 0x7f9713d500, msg = [type=RESPONSE, source=C2K, dest=GSM, pId=VOICE_REGISTRATION_STATE(20), pToken=18324, id=VOICE_REGISTRATION_STATE(20), token=24425, slotId=1,             error = 1, pTimeStamp =  3241558381, isWrongC2KResponse = 0]
06-17 14:12:45.421209  1093  1097 D RfxMainThread: handle msg begin, mainHandler = 0x7f9713d500
06-17 14:12:45.421208  1040  1058 I RILC-MTK: RIL_CMD2_PROXY_3 wakeup
06-17 14:12:45.421255  1040  1058 D RILC-MTK: proxy id:7, proxyName: RIL_CMD2_PROXY_3
06-17 14:12:45.421287  1040  1058 D RILC-MTK: VOICE_REGISTRATION_STATE pRI=0x7f9a04c3f0 p=0x7f9a05aa60 execute on RIL_CMD2_PROXY_3 using channel 7
06-17 14:12:45.421313  1093  1097 D RfxRootController: processMessage() msg = [type=RESPONSE, source=C2K, dest=GSM, pId=VOICE_REGISTRATION_STATE(20), pToken=18324, id=VOICE_REGISTRATION_STATE(20), token=24425, slotId=1,             error = 1, pTimeStamp =  3241558381, isWrongC2KResponse = 0]
06-17 14:12:45.421317  1040  1058 D RILC    : callOnRequest for new vendor ril
06-17 14:12:45.421355  1040  1058 D RIL     : onRequest: VOICE_REGISTRATION_STATE, datalen = 0
06-17 14:12:45.421356  1093  1097 D RfxRootController: processMessage() handler = 0x7f97119380, RpNwStateController
06-17 14:12:45.421385  1040  1058 D RIL     : radioState:0
06-17 14:12:45.421406  1093  1097 D RpNwSC[1]:  onHandleResponse() SIM1 req=REQ_VOICE_REG_STATE src=C2K
06-17 14:12:45.421444  1040  1058 D         : IMS: IMS_isRilRequestFromIms, socket_id = 1 
06-17 14:12:45.421453  1093  1097 D RfxController: 0x7f97119380, RpNwStateController, store the response (token:24425)
06-17 14:12:45.421474  1040  1058 D RILC    : RequestComplete, RIL_SOCKET_2
06-17 14:12:45.421491  1093  1097 D RfxTimer: start(), timer = 0x7f97076200
06-17 14:12:45.421504  1040  1058 I RILC    : isSvlteSupport: 0
06-17 14:12:45.421526  1093  1097 D RpNwSC[1]:  Response saved
06-17 14:12:45.421530  1040  1058 I RILC    : isSrlteSupport: 1
06-17 14:12:45.421575  1040  1058 E RILC    : Send Response to RIL_SOCKET_2
06-17 14:12:45.421652  1040  1058 D RILC-MTK: proxyLoop free  pRI=0x7f9a04c3f0 p=0x7f9a05aa60 
06-17 14:12:45.421685  1040  1058 D RILC-MTK: proxyLoop free  pRequest=0x7f975fc000
06-17 14:12:45.421716  1040  1058 D RILC-MTK: proxy id:7, proxyName: RIL_CMD2_PROXY_3
06-17 14:12:45.421747  1040  1058 D RILC-MTK: DATA_REGISTRATION_STATE pRI=0x7f9a04c4e0 p=0x7f9a05b010 execute on RIL_CMD2_PROXY_3 using channel 7
06-17 14:12:45.421777  1040  1058 D RILC    : callOnRequest for new vendor ril
06-17 14:12:45.421899  1040  1058 D RIL     : onRequest: DATA_REGISTRATION_STATE, datalen = 0
06-17 14:12:45.421924  1040  1058 D RIL     : radioState:0
06-17 14:12:45.421973  1040  1058 D         : IMS: IMS_isRilRequestFromIms, socket_id = 1 
06-17 14:12:45.421997  1040  1058 D RILC    : RequestComplete, RIL_SOCKET_2
06-17 14:12:45.422025  1040  1058 I RILC    : isSvlteSupport: 0
06-17 14:12:45.422050  1040  1058 I RILC    : isSrlteSupport: 1
06-17 14:12:45.422085  1040  1058 E RILC    : Send Response to RIL_SOCKET_2
06-17 14:12:45.422137  1040  1058 D RILC-MTK: proxyLoop free  pRI=0x7f9a04c4e0 p=0x7f9a05b010 
06-17 14:12:45.422164  1040  1058 D RILC-MTK: proxyLoop free  pRequest=0x7f975fc020
06-17 14:12:45.422187  1040  1058 I RILC-MTK: RIL_CMD2_PROXY_3 sleep
06-17 14:12:45.422437  1093  1100 D RfxMainThread: enqueueMessage(), mainHandler = 0x7f9713d6e0, msg = [type=RESPONSE, source=GSM, dest=GSM, pId=VOICE_REGISTRATION_STATE(20), pToken=18324, id=VOICE_REGISTRATION_STATE(20), token=24424, slotId=1,             error = 1, pTimeStamp =  3241558381, isWrongC2KResponse = 0]
06-17 14:12:45.422558  1093  1097 D RfxMainThread: handle msg begin, mainHandler = 0x7f9713d6e0
06-17 14:12:45.422585  1093  1100 D RfxMainThread: enqueueMessage(), mainHandler = 0x7f9713d720, msg = [type=RESPONSE, source=GSM, dest=GSM, pId=DATA_REGISTRATION_STATE(21), pToken=18325, id=DATA_REGISTRATION_STATE(21), token=24426, slotId=1,             error = 1, pTimeStamp =  3248676919, isWrongC2KResponse = 0]
06-17 14:12:45.422653  1093  1097 D RfxRootController: processMessage() msg = [type=RESPONSE, source=GSM, dest=GSM, pId=VOICE_REGISTRATION_STATE(20), pToken=18324, id=VOICE_REGISTRATION_STATE(20), token=24424, slotId=1,             error = 1, pTimeStamp =  3241558381, isWrongC2KResponse = 0]
06-17 14:12:45.422691  1093  1097 D RfxRootController: processMessage() handler = 0x7f97119380, RpNwStateController
06-17 14:12:45.422735  1093  1097 D RpNwSC[1]:  onHandleResponse() SIM1 req=REQ_VOICE_REG_STATE src=GSM
06-17 14:12:45.422731  1079  1086 W C2K_RILC: token = 24427, request = 21
06-17 14:12:45.422774  1093  1097 D RfxTimer: stop(), timer = 0x7f97076200
06-17 14:12:45.422780  1079  1086 D C2K_RILC: SOCKET RIL_SOCKET_1 REQUEST: DATA_REGISTRATION_STATE length:8
06-17 14:12:45.422823  1093  1097 D RfxController: 0x7f97119380, RpNwStateController, Have fond reponse: pToken=18324, pID=20, token=24425
06-17 14:12:45.422838  1079  1086 I C2K_RILC: processCommandBuffer enqueueProxyList &s_Proxy[proxyId]=-148218568, request=21, proxyId=0
06-17 14:12:45.422858  1093  1097 D RfxController: setProcessedMsg 0x7f97119380, RpNwStateController, id: 20, pTimeStamp: 3241558381
06-17 14:12:45.422889  1079  1086 I         : enqueueProxyList &pProxyList=-148218568, &s_Proxy[0]=-148218568, &s_Proxy[1]=-148218564
06-17 14:12:45.422896  1093  1097 D RpNwSC[1]:  Response matched
06-17 14:12:45.422918  1079  1086 D         : DATA_REGISTRATION_STATE dispatched to AT_CHANNEL
06-17 14:12:45.422930  1093  1097 D RpNwSC[1]:  GSM voice response error
06-17 14:12:45.422962  1093  1097 D RpNwSC[1]:  C2K voice response error
06-17 14:12:45.423058  1079  1084 I         : MISC_CHANNEL wakeup
06-17 14:12:45.423073  1093  1097 D RfxRilAdapter: responseToRilj send Response done (slotId=1, pToken=18324, pId=20, dataSize=12)
06-17 14:12:45.423088  1079  1084 I         : proxy deque done
06-17 14:12:45.423111  1079  1084 I         : MISC_CHANNEL sleep
06-17 14:12:45.423132  1093  1097 D RfxMainThread: handle msg begin, mainHandler = 0x7f9713d720
06-17 14:12:45.423150  1079  1083 I         : DATA_CHANNEL wakeup
06-17 14:12:45.423177  1079  1083 I         : proxy deque done
06-17 14:12:45.423199  1079  1083 I         : DATA_CHANNEL sleep
06-17 14:12:45.423219  1093  1097 D RfxRootController: processMessage() msg = [type=RESPONSE, source=GSM, dest=GSM, pId=DATA_REGISTRATION_STATE(21), pToken=18325, id=DATA_REGISTRATION_STATE(21), token=24426, slotId=1,             error = 1, pTimeStamp =  3248676919, isWrongC2KResponse = 0]
06-17 14:12:45.423235  1079  1085 I         : SIM_CHANNEL wakeup
06-17 14:12:45.423254  1093  1097 D RfxRootController: processMessage() handler = 0x7f97119380, RpNwStateController
06-17 14:12:45.423261  1079  1085 I         : proxy deque done
06-17 14:12:45.423285  1079  1085 I         : SIM_CHANNEL sleep
06-17 14:12:45.423290  1093  1097 D RpNwSC[1]:  onHandleResponse() SIM1 req=REQ_DATA_REG_STATE src=GSM
06-17 14:12:45.423334  1093  1097 D RfxController: 0x7f97119380, RpNwStateController, store the response (token:24426)
06-17 14:12:45.423368  1093  1097 D RfxTimer: start(), timer = 0x7f97076200
06-17 14:12:45.423404  1093  1097 D RpNwSC[1]:  Response saved
06-17 14:12:45.423664  2544  2758 D RilRequest: [1972]< VOICE_REGISTRATION_STATE error: com.android.internal.telephony.CommandException: RADIO_NOT_AVAILABLE ret=
06-17 14:12:45.424396  1114 21938 D TelephonyRegistry: validatePhoneId: true
06-17 14:12:45.424491  1114 21938 D TelephonyRegistry: notifySignalStrengthForSubscriber: valid phoneId=0
06-17 14:12:45.424544  1114 21938 D TelephonyRegistry: idMatch: rlt=true
06-17 14:12:45.424699  1114 21938 D TelephonyRegistry: notifySignalStrengthForSubscriber: callback.onSsS r={callingPackage=android binder=android.telephony.PhoneStateListener$1@6531fc5 callback=android.telephony.PhoneStateListener$1@6531fc5 onSubscriptionsChangedListenererCallback=null callerUserId=0 subId=2147483647 phoneId=-1 events=1c1 canReadPhoneState=true} subId=2 phoneId=0 ss=SignalStrength: 0 44 -120 -160 -7 0 -1 99 -96 -6 300 2147483647 gsm|lte 1 1 1
06-17 14:12:45.424793  1114 21938 D TelephonyRegistry: idMatch: rlt=true
06-17 14:12:45.424936  1114 21938 D TelephonyRegistry: notifySignalStrengthForSubscriber: callback.onSsS r={callingPackage=com.baidu.map.location binder=android.os.BinderProxy@8b7d83c callback=com.android.internal.telephony.IPhoneStateListener$Stub$Proxy@49189c5 onSubscriptionsChangedListenererCallback=null callerUserId=0 subId=2147483647 phoneId=-1 events=110 canReadPhoneState=false} subId=2 phoneId=0 ss=SignalStrength: 0 44 -120 -160 -7 0 -1 99 -96 -6 300 2147483647 gsm|lte 1 1 1
06-17 14:12:45.425459  1114 21938 D TelephonyRegistry: idMatch: rlt=true
06-17 14:12:45.425675  1114 21938 D TelephonyRegistry: notifySignalStrengthForSubscriber: callback.onSsS r={callingPackage=com.tencent.mm binder=android.os.BinderProxy@604376d callback=com.android.internal.telephony.IPhoneStateListener$Stub$Proxy@3fcffa2 onSubscriptionsChangedListenererCallback=null callerUserId=0 subId=2147483647 phoneId=0 events=100 canReadPhoneState=false} subId=2 phoneId=0 ss=SignalStrength: 0 44 -120 -160 -7 0 -1 99 -96 -6 300 2147483647 gsm|lte 1 1 1
06-17 14:12:45.426226  1114 21938 D TelephonyRegistry: idMatch: rlt=true
06-17 14:12:45.426822  1079  1082 I         : AT_CHANNEL wakeup
06-17 14:12:45.426880  1079  1082 I         : proxy deque done
06-17 14:12:45.426912  1079  1082 D         : DATA_REGISTRATION_STATE execute on AT_CHANNEL using channel 0
06-17 14:12:45.426959  1079  1082 D C2K_RIL : C2K onRequest: DATA_REGISTRATION_STATE, sState= 0, smsReadyReported= 1, uimInsertedReported= 1
06-17 14:12:45.426993  1079  1082 D C2K_RILC: RequestComplete, RIL_SOCKET_1
06-17 14:12:45.427089  1079  1082 I         : proxy deque done
06-17 14:12:45.427115  1079  1082 I         : AT_CHANNEL sleep
06-17 14:12:45.427390  1093  1100 D RfxMainThread: enqueueMessage(), mainHandler = 0x7f9713d760, msg = [type=RESPONSE, source=C2K, dest=GSM, pId=DATA_REGISTRATION_STATE(21), pToken=18325, id=DATA_REGISTRATION_STATE(21), token=24427, slotId=1,             error = 1, pTimeStamp =  3248676919, isWrongC2KResponse = 0]
06-17 14:12:45.427510  1093  1097 D RfxMainThread: handle msg begin, mainHandler = 0x7f9713d760
06-17 14:12:45.427609  1093  1097 D RfxRootController: processMessage() msg = [type=RESPONSE, source=C2K, dest=GSM, pId=DATA_REGISTRATION_STATE(21), pToken=18325, id=DATA_REGISTRATION_STATE(21), token=24427, slotId=1,             error = 1, pTimeStamp =  3248676919, isWrongC2KResponse = 0]
06-17 14:12:45.427613  1114 21938 D TelephonyRegistry: notifySignalStrengthForSubscriber: callback.onSsS r={callingPackage=com.tencent.mm binder=android.os.BinderProxy@426b976 callback=com.android.internal.telephony.IPhoneStateListener$Stub$Proxy@8431b77 onSubscriptionsChangedListenererCallback=null callerUserId=0 subId=2147483647 phoneId=0 events=100 canReadPhoneState=false} subId=2 phoneId=0 ss=SignalStrength: 0 44 -120 -160 -7 0 -1 99 -96 -6 300 2147483647 gsm|lte 1 1 1
06-17 14:12:45.427651  1093  1097 D RfxRootController: processMessage() handler = 0x7f97119380, RpNwStateController
06-17 14:12:45.427696  1093  1097 D RpNwSC[1]:  onHandleResponse() SIM1 req=REQ_DATA_REG_STATE src=C2K
06-17 14:12:45.427731  1093  1097 D RfxTimer: stop(), timer = 0x7f97076200
06-17 14:12:45.427779  1093  1097 D RfxController: 0x7f97119380, RpNwStateController, Have fond reponse: pToken=18325, pID=21, token=24426
06-17 14:12:45.427816  1093  1097 D RfxController: setProcessedMsg 0x7f97119380, RpNwStateController, id: 21, pTimeStamp: 3248676919
06-17 14:12:45.427852  1093  1097 D RpNwSC[1]:  Response matched
06-17 14:12:45.427888  1093  1097 D RpNwSC[1]:  GSM data response error
06-17 14:12:45.427920  1093  1097 D RpNwSC[1]:  C2K data response error
06-17 14:12:45.428027  1093  1097 D RfxRilAdapter: responseToRilj send Response done (slotId=1, pToken=18325, pId=21, dataSize=12)
06-17 14:12:45.428471  2544  2758 D RilRequest: [1973]< DATA_REGISTRATION_STATE error: com.android.internal.telephony.CommandException: RADIO_NOT_AVAILABLE ret=
06-17 14:12:45.432543  1114 21938 D TelephonyRegistry: idMatch: rlt=true
06-17 14:12:45.432786  1114 21938 D TelephonyRegistry: notifySignalStrengthForSubscriber: callback.onSsS r={callingPackage=com.tencent.gamehelper.smoba binder=android.os.BinderProxy@719774d callback=com.android.internal.telephony.IPhoneStateListener$Stub$Proxy@abf7202 onSubscriptionsChangedListenererCallback=null callerUserId=0 subId=2147483647 phoneId=0 events=100 canReadPhoneState=false} subId=2 phoneId=0 ss=SignalStrength: 0 44 -120 -160 -7 0 -1 99 -96 -6 300 2147483647 gsm|lte 1 1 1
06-17 14:12:45.433509  1114 21938 D TelephonyRegistry: idMatch: rlt=true
06-17 14:12:45.433707  1114 21938 D TelephonyRegistry: notifySignalStrengthForSubscriber: callback.onSsS r={callingPackage=com.tencent.mm binder=android.os.BinderProxy@cf4af10 callback=com.android.internal.telephony.IPhoneStateListener$Stub$Proxy@7e59a09 onSubscriptionsChangedListenererCallback=null callerUserId=0 subId=2147483647 phoneId=0 events=100 canReadPhoneState=false} subId=2 phoneId=0 ss=SignalStrength: 0 44 -120 -160 -7 0 -1 99 -96 -6 300 2147483647 gsm|lte 1 1 1
06-17 14:12:45.435099  1114 21938 D TelephonyRegistry: idMatch: rlt=true
06-17 14:12:45.435286  1114 21938 D TelephonyRegistry: notifySignalStrengthForSubscriber: callback.onSsS r={callingPackage=com.tencent.mm binder=android.os.BinderProxy@14bf07d callback=com.android.internal.telephony.IPhoneStateListener$Stub$Proxy@e49ab72 onSubscriptionsChangedListenererCallback=null callerUserId=0 subId=2147483647 phoneId=0 events=100 canReadPhoneState=false} subId=2 phoneId=0 ss=SignalStrength: 0 44 -120 -160 -7 0 -1 99 -96 -6 300 2147483647 gsm|lte 1 1 1
06-17 14:12:45.435453  1114 21938 D TelephonyRegistry: idMatch: rlt=true
06-17 14:12:45.435596  1114 21938 D TelephonyRegistry: notifySignalStrengthForSubscriber: callback.onSsS r={callingPackage=com.android.systemui binder=android.os.BinderProxy@8ecfa02 callback=com.android.internal.telephony.IPhoneStateListener$Stub$Proxy@9f3f13 onSubscriptionsChangedListenererCallback=null callerUserId=0 subId=2 phoneId=0 events=101e1 canReadPhoneState=true} subId=2 phoneId=0 ss=SignalStrength: 0 44 -120 -160 -7 0 -1 99 -96 -6 300 2147483647 gsm|lte 1 1 1
06-17 14:12:45.436133  1114 21938 D TelephonyRegistry: idMatch: rlt=true
06-17 14:12:45.436286  1114 21938 D TelephonyRegistry: notifySignalStrengthForSubscriber: callback.onSS r={callingPackage=com.nfyg.hsbb binder=android.os.BinderProxy@8555644 callback=com.android.internal.telephony.IPhoneStateListener$Stub$Proxy@936a32d onSubscriptionsChangedListenererCallback=null callerUserId=0 subId=2147483647 phoneId=0 events=12 canReadPhoneState=false} subId=2 phoneId=0 gsmSS=0 ss=0
06-17 14:12:45.436657  1114 21938 D TelephonyRegistry: idMatch: rlt=true
06-17 14:12:45.436824  1114 21938 D TelephonyRegistry: notifySignalStrengthForSubscriber: callback.onSsS r={callingPackage=com.kingroot.kinguser binder=android.os.BinderProxy@e31d9a9 callback=com.android.internal.telephony.IPhoneStateListener$Stub$Proxy@d415b2e onSubscriptionsChangedListenererCallback=null callerUserId=0 subId=2147483647 phoneId=0 events=101 canReadPhoneState=false} subId=2 phoneId=0 ss=SignalStrength: 0 44 -120 -160 -7 0 -1 99 -96 -6 300 2147483647 gsm|lte 1 1 1
06-17 14:12:45.437250  1332  1853 W SignalStrength: getTCLLteLevel : upper_limit = -44
06-17 14:12:45.437335  1332  1853 W SignalStrength: getLTELevel - rsrp:-96 rsrpIconLevel:4
06-17 14:12:45.437333  1114 21938 D TelephonyRegistry: handleRemoveListLocked: mRemoveList.size()=0
06-17 14:12:45.437503  1114 21938 W SignalStrength: getTCLLteLevel : upper_limit = -44
06-17 14:12:45.437553  1114 21938 W SignalStrength: getLTELevel - rsrp:-96 rsrpIconLevel:4
06-17 14:12:45.437593  1332  1853 W SignalStrength: getTCLLteLevel : upper_limit = -44
06-17 14:12:45.437630  1332  1853 W SignalStrength: getLTELevel - rsrp:-96 rsrpIconLevel:4
06-17 14:12:45.437680  1332  1853 W SignalStrength: getTCLLteLevel : upper_limit = -44
06-17 14:12:45.438287  1332  1853 W SignalStrength: getLTELevel - rsrp:-96 rsrpIconLevel:4
06-17 14:12:45.440690  2544 25259 D GSMPhone: [GSMPhone] [0]  getDataConnectionState, mtk_ims_support:true E 
06-17 14:12:45.440818  2544 25259 D GSMPhone: [GSMPhone] [0] C3: apnType: default, apnTypeEnabled: true, apnTypeActive: false
06-17 14:12:45.440858  2544 25259 D GSMPhone: [GSMPhone] [0]  getDataConnectionState X, return state:DISCONNECTED
06-17 14:12:45.445282  2544  2544 D GsmSST  : [GsmSST0] handleMessage msg done
06-17 14:12:45.445497  2544  2544 E GsmSST  : Received message { when=-103ms what=112 obj=android.os.AsyncResult@cb93840 target=com.android.internal.telephony.gsm.GsmServiceStateTracker obj=android.os.AsyncResult@cb93840 }[112] while being destroyed. Ignoring.
06-17 14:12:45.445593  2544  2544 E GsmSST  : Received message { when=-103ms what=46 obj=android.os.AsyncResult@b80a379 target=com.android.internal.telephony.gsm.GsmServiceStateTracker obj=android.os.AsyncResult@b80a379 }[46] while being destroyed. Ignoring.
06-17 14:12:45.445699  2544  2544 D RILJ    : [1974]> RIL_REQUEST_IMS_REGISTRATION_STATE [SUB1]
06-17 14:12:45.447468  2544  2544 D CdmaSST : [CdmaLteSST] handleMessage: 46
06-17 14:12:45.447573  2544  2544 D RILJ    : [1975]> RIL_REQUEST_IMS_REGISTRATION_STATE [SUB1]
06-17 14:12:45.448331  1093  1094 E RILC    : [RilProxy] token = 18326, request = 112
06-17 14:12:45.448400  1093  1094 D RIL     : [RilProxy] onRequest: IMS_REGISTRATION_STATE, datalen = 0, radioState:0, socket_id: 1
06-17 14:12:45.448431  1093  1094 D RIL     : [RilProxy] onRequest: request = 112, slotId = 1
06-17 14:12:45.449386  1093  1099 D RfxMainThread: enqueueMessage(), mainHandler = 0x7f9713d5e0, msg = [type=REQUEST, source=GSM, dest=GSM, pId=IMS_REGISTRATION_STATE(112), pToken=18326, id=IMS_REGISTRATION_STATE(112), token=24428, slotId=1,             error = 0, pTimeStamp =  3280596996, isWrongC2KResponse = 0]
06-17 14:12:45.449509  1093  1097 D RfxMainThread: handle msg begin, mainHandler = 0x7f9713d5e0
06-17 14:12:45.449611  1093  1097 D RfxRootController: processMessage() msg = [type=REQUEST, source=GSM, dest=GSM, pId=IMS_REGISTRATION_STATE(112), pToken=18326, id=IMS_REGISTRATION_STATE(112), token=24428, slotId=1,             error = 0, pTimeStamp =  3280596996, isWrongC2KResponse = 0]
06-17 14:12:45.449647  1093  1097 D RfxRootController: processMessage() handler = NULL ==> request
06-17 14:12:45.449682  1093  1097 D RfxRilAdapter: isRequestQueueEmpty slotId=1, group=0, ret=t
06-17 14:12:45.449716  1093  1097 D RfxDispatchThread: addMessageToPendingQueue pRequest = 112, pToken = 18326, token = 24428
06-17 14:12:45.449793  1093  1097 D RfxRilAdapter: requestToRild send request done (slotId=1, dest=0, reqId=112, true, dataSize=8, 12)
06-17 14:12:45.449956  1040  1063 D RILC    : SOCKET RIL_SOCKET_2 REQUEST: IMS_REGISTRATION_STATE length:8
06-17 14:12:45.450021  1040  1063 I RILC-MTK: create request 112: pRequest=0x7f975fc160, pRI=0x7f9a04ca20, p=0x7f9a056e70, pUCI=0x0
06-17 14:12:45.450055  1040  1063 D RILC-MTK: IMS_REGISTRATION_STATE pRI=0x7f9a04ca20 p=0x7f9a056e70 dispatched to RIL_CMD2_PROXY_3
06-17 14:12:45.450179  2544  2544 D GsmSST  : [GsmSST0] handle EVENT_SIGNAL_STRENGTH_UPDATE
06-17 14:12:45.450223  1040  1061 I RILC-MTK: RIL_CMD2_PROXY_4 wakeup
06-17 14:12:45.450254  1040  1061 I RILC-MTK: RIL_CMD2_PROXY_4 sleep
06-17 14:12:45.450284  2544  2544 D GsmSST  : [GsmSST0] onSignalStrengthResult():  LastSignalStrength=SignalStrength: 0 44 -120 -160 -7 0 -1 99 -96 -6 300 2147483647 gsm|lte 1 1 1
06-17 14:12:45.450290  1040  1058 I RILC-MTK: RIL_CMD2_PROXY_3 wakeup
06-17 14:12:45.450293  1040  1052 I RILC-MTK: RIL_CMD_PROXY_3 wakeup
06-17 14:12:45.450326  1040  1052 I RILC-MTK: RIL_CMD_PROXY_3 sleep
06-17 14:12:45.450329  1040  1058 D RILC-MTK: proxy id:7, proxyName: RIL_CMD2_PROXY_3
06-17 14:12:45.450352  2544  2544 D GsmSST  : [GsmSST0] onSignalStrengthResult():new mSignalStrength=SignalStrength: 0 44 -120 -160 -7 0 -1 99 -96 -6 300 2147483647 gsm|lte 1 1 1
06-17 14:12:45.450366  1040  1058 D RILC-MTK: IMS_REGISTRATION_STATE pRI=0x7f9a04ca20 p=0x7f9a056e70 execute on RIL_CMD2_PROXY_3 using channel 7
06-17 14:12:45.450389  2544  2544 D GsmSST  : [GsmSST0] handleMessage msg done
06-17 14:12:45.450395  1040  1058 D RILC    : callOnRequest for new vendor ril
06-17 14:12:45.450431  1040  1058 D RIL     : onRequest: IMS_REGISTRATION_STATE, datalen = 0
06-17 14:12:45.450456  1040  1058 D RIL     : radioState:0
06-17 14:12:45.450517  1040  1058 D         : IMS: IMS_isRilRequestFromIms, socket_id = 1 
06-17 14:12:45.450529  2544  2544 D CdmaSST : [CdmaLteSST] handleMessage: 30
06-17 14:12:45.450544  1040  1058 D RILC    : RequestComplete, RIL_SOCKET_2
06-17 14:12:45.450573  1040  1058 I RILC    : isSvlteSupport: 0
06-17 14:12:45.450601  1040  1058 I RILC    : isSrlteSupport: 1
06-17 14:12:45.450621  2544  2544 D CdmaSST : [CdmaLteSST] pollState RadioState is RADIO_OFF
06-17 14:12:45.450640  1040  1058 E RILC    : Send Response to RIL_SOCKET_2
06-17 14:12:45.450688  2544  2544 D PHONE   : [ServiceState] setNullState=3
06-17 14:12:45.450706  1040  1058 D RILC-MTK: proxyLoop free  pRI=0x7f9a04ca20 p=0x7f9a056e70 
06-17 14:12:45.450740  1040  1058 D RILC-MTK: proxyLoop free  pRequest=0x7f975fc160
06-17 14:12:45.450766  1040  1058 I RILC-MTK: RIL_CMD2_PROXY_3 sleep
06-17 14:12:45.450859  1040  1053 I RILC-MTK: RIL_CMD_PROXY_2 wakeup
06-17 14:12:45.450887  1040  1053 I RILC-MTK: RIL_CMD_PROXY_2 sleep
06-17 14:12:45.450927  1040  1055 I RILC-MTK: RIL_CMD_PROXY_4 wakeup
06-17 14:12:45.450954  1040  1055 I RILC-MTK: RIL_CMD_PROXY_4 sleep
06-17 14:12:45.450995  1040  1059 I RILC-MTK: RIL_CMD2_PROXY_2 wakeup
06-17 14:12:45.451018  1040  1059 I RILC-MTK: RIL_CMD2_PROXY_2 sleep
06-17 14:12:45.451027  1093  1100 D RfxMainThread: enqueueMessage(), mainHandler = 0x7f9713d3e0, msg = [type=RESPONSE, source=GSM, dest=GSM, pId=IMS_REGISTRATION_STATE(112), pToken=18326, id=IMS_REGISTRATION_STATE(112), token=24428, slotId=1,             error = 1, pTimeStamp =  3280596843, isWrongC2KResponse = 0]
06-17 14:12:45.451055  1040  1051 I RILC-MTK: RIL_URC_PROXY wakeup
06-17 14:12:45.451079  1040  1051 I RILC-MTK: RIL_URC_PROXY sleep
06-17 14:12:45.451119  1040  1057 I RILC-MTK: RIL_URC2_PROXY wakeup
06-17 14:12:45.451135  1093  1097 D RfxMainThread: handle msg begin, mainHandler = 0x7f9713d3e0
06-17 14:12:45.451143  1040  1057 I RILC-MTK: RIL_URC2_PROXY sleep
06-17 14:12:45.451184  1040  1054 I RILC-MTK: RIL_CMD_PROXY_1 wakeup
