06-17 14:13:00.769233  1040  1063 D RILC-MTK: 6:VOICE_REGISTRATION_STATE pRI=0x7f9a04c870 p=0x7f9a05ba20 is queued in RIL_CMD_PROXY_3
06-17 14:13:00.769265  1040  1063 D RILC-MTK: **** the last executed cmd for RIL_CMD_PROXY_3 is OPERATOR ****
06-17 14:13:00.769290  1040  1063 D RILC-MTK: Request pRI=0x7f9a04c8d0 to RIL_CMD_PROXY_3 is busy. total:7 requests pending
06-17 14:13:00.769807   885  1026 D RILMUXD : [gsm0710muxd] 1649:gsm0710_base_buffer_get_frame(): Get a complete frame. ch:3, ctrl:239, len:24
06-17 14:13:00.769881   885  1026 D RILMUXD : [gsm0710muxd] 2394:extract_frames(): Writing 24 byte frame received on channel 3 to /dev/pts/1
06-17 14:13:00.769948   885  1026 D RILMUXD : [gsm0710muxd] 2414:extract_frames(): write() returned. Written 24/24 bytes of frame to /dev/pts/1
06-17 14:13:00.769979   885  1026 D RILMUXD : [gsm0710muxd] 2419:extract_frames(): fsync() failed (-1, 22 - Invalid argument)
06-17 14:13:00.770053  1040  9806 I AT      : AT read end: 24
06-17 14:13:00.770083  1040  9806 D AT      : AT< +COPS: 0,2,"46000",7
06-17 14:13:00.770106  1040  9806 D AT      : RIL_CMD_READER_1 Enter processLine:+COPS: 0,2,"46000",7
06-17 14:13:00.770129   885  1026 D RILMUXD : [gsm0710muxd] 1649:gsm0710_base_buffer_get_frame(): Get a complete frame. ch:3, ctrl:239, len:6
06-17 14:13:00.770136  1040  9806 I AT      : AT read start
06-17 14:13:00.770163   885  1026 D RILMUXD : [gsm0710muxd] 2394:extract_frames(): Writing 6 byte frame received on channel 3 to /dev/pts/1
06-17 14:13:00.770202   885  1026 D RILMUXD : [gsm0710muxd] 2414:extract_frames(): write() returned. Written 6/6 bytes of frame to /dev/pts/1
06-17 14:13:00.770231   885  1026 D RILMUXD : [gsm0710muxd] 2419:extract_frames(): fsync() failed (-1, 22 - Invalid argument)
06-17 14:13:00.770276  1040  9806 I AT      : AT read end: 6
06-17 14:13:00.770295  1040  9806 D AT      : AT< OK
06-17 14:13:00.770315  1040  9806 D AT      : RIL_CMD_READER_1 Enter processLine:OK
06-17 14:13:00.770347  1040  9806 I AT      : AT read start
06-17 14:13:00.770410  1040  1052 D AT      : response received on RIL_CMD_READER_1, tid:548028556352
06-17 14:13:00.770440  1040  1052 D RIL     : Get operator code 46000
06-17 14:13:00.770466  1040  1052 D RIL     : Get ril_nw_nitzName_mutex in the getOperatorNamesFromNumericCode
06-17 14:13:00.770489  1040  1052 D RILC    : RequestComplete, RIL_SOCKET_1
06-17 14:13:00.770518  1040  1052 I RILC    : isSvlteSupport: 0
06-17 14:13:00.770537  1040  1052 I RILC    : isSrlteSupport: 1
06-17 14:13:00.770580  1040  1052 E RILC    : Send Response to RIL_SOCKET_1
06-17 14:13:00.770640  1040  1052 D RILC-MTK: proxyLoop free  pRI=0x7f9a04cc00 p=0x7f9a05b940 
06-17 14:13:00.770665  1040  1052 D RILC-MTK: proxyLoop free  pRequest=0x7f975fc620
06-17 14:13:00.770685  1040  1052 D RILC-MTK: proxy id:1, proxyName: RIL_CMD_PROXY_3
06-17 14:13:00.770708  1040  1052 D RILC-MTK: DATA_REGISTRATION_STATE pRI=0x7f9a04cc90 p=0x7f9a05b9b0 execute on RIL_CMD_PROXY_3 using channel 1
06-17 14:13:00.770729  1040  1052 D RILC    : callOnRequest for new vendor ril
06-17 14:13:00.770750  1040  1052 D RIL     : onRequest: DATA_REGISTRATION_STATE, datalen = 0
06-17 14:13:00.770769  1040  1052 D RIL     : radioState:10
06-17 14:13:00.770767  1093  1100 D RfxMainThread: enqueueMessage(), mainHandler = 0x7f9713d6e0, msg = [type=RESPONSE, source=GSM, dest=GSM, pId=OPERATOR(22), pToken=18350, id=OPERATOR(22), token=24470, slotId=0,             error = 0, pTimeStamp =  1404500352, isWrongC2KResponse = 0]
06-17 14:13:00.770802  1040  1052 D RIL     : request gprs reg state: normal case
06-17 14:13:00.770826  1040  1052 D AT      : AT send on RIL_CMD_READER_1, tid:548028556352
06-17 14:13:00.770845  1040  1052 D AT      : AT> AT+CGREG?
06-17 14:13:00.770852  1093  1097 D RfxMainThread: handle msg begin, mainHandler = 0x7f9713d6e0
06-17 14:13:00.770864  1040  1052 I AT      : AT write start
06-17 14:13:00.770899  1040  1052 I AT      : AT write end, errno = 9, length = 10
06-17 14:13:00.770920  1093  1097 D RfxRootController: processMessage() msg = [type=RESPONSE, source=GSM, dest=GSM, pId=OPERATOR(22), pToken=18350, id=OPERATOR(22), token=24470, slotId=0,             error = 0, pTimeStamp =  1404500352, isWrongC2KResponse = 0]
06-17 14:13:00.770951  1093  1097 D RfxRootController: processMessage() handler = 0x7f97119000, RpNwStateController
06-17 14:13:00.770988   885  9707 D RILMUXD : [gsm0710muxd] 3630:poll_thread(): poll_thread select found
06-17 14:13:00.771026   885  9707 D RILMUXD : [gsm0710muxd] 1050:pseudo_device_read(): Enter, LackofAtciChannel=0
06-17 14:13:00.771063   885  9707 D RILMUXD : [gsm0710muxd] 657:write_frame(): Sending frame to channel 3
06-17 14:13:00.771063  1093  1097 D RfxRilAdapter: responseToRilj send Response done (slotId=0, pToken=18350, pId=22, dataSize=64)
06-17 14:13:00.771129   885  9707 D RILMUXD : [gsm0710muxd] 772:write_frame(): Write a frame on channel 3 with length 10
06-17 14:13:00.771267  2544  2756 D RILJ    : [1998]< OPERATOR {46000, 46000, 46000} [SUB0]
06-17 14:13:00.771400  2544  2544 D GsmSST  : [GsmSST0] handle EVENT_POLL_STATE_OPERATOR
06-17 14:13:00.771433  2544  2544 E GsmSST  : [GsmSST0] handlePollStateResult return due to (ar.userObj != mPollingContext)
06-17 14:13:00.771457  2544  2544 D GsmSST  : [GsmSST0] handleMessage msg done
06-17 14:13:00.772655   885  1026 D RILMUXD : [gsm0710muxd] 1649:gsm0710_base_buffer_get_frame(): Get a complete frame. ch:3, ctrl:239, len:44
06-17 14:13:00.772701   885  1026 D RILMUXD : [gsm0710muxd] 2394:extract_frames(): Writing 44 byte frame received on channel 3 to /dev/pts/1
06-17 14:13:00.772748   885  1026 D RILMUXD : [gsm0710muxd] 2414:extract_frames(): write() returned. Written 44/44 bytes of frame to /dev/pts/1
06-17 14:13:00.772777   885  1026 D RILMUXD : [gsm0710muxd] 2419:extract_frames(): fsync() failed (-1, 22 - Invalid argument)
06-17 14:13:00.772884  1040  9806 I AT      : AT read end: 44
06-17 14:13:00.772913  1040  9806 D AT      : AT< +CGREG: 3,1,"18BE","0192D32B",7,"00",0,0
06-17 14:13:00.772936  1040  9806 D AT      : RIL_CMD_READER_1 Enter processLine:+CGREG: 3,1,"18BE","0192D32B",7,"00",0,0
06-17 14:13:00.772964  1040  9806 I AT      : AT read start
06-17 14:13:00.773236   885  1026 D RILMUXD : [gsm0710muxd] 1649:gsm0710_base_buffer_get_frame(): Get a complete frame. ch:3, ctrl:239, len:6
06-17 14:13:00.773277   885  1026 D RILMUXD : [gsm0710muxd] 2394:extract_frames(): Writing 6 byte frame received on channel 3 to /dev/pts/1
06-17 14:13:00.773321   885  1026 D RILMUXD : [gsm0710muxd] 2414:extract_frames(): write() returned. Written 6/6 bytes of frame to /dev/pts/1
06-17 14:13:00.773349   885  1026 D RILMUXD : [gsm0710muxd] 2419:extract_frames(): fsync() failed (-1, 22 - Invalid argument)
06-17 14:13:00.773410  1040  9806 I AT      : AT read end: 6
06-17 14:13:00.773437  1040  9806 D AT      : AT< OK
06-17 14:13:00.773459  1040  9806 D AT      : RIL_CMD_READER_1 Enter processLine:OK
06-17 14:13:00.773499  1040  9806 I AT      : AT read start
06-17 14:13:00.773540  1040  1052 D AT      : response received on RIL_CMD_READER_1, tid:548028556352
06-17 14:13:00.773570  1040  1052 D RIL     : convertRegState() uiRegState=1 , uiRet=1 
06-17 14:13:00.773590  1040  1052 E RIL     : The value in the field <lac> :0
06-17 14:13:00.773612  1040  1052 D RIL     : cid: 26399531
06-17 14:13:00.773630  1040  1052 E RIL     : The value of act: 7
06-17 14:13:00.773647  1040  1052 D RIL     : cause_type: 0
06-17 14:13:00.773667  1040  1052 D RIL     : reject_cause: 0
06-17 14:13:00.773694  1040  1052 D AT      : AT send on RIL_CMD_READER_1, tid:548028556352
06-17 14:13:00.773712  1040  1052 D AT      : AT> AT+PSBEARER?
06-17 14:13:00.773730  1040  1052 I AT      : AT write start
06-17 14:13:00.773765  1040  1052 I AT      : AT write end, errno = 9, length = 13
06-17 14:13:00.773847   885  9707 D RILMUXD : [gsm0710muxd] 3630:poll_thread(): poll_thread select found
06-17 14:13:00.773884   885  9707 D RILMUXD : [gsm0710muxd] 1050:pseudo_device_read(): Enter, LackofAtciChannel=0
06-17 14:13:00.773917   885  9707 D RILMUXD : [gsm0710muxd] 657:write_frame(): Sending frame to channel 3
06-17 14:13:00.773975   885  9707 D RILMUXD : [gsm0710muxd] 772:write_frame(): Write a frame on channel 3 with length 13
06-17 14:13:00.774699   885  1026 D RILMUXD : [gsm0710muxd] 1649:gsm0710_base_buffer_get_frame(): Get a complete frame. ch:3, ctrl:239, len:22
06-17 14:13:00.774761   885  1026 D RILMUXD : [gsm0710muxd] 2394:extract_frames(): Writing 22 byte frame received on channel 3 to /dev/pts/1
06-17 14:13:00.774822   885  1026 D RILMUXD : [gsm0710muxd] 2414:extract_frames(): write() returned. Written 22/22 bytes of frame to /dev/pts/1
06-17 14:13:00.774852   885  1026 D RILMUXD : [gsm0710muxd] 2419:extract_frames(): fsync() failed (-1, 22 - Invalid argument)
06-17 14:13:00.774928  1040  9806 I AT      : AT read end: 22
06-17 14:13:00.774957  1040  9806 D AT      : AT< +PSBEARER: 4096, 3
06-17 14:13:00.774977  1040  9806 D AT      : RIL_CMD_READER_1 Enter processLine:+PSBEARER: 4096, 3
06-17 14:13:00.775007  1040  9806 I AT      : AT read start
06-17 14:13:00.775105   885  1026 D RILMUXD : [gsm0710muxd] 1649:gsm0710_base_buffer_get_frame(): Get a complete frame. ch:3, ctrl:239, len:6
06-17 14:13:00.775136   885  1026 D RILMUXD : [gsm0710muxd] 2394:extract_frames(): Writing 6 byte frame received on channel 3 to /dev/pts/1
06-17 14:13:00.775176   885  1026 D RILMUXD : [gsm0710muxd] 2414:extract_frames(): write() returned. Written 6/6 bytes of frame to /dev/pts/1
06-17 14:13:00.775203   885  1026 D RILMUXD : [gsm0710muxd] 2419:extract_frames(): fsync() failed (-1, 22 - Invalid argument)
06-17 14:13:00.775251  1040  9806 I AT      : AT read end: 6
06-17 14:13:00.775271  1040  9806 D AT      : AT< OK
06-17 14:13:00.775290  1040  9806 D AT      : RIL_CMD_READER_1 Enter processLine:OK
06-17 14:13:00.775325  1040  9806 I AT      : AT read start
06-17 14:13:00.775345  1040  1052 D AT      : response received on RIL_CMD_READER_1, tid:548028556352
06-17 14:13:00.775389  1040  1052 E RIL     : rid: 0
06-17 14:13:00.775410  1040  1052 D RIL     : RestrictedStateChanged: 0
06-17 14:13:00.775431  1040  1052 D RIL     : isSimInserted(): rid: 0, sim_inserted_status: 1
06-17 14:13:00.775450  1040  1052 D RIL     : isSimInserted(): pivotSim = 1 ,1
06-17 14:13:00.775467  1040  1052 D RIL     : isSimInserted(): simInserted = 1
06-17 14:13:00.775488  1040  1052 D RILC    : RequestComplete, RIL_SOCKET_1
06-17 14:13:00.775541  1040  1052 I RILC    : isSvlteSupport: 0
06-17 14:13:00.775563  1040  1052 I RILC    : isSrlteSupport: 1
06-17 14:13:00.775607  1040  1052 E RILC    : Send Response to RIL_SOCKET_1
06-17 14:13:00.775683  1040  1052 D RILC-MTK: proxyLoop free  pRI=0x7f9a04cc90 p=0x7f9a05b9b0 
06-17 14:13:00.775705  1040  1052 D RILC-MTK: proxyLoop free  pRequest=0x7f975fc640
06-17 14:13:00.775730  1040  1052 D RILC-MTK: proxy id:1, proxyName: RIL_CMD_PROXY_3
06-17 14:13:00.775753  1040  1052 D RILC-MTK: VOICE_REGISTRATION_STATE pRI=0x7f9a04cd50 p=0x7f9a0596b0 execute on RIL_CMD_PROXY_3 using channel 1
06-17 14:13:00.775774  1040  1052 D RILC    : callOnRequest for new vendor ril
06-17 14:13:00.775794  1093  1100 D RfxMainThread: enqueueMessage(), mainHandler = 0x7f9713d4a0, msg = [type=RESPONSE, source=GSM, dest=GSM, pId=DATA_REGISTRATION_STATE(21), pToken=18351, id=DATA_REGISTRATION_STATE(21), token=24471, slotId=0,             error = 0, pTimeStamp =  1406185890, isWrongC2KResponse = 0]
06-17 14:13:00.775794  1040  1052 D RIL     : onRequest: VOICE_REGISTRATION_STATE, datalen = 0
06-17 14:13:00.775843  1040  1052 D RIL     : radioState:10
06-17 14:13:00.775873  1040  1052 D AT      : AT send on RIL_CMD_READER_1, tid:548028556352
06-17 14:13:00.775893  1040  1052 D AT      : AT> AT+CREG?
06-17 14:13:00.775899  1093  1097 D RfxMainThread: handle msg begin, mainHandler = 0x7f9713d4a0
06-17 14:13:00.775913  1040  1052 I AT      : AT write start
06-17 14:13:00.775966  1040  1052 I AT      : AT write end, errno = 9, length = 9
06-17 14:13:00.775970  1093  1097 D RfxRootController: processMessage() msg = [type=RESPONSE, source=GSM, dest=GSM, pId=DATA_REGISTRATION_STATE(21), pToken=18351, id=DATA_REGISTRATION_STATE(21), token=24471, slotId=0,             error = 0, pTimeStamp =  1406185890, isWrongC2KResponse = 0]
06-17 14:13:00.776002  1093  1097 D RfxRootController: processMessage() handler = 0x7f97119000, RpNwStateController
06-17 14:13:00.776056   885  9707 D RILMUXD : [gsm0710muxd] 3630:poll_thread(): poll_thread select found
06-17 14:13:00.776096   885  9707 D RILMUXD : [gsm0710muxd] 1050:pseudo_device_read(): Enter, LackofAtciChannel=0
06-17 14:13:00.776105  1093  1097 D RfxRilAdapter: responseToRilj send Response done (slotId=0, pToken=18351, pId=21, dataSize=88)
06-17 14:13:00.776129   885  9707 D RILMUXD : [gsm0710muxd] 657:write_frame(): Sending frame to channel 3
06-17 14:13:00.776189   885  9707 D RILMUXD : [gsm0710muxd] 772:write_frame(): Write a frame on channel 3 with length 9
06-17 14:13:00.776280  2544  2756 D RILJ    : [1999]< DATA_REGISTRATION_STATE {1, 18be, 192d32b, 14, 0, 9} [SUB0]
06-17 14:13:00.776400  2544  2544 D GsmSST  : [GsmSST0] handle EVENT_POLL_STATE_GPRS
06-17 14:13:00.776455  2544  2544 E GsmSST  : [GsmSST0] handlePollStateResult return due to (ar.userObj != mPollingContext)
06-17 14:13:00.776478  2544  2544 D GsmSST  : [GsmSST0] handleMessage msg done
06-17 14:13:00.777731   885  1026 D RILMUXD : [gsm0710muxd] 1649:gsm0710_base_buffer_get_frame(): Get a complete frame. ch:3, ctrl:239, len:38
06-17 14:13:00.777780   885  1026 D RILMUXD : [gsm0710muxd] 2394:extract_frames(): Writing 38 byte frame received on channel 3 to /dev/pts/1
06-17 14:13:00.777830   885  1026 D RILMUXD : [gsm0710muxd] 2414:extract_frames(): write() returned. Written 38/38 bytes of frame to /dev/pts/1
06-17 14:13:00.777859   885  1026 D RILMUXD : [gsm0710muxd] 2419:extract_frames(): fsync() failed (-1, 22 - Invalid argument)
06-17 14:13:00.777942  1040  9806 I AT      : AT read end: 38
06-17 14:13:00.777973  1040  9806 D AT      : AT< +CREG: 3,1,"18BE","0192D32B",7,0,0
06-17 14:13:00.777994  1040  9806 D AT      : RIL_CMD_READER_1 Enter processLine:+CREG: 3,1,"18BE","0192D32B",7,0,0
06-17 14:13:00.778020  1040  9806 I AT      : AT read start
06-17 14:13:00.778173   885  1026 D RILMUXD : [gsm0710muxd] 1649:gsm0710_base_buffer_get_frame(): Get a complete frame. ch:3, ctrl:239, len:6
06-17 14:13:00.778209   885  1026 D RILMUXD : [gsm0710muxd] 2394:extract_frames(): Writing 6 byte frame received on channel 3 to /dev/pts/1
06-17 14:13:00.778251   885  1026 D RILMUXD : [gsm0710muxd] 2414:extract_frames(): write() returned. Written 6/6 bytes of frame to /dev/pts/1
06-17 14:13:00.778279   885  1026 D RILMUXD : [gsm0710muxd] 2419:extract_frames(): fsync() failed (-1, 22 - Invalid argument)
06-17 14:13:00.778332  1040  9806 I AT      : AT read end: 6
06-17 14:13:00.778353  1040  9806 D AT      : AT< OK
06-17 14:13:00.778373  1040  9806 D AT      : RIL_CMD_READER_1 Enter processLine:OK
06-17 14:13:00.778410  1040  9806 I AT      : AT read start
06-17 14:13:00.778431  1040  1052 D AT      : response received on RIL_CMD_READER_1, tid:548028556352
06-17 14:13:00.778464  1040  1052 D RIL     : convertRegState() uiRegState=1 , uiRet=1 
06-17 14:13:00.778485  1040  1052 E RIL     : The value in the field <lac> :0
06-17 14:13:00.778505  1040  1052 D RIL     : cid: 26399531
06-17 14:13:00.778523  1040  1052 E RIL     : The value of act: 7
06-17 14:13:00.778540  1040  1052 D RIL     : cause_type: 0
06-17 14:13:00.778592  1040  1052 D RIL     : reject_cause: 0
06-17 14:13:00.778633  1040  1052 E RIL     : rid: 0
06-17 14:13:00.778652  1040  1052 D RIL     : RestrictedStateChanged: 0
06-17 14:13:00.778673  1040  1052 D RIL     : isSimInserted(): rid: 0, sim_inserted_status: 1
06-17 14:13:00.778692  1040  1052 D RIL     : isSimInserted(): pivotSim = 1 ,1
06-17 14:13:00.778710  1040  1052 D RIL     : isSimInserted(): simInserted = 1
06-17 14:13:00.778731  1040  1052 D RIL     : convertToRilRegState() uiRegState=1 , uiRet=1 
06-17 14:13:00.778754  1040  1052 D RILC    : RequestComplete, RIL_SOCKET_1
06-17 14:13:00.778782  1040  1052 I RILC    : isSvlteSupport: 0
06-17 14:13:00.778801  1040  1052 I RILC    : isSrlteSupport: 1
06-17 14:13:00.778846  1040  1052 E RILC    : Send Response to RIL_SOCKET_1
06-17 14:13:00.778919  1040  1052 D RILC-MTK: proxyLoop free  pRI=0x7f9a04cd50 p=0x7f9a0596b0 
06-17 14:13:00.778957  1040  1052 D RILC-MTK: proxyLoop free  pRequest=0x7f975fc8e0
06-17 14:13:00.778978  1040  1052 D RILC-MTK: proxy id:1, proxyName: RIL_CMD_PROXY_3
06-17 14:13:00.779002  1040  1052 D RILC-MTK: QUERY_NETWORK_SELECTION_MODE pRI=0x7f9a04cde0 p=0x7f9a059aa0 execute on RIL_CMD_PROXY_3 using channel 1
06-17 14:13:00.779024  1040  1052 D RILC    : callOnRequest for new vendor ril
06-17 14:13:00.779044  1040  1052 D RIL     : onRequest: QUERY_NETWORK_SELECTION_MODE, datalen = 0
06-17 14:13:00.779062  1040  1052 D RIL     : radioState:10
06-17 14:13:00.779055  1093  1100 D RfxMainThread: enqueueMessage(), mainHandler = 0x7f9713d600, msg = [type=RESPONSE, source=GSM, dest=GSM, pId=VOICE_REGISTRATION_STATE(20), pToken=18352, id=VOICE_REGISTRATION_STATE(20), token=24472, slotId=0,             error = 0, pTimeStamp =  1408046352, isWrongC2KResponse = 0]
06-17 14:13:00.779093  1040  1052 D AT      : AT send on RIL_CMD_READER_1, tid:548028556352
06-17 14:13:00.779113  1040  1052 D AT      : AT> AT+COPS?
06-17 14:13:00.779133  1040  1052 I AT      : AT write start
06-17 14:13:00.779154  1093  1097 D RfxMainThread: handle msg begin, mainHandler = 0x7f9713d600
06-17 14:13:00.779173  1040  1052 I AT      : AT write end, errno = 9, length = 9
06-17 14:13:00.779220  1093  1097 D RfxRootController: processMessage() msg = [type=RESPONSE, source=GSM, dest=GSM, pId=VOICE_REGISTRATION_STATE(20), pToken=18352, id=VOICE_REGISTRATION_STATE(20), token=24472, slotId=0,             error = 0, pTimeStamp =  1408046352, isWrongC2KResponse = 0]
06-17 14:13:00.779250  1093  1097 D RfxRootController: processMessage() handler = 0x7f97119000, RpNwStateController
06-17 14:13:00.779281   885  9707 D RILMUXD : [gsm0710muxd] 3630:poll_thread(): poll_thread select found
06-17 14:13:00.779322   885  9707 D RILMUXD : [gsm0710muxd] 1050:pseudo_device_read(): Enter, LackofAtciChannel=0
06-17 14:13:00.779337  1093  1097 D RfxRilAdapter: responseToRilj send Response done (slotId=0, pToken=18352, pId=20, dataSize=152)
06-17 14:13:00.779359   885  9707 D RILMUXD : [gsm0710muxd] 657:write_frame(): Sending frame to channel 3
06-17 14:13:00.779419   885  9707 D RILMUXD : [gsm0710muxd] 772:write_frame(): Write a frame on channel 3 with length 9
06-17 14:13:00.779684  2544  2756 D RILJ    : [2000]< VOICE_REGISTRATION_STATE {1, 18be, 192d32b, 14, , , , , , , , , , 0} [SUB0]
06-17 14:13:00.779810  2544  2544 D GsmSST  : [GsmSST0] handle EVENT_POLL_STATE_REGISTRATION
06-17 14:13:00.779853  2544  2544 E GsmSST  : [GsmSST0] handlePollStateResult return due to (ar.userObj != mPollingContext)
06-17 14:13:00.779877  2544  2544 D GsmSST  : [GsmSST0] handleMessage msg done
06-17 14:13:00.780760   885  1026 D RILMUXD : [gsm0710muxd] 1649:gsm0710_base_buffer_get_frame(): Get a complete frame. ch:3, ctrl:239, len:24
06-17 14:13:00.780806   885  1026 D RILMUXD : [gsm0710muxd] 2394:extract_frames(): Writing 24 byte frame received on channel 3 to /dev/pts/1
06-17 14:13:00.780856   885  1026 D RILMUXD : [gsm0710muxd] 2414:extract_frames(): write() returned. Written 24/24 bytes of frame to /dev/pts/1
06-17 14:13:00.780885   885  1026 D RILMUXD : [gsm0710muxd] 2419:extract_frames(): fsync() failed (-1, 22 - Invalid argument)
06-17 14:13:00.780961  1040  9806 I AT      : AT read end: 24
06-17 14:13:00.780991  1040  9806 D AT      : AT< +COPS: 0,2,"46000",7
06-17 14:13:00.781012  1040  9806 D AT      : RIL_CMD_READER_1 Enter processLine:+COPS: 0,2,"46000",7
06-17 14:13:00.781040  1040  9806 I AT      : AT read start
06-17 14:13:00.781168   885  1026 D RILMUXD : [gsm0710muxd] 1649:gsm0710_base_buffer_get_frame(): Get a complete frame. ch:3, ctrl:239, len:6
06-17 14:13:00.781198   885  1026 D RILMUXD : [gsm0710muxd] 2394:extract_frames(): Writing 6 byte frame received on channel 3 to /dev/pts/1
06-17 14:13:00.781236   885  1026 D RILMUXD : [gsm0710muxd] 2414:extract_frames(): write() returned. Written 6/6 bytes of frame to /dev/pts/1
06-17 14:13:00.781263   885  1026 D RILMUXD : [gsm0710muxd] 2419:extract_frames(): fsync() failed (-1, 22 - Invalid argument)
06-17 14:13:00.781342  1040  9806 I AT      : AT read end: 6
06-17 14:13:00.781363  1040  9806 D AT      : AT< OK
06-17 14:13:00.781382  1040  9806 D AT      : RIL_CMD_READER_1 Enter processLine:OK
06-17 14:13:00.781414  1040  9806 I AT      : AT read start
06-17 14:13:00.781431  1040  1052 D AT      : response received on RIL_CMD_READER_1, tid:548028556352
06-17 14:13:00.781463  1040  1052 D RILC    : RequestComplete, RIL_SOCKET_1
06-17 14:13:00.781492  1040  1052 I RILC    : isSvlteSupport: 0
06-17 14:13:00.781512  1040  1052 I RILC    : isSrlteSupport: 1
06-17 14:13:00.781546  1040  1052 E RILC    : Send Response to RIL_SOCKET_1
06-17 14:13:00.781602  1040  1052 D RILC-MTK: proxyLoop free  pRI=0x7f9a04cde0 p=0x7f9a059aa0 
06-17 14:13:00.781623  1040  1052 D RILC-MTK: proxyLoop free  pRequest=0x7f975fc900
06-17 14:13:00.781642  1040  1052 D RILC-MTK: proxy id:1, proxyName: RIL_CMD_PROXY_3
06-17 14:13:00.781664  1040  1052 D RILC-MTK: OPERATOR pRI=0x7f9a04c3f0 p=0x7f9a05b710 execute on RIL_CMD_PROXY_3 using channel 1
06-17 14:13:00.781685  1040  1052 D RILC    : callOnRequest for new vendor ril
06-17 14:13:00.781704  1040  1052 D RIL     : onRequest: OPERATOR, datalen = 0
06-17 14:13:00.781720  1040  1052 D RIL     : radioState:10
06-17 14:13:00.781746  1040  1052 D AT      : AT send on RIL_CMD_READER_1, tid:548028556352
06-17 14:13:00.781764  1040  1052 D AT      : AT> AT+COPS?
06-17 14:13:00.781847  1040  1052 I AT      : AT write start
06-17 14:13:00.781884  1040  1052 I AT      : AT write end, errno = 9, length = 9
06-17 14:13:00.782064  1093  1100 D RfxMainThread: enqueueMessage(), mainHandler = 0x7f9713d3e0, msg = [type=RESPONSE, source=GSM, dest=GSM, pId=QUERY_NETWORK_SELECTION_MODE(45), pToken=18353, id=QUERY_NETWORK_SELECTION_MODE(45), token=24473, slotId=0,             error = 0, pTimeStamp =  1409004429, isWrongC2KResponse = 0]
06-17 14:13:00.782154  1093  1097 D RfxMainThread: handle msg begin, mainHandler = 0x7f9713d3e0
06-17 14:13:00.782171   885  9707 D RILMUXD : [gsm0710muxd] 3630:poll_thread(): poll_thread select found
06-17 14:13:00.782205   885  9707 D RILMUXD : [gsm0710muxd] 1050:pseudo_device_read(): Enter, LackofAtciChannel=0
06-17 14:13:00.782225  1093  1097 D RfxRootController: processMessage() msg = [type=RESPONSE, source=GSM, dest=GSM, pId=QUERY_NETWORK_SELECTION_MODE(45), pToken=18353, id=QUERY_NETWORK_SELECTION_MODE(45), token=24473, slotId=0,             error = 0, pTimeStamp =  1409004429, isWrongC2KResponse = 0]
06-17 14:13:00.782238   885  9707 D RILMUXD : [gsm0710muxd] 657:write_frame(): Sending frame to channel 3
06-17 14:13:00.782251  1093  1097 D RfxRootController: processMessage() handler = NULL ==> response/urc
06-17 14:13:00.782293   885  9707 D RILMUXD : [gsm0710muxd] 772:write_frame(): Write a frame on channel 3 with length 9
06-17 14:13:00.782323  1093  1097 D RfxRilAdapter: responseToRilj send Response done (slotId=0, pToken=18353, pId=45, dataSize=20)
06-17 14:13:00.782461  2544  2756 D RILJ    : responseInts numInts=1 [SUB0]
06-17 14:13:00.782512  2544  2756 D RILJ    : responseInts response[0]=0 [SUB0]
06-17 14:13:00.782572  2544  2756 D RILJ    : [2001]< QUERY_NETWORK_SELECTION_MODE {0} [SUB0]
06-17 14:13:00.782668  2544  2544 D GsmSST  : [GsmSST0] handle EVENT_POLL_STATE_NETWORK_SELECTION_MODE
06-17 14:13:00.782699  2544  2544 E GsmSST  : [GsmSST0] handlePollStateResult return due to (ar.userObj != mPollingContext)
06-17 14:13:00.782724  2544  2544 D GsmSST  : [GsmSST0] handleMessage msg done
06-17 14:13:00.783818   885  1026 D RILMUXD : [gsm0710muxd] 1649:gsm0710_base_buffer_get_frame(): Get a complete frame. ch:3, ctrl:239, len:24
06-17 14:13:00.783859   885  1026 D RILMUXD : [gsm0710muxd] 2394:extract_frames(): Writing 24 byte frame received on channel 3 to /dev/pts/1
06-17 14:13:00.783911   885  1026 D RILMUXD : [gsm0710muxd] 2414:extract_frames(): write() returned. Written 24/24 bytes of frame to /dev/pts/1
06-17 14:13:00.783939   885  1026 D RILMUXD : [gsm0710muxd] 2419:extract_frames(): fsync() failed (-1, 22 - Invalid argument)
06-17 14:13:00.784073  1040  9806 I AT      : AT read end: 24
06-17 14:13:00.784101  1040  9806 D AT      : AT< +COPS: 0,2,"46000",7
06-17 14:13:00.784121  1040  9806 D AT      : RIL_CMD_READER_1 Enter processLine:+COPS: 0,2,"46000",7
06-17 14:13:00.784148  1040  9806 I AT      : AT read start
06-17 14:13:00.784240   885  1026 D RILMUXD : [gsm0710muxd] 1649:gsm0710_base_buffer_get_frame(): Get a complete frame. ch:3, ctrl:239, len:6
06-17 14:13:00.784271   885  1026 D RILMUXD : [gsm0710muxd] 2394:extract_frames(): Writing 6 byte frame received on channel 3 to /dev/pts/1
06-17 14:13:00.784310   885  1026 D RILMUXD : [gsm0710muxd] 2414:extract_frames(): write() returned. Written 6/6 bytes of frame to /dev/pts/1
06-17 14:13:00.784337   885  1026 D RILMUXD : [gsm0710muxd] 2419:extract_frames(): fsync() failed (-1, 22 - Invalid argument)
06-17 14:13:00.784531  1040  9806 I AT      : AT read end: 6
06-17 14:13:00.784561  1040  9806 D AT      : AT< OK
06-17 14:13:00.784582  1040  9806 D AT      : RIL_CMD_READER_1 Enter processLine:OK
06-17 14:13:00.784617  1040  9806 I AT      : AT read start
06-17 14:13:00.784667  1040  1052 D AT      : response received on RIL_CMD_READER_1, tid:548028556352
06-17 14:13:00.784701  1040  1052 D RIL     : Get operator code 46000
06-17 14:13:00.784728  1040  1052 D RIL     : Get ril_nw_nitzName_mutex in the getOperatorNamesFromNumericCode
06-17 14:13:00.784761  1040  1052 D RILC    : RequestComplete, RIL_SOCKET_1
06-17 14:13:00.784789  1040  1052 I RILC    : isSvlteSupport: 0
06-17 14:13:00.784807  1040  1052 I RILC    : isSrlteSupport: 1
06-17 14:13:00.784849  1040  1052 E RILC    : Send Response to RIL_SOCKET_1
06-17 14:13:00.784913  1040  1052 D RILC-MTK: proxyLoop free  pRI=0x7f9a04c3f0 p=0x7f9a05b710 
06-17 14:13:00.784942  1040  1052 D RILC-MTK: proxyLoop free  pRequest=0x7f975fc960
06-17 14:13:00.784962  1040  1052 D RILC-MTK: proxy id:1, proxyName: RIL_CMD_PROXY_3
06-17 14:13:00.784985  1040  1052 D RILC-MTK: DATA_REGISTRATION_STATE pRI=0x7f9a04c690 p=0x7f9a05b780 execute on RIL_CMD_PROXY_3 using channel 1
06-17 14:13:00.785005  1040  1052 D RILC    : callOnRequest for new vendor ril
06-17 14:13:00.785024  1040  1052 D RIL     : onRequest: DATA_REGISTRATION_STATE, datalen = 0
06-17 14:13:00.785040  1040  1052 D RIL     : radioState:10
06-17 14:13:00.785067  1040  1052 D RIL     : request gprs reg state: normal case
06-17 14:13:00.785090  1040  1052 D AT      : AT send on RIL_CMD_READER_1, tid:548028556352
06-17 14:13:00.785118  1040  1052 D AT      : AT> AT+CGREG?
06-17 14:13:00.785138  1040  1052 I AT      : AT write start
06-17 14:13:00.785175  1040  1052 I AT      : AT write end, errno = 9, length = 10
06-17 14:13:00.785180  1093  1100 D RfxMainThread: enqueueMessage(), mainHandler = 0x7f9713d5a0, msg = [type=RESPONSE, source=GSM, dest=GSM, pId=OPERATOR(22), pToken=18354, id=OPERATOR(22), token=24474, slotId=0,             error = 0, pTimeStamp =  1412309429, isWrongC2KResponse = 0]
06-17 14:13:00.785253   885  9707 D RILMUXD : [gsm0710muxd] 3630:poll_thread(): poll_thread select found
06-17 14:13:00.785287   885  9707 D RILMUXD : [gsm0710muxd] 1050:pseudo_device_read(): Enter, LackofAtciChannel=0
06-17 14:13:00.785320   885  9707 D RILMUXD : [gsm0710muxd] 657:write_frame(): Sending frame to channel 3
06-17 14:13:00.785378   885  9707 D RILMUXD : [gsm0710muxd] 772:write_frame(): Write a frame on channel 3 with length 10
06-17 14:13:00.785441  1093  1097 D RfxMainThread: handle msg begin, mainHandler = 0x7f9713d5a0
06-17 14:13:00.785512  1093  1097 D RfxRootController: processMessage() msg = [type=RESPONSE, source=GSM, dest=GSM, pId=OPERATOR(22), pToken=18354, id=OPERATOR(22), token=24474, slotId=0,             error = 0, pTimeStamp =  1412309429, isWrongC2KResponse = 0]
06-17 14:13:00.785548  1093  1097 D RfxRootController: processMessage() handler = 0x7f97119000, RpNwStateController
06-17 14:13:00.785632  1093  1097 D RfxRilAdapter: responseToRilj send Response done (slotId=0, pToken=18354, pId=22, dataSize=64)
06-17 14:13:00.785801  2544  2756 D RILJ    : [2002]< OPERATOR {46000, 46000, 46000} [SUB0]
06-17 14:13:00.785913  2544  2544 D GsmSST  : [GsmSST0] handle EVENT_POLL_STATE_OPERATOR
06-17 14:13:00.786631  2544  2544 D TelephonyManager: getTelephonyProperty prop value= 
06-17 14:13:00.786710  2544  2544 D RILJ    : lookupOperatorNameFromNetwork numeric= 46000,subId= 2,nitzOperatorNumeric= ,nitzOperatorName= null [SUB0]
06-17 14:13:00.786888   885  1026 D RILMUXD : [gsm0710muxd] 1649:gsm0710_base_buffer_get_frame(): Get a complete frame. ch:3, ctrl:239, len:44
06-17 14:13:00.786939   885  1026 D RILMUXD : [gsm0710muxd] 2394:extract_frames(): Writing 44 byte frame received on channel 3 to /dev/pts/1
06-17 14:13:00.786996   885  1026 D RILMUXD : [gsm0710muxd] 2414:extract_frames(): write() returned. Written 44/44 bytes of frame to /dev/pts/1
06-17 14:13:00.787030   885  1026 D RILMUXD : [gsm0710muxd] 2419:extract_frames(): fsync() failed (-1, 22 - Invalid argument)
06-17 14:13:00.787111  1040  9806 I AT      : AT read end: 44
06-17 14:13:00.787144  1040  9806 D AT      : AT< +CGREG: 3,1,"18BE","0192D32B",7,"00",0,0
06-17 14:13:00.787166  1040  9806 D AT      : RIL_CMD_READER_1 Enter processLine:+CGREG: 3,1,"18BE","0192D32B",7,"00",0,0
06-17 14:13:00.787192  1040  9806 I AT      : AT read start
06-17 14:13:00.787285  2544  2544 D GSMPhone: [GSMPhone] getMvnoPattern:Type = spn
06-17 14:13:00.787319   885  1026 D RILMUXD : [gsm0710muxd] 1649:gsm0710_base_buffer_get_frame(): Get a complete frame. ch:3, ctrl:239, len:6
06-17 14:13:00.787357   885  1026 D RILMUXD : [gsm0710muxd] 2394:extract_frames(): Writing 6 byte frame received on channel 3 to /dev/pts/1
06-17 14:13:00.787368  2544  2544 D SIMRecords: [SIMRecords] getSpNameInEfSpn(): CMCC (slot 0)
06-17 14:13:00.787400  2544  2544 D GSMPhone: [GSMPhone] getMvnoPattern: pattern = CMCC
06-17 14:13:00.787411   885  1026 D RILMUXD : [gsm0710muxd] 2414:extract_frames(): write() returned. Written 6/6 bytes of frame to /dev/pts/1
06-17 14:13:00.787441   885  1026 D RILMUXD : [gsm0710muxd] 2419:extract_frames(): fsync() failed (-1, 22 - Invalid argument)
06-17 14:13:00.787470  2544  2544 W SpnOverride: the result of searching mvnoOperName by EF_SPN: null
06-17 14:13:00.787519  2544  2544 W SpnOverride: getSpnByImsi(): mccmnc = 46000, imsi = 460001751537610, pattern = 2080120801xxx67xxxxx
06-17 14:13:00.787553  2544  2544 W SpnOverride: mvno match imsi = 46000460001751537610pattern = 2080120801xxx67xxxxx
06-17 14:13:00.787580  2544  2544 W SpnOverride: the result of searching mvnoOperName by IMSI: null
06-17 14:13:00.787611  2544  2544 D GSMPhone: [GSMPhone] getMvnoPattern:Type = pnn
06-17 14:13:00.787645  2544  2544 D SIMRecords: [SIMRecords] getFirstFullNameInEfPnn(): empty (slot 0)
06-17 14:13:00.787682  2544  2544 D SIMRecords: [SIMRecords] isOperatorMvnoForEfPnn(): mccmnc = 46000, pnn = null (slot 0)
06-17 14:13:00.787711  2544  2544 D GSMPhone: [GSMPhone] getMvnoPattern: pattern = null
06-17 14:13:00.787732  2544  2544 W SpnOverride: the result of searching mvnoOperName by EF_PNN: null
06-17 14:13:00.787754  2544  2544 D GSMPhone: [GSMPhone] getMvnoPattern:Type = gid
06-17 14:13:00.787782  2544  2544 D GSMPhone: [GSMPhone] getMvnoPattern: pattern = ffffffff
06-17 14:13:00.787810  2544  2544 W SpnOverride: the result of searching mvnoOperName by EF_GID1: null
06-17 14:13:00.787997  1040  9806 I AT      : AT read end: 6
06-17 14:13:00.788028  1040  9806 D AT      : AT< OK
06-17 14:13:00.788050  1040  9806 D AT      : RIL_CMD_READER_1 Enter processLine:OK
06-17 14:13:00.788084  1040  9806 I AT      : AT read start
06-17 14:13:00.788206  2544  2544 D TelephonyManager: getTelephonyProperty prop value= CMCC
06-17 14:13:00.788250  2544  2544 D SpnOverride: ctName:中国电信, simCarrierName:CMCC, subId:2
06-17 14:13:00.788339  2544  2544 D GsmSST  : [GsmSST0] EVENT_POLL_STATE_OPERATOR: OperatorLong use lookupOperatorName
06-17 14:13:00.788435  2544  2544 D use-Rlog/RLOG-GSM: updateOpAlphaLongForHK, oriOperatorLong= 中国移动 numeric= 46000, cdmaLteSupport = true, slotId = 0
06-17 14:13:00.788546  1040  1052 D AT      : response received on RIL_CMD_READER_1, tid:548028556352
06-17 14:13:00.788587  1040  1052 D RIL     : convertRegState() uiRegState=1 , uiRet=1 
06-17 14:13:00.788638  1040  1052 E RIL     : The value in the field <lac> :0
06-17 14:13:00.788664  1040  1052 D RIL     : cid: 26399531
06-17 14:13:00.788682  1040  1052 E RIL     : The value of act: 7
06-17 14:13:00.788700  1040  1052 D RIL     : cause_type: 0
06-17 14:13:00.788716  1040  1052 D RIL     : reject_cause: 0
06-17 14:13:00.788744  1040  1052 D AT      : AT send on RIL_CMD_READER_1, tid:548028556352
06-17 14:13:00.788762  1040  1052 D AT      : AT> AT+PSBEARER?
06-17 14:13:00.788780  1040  1052 I AT      : AT write start
06-17 14:13:00.788823  1040  1052 I AT      : AT write end, errno = 9, length = 13
06-17 14:13:00.789039   885  9707 D RILMUXD : [gsm0710muxd] 3630:poll_thread(): poll_thread select found
06-17 14:13:00.789086   885  9707 D RILMUXD : [gsm0710muxd] 1050:pseudo_device_read(): Enter, LackofAtciChannel=0
06-17 14:13:00.789123   885  9707 D RILMUXD : [gsm0710muxd] 657:write_frame(): Sending frame to channel 3
06-17 14:13:00.789188   885  9707 D RILMUXD : [gsm0710muxd] 772:write_frame(): Write a frame on channel 3 with length 13
06-17 14:13:00.789458  2544  2544 D TelephonyManager: getTelephonyProperty prop value= 
06-17 14:13:00.789565  2544  2544 D RILJ    : lookupOperatorNameFromNetwork numeric= 46000,subId= 2,nitzOperatorNumeric= ,nitzOperatorName= null [SUB0]
06-17 14:13:00.789947   885  1026 D RILMUXD : [gsm0710muxd] 1649:gsm0710_base_buffer_get_frame(): Get a complete frame. ch:3, ctrl:239, len:22
06-17 14:13:00.789981  2544  2544 D GSMPhone: [GSMPhone] getMvnoPattern:Type = spn
06-17 14:13:00.789999   885  1026 D RILMUXD : [gsm0710muxd] 2394:extract_frames(): Writing 22 byte frame received on channel 3 to /dev/pts/1
06-17 14:13:00.790037  2544  2544 D SIMRecords: [SIMRecords] getSpNameInEfSpn(): CMCC (slot 0)
06-17 14:13:00.790053   885  1026 D RILMUXD : [gsm0710muxd] 2414:extract_frames(): write() returned. Written 22/22 bytes of frame to /dev/pts/1
06-17 14:13:00.790061  2544  2544 D GSMPhone: [GSMPhone] getMvnoPattern: pattern = CMCC
06-17 14:13:00.790082   885  1026 D RILMUXD : [gsm0710muxd] 2419:extract_frames(): fsync() failed (-1, 22 - Invalid argument)
06-17 14:13:00.790090  2544  2544 W SpnOverride: the result of searching mvnoOperName by EF_SPN: null
06-17 14:13:00.790128  2544  2544 W SpnOverride: getSpnByImsi(): mccmnc = 46000, imsi = 460001751537610, pattern = 2080120801xxx67xxxxx
06-17 14:13:00.790158  1040  9806 I AT      : AT read end: 22
06-17 14:13:00.790165  2544  2544 W SpnOverride: mvno match imsi = 46000460001751537610pattern = 2080120801xxx67xxxxx
06-17 14:13:00.790190  2544  2544 W SpnOverride: the result of searching mvnoOperName by IMSI: null
06-17 14:13:00.790217  2544  2544 D GSMPhone: [GSMPhone] getMvnoPattern:Type = pnn
06-17 14:13:00.790186  1040  9806 D AT      : AT< +PSBEARER: 4096, 3
06-17 14:13:00.790248  1040  9806 D AT      : RIL_CMD_READER_1 Enter processLine:+PSBEARER: 4096, 3
06-17 14:13:00.790260  2544  2544 D SIMRecords: [SIMRecords] getFirstFullNameInEfPnn(): empty (slot 0)
06-17 14:13:00.790275  1040  9806 I AT      : AT read start
06-17 14:13:00.790288  2544  2544 D SIMRecords: [SIMRecords] isOperatorMvnoForEfPnn(): mccmnc = 46000, pnn = null (slot 0)
06-17 14:13:00.790313  2544  2544 D GSMPhone: [GSMPhone] getMvnoPattern: pattern = null
06-17 14:13:00.790334  2544  2544 W SpnOverride: the result of searching mvnoOperName by EF_PNN: null
06-17 14:13:00.790351   885  1026 D RILMUXD : [gsm0710muxd] 1649:gsm0710_base_buffer_get_frame(): Get a complete frame. ch:3, ctrl:239, len:6
06-17 14:13:00.790358  2544  2544 D GSMPhone: [GSMPhone] getMvnoPattern:Type = gid
06-17 14:13:00.790382   885  1026 D RILMUXD : [gsm0710muxd] 2394:extract_frames(): Writing 6 byte frame received on channel 3 to /dev/pts/1
06-17 14:13:00.790385  2544  2544 D GSMPhone: [GSMPhone] getMvnoPattern: pattern = ffffffff
06-17 14:13:00.790415  2544  2544 W SpnOverride: the result of searching mvnoOperName by EF_GID1: null
06-17 14:13:00.790427   885  1026 D RILMUXD : [gsm0710muxd] 2414:extract_frames(): write() returned. Written 6/6 bytes of frame to /dev/pts/1
06-17 14:13:00.790454   885  1026 D RILMUXD : [gsm0710muxd] 2419:extract_frames(): fsync() failed (-1, 22 - Invalid argument)
06-17 14:13:00.790509  1040  9806 I AT      : AT read end: 6
06-17 14:13:00.790528  1040  9806 D AT      : AT< OK
06-17 14:13:00.790547  1040  9806 D AT      : RIL_CMD_READER_1 Enter processLine:OK
06-17 14:13:00.790576  1040  9806 I AT      : AT read start
06-17 14:13:00.790624  1040  1052 D AT      : response received on RIL_CMD_READER_1, tid:548028556352
06-17 14:13:00.790664  1040  1052 E RIL     : rid: 0
06-17 14:13:00.790690  1040  1052 D RIL     : RestrictedStateChanged: 0
06-17 14:13:00.790711  1040  1052 D RIL     : isSimInserted(): rid: 0, sim_inserted_status: 1
06-17 14:13:00.790730  1040  1052 D RIL     : isSimInserted(): pivotSim = 1 ,1
06-17 14:13:00.790747  1040  1052 D RIL     : isSimInserted(): simInserted = 1
06-17 14:13:00.790776  1040  1052 D RILC    : RequestComplete, RIL_SOCKET_1
06-17 14:13:00.790810  1040  1052 I RILC    : isSvlteSupport: 0
06-17 14:13:00.790838  1040  1052 I RILC    : isSrlteSupport: 1
06-17 14:13:00.790877  1040  1052 E RILC    : Send Response to RIL_SOCKET_1
06-17 14:13:00.790940  1040  1052 D RILC-MTK: proxyLoop free  pRI=0x7f9a04c690 p=0x7f9a05b780 
06-17 14:13:00.790965  1040  1052 D RILC-MTK: proxyLoop free  pRequest=0x7f975fc060
06-17 14:13:00.790961  2544  2544 D TelephonyManager: getTelephonyProperty prop value= CMCC
06-17 14:13:00.790990  1040  1052 D RILC-MTK: proxy id:1, proxyName: RIL_CMD_PROXY_3
06-17 14:13:00.791012  2544  2544 D SpnOverride: ctName:中国电信, simCarrierName:CMCC, subId:2
06-17 14:13:00.791014  1040  1052 D RILC-MTK: VOICE_REGISTRATION_STATE pRI=0x7f9a04c870 p=0x7f9a05ba20 execute on RIL_CMD_PROXY_3 using channel 1
06-17 14:13:00.791040  1040  1052 D RILC    : callOnRequest for new vendor ril
06-17 14:13:00.791059  1040  1052 D RIL     : onRequest: VOICE_REGISTRATION_STATE, datalen = 0
06-17 14:13:00.791059  1093  1100 D RfxMainThread: enqueueMessage(), mainHandler = 0x7f9713d4a0, msg = [type=RESPONSE, source=GSM, dest=GSM, pId=DATA_REGISTRATION_STATE(21), pToken=18355, id=DATA_REGISTRATION_STATE(21), token=24475, slotId=0,             error = 0, pTimeStamp =  1414196583, isWrongC2KResponse = 0]
06-17 14:13:00.791079  1040  1052 D RIL     : radioState:10
06-17 14:13:00.791106  1040  1052 D AT      : AT send on RIL_CMD_READER_1, tid:548028556352
06-17 14:13:00.791127  1040  1052 D AT      : AT> AT+CREG?
06-17 14:13:00.791207  1093  1097 D RfxMainThread: handle msg begin, mainHandler = 0x7f9713d4a0
06-17 14:13:00.791230  1040  1052 I AT      : AT write start
06-17 14:13:00.791279  1040  1052 I AT      : AT write end, errno = 9, length = 9
06-17 14:13:00.791277  1093  1097 D RfxRootController: processMessage() msg = [type=RESPONSE, source=GSM, dest=GSM, pId=DATA_REGISTRATION_STATE(21), pToken=18355, id=DATA_REGISTRATION_STATE(21), token=24475, slotId=0,             error = 0, pTimeStamp =  1414196583, isWrongC2KResponse = 0]
06-17 14:13:00.791314  1093  1097 D RfxRootController: processMessage() handler = 0x7f97119000, RpNwStateController
06-17 14:13:00.791404  1093  1097 D RfxRilAdapter: responseToRilj send Response done (slotId=0, pToken=18355, pId=21, dataSize=88)
06-17 14:13:00.791599  2544  2756 D RILJ    : [2003]< DATA_REGISTRATION_STATE {1, 18be, 192d32b, 14, 0, 9} [SUB0]
06-17 14:13:00.791895   885  9707 D RILMUXD : [gsm0710muxd] 3630:poll_thread(): poll_thread select found
06-17 14:13:00.791945   885  9707 D RILMUXD : [gsm0710muxd] 1050:pseudo_device_read(): Enter, LackofAtciChannel=0
06-17 14:13:00.791992   885  9707 D RILMUXD : [gsm0710muxd] 657:write_frame(): Sending frame to channel 3
06-17 14:13:00.792084   885  9707 D RILMUXD : [gsm0710muxd] 772:write_frame(): Write a frame on channel 3 with length 9
06-17 14:13:00.792996   885  1026 D RILMUXD : [gsm0710muxd] 1649:gsm0710_base_buffer_get_frame(): Get a complete frame. ch:3, ctrl:239, len:38
06-17 14:13:00.793051   885  1026 D RILMUXD : [gsm0710muxd] 2394:extract_frames(): Writing 38 byte frame received on channel 3 to /dev/pts/1
06-17 14:13:00.793104   885  1026 D RILMUXD : [gsm0710muxd] 2414:extract_frames(): write() returned. Written 38/38 bytes of frame to /dev/pts/1
06-17 14:13:00.793134   885  1026 D RILMUXD : [gsm0710muxd] 2419:extract_frames(): fsync() failed (-1, 22 - Invalid argument)
06-17 14:13:00.793214  1040  9806 I AT      : AT read end: 38
06-17 14:13:00.793241  1040  9806 D AT      : AT< +CREG: 3,1,"18BE","0192D32B",7,0,0
06-17 14:13:00.793264  1040  9806 D AT      : RIL_CMD_READER_1 Enter processLine:+CREG: 3,1,"18BE","0192D32B",7,0,0
06-17 14:13:00.793296  1040  9806 I AT      : AT read start
06-17 14:13:00.793783   885  1026 D RILMUXD : [gsm0710muxd] 1649:gsm0710_base_buffer_get_frame(): Get a complete frame. ch:3, ctrl:239, len:6
06-17 14:13:00.793831   885  1026 D RILMUXD : [gsm0710muxd] 2394:extract_frames(): Writing 6 byte frame received on channel 3 to /dev/pts/1
06-17 14:13:00.793881   885  1026 D RILMUXD : [gsm0710muxd] 2414:extract_frames(): write() returned. Written 6/6 bytes of frame to /dev/pts/1
06-17 14:13:00.793909   885  1026 D RILMUXD : [gsm0710muxd] 2419:extract_frames(): fsync() failed (-1, 22 - Invalid argument)
06-17 14:13:00.793991  1040  9806 I AT      : AT read end: 6
06-17 14:13:00.794020  1040  9806 D AT      : AT< OK
06-17 14:13:00.794041  1040  9806 D AT      : RIL_CMD_READER_1 Enter processLine:OK
06-17 14:13:00.794077  1040  9806 I AT      : AT read start
06-17 14:13:00.794119  1040  1052 D AT      : response received on RIL_CMD_READER_1, tid:548028556352
06-17 14:13:00.794153  1040  1052 D RIL     : convertRegState() uiRegState=1 , uiRet=1 
06-17 14:13:00.794173  1040  1052 E RIL     : The value in the field <lac> :127
06-17 14:13:00.794195  1040  1052 D RIL     : cid: 26399531
06-17 14:13:00.794214  1040  1052 E RIL     : The value of act: 7
06-17 14:13:00.794230  1040  1052 D RIL     : cause_type: 0
06-17 14:13:00.794249  1040  1052 D RIL     : reject_cause: 0
06-17 14:13:00.794288  1040  1052 E RIL     : rid: 0
06-17 14:13:00.794307  1040  1052 D RIL     : RestrictedStateChanged: 0
06-17 14:13:00.794328  1040  1052 D RIL     : isSimInserted(): rid: 0, sim_inserted_status: 1
06-17 14:13:00.794346  1040  1052 D RIL     : isSimInserted(): pivotSim = 1 ,1
06-17 14:13:00.794368  1040  1052 D RIL     : isSimInserted(): simInserted = 1
06-17 14:13:00.794392  1040  1052 D RIL     : convertToRilRegState() uiRegState=1 , uiRet=1 
06-17 14:13:00.794416  1040  1052 D RILC    : RequestComplete, RIL_SOCKET_1
06-17 14:13:00.794444  1040  1052 I RILC    : isSvlteSupport: 0
06-17 14:13:00.794464  1040  1052 I RILC    : isSrlteSupport: 1
06-17 14:13:00.794508  1040  1052 E RILC    : Send Response to RIL_SOCKET_1
06-17 14:13:00.794576  1040  1052 D RILC-MTK: proxyLoop free  pRI=0x7f9a04c870 p=0x7f9a05ba20 
06-17 14:13:00.794597  1040  1052 D RILC-MTK: proxyLoop free  pRequest=0x7f975fc660
06-17 14:13:00.794620  1040  1052 D RILC-MTK: proxy id:1, proxyName: RIL_CMD_PROXY_3
06-17 14:13:00.794643  1040  1052 D RILC-MTK: QUERY_NETWORK_SELECTION_MODE pRI=0x7f9a04c8d0 p=0x7f9a05ba90 execute on RIL_CMD_PROXY_3 using channel 1
06-17 14:13:00.794663  1040  1052 D RILC    : callOnRequest for new vendor ril
06-17 14:13:00.794683  1040  1052 D RIL     : onRequest: QUERY_NETWORK_SELECTION_MODE, datalen = 0
06-17 14:13:00.794699  1040  1052 D RIL     : radioState:10
06-17 14:13:00.794699  1093  1100 D RfxMainThread: enqueueMessage(), mainHandler = 0x7f9713d600, msg = [type=RESPONSE, source=GSM, dest=GSM, pId=VOICE_REGISTRATION_STATE(20), pToken=18356, id=VOICE_REGISTRATION_STATE(20), token=24476, slotId=0,             error = 0, pTimeStamp =  1416511352, isWrongC2KResponse = 0]
06-17 14:13:00.794732  1040  1052 D AT      : AT send on RIL_CMD_READER_1, tid:548028556352
06-17 14:13:00.794752  1040  1052 D AT      : AT> AT+COPS?
06-17 14:13:00.794770  1040  1052 I AT      : AT write start
06-17 14:13:00.794814  1040  1052 I AT      : AT write end, errno = 9, length = 9
06-17 14:13:00.794995  1093  1097 D RfxMainThread: handle msg begin, mainHandler = 0x7f9713d600
06-17 14:13:00.795073  1093  1097 D RfxRootController: processMessage() msg = [type=RESPONSE, source=GSM, dest=GSM, pId=VOICE_REGISTRATION_STATE(20), pToken=18356, id=VOICE_REGISTRATION_STATE(20), token=24476, slotId=0,             error = 0, pTimeStamp =  1416511352, isWrongC2KResponse = 0]
06-17 14:13:00.795101  1093  1097 D RfxRootController: processMessage() handler = 0x7f97119000, RpNwStateController
06-17 14:13:00.795190  1093  1097 D RfxRilAdapter: responseToRilj send Response done (slotId=0, pToken=18356, pId=20, dataSize=152)
06-17 14:13:00.795279   885  9707 D RILMUXD : [gsm0710muxd] 3630:poll_thread(): poll_thread select found
06-17 14:13:00.795320   885  9707 D RILMUXD : [gsm0710muxd] 1050:pseudo_device_read(): Enter, LackofAtciChannel=0
06-17 14:13:00.795357   885  9707 D RILMUXD : [gsm0710muxd] 657:write_frame(): Sending frame to channel 3
06-17 14:13:00.795423   885  9707 D RILMUXD : [gsm0710muxd] 772:write_frame(): Write a frame on channel 3 with length 9
06-17 14:13:00.795624  2544  2544 D GsmSST  : [GsmSST0] EVENT_POLL_STATE_OPERATOR: OperatorShort use lookupOperatorName
06-17 14:13:00.795669  2544  2544 D GsmSST  : [GsmSST0] EVENT_POLL_STATE_OPERATOR: 中国移动, 中国移动
06-17 14:13:00.795693  2544  2756 D RILJ    : [2004]< VOICE_REGISTRATION_STATE {1, 18be, 192d32b, 14, , , , , , , , , , 0} [SUB0]
06-17 14:13:00.795701  2544  2544 D GsmSST  : [GsmSST0] updateLocatedPlmn(),previous plmn= 46000 ,update to: 46000
06-17 14:13:00.795763  2544  2544 D GsmSST  : [GsmSST0] handleMessage msg done
06-17 14:13:00.795816  2544  2544 D GsmSST  : [GsmSST0] handle EVENT_POLL_STATE_GPRS
06-17 14:13:00.795852  2544  2544 D GsmSST  : [GsmSST0] <mNewMaxDataCalls> 9
06-17 14:13:00.795914  2544  2544 D PHONE   : [ServiceState] setDataRegState=0
06-17 14:13:00.795972  2544  2544 D PHONE   : [ServiceState] setProprietaryDataRadioTechnology=0
06-17 14:13:00.795999  2544  2544 D PHONE   : [ServiceState] setDataRadioTechnology=14
06-17 14:13:00.796035  2544  2544 D GsmSST  : [GsmSST0] handlPollStateResultMessage: GsmSST setDataRegState=0 regState=1 dataRadioTechnology=14
06-17 14:13:00.796059  2544  2544 D GsmSST  : [GsmSST0] handleMessage msg done
06-17 14:13:00.796099  2544  2544 D GsmSST  : [GsmSST0] handle EVENT_POLL_STATE_REGISTRATION
06-17 14:13:00.796147  2544  2544 D GsmSST  : [GsmSST0] set voice reject cause to 0
06-17 14:13:00.796187  2544  2544 D GsmSST  : [GsmSST0] EVENT_POLL_STATE_REGISTRATION mSS getRilVoiceRadioTechnology:14, regState:1, NewSS RilVoiceRadioTechnology:14, lac:6334, cid:26399531
06-17 14:13:00.796230  2544  2544 D PHONE   : [ServiceState] setVoiceRegState=0
06-17 14:13:00.796250  2544  2544 E PHONE   : [ServiceState] setState deprecated use setVoiceRegState()
06-17 14:13:00.796353  2544  2544 D GsmSST  : [GsmSST0] regState = 1, isVoiceCapable = true, mEmergencyOnly = false
06-17 14:13:00.796380  2544  2544 D GsmSST  : [GsmSST0] states.length > 3
06-17 14:13:00.796406  2544  2544 D GsmSST  : [GsmSST0] handleMessage msg done
06-17 14:13:00.797311   885  1026 D RILMUXD : [gsm0710muxd] 1649:gsm0710_base_buffer_get_frame(): Get a complete frame. ch:3, ctrl:239, len:24
06-17 14:13:00.797376   885  1026 D RILMUXD : [gsm0710muxd] 2394:extract_frames(): Writing 24 byte frame received on channel 3 to /dev/pts/1
06-17 14:13:00.797434   885  1026 D RILMUXD : [gsm0710muxd] 2414:extract_frames(): write() returned. Written 24/24 bytes of frame to /dev/pts/1
06-17 14:13:00.797468   885  1026 D RILMUXD : [gsm0710muxd] 2419:extract_frames(): fsync() failed (-1, 22 - Invalid argument)
06-17 14:13:00.797676  1040  9806 I AT      : AT read end: 24
06-17 14:13:00.797717  1040  9806 D AT      : AT< +COPS: 0,2,"46000",7
06-17 14:13:00.797741  1040  9806 D AT      : RIL_CMD_READER_1 Enter processLine:+COPS: 0,2,"46000",7
06-17 14:13:00.797774  1040  9806 I AT      : AT read start
06-17 14:13:00.797834   885  1026 D RILMUXD : [gsm0710muxd] 1649:gsm0710_base_buffer_get_frame(): Get a complete frame. ch:3, ctrl:239, len:6
06-17 14:13:00.797870   885  1026 D RILMUXD : [gsm0710muxd] 2394:extract_frames(): Writing 6 byte frame received on channel 3 to /dev/pts/1
06-17 14:13:00.797918   885  1026 D RILMUXD : [gsm0710muxd] 2414:extract_frames(): write() returned. Written 6/6 bytes of frame to /dev/pts/1
06-17 14:13:00.797963   885  1026 D RILMUXD : [gsm0710muxd] 2419:extract_frames(): fsync() failed (-1, 22 - Invalid argument)
06-17 14:13:00.798040  1040  9806 I AT      : AT read end: 6
06-17 14:13:00.798062  1040  9806 D AT      : AT< OK
06-17 14:13:00.798082  1040  9806 D AT      : RIL_CMD_READER_1 Enter processLine:OK
06-17 14:13:00.798117  1040  9806 I AT      : AT read start
06-17 14:13:00.798161  1040  1052 D AT      : response received on RIL_CMD_READER_1, tid:548028556352
06-17 14:13:00.798196  1040  1052 D RILC    : RequestComplete, RIL_SOCKET_1
06-17 14:13:00.798314  1040  1052 I RILC    : isSvlteSupport: 0
