06-17 14:12:51.537813 13313 13313 D ActivityThread: SVC-SERVICE_ARGS handled : 0 / ServiceArgsData{token=android.os.BinderProxy@397dfd startId=29 args=Intent { cmp=com.android.providers.media/.MediaScannerService (has extras) }}
06-17 14:12:51.549121   425  1018 D NetlinkEvent: clear RA flag done
06-17 14:12:51.549321   425  1018 D SocketClient: SocketClient sendData done: 600 Iface linkstate wlan0 down
06-17 14:12:51.549930  1114  1254 D NetdConnector: RCV <- {600 Iface linkstate wlan0 down}
06-17 14:12:51.550697  1114  1132 D NetworkManagement: onEvent:600 Iface linkstate wlan0 down:5
06-17 14:12:51.579486  1114  1124 D ActivityManager: getContentProviderImpl: from caller=android.app.ApplicationThreadProxy@a4f731b (pid=4979, userId=0) to get content provider media cpr=ContentProviderRecord{ccdcddb u0 com.android.providers.media/.MediaProvider}
06-17 14:12:51.580711  4979  5228 D ActivityThread: holder:android.app.IActivityManager$ContentProviderHolder@6ad60bb, holder.provider:android.content.ContentProviderProxy@6ed59d8
06-17 14:12:51.581357 13313 13313 D ActivityThread: SVC-Calling onStartCommand: com.android.providers.media.MediaScannerService@b8beaf2, flags=0, startId=30
06-17 14:12:51.584398 13313 13313 D ActivityThread: SVC-SERVICE_ARGS handled : 0 / ServiceArgsData{token=android.os.BinderProxy@397dfd startId=30 args=Intent { cmp=com.android.providers.media/.MediaScannerService (has extras) }}
06-17 14:12:51.630032  1114  2624 D ActivityManager: getContentProviderImpl: from caller=android.app.ApplicationThreadProxy@ac86cb8 (pid=4979, userId=0) to get content provider media cpr=ContentProviderRecord{ccdcddb u0 com.android.providers.media/.MediaProvider}
06-17 14:12:51.631324  4979  5228 D ActivityThread: holder:android.app.IActivityManager$ContentProviderHolder@a718bf0, holder.provider:android.content.ContentProviderProxy@69be569
06-17 14:12:51.632200 13313 13313 D ActivityThread: SVC-Calling onStartCommand: com.android.providers.media.MediaScannerService@b8beaf2, flags=0, startId=31
06-17 14:12:51.634340 13313 13313 D ActivityThread: SVC-SERVICE_ARGS handled : 0 / ServiceArgsData{token=android.os.BinderProxy@397dfd startId=31 args=Intent { cmp=com.android.providers.media/.MediaScannerService (has extras) }}
06-17 14:12:51.675679  1114  1638 W PackageManager: checkUidPermission(): android.permission.REAL_GET_TASKS of 10173 is denied.
06-17 14:12:51.702644  1114  2621 D ActivityManager: getContentProviderImpl: from caller=android.app.ApplicationThreadProxy@6c68a91 (pid=4979, userId=0) to get content provider media cpr=ContentProviderRecord{ccdcddb u0 com.android.providers.media/.MediaProvider}
06-17 14:12:51.704585 13313 13313 D ActivityThread: SVC-Calling onStartCommand: com.android.providers.media.MediaScannerService@b8beaf2, flags=0, startId=32
06-17 14:12:51.705975  4979  5228 D ActivityThread: holder:android.app.IActivityManager$ContentProviderHolder@7407ac6, holder.provider:android.content.ContentProviderProxy@700ca87
06-17 14:12:51.710337 13313 13313 D ActivityThread: SVC-SERVICE_ARGS handled : 0 / ServiceArgsData{token=android.os.BinderProxy@397dfd startId=32 args=Intent { cmp=com.android.providers.media/.MediaScannerService (has extras) }}
06-17 14:12:51.724014  1114  1968 V ActivityManager: Broadcast sticky: Intent { act=android.intent.action.SIG_STR flg=0x20000010 (has extras) } ordered=false userid=-1 callerApp=ProcessRecord{60ef50d 1114:system/1000}
06-17 14:12:51.725862  1114  2626 W PackageManager: checkUidPermission(): android.permission.LOCAL_MAC_ADDRESS of 10203 is denied.
06-17 14:12:51.792766 13313 13313 D ActivityThread: SVC-Calling onStartCommand: com.android.providers.media.MediaScannerService@b8beaf2, flags=0, startId=33
06-17 14:12:51.793865  1114  1638 D ActivityManager: getContentProviderImpl: from caller=android.app.ApplicationThreadProxy@de75df6 (pid=4979, userId=0) to get content provider media cpr=ContentProviderRecord{ccdcddb u0 com.android.providers.media/.MediaProvider}
06-17 14:12:51.796534  4979  5228 D ActivityThread: holder:android.app.IActivityManager$ContentProviderHolder@718df4c, holder.provider:android.content.ContentProviderProxy@a686b95
06-17 14:12:51.798584 13313 13313 D ActivityThread: SVC-SERVICE_ARGS handled : 0 / ServiceArgsData{token=android.os.BinderProxy@397dfd startId=33 args=Intent { cmp=com.android.providers.media/.MediaScannerService (has extras) }}
06-17 14:12:51.841715  1114 21938 D ActivityManager: getContentProviderImpl: from caller=android.app.ApplicationThreadProxy@c6825f7 (pid=4979, userId=0) to get content provider media cpr=ContentProviderRecord{ccdcddb u0 com.android.providers.media/.MediaProvider}
06-17 14:12:51.845610  4979  5228 D ActivityThread: holder:android.app.IActivityManager$ContentProviderHolder@f77df02, holder.provider:android.content.ContentProviderProxy@988c013
06-17 14:12:51.845676 13313 13313 D ActivityThread: SVC-Calling onStartCommand: com.android.providers.media.MediaScannerService@b8beaf2, flags=0, startId=34
06-17 14:12:51.848568 13313 13313 D ActivityThread: SVC-SERVICE_ARGS handled : 0 / ServiceArgsData{token=android.os.BinderProxy@397dfd startId=34 args=Intent { cmp=com.android.providers.media/.MediaScannerService (has extras) }}
06-17 14:12:51.894045 13313 13313 D ActivityThread: SVC-UNBIND_SERVICE handled : 0 / BindServiceData{token=android.os.BinderProxy@397dfd intent=Intent { act=android.media.IMediaScannerService cmp=com.android.providers.media/.MediaScannerService }}
06-17 14:12:51.894191 13313 13313 D ActivityThread: SVC-Destroying service: com.android.providers.media.MediaScannerService@b8beaf2
06-17 14:12:51.895655 13313 13313 D ActivityThread: SVC-STOP_SERVICE handled : 0 / android.os.BinderProxy@397dfd
06-17 14:12:51.898168  1114  2621 D ActivityManager: getContentProviderImpl: from caller=android.app.ApplicationThreadProxy@7f39c64 (pid=4979, userId=0) to get content provider media cpr=ContentProviderRecord{ccdcddb u0 com.android.providers.media/.MediaProvider}
06-17 14:12:51.899506  4979  5228 D ActivityThread: holder:android.app.IActivityManager$ContentProviderHolder@4761e8b, holder.provider:android.content.ContentProviderProxy@e1b8b68
06-17 14:12:52.073026   425  1018 D NetlinkEvent: clear RA flag done
06-17 14:12:52.073158   425  1018 D SocketClient: SocketClient sendData done: 600 Iface linkstate wlan0 down
06-17 14:12:52.073367  1114  1254 D NetdConnector: RCV <- {600 Iface linkstate wlan0 down}
06-17 14:12:52.073863  1114  1132 D NetworkManagement: onEvent:600 Iface linkstate wlan0 down:5
06-17 14:12:52.074864  1114  1125 W PackageManager: checkUidPermission(): android.permission.PACKAGE_USAGE_STATS of 10177 is denied.
06-17 14:12:52.136209  1114  1249 D PowerManagerService: userActivityFromNative
06-17 14:12:52.136334  1114  1249 D PowerManagerService: userActivityNoUpdateLocked: eventTime=77349443, event=2, flags=0x0, uid=1000
06-17 14:12:52.136397  1114  1249 D PowerManagerNotifier: onUserActivity: event=2, uid=1000
06-17 14:12:52.136551  1114  1249 D PowerManagerService: updateUserActivitySummaryLocked: mWakefulness=Awake, mUserActivitySummary=0x1, nextTimeout=77402443 (in 52999 ms)
06-17 14:12:52.136664  1114  1249 D DisplayPowerController: requestPowerState: policy=BRIGHT, useProximitySensor=false, screenBrightness=102, screenAutoBrightnessAdjustment=1.0, brightnessSetByUser=true, useAutoBrightness=true, blockScreenOn=false, lowPowerMode=false, boostScreenBrightness=false, dozeScreenBrightness=-1, dozeScreenState=UNKNOWN, waitForNegativeProximity=false
06-17 14:12:52.136696  1114  1249 I PowerManagerService: setBrightness mButtonLight 0.
06-17 14:12:52.136738  1114  1249 D PowerManagerService: updateDisplayPowerStateLocked: mDisplayReady=true, policy=3, mWakefulness=1, mWakeLockSummary=0x1, mUserActivitySummary=0x1, mBootCompleted=true, mScreenBrightnessBoostInProgress=false
06-17 14:12:52.244048  1114  1968 D WindowManager: addWindowToListInOrderLocked: win=Window{2236382 u0 com.mediatek.mtklogger/com.mediatek.mtklogger.LogFolderListActivity} Callers=com.android.server.wm.WindowManagerService.addWindow:2726 com.android.server.wm.Session.addToDisplay:171 android.view.IWindowSession$Stub.onTransact:124 com.android.server.wm.Session.onTransact:133 
06-17 14:12:52.244147  1114  1968 V WindowManager: not Base app: Adding window Window{2236382 u0 com.mediatek.mtklogger/com.mediatek.mtklogger.LogFolderListActivity} at 8 of 11
06-17 14:12:52.244203  1114  1968 V WindowManager: Looking for focus: 11 = Window{87941fd u0 StatusBar}, flags=-2122055608, canReceive=false
06-17 14:12:52.244253  1114  1968 V WindowManager: findFocusedWindow: Found new focus @ 8 = Window{2236382 u0 com.mediatek.mtklogger/com.mediatek.mtklogger.LogFolderListActivity}
06-17 14:12:52.244871  1114  1968 V WindowManager: Changing focus from Window{e39cc04 u0 com.mediatek.mtklogger/com.mediatek.mtklogger.LogFolderListActivity} to Window{2236382 u0 com.mediatek.mtklogger/com.mediatek.mtklogger.LogFolderListActivity} Callers=com.android.server.wm.WindowManagerService.addWindow:2766 com.android.server.wm.Session.addToDisplay:171 android.view.IWindowSession$Stub.onTransact:124 com.android.server.wm.Session.onTransact:133 
06-17 14:12:52.244982  1114  1968 D WindowManager: Input focus has changed to Window{2236382 u0 com.mediatek.mtklogger/com.mediatek.mtklogger.LogFolderListActivity}
06-17 14:12:52.245456  1114  1135 I WindowManager: Focus moving from Window{e39cc04 u0 com.mediatek.mtklogger/com.mediatek.mtklogger.LogFolderListActivity} to Window{2236382 u0 com.mediatek.mtklogger/com.mediatek.mtklogger.LogFolderListActivity}
06-17 14:12:52.245502  1114  1135 I WindowManager: Gaining focus: Window{2236382 u0 com.mediatek.mtklogger/com.mediatek.mtklogger.LogFolderListActivity}
06-17 14:12:52.263387  1114  1684 W PackageManager: checkUidPermission(): android.permission.STATUS_BAR of 10126 is denied.
06-17 14:12:52.265749  1114  1684 V WindowManager: Looking for focus: 11 = Window{87941fd u0 StatusBar}, flags=-2122055608, canReceive=false
06-17 14:12:52.265841  1114  1684 V WindowManager: findFocusedWindow: Found new focus @ 8 = Window{2236382 u0 com.mediatek.mtklogger/com.mediatek.mtklogger.LogFolderListActivity}
06-17 14:12:52.304784  1114  1135 I WindowManager: Losing delayed focus: Window{e39cc04 u0 com.mediatek.mtklogger/com.mediatek.mtklogger.LogFolderListActivity}
06-17 14:12:52.310030  1114  1248 D AlarmManager:  whichBatch = -2
06-17 14:12:52.310146  1114  1248 D AlarmManager: set alarm to RTC 190810279
06-17 14:12:52.310368  1114  1248 D DataShapingService: Alarm manager openLteDataUpLinkGate: false
06-17 14:12:52.310395  1114  1248 V AlarmManager: openLteGateSuccess = false
06-17 14:12:52.310436  1114  1248 V AlarmManager: socktUnblockingTimeElapsed(ms): 263253 < mMinimumPeriod_BlockSocket: 300000
06-17 14:12:52.310509  1114  1248 D AlarmManager: wakeup alarm = Alarm{d96fac9 type 0 when 1497679972310 com.kingroot.kinguser}; package = com.kingroot.kinguserneedGrouping = true
06-17 14:12:52.310695  1114  1248 V ActivityManager: Broadcast: Intent { flg=0x114 cmp=com.kingroot.kinguser/com.kingroot.common.report.performance.mgr.AlarmBroadcast (has extras) } ordered=true userid=0 callerApp=null
06-17 14:12:52.311011  1114  1248 V ActivityManager_Broadcast: Enqueueing ordered broadcast BroadcastRecord{a2835ce u0 null}: prev had 0
06-17 14:12:52.311045  1114  1248 I ActivityManager_Broadcast: Enqueueing broadcast null
06-17 14:12:52.312303  1114  1248 V AlarmManager: sending alarm Alarm{d96fac9 type 0 when 1497679972310 com.kingroot.kinguser} success
06-17 14:12:52.312410  1114  1248 D PowerManagerService: acquireWakeLockInternal: lock=157690763, flags=0x1, tag="*alarm*", ws=WorkSource{10213}, uid=1000, pid=1114
06-17 14:12:52.312478  1114  1248 D PowerManagerService: updateWakeLockSummaryLocked: mWakefulness=Awake, mWakeLockSummary=0x1
06-17 14:12:52.312539  1114  1248 D PowerManagerService: updateUserActivitySummaryLocked: mWakefulness=Awake, mUserActivitySummary=0x1, nextTimeout=77402443 (in 52823 ms)
06-17 14:12:52.312625  1114  1248 D DisplayPowerController: requestPowerState: policy=BRIGHT, useProximitySensor=false, screenBrightness=102, screenAutoBrightnessAdjustment=1.0, brightnessSetByUser=true, useAutoBrightness=true, blockScreenOn=false, lowPowerMode=false, boostScreenBrightness=false, dozeScreenBrightness=-1, dozeScreenState=UNKNOWN, waitForNegativeProximity=false
06-17 14:12:52.312666  1114  1248 I PowerManagerService: setBrightness mButtonLight 0.
06-17 14:12:52.312704  1114  1248 D PowerManagerService: updateDisplayPowerStateLocked: mDisplayReady=true, policy=3, mWakefulness=1, mWakeLockSummary=0x1, mUserActivitySummary=0x1, mBootCompleted=true, mScreenBrightnessBoostInProgress=false
06-17 14:12:52.313468  1114  1248 D PowerManagerNotifier: onWakeLockAcquired: flags=1, tag="*alarm*", packageName=android, ownerUid=1000, ownerPid=1114, workSource=WorkSource{10213}
06-17 14:12:52.315552 10875 10875 D ActivityThread: BDC-Calling onReceive: intent=Intent { flg=0x114 cmp=com.kingroot.kinguser/com.kingroot.common.report.performance.mgr.AlarmBroadcast (has extras) }, receiver=com.kingroot.common.report.performance.mgr.AlarmBroadcast@f6b1c51
06-17 14:12:52.317405  1114  1114 D AlarmManager: onSendFinished begin
06-17 14:12:52.317604  1114  1114 D PowerManagerService: releaseWakeLockInternal: lock=157690763 [*alarm*], flags=0x0, total_time=5ms
06-17 14:12:52.317667  1114  1114 D PowerManagerNotifier: onWakeLockReleased: flags=1, tag="*alarm*", packageName=android, ownerUid=1000, ownerPid=1114, workSource=WorkSource{10213}
06-17 14:12:52.317750  1114  1114 D PowerManagerService: updateWakeLockSummaryLocked: mWakefulness=Awake, mWakeLockSummary=0x1
06-17 14:12:52.317811  1114  1114 D PowerManagerService: updateUserActivitySummaryLocked: mWakefulness=Awake, mUserActivitySummary=0x1, nextTimeout=77402443 (in 52817 ms)
06-17 14:12:52.317886  1114  1114 D DisplayPowerController: requestPowerState: policy=BRIGHT, useProximitySensor=false, screenBrightness=102, screenAutoBrightnessAdjustment=1.0, brightnessSetByUser=true, useAutoBrightness=true, blockScreenOn=false, lowPowerMode=false, boostScreenBrightness=false, dozeScreenBrightness=-1, dozeScreenState=UNKNOWN, waitForNegativeProximity=false
06-17 14:12:52.317916  1114  1114 I PowerManagerService: setBrightness mButtonLight 0.
06-17 14:12:52.317958  1114  1114 D PowerManagerService: updateDisplayPowerStateLocked: mDisplayReady=true, policy=3, mWakefulness=1, mWakeLockSummary=0x1, mUserActivitySummary=0x1, mBootCompleted=true, mScreenBrightnessBoostInProgress=false
06-17 14:12:52.320321 10875 10875 D ActivityThread: BDC-RECEIVER handled : 0 / ReceiverData{intent=Intent { flg=0x114 cmp=com.kingroot.kinguser/com.kingroot.common.report.performance.mgr.AlarmBroadcast (has extras) } packageName=com.kingroot.kinguser resultCode=0 resultData=null resultExtras=null}
06-17 14:12:52.448055  1114  2621 W PackageManager: checkUidPermission(): android.permission.REAL_GET_TASKS of 10179 is denied.
06-17 14:12:52.449134  1114  2618 W PackageManager: checkUidPermission(): android.permission.REAL_GET_TASKS of 10179 is denied.
06-17 14:12:52.475361  1114  1967 V ActivityManager: Broadcast: Intent { act=com.kingroot.master.action.NOTIFY_STATISTIC flg=0x10 pkg=com.kingroot.kinguser (has extras) } ordered=false userid=0 callerApp=ProcessRecord{8fefbfc 10875:com.kingroot.kinguser:service/u0a213}
06-17 14:12:52.476199  1114  1967 V ActivityManager_Broadcast: Enqueueing ordered broadcast BroadcastRecord{ed7dcef u0 com.kingroot.master.action.NOTIFY_STATISTIC}: prev had 0
06-17 14:12:52.476272  1114  1967 I ActivityManager_Broadcast: Enqueueing broadcast com.kingroot.master.action.NOTIFY_STATISTIC
06-17 14:12:52.479477  1114  4890 V ActivityManager: Broadcast: Intent { act=com.kingroot.master.action.NOTIFY_STATISTIC flg=0x10 pkg=com.kingroot.kinguser (has extras) } ordered=false userid=0 callerApp=ProcessRecord{8fefbfc 10875:com.kingroot.kinguser:service/u0a213}
06-17 14:12:52.479574 10875 10875 D ActivityThread: BDC-Calling onReceive: intent=Intent { act=com.kingroot.master.action.NOTIFY_STATISTIC flg=0x10 pkg=com.kingroot.kinguser cmp=com.kingroot.kinguser/com.kingroot.common.framework.broadcast.KSysBroadcastReceiver (has extras) }, receiver=com.kingroot.common.framework.broadcast.KSysBroadcastReceiver@ae1ecb6
06-17 14:12:52.480204 10875 10875 D ActivityThread: BDC-RECEIVER handled : 0 / ReceiverData{intent=Intent { act=com.kingroot.master.action.NOTIFY_STATISTIC flg=0x10 pkg=com.kingroot.kinguser cmp=com.kingroot.kinguser/com.kingroot.common.framework.broadcast.KSysBroadcastReceiver (has extras) } packageName=com.kingroot.kinguser resultCode=-1 resultData=null resultExtras=null}
06-17 14:12:52.480259  1114  4890 V ActivityManager_Broadcast: Enqueueing ordered broadcast BroadcastRecord{71413fc u0 com.kingroot.master.action.NOTIFY_STATISTIC}: prev had 1
06-17 14:12:52.480300  1114  4890 I ActivityManager_Broadcast: Enqueueing broadcast com.kingroot.master.action.NOTIFY_STATISTIC
06-17 14:12:52.483817 10875 10875 D ActivityThread: BDC-Calling onReceive: intent=Intent { act=com.kingroot.master.action.NOTIFY_STATISTIC flg=0x10 pkg=com.kingroot.kinguser cmp=com.kingroot.kinguser/com.kingroot.common.framework.broadcast.KSysBroadcastReceiver (has extras) }, receiver=com.kingroot.common.framework.broadcast.KSysBroadcastReceiver@3156db7
06-17 14:12:52.485973 10875 10875 D ActivityThread: BDC-RECEIVER handled : 0 / ReceiverData{intent=Intent { act=com.kingroot.master.action.NOTIFY_STATISTIC flg=0x10 pkg=com.kingroot.kinguser cmp=com.kingroot.kinguser/com.kingroot.common.framework.broadcast.KSysBroadcastReceiver (has extras) } packageName=com.kingroot.kinguser resultCode=-1 resultData=null resultExtras=null}
06-17 14:12:52.611280   425  1018 D NetlinkEvent: clear RA flag done
06-17 14:12:52.611865   425  1018 D SocketClient: SocketClient sendData done: 600 Iface linkstate wlan0 down
06-17 14:12:52.612124  1114  1254 D NetdConnector: RCV <- {600 Iface linkstate wlan0 down}
06-17 14:12:52.612574  1114  1132 D NetworkManagement: onEvent:600 Iface linkstate wlan0 down:5
06-17 14:12:52.625994  1114 18231 V ActivityManager: Broadcast: Intent { act=com.kingroot.master.action.NOTIFY_STATISTIC flg=0x10 pkg=com.kingroot.kinguser (has extras) } ordered=false userid=0 callerApp=ProcessRecord{8fefbfc 10875:com.kingroot.kinguser:service/u0a213}
06-17 14:12:52.626808  1114 18231 V ActivityManager_Broadcast: Enqueueing ordered broadcast BroadcastRecord{28b7a85 u0 com.kingroot.master.action.NOTIFY_STATISTIC}: prev had 0
06-17 14:12:52.626879  1114 18231 I ActivityManager_Broadcast: Enqueueing broadcast com.kingroot.master.action.NOTIFY_STATISTIC
06-17 14:12:52.630793  1114  1124 V ActivityManager: Broadcast: Intent { act=com.kingroot.master.action.NOTIFY_STATISTIC flg=0x10 pkg=com.kingroot.kinguser (has extras) } ordered=false userid=0 callerApp=ProcessRecord{8fefbfc 10875:com.kingroot.kinguser:service/u0a213}
06-17 14:12:52.631403 10875 10875 D ActivityThread: BDC-Calling onReceive: intent=Intent { act=com.kingroot.master.action.NOTIFY_STATISTIC flg=0x10 pkg=com.kingroot.kinguser cmp=com.kingroot.kinguser/com.kingroot.common.framework.broadcast.KSysBroadcastReceiver (has extras) }, receiver=com.kingroot.common.framework.broadcast.KSysBroadcastReceiver@a17a924
06-17 14:12:52.631571  1114  1124 V ActivityManager_Broadcast: Enqueueing ordered broadcast BroadcastRecord{c95e0da u0 com.kingroot.master.action.NOTIFY_STATISTIC}: prev had 1
06-17 14:12:52.631616  1114  1124 I ActivityManager_Broadcast: Enqueueing broadcast com.kingroot.master.action.NOTIFY_STATISTIC
06-17 14:12:52.632482 10875 10875 D ActivityThread: BDC-RECEIVER handled : 0 / ReceiverData{intent=Intent { act=com.kingroot.master.action.NOTIFY_STATISTIC flg=0x10 pkg=com.kingroot.kinguser cmp=com.kingroot.kinguser/com.kingroot.common.framework.broadcast.KSysBroadcastReceiver (has extras) } packageName=com.kingroot.kinguser resultCode=-1 resultData=null resultExtras=null}
06-17 14:12:52.635188 10875 10875 D ActivityThread: BDC-Calling onReceive: intent=Intent { act=com.kingroot.master.action.NOTIFY_STATISTIC flg=0x10 pkg=com.kingroot.kinguser cmp=com.kingroot.kinguser/com.kingroot.common.framework.broadcast.KSysBroadcastReceiver (has extras) }, receiver=com.kingroot.common.framework.broadcast.KSysBroadcastReceiver@7742c8d
06-17 14:12:52.649721 10875 10875 D ActivityThread: BDC-RECEIVER handled : 0 / ReceiverData{intent=Intent { act=com.kingroot.master.action.NOTIFY_STATISTIC flg=0x10 pkg=com.kingroot.kinguser cmp=com.kingroot.kinguser/com.kingroot.common.framework.broadcast.KSysBroadcastReceiver (has extras) } packageName=com.kingroot.kinguser resultCode=-1 resultData=null resultExtras=null}
06-17 14:12:52.677531  1114  2621 W PackageManager: checkUidPermission(): android.permission.REAL_GET_TASKS of 10173 is denied.
06-17 14:12:52.705589  1114  2618 V ActivityManager: Broadcast: Intent { act=com.kingroot.master.action.NOTIFY_STATISTIC flg=0x10 pkg=com.kingroot.kinguser (has extras) } ordered=false userid=0 callerApp=ProcessRecord{8fefbfc 10875:com.kingroot.kinguser:service/u0a213}
06-17 14:12:52.706429  1114  2618 V ActivityManager_Broadcast: Enqueueing ordered broadcast BroadcastRecord{8ef590b u0 com.kingroot.master.action.NOTIFY_STATISTIC}: prev had 0
06-17 14:12:52.706529  1114  2618 I ActivityManager_Broadcast: Enqueueing broadcast com.kingroot.master.action.NOTIFY_STATISTIC
06-17 14:12:52.710094  1114  1638 V ActivityManager: Broadcast: Intent { act=com.kingroot.master.action.NOTIFY_STATISTIC flg=0x10 pkg=com.kingroot.kinguser (has extras) } ordered=false userid=0 callerApp=ProcessRecord{8fefbfc 10875:com.kingroot.kinguser:service/u0a213}
06-17 14:12:52.710734 10875 10875 D ActivityThread: BDC-Calling onReceive: intent=Intent { act=com.kingroot.master.action.NOTIFY_STATISTIC flg=0x10 pkg=com.kingroot.kinguser cmp=com.kingroot.kinguser/com.kingroot.common.framework.broadcast.KSysBroadcastReceiver (has extras) }, receiver=com.kingroot.common.framework.broadcast.KSysBroadcastReceiver@4181e42
06-17 14:12:52.710850  1114  1638 V ActivityManager_Broadcast: Enqueueing ordered broadcast BroadcastRecord{48c73e8 u0 com.kingroot.master.action.NOTIFY_STATISTIC}: prev had 1
06-17 14:12:52.710899  1114  1638 I ActivityManager_Broadcast: Enqueueing broadcast com.kingroot.master.action.NOTIFY_STATISTIC
06-17 14:12:52.715382 10875 10875 D ActivityThread: BDC-RECEIVER handled : 0 / ReceiverData{intent=Intent { act=com.kingroot.master.action.NOTIFY_STATISTIC flg=0x10 pkg=com.kingroot.kinguser cmp=com.kingroot.kinguser/com.kingroot.common.framework.broadcast.KSysBroadcastReceiver (has extras) } packageName=com.kingroot.kinguser resultCode=-1 resultData=null resultExtras=null}
06-17 14:12:52.715798 10875 10875 D ActivityThread: BDC-Calling onReceive: intent=Intent { act=com.kingroot.master.action.NOTIFY_STATISTIC flg=0x10 pkg=com.kingroot.kinguser cmp=com.kingroot.kinguser/com.kingroot.common.framework.broadcast.KSysBroadcastReceiver (has extras) }, receiver=com.kingroot.common.framework.broadcast.KSysBroadcastReceiver@892e53
06-17 14:12:52.720042 10875 10875 D ActivityThread: BDC-RECEIVER handled : 0 / ReceiverData{intent=Intent { act=com.kingroot.master.action.NOTIFY_STATISTIC flg=0x10 pkg=com.kingroot.kinguser cmp=com.kingroot.kinguser/com.kingroot.common.framework.broadcast.KSysBroadcastReceiver (has extras) } packageName=com.kingroot.kinguser resultCode=-1 resultData=null resultExtras=null}
06-17 14:12:53.050788  1114  1249 D PowerManagerService: userActivityFromNative
06-17 14:12:53.050878  1114  1249 D PowerManagerService: userActivityNoUpdateLocked: eventTime=77350356, event=2, flags=0x0, uid=1000
06-17 14:12:53.050960  1114  1249 D PowerManagerNotifier: onUserActivity: event=2, uid=1000
06-17 14:12:53.051102  1114  1249 D PowerManagerService: updateUserActivitySummaryLocked: mWakefulness=Awake, mUserActivitySummary=0x1, nextTimeout=77403356 (in 52997 ms)
06-17 14:12:53.051225  1114  1249 D DisplayPowerController: requestPowerState: policy=BRIGHT, useProximitySensor=false, screenBrightness=102, screenAutoBrightnessAdjustment=1.0, brightnessSetByUser=true, useAutoBrightness=true, blockScreenOn=false, lowPowerMode=false, boostScreenBrightness=false, dozeScreenBrightness=-1, dozeScreenState=UNKNOWN, waitForNegativeProximity=false
06-17 14:12:53.051266  1114  1249 I PowerManagerService: setBrightness mButtonLight 0.
06-17 14:12:53.051329  1114  1249 D PowerManagerService: updateDisplayPowerStateLocked: mDisplayReady=true, policy=3, mWakefulness=1, mWakeLockSummary=0x1, mUserActivitySummary=0x1, mBootCompleted=true, mScreenBrightnessBoostInProgress=false
06-17 14:12:53.078341  1114  1124 W PackageManager: checkUidPermission(): android.permission.PACKAGE_USAGE_STATS of 10177 is denied.
06-17 14:12:53.099724  1114 21938 D WindowManager: addWindowToListInOrderLocked: win=Window{80130a6 u0 正在删除日志} Callers=com.android.server.wm.WindowManagerService.addWindow:2726 com.android.server.wm.Session.addToDisplay:171 android.view.IWindowSession$Stub.onTransact:124 com.android.server.wm.Session.onTransact:133 
06-17 14:12:53.099838  1114 21938 V WindowManager: not Base app: Adding window Window{80130a6 u0 正在删除日志} at 9 of 12
06-17 14:12:53.099907  1114 21938 V WindowManager: Looking for focus: 12 = Window{87941fd u0 StatusBar}, flags=-2122055608, canReceive=false
06-17 14:12:53.099985  1114 21938 V WindowManager: findFocusedWindow: Found new focus @ 9 = Window{80130a6 u0 正在删除日志}
06-17 14:12:53.100262  1114 21938 V WindowManager: Changing focus from Window{2236382 u0 com.mediatek.mtklogger/com.mediatek.mtklogger.LogFolderListActivity} to Window{80130a6 u0 正在删除日志} Callers=com.android.server.wm.WindowManagerService.addWindow:2766 com.android.server.wm.Session.addToDisplay:171 android.view.IWindowSession$Stub.onTransact:124 com.android.server.wm.Session.onTransact:133 
06-17 14:12:53.100421  1114 21938 D WindowManager: Input focus has changed to Window{80130a6 u0 正在删除日志}
06-17 14:12:53.101087  1114  1135 I WindowManager: Focus moving from Window{2236382 u0 com.mediatek.mtklogger/com.mediatek.mtklogger.LogFolderListActivity} to Window{80130a6 u0 正在删除日志}
06-17 14:12:53.101161  1114  1135 I WindowManager: Gaining focus: Window{80130a6 u0 正在删除日志}
06-17 14:12:53.112641  1114  2622 V WindowManager: Looking for focus: 12 = Window{87941fd u0 StatusBar}, flags=-2122055608, canReceive=false
06-17 14:12:53.112731  1114  2622 V WindowManager: findFocusedWindow: Found new focus @ 9 = Window{80130a6 u0 正在删除日志}
06-17 14:12:53.130436  1114  1967 W PackageManager: checkUidPermission(): android.permission.STATUS_BAR of 10126 is denied.
06-17 14:12:53.133914  1114  1967 V WindowManager: Looking for focus: 12 = Window{87941fd u0 StatusBar}, flags=-2122055608, canReceive=false
06-17 14:12:53.134023  1114  1967 V WindowManager: findFocusedWindow: Found new focus @ 9 = Window{80130a6 u0 正在删除日志}
06-17 14:12:53.142820   425  1018 D NetlinkEvent: clear RA flag done
06-17 14:12:53.142944   425  1018 D SocketClient: SocketClient sendData done: 600 Iface linkstate wlan0 down
06-17 14:12:53.143625  1114  1254 D NetdConnector: RCV <- {600 Iface linkstate wlan0 down}
06-17 14:12:53.143984  1114  1132 D NetworkManagement: onEvent:600 Iface linkstate wlan0 down:5
06-17 14:12:53.183284  1114  1135 I WindowManager: Losing delayed focus: Window{2236382 u0 com.mediatek.mtklogger/com.mediatek.mtklogger.LogFolderListActivity EXITING}
06-17 14:12:53.283372  1114  2620 I ActivityManager: START u0 {cmp=com.mediatek.mtklogger/.LogFileListActivity (has extras)} from uid 10126 from pid 14813 on display 0
06-17 14:12:53.283508  1114  2620 W PackageManager: checkUidPermission(): android.permission.START_ANY_ACTIVITY of 10126 is denied.
06-17 14:12:53.283643  1114  2620 I ActivityManager: r.packageName = com.mediatek.mtklogger
06-17 14:12:53.283885  1114  2620 V WindowManager: Looking for focus: 12 = Window{87941fd u0 StatusBar}, flags=-2122055608, canReceive=false
06-17 14:12:53.283936  1114  2620 V WindowManager: findFocusedWindow: Found new focus @ 9 = Window{80130a6 u0 正在删除日志}
06-17 14:12:53.285991  1114  2620 D PowerManagerService: acquireWakeLockInternal: lock=96665126, flags=0x1, tag="*launch*", ws=WorkSource{10126}, uid=1000, pid=1114
06-17 14:12:53.286108  1114  2620 D PowerManagerService: updateWakeLockSummaryLocked: mWakefulness=Awake, mWakeLockSummary=0x1
06-17 14:12:53.286168  1114  2620 D PowerManagerService: updateUserActivitySummaryLocked: mWakefulness=Awake, mUserActivitySummary=0x1, nextTimeout=77403356 (in 52762 ms)
06-17 14:12:53.286267  1114  2620 D DisplayPowerController: requestPowerState: policy=BRIGHT, useProximitySensor=false, screenBrightness=102, screenAutoBrightnessAdjustment=1.0, brightnessSetByUser=true, useAutoBrightness=true, blockScreenOn=false, lowPowerMode=false, boostScreenBrightness=false, dozeScreenBrightness=-1, dozeScreenState=UNKNOWN, waitForNegativeProximity=false
06-17 14:12:53.286299  1114  2620 I PowerManagerService: setBrightness mButtonLight 0.
06-17 14:12:53.286347  1114  2620 D PowerManagerService: updateDisplayPowerStateLocked: mDisplayReady=true, policy=3, mWakefulness=1, mWakeLockSummary=0x1, mUserActivitySummary=0x1, mBootCompleted=true, mScreenBrightnessBoostInProgress=false
06-17 14:12:53.286442  1114  2620 D PowerManagerNotifier: onWakeLockAcquired: flags=1, tag="*launch*", packageName=android, ownerUid=1000, ownerPid=1114, workSource=WorkSource{10126}
06-17 14:12:53.287472  1114  2620 V WindowManager: Looking for focus: 12 = Window{87941fd u0 StatusBar}, flags=-2122055608, canReceive=false
06-17 14:12:53.287551  1114  2620 V WindowManager: findFocusedWindow: Found new focus @ 9 = Window{80130a6 u0 正在删除日志}
06-17 14:12:53.288893  1114  2620 V WindowManager: Set focused app to: AppWindowToken{607de83 token=Token{d7fb132 ActivityRecord{a3753d u0 com.mediatek.mtklogger/.LogFileListActivity t661}}} old focus=AppWindowToken{9ddc96 token=Token{a35fb1 ActivityRecord{aace258 u0 com.mediatek.mtklogger/.LogFolderListActivity t661}}} moveFocusNow=true
06-17 14:12:53.289595  1114  2620 V WindowManager: Looking for focus: 12 = Window{87941fd u0 StatusBar}, flags=-2122055608, canReceive=false
06-17 14:12:53.289690  1114  2620 V WindowManager: findFocusedWindow: Reached focused app=AppWindowToken{607de83 token=Token{d7fb132 ActivityRecord{a3753d u0 com.mediatek.mtklogger/.LogFileListActivity t661}}}
06-17 14:12:53.291026  1114  2620 V WindowManager: Changing focus from Window{80130a6 u0 正在删除日志} to null Callers=com.android.server.wm.WindowManagerService.setFocusedApp:4380 com.android.server.am.ActivityManagerService.setFocusedActivityLocked:2950 com.android.server.am.ActivityStackSupervisor.startActivityUncheckedLocked:2670 com.android.server.am.ActivityStackSupervisor.startActivityLocked:1763 
06-17 14:12:53.291236  1114  2620 D WindowManager: Input focus has changed to null
06-17 14:12:53.291749  1114  1135 I WindowManager: Focus moving from Window{80130a6 u0 正在删除日志} to null
06-17 14:12:53.292112  1114  1135 I WindowManager: Losing focus: Window{80130a6 u0 正在删除日志}
06-17 14:12:53.292270  1114  2620 I ActivityManager: startActivityUncheckedLocked err = 0
06-17 14:12:53.293721 14813 14813 D ActivityThread: ACT-AM_ON_PAUSE_CALLED ActivityRecord{d1967bf token=android.os.BinderProxy@e278e8c {com.mediatek.mtklogger/com.mediatek.mtklogger.LogFolderListActivity}}
06-17 14:12:53.298400  1114  1684 V WindowManager: Set focused app to: AppWindowToken{607de83 token=Token{d7fb132 ActivityRecord{a3753d u0 com.mediatek.mtklogger/.LogFileListActivity t661}}} old focus=AppWindowToken{607de83 token=Token{d7fb132 ActivityRecord{a3753d u0 com.mediatek.mtklogger/.LogFileListActivity t661}}} moveFocusNow=false
06-17 14:12:53.300591  1114  1684 D ActivityManager: Delay resumeKeyDispatchingLocked() to avoid deadlock.
06-17 14:12:53.301744 14813 14813 D ActivityThread: ACT-PAUSE_ACTIVITY handled : 1 / android.os.BinderProxy@e278e8c
06-17 14:12:53.302316 14813 14813 V ActivityThread: Handling launch of ActivityRecord{56cb96e token=android.os.BinderProxy@8dea80f {com.mediatek.mtklogger/com.mediatek.mtklogger.LogFileListActivity}} startsNotResumed=false
06-17 14:12:53.302961 14813 14813 V ActivityThread: ActivityRecord{56cb96e token=android.os.BinderProxy@8dea80f {com.mediatek.mtklogger/com.mediatek.mtklogger.LogFileListActivity}}: app=com.mediatek.mtklogger.MyApplication@74b87eb, appName=com.mediatek.mtklogger, pkg=com.mediatek.mtklogger, comp={com.mediatek.mtklogger/com.mediatek.mtklogger.LogFileListActivity}, dir=/system/app/MTKLogger/MTKLogger.apk
06-17 14:12:53.305006   425  1021 D FrameworkListener: dispatchCommand data = (getaddrinfo openjmacs4uc.m.taobao.com ^ 0 0 0 0 0)
06-17 14:12:53.331699  1114  1124 D ConnectivityService: getActiveNetworkInfo networkInfo = null
06-17 14:12:53.335308 14813 14813 V ActivityThread: Performing resume of ActivityRecord{56cb96e token=android.os.BinderProxy@8dea80f {com.mediatek.mtklogger/com.mediatek.mtklogger.LogFileListActivity}}
06-17 14:12:53.335434 14813 14813 D ActivityThread: ACT-AM_ON_RESUME_CALLED ActivityRecord{56cb96e token=android.os.BinderProxy@8dea80f {com.mediatek.mtklogger/com.mediatek.mtklogger.LogFileListActivity}}
06-17 14:12:53.335493 14813 14813 V ActivityThread: Resume ActivityRecord{56cb96e token=android.os.BinderProxy@8dea80f {com.mediatek.mtklogger/com.mediatek.mtklogger.LogFileListActivity}} started activity: false, hideForNow: false, finished: false
06-17 14:12:53.340030  1114  2621 D WindowManager: addWindowToListInOrderLocked: win=Window{dd72839 u0 com.mediatek.mtklogger/com.mediatek.mtklogger.LogFileListActivity} Callers=com.android.server.wm.WindowManagerService.addWindow:2726 com.android.server.wm.Session.addToDisplay:171 android.view.IWindowSession$Stub.onTransact:124 com.android.server.wm.Session.onTransact:133 
06-17 14:12:53.341282 14813 14813 V ActivityThread: Resuming ActivityRecord{56cb96e token=android.os.BinderProxy@8dea80f {com.mediatek.mtklogger/com.mediatek.mtklogger.LogFileListActivity}} with isForward=true
06-17 14:12:53.341509 14813 14813 V ActivityThread: Scheduling idle handler for ActivityRecord{56cb96e token=android.os.BinderProxy@8dea80f {com.mediatek.mtklogger/com.mediatek.mtklogger.LogFileListActivity}}
06-17 14:12:53.342155 14813 14813 D ActivityThread: ACT-LAUNCH_ACTIVITY handled : 0 / ActivityRecord{56cb96e token=android.os.BinderProxy@8dea80f {com.mediatek.mtklogger/com.mediatek.mtklogger.LogFileListActivity}}
06-17 14:12:53.354104  1114  1128 D WindowManager: addWindowToListInOrderLocked: win=Window{55fdfdf u0 com.mediatek.mtklogger/com.mediatek.mtklogger.LogFileListActivity} Callers=com.android.server.wm.WindowManagerService.addWindow:2726 com.android.server.wm.Session.addToDisplay:171 android.view.IWindowSession$Stub.onTransact:124 com.android.server.wm.Session.onTransact:133 
06-17 14:12:53.354204  1114  1128 V WindowManager: not Base app: Adding window Window{55fdfdf u0 com.mediatek.mtklogger/com.mediatek.mtklogger.LogFileListActivity} at 11 of 14
06-17 14:12:53.354263  1114  1128 V WindowManager: Looking for focus: 14 = Window{87941fd u0 StatusBar}, flags=-2122055608, canReceive=false
06-17 14:12:53.354327  1114  1128 V WindowManager: findFocusedWindow: Found new focus @ 11 = Window{55fdfdf u0 com.mediatek.mtklogger/com.mediatek.mtklogger.LogFileListActivity}
06-17 14:12:53.354577  1114  1128 V WindowManager: Changing focus from null to Window{55fdfdf u0 com.mediatek.mtklogger/com.mediatek.mtklogger.LogFileListActivity} Callers=com.android.server.wm.WindowManagerService.addWindow:2766 com.android.server.wm.Session.addToDisplay:171 android.view.IWindowSession$Stub.onTransact:124 com.android.server.wm.Session.onTransact:133 
06-17 14:12:53.354687  1114  1128 D WindowManager: Input focus has changed to Window{55fdfdf u0 com.mediatek.mtklogger/com.mediatek.mtklogger.LogFileListActivity}
06-17 14:12:53.355151  1114  1135 I WindowManager: Focus moving from null to Window{55fdfdf u0 com.mediatek.mtklogger/com.mediatek.mtklogger.LogFileListActivity}
06-17 14:12:53.355192  1114  1135 I WindowManager: Gaining focus: Window{55fdfdf u0 com.mediatek.mtklogger/com.mediatek.mtklogger.LogFileListActivity}
06-17 14:12:53.358884  1114  4890 W PackageManager: checkUidPermission(): android.permission.STATUS_BAR of 10126 is denied.
06-17 14:12:53.361067  1114  4890 V WindowManager: Looking for focus: 14 = Window{87941fd u0 StatusBar}, flags=-2122055608, canReceive=false
06-17 14:12:53.361160  1114  4890 V WindowManager: findFocusedWindow: Found new focus @ 11 = Window{55fdfdf u0 com.mediatek.mtklogger/com.mediatek.mtklogger.LogFileListActivity}
06-17 14:12:53.386601  1114  1684 W PackageManager: checkUidPermission(): android.permission.STATUS_BAR of 10126 is denied.
06-17 14:12:53.388630  1114  1684 V WindowManager: Looking for focus: 13 = Window{87941fd u0 StatusBar}, flags=-2122055608, canReceive=false
06-17 14:12:53.388715  1114  1684 V WindowManager: findFocusedWindow: Found new focus @ 10 = Window{55fdfdf u0 com.mediatek.mtklogger/com.mediatek.mtklogger.LogFileListActivity}
06-17 14:12:53.409114  1114 18231 V WindowManager: Remove Window{55fdfdf u0 com.mediatek.mtklogger/com.mediatek.mtklogger.LogFileListActivity} client=7f3ae7e, surface=Surface(name=com.mediatek.mtklogger/com.mediatek.mtklogger.LogFileListActivity) Callers=com.android.server.wm.WindowManagerService.removeWindow:2855 com.android.server.wm.Session.remove:190 android.view.IWindowSession$Stub.onTransact:242 com.android.server.wm.Session.onTransact:133 
06-17 14:12:53.409748  1114 18231 V WindowManager: Looking for focus: 13 = Window{87941fd u0 StatusBar}, flags=-2122055608, canReceive=false
06-17 14:12:53.409828  1114 18231 V WindowManager: findFocusedWindow: Found new focus @ 9 = Window{dd72839 u0 com.mediatek.mtklogger/com.mediatek.mtklogger.LogFileListActivity}
06-17 14:12:53.410203  1114 18231 V WindowManager: Changing focus from Window{55fdfdf u0 com.mediatek.mtklogger/com.mediatek.mtklogger.LogFileListActivity EXITING} to Window{dd72839 u0 com.mediatek.mtklogger/com.mediatek.mtklogger.LogFileListActivity} Callers=com.android.server.wm.WindowManagerService.removeWindowLocked:2925 com.android.server.wm.WindowManagerService.removeWindow:2855 com.android.server.wm.Session.remove:190 android.view.IWindowSession$Stub.onTransact:242 
06-17 14:12:53.410280  1114 18231 D WindowManager: Input focus has changed to Window{dd72839 u0 com.mediatek.mtklogger/com.mediatek.mtklogger.LogFileListActivity}
06-17 14:12:53.411596  1114  1135 I WindowManager: Focus moving from Window{55fdfdf u0 com.mediatek.mtklogger/com.mediatek.mtklogger.LogFileListActivity EXITING} to Window{dd72839 u0 com.mediatek.mtklogger/com.mediatek.mtklogger.LogFileListActivity}
06-17 14:12:53.411679  1114  1135 I WindowManager: Gaining focus: Window{dd72839 u0 com.mediatek.mtklogger/com.mediatek.mtklogger.LogFileListActivity}
06-17 14:12:53.442372  1114 21938 V InputMethodManagerService: windowGainedFocus: android.os.BinderProxy@2577076 controlFlags=#104 softInputMode=#110 windowFlags=#1810100
06-17 14:12:53.444741  1114  1135 V WindowManager: Looking for focus: 13 = Window{87941fd u0 StatusBar}, flags=-2122055608, canReceive=false
06-17 14:12:53.444835  1114  1135 V WindowManager: findFocusedWindow: Found new focus @ 9 = Window{dd72839 u0 com.mediatek.mtklogger/com.mediatek.mtklogger.LogFileListActivity}
06-17 14:12:53.445137  1114  1135 D WindowManager: notifyActivityDrawnForKeyguard: waiting=false Callers=com.android.server.wm.WindowManagerService.handleAppTransitionReadyLocked:9932 com.android.server.wm.WindowManagerService.performLayoutAndPlaceSurfacesLockedInner:10519 com.android.server.wm.WindowManagerService.performLayoutAndPlaceSurfacesLockedLoop:9321 com.android.server.wm.WindowManagerService.performLayoutAndPlaceSurfacesLocked:9268 com.android.server.wm.WindowManagerService.-wrap7:-1 
06-17 14:12:53.447067  1114  1135 I WindowManager: Losing delayed focus: Window{55fdfdf u0 com.mediatek.mtklogger/com.mediatek.mtklogger.LogFileListActivity EXITING}
06-17 14:12:53.450037  1114  2618 W PackageManager: checkUidPermission(): android.permission.REAL_GET_TASKS of 10179 is denied.
06-17 14:12:53.450599  1114  1638 W PackageManager: checkUidPermission(): android.permission.REAL_GET_TASKS of 10179 is denied.
06-17 14:12:53.480253  1114  4890 W PackageManager: checkUidPermission(): android.permission.STATUS_BAR of 10126 is denied.
06-17 14:12:53.481598  1114  4890 V WindowManager: Looking for focus: 13 = Window{87941fd u0 StatusBar}, flags=-2122055608, canReceive=false
06-17 14:12:53.481709  1114  4890 V WindowManager: findFocusedWindow: Found new focus @ 9 = Window{dd72839 u0 com.mediatek.mtklogger/com.mediatek.mtklogger.LogFileListActivity}
06-17 14:12:53.493340  1114  2626 W PackageManager: checkUidPermission(): android.permission.STATUS_BAR of 10126 is denied.
06-17 14:12:53.493497  1114  2626 V WindowManager: Looking for focus: 13 = Window{87941fd u0 StatusBar}, flags=-2122055608, canReceive=false
06-17 14:12:53.493560  1114  2626 V WindowManager: findFocusedWindow: Found new focus @ 9 = Window{dd72839 u0 com.mediatek.mtklogger/com.mediatek.mtklogger.LogFileListActivity}
06-17 14:12:53.495912  1114  2620 D PowerManagerService: releaseWakeLockInternal: lock=96665126 [*launch*], flags=0x0, total_time=210ms
06-17 14:12:53.496022  1114  2620 D PowerManagerNotifier: onWakeLockReleased: flags=1, tag="*launch*", packageName=android, ownerUid=1000, ownerPid=1114, workSource=WorkSource{10126}
06-17 14:12:53.496152  1114  2620 D PowerManagerService: updateWakeLockSummaryLocked: mWakefulness=Awake, mWakeLockSummary=0x1
06-17 14:12:53.496225  1114  2620 D PowerManagerService: updateUserActivitySummaryLocked: mWakefulness=Awake, mUserActivitySummary=0x1, nextTimeout=77403356 (in 52552 ms)
06-17 14:12:53.496311  1114  2620 D DisplayPowerController: requestPowerState: policy=BRIGHT, useProximitySensor=false, screenBrightness=102, screenAutoBrightnessAdjustment=1.0, brightnessSetByUser=true, useAutoBrightness=true, blockScreenOn=false, lowPowerMode=false, boostScreenBrightness=false, dozeScreenBrightness=-1, dozeScreenState=UNKNOWN, waitForNegativeProximity=false
06-17 14:12:53.496347  1114  2620 I PowerManagerService: setBrightness mButtonLight 0.
06-17 14:12:53.496389  1114  2620 D PowerManagerService: updateDisplayPowerStateLocked: mDisplayReady=true, policy=3, mWakefulness=1, mWakeLockSummary=0x1, mUserActivitySummary=0x1, mBootCompleted=true, mScreenBrightnessBoostInProgress=false
06-17 14:12:53.618006  1114  1968 V WindowManager: Looking for focus: 13 = Window{87941fd u0 StatusBar}, flags=-2122055608, canReceive=false
06-17 14:12:53.618073  1114  1968 V WindowManager: findFocusedWindow: Found new focus @ 9 = Window{dd72839 u0 com.mediatek.mtklogger/com.mediatek.mtklogger.LogFileListActivity}
06-17 14:12:53.626949  1114  2622 V WindowManager: Looking for focus: 13 = Window{87941fd u0 StatusBar}, flags=-2122055608, canReceive=false
06-17 14:12:53.627039  1114  2622 V WindowManager: findFocusedWindow: Found new focus @ 9 = Window{dd72839 u0 com.mediatek.mtklogger/com.mediatek.mtklogger.LogFileListActivity}
06-17 14:12:53.629162 14813 14813 D ActivityThread: ACT-DESTROY_ACTIVITY handled : 1 / android.os.BinderProxy@e278e8c
06-17 14:12:53.638397 13313 13313 D ActivityThread: SVC-Creating service: CreateServiceData{token=android.os.BinderProxy@9a4fcf9 className=com.android.providers.media.MediaScannerService packageName=com.android.providers.media intent=null}
06-17 14:12:53.644632 13313 13313 D ActivityThread: SVC-CREATE_SERVICE handled : 0 / CreateServiceData{token=android.os.BinderProxy@9a4fcf9 className=com.android.providers.media.MediaScannerService packageName=com.android.providers.media intent=null}
06-17 14:12:53.644732 13313 13313 V ActivityThread: handleBindService s=com.android.providers.media.MediaScannerService@1e9c43e rebind=false
06-17 14:12:53.646574 13313 13313 D ActivityThread: SVC-BIND_SERVICE handled : 0 / BindServiceData{token=android.os.BinderProxy@9a4fcf9 intent=Intent { act=android.media.IMediaScannerService cmp=com.android.providers.media/.MediaScannerService }}
06-17 14:12:53.651858 13313 13313 D ActivityThread: SVC-Calling onStartCommand: com.android.providers.media.MediaScannerService@1e9c43e, flags=0, startId=1
06-17 14:12:53.653775 13313 13313 D ActivityThread: SVC-SERVICE_ARGS handled : 0 / ServiceArgsData{token=android.os.BinderProxy@9a4fcf9 startId=1 args=Intent { cmp=com.android.providers.media/.MediaScannerService (has extras) }}
06-17 14:12:53.679939   425  1018 D NetlinkEvent: clear RA flag done
06-17 14:12:53.680062   425  1018 D SocketClient: SocketClient sendData done: 600 Iface linkstate wlan0 down
06-17 14:12:53.680099  1114  1125 W PackageManager: checkUidPermission(): android.permission.REAL_GET_TASKS of 10173 is denied.
06-17 14:12:53.680203  1114  1254 D NetdConnector: RCV <- {600 Iface linkstate wlan0 down}
06-17 14:12:53.680618  1114  1132 D NetworkManagement: onEvent:600 Iface linkstate wlan0 down:5
06-17 14:12:53.711641  1114  4890 D ActivityManager: getContentProviderImpl: from caller=android.app.ApplicationThreadProxy@bf591a9 (pid=4979, userId=0) to get content provider media cpr=ContentProviderRecord{ccdcddb u0 com.android.providers.media/.MediaProvider}
06-17 14:12:53.713720  4979  5228 D ActivityThread: holder:android.app.IActivityManager$ContentProviderHolder@6f75875, holder.provider:android.content.ContentProviderProxy@3c2800a
06-17 14:12:53.734681 13313 13313 D ActivityThread: SVC-Calling onStartCommand: com.android.providers.media.MediaScannerService@1e9c43e, flags=0, startId=2
06-17 14:12:53.737213 13313 13313 D ActivityThread: SVC-SERVICE_ARGS handled : 0 / ServiceArgsData{token=android.os.BinderProxy@9a4fcf9 startId=2 args=Intent { cmp=com.android.providers.media/.MediaScannerService (has extras) }}
06-17 14:12:53.747976  1114  2622 D ActivityManager: getContentProviderImpl: from caller=android.app.ApplicationThreadProxy@ba6b32e (pid=4979, userId=0) to get content provider media cpr=ContentProviderRecord{ccdcddb u0 com.android.providers.media/.MediaProvider}
06-17 14:12:53.749320  4979  5228 D ActivityThread: holder:android.app.IActivityManager$ContentProviderHolder@9fc9e98, holder.provider:android.content.ContentProviderProxy@a7206f1
06-17 14:12:53.754414  1114  1138 D ColorFade: dismiss
06-17 14:12:53.754535  1114  1138 D DisplayPowerController: Animating brightness: target=144, rate=40
06-17 14:12:53.754704  1114  1138 D DisplayPowerController: Unfinished business...
06-17 14:12:53.764405  1114 18231 D ActivityManager: getContentProviderImpl: from caller=android.app.ApplicationThreadProxy@4267ecf (pid=4979, userId=0) to get content provider media cpr=ContentProviderRecord{ccdcddb u0 com.android.providers.media/.MediaProvider}
06-17 14:12:53.765506  4979  5228 D ActivityThread: holder:android.app.IActivityManager$ContentProviderHolder@60ca8b0, holder.provider:android.content.ContentProviderProxy@6e9a329
06-17 14:12:53.772561  1114  1138 D DisplayPowerState: setScreenBrightness: brightness=217
06-17 14:12:53.774075  1114  1138 D DisplayPowerState: Requesting new screen state: state=ON, backlight=217
06-17 14:12:53.774167  1114  1138 D DisplayPowerState: Screen not ready
06-17 14:12:53.774255  1114  1300 D DisplayPowerState: Updating screen state: state=ON, backlight=217, backlightChanged=true
06-17 14:12:53.774452  1114  1300 D DisplayManagerService: Update global display state for DisplayDeviceInfo{"内置屏幕": uniqueId="local:0", 720 x 1280, modeId 1, defaultModeId 1, supportedModes [{id=1, width=720, height=1280, fps=60.100002}], density 320, 320.0 x 320.0 dpi, appVsyncOff -8000000, presDeadline 25638935, touch INTERNAL, rotation 0, type BUILT_IN, state ON, FLAG_DEFAULT_DISPLAY, FLAG_ROTATES_WITH_CONTENT, FLAG_SECURE, FLAG_SUPPORTS_PROTECTED_BUFFERS}
06-17 14:12:53.774535  1114  1300 D LocalDisplayAdapter: setDisplayBrightness(id=0, brightness=217)
06-17 14:12:53.775067  1114  1138 D DisplayPowerState: Screen ready
06-17 14:12:53.791195  1114 21938 D ActivityManager: getContentProviderImpl: from caller=android.app.ApplicationThreadProxy@221405c (pid=4979, userId=0) to get content provider media cpr=ContentProviderRecord{ccdcddb u0 com.android.providers.media/.MediaProvider}
06-17 14:12:53.793263  4979  5228 D ActivityThread: holder:android.app.IActivityManager$ContentProviderHolder@ba0ddc8, holder.provider:android.content.ContentProviderProxy@7c18e61
06-17 14:12:53.804362  1114  2622 D ActivityManager: getContentProviderImpl: from caller=android.app.ApplicationThreadProxy@cec9f65 (pid=4979, userId=0) to get content provider media cpr=ContentProviderRecord{ccdcddb u0 com.android.providers.media/.MediaProvider}
06-17 14:12:53.806076  1114  1138 D DisplayPowerState: setScreenBrightness: brightness=216
06-17 14:12:53.806281  1114  1138 D DisplayPowerState: Requesting new screen state: state=ON, backlight=216
06-17 14:12:53.806341  1114  1138 D DisplayPowerState: Screen not ready
06-17 14:12:53.806385  1114  1300 D DisplayPowerState: Updating screen state: state=ON, backlight=216, backlightChanged=true
06-17 14:12:53.806544  1114  1300 D DisplayManagerService: Update global display state for DisplayDeviceInfo{"内置屏幕": uniqueId="local:0", 720 x 1280, modeId 1, defaultModeId 1, supportedModes [{id=1, width=720, height=1280, fps=60.100002}], density 320, 320.0 x 320.0 dpi, appVsyncOff -8000000, presDeadline 25638935, touch INTERNAL, rotation 0, type BUILT_IN, state ON, FLAG_DEFAULT_DISPLAY, FLAG_ROTATES_WITH_CONTENT, FLAG_SECURE, FLAG_SUPPORTS_PROTECTED_BUFFERS}
06-17 14:12:53.806589  1114  1300 D LocalDisplayAdapter: setDisplayBrightness(id=0, brightness=216)
06-17 14:12:53.807704  4979  5228 D ActivityThread: holder:android.app.IActivityManager$ContentProviderHolder@d47d647, holder.provider:android.content.ContentProviderProxy@cca0e74
06-17 14:12:53.807786  1114  1138 D DisplayPowerState: Screen ready
