----- timezone:GMT
06-17 14:12:48.258669  1114  1684 D ConnectivityService: getActiveNetworkInfo networkInfo = null
06-17 14:12:48.259534 12730 12730 D ActivityThread: BDC-Calling onReceive: intent=Intent { act=android.intent.action.USER_PRESENT flg=0x24000010 cmp=com.UCMobile/com.taobao.accs.EventReceiver }, receiver=com.taobao.accs.EventReceiver@39b29f4
06-17 14:12:48.260339  7489  7489 D ActivityThread: SVC-Calling onStartCommand: com.igexin.sdk.PushService@7ef18a9, flags=0, startId=167
06-17 14:12:48.261174  7489  7489 D ActivityThread: SVC-SERVICE_ARGS handled : 0 / ServiceArgsData{token=android.os.BinderProxy@9908430 startId=167 args=Intent { cmp=com.jianshu.haruki/com.igexin.sdk.PushService }}
06-17 14:12:48.263221  1114  1128 D ConnectivityService: getActiveNetworkInfo networkInfo = null
06-17 14:12:48.264080  1114  1968 D ConnectivityService: getActiveNetworkInfo networkInfo = null
06-17 14:12:48.271441 12730 12730 D ActivityThread: BDC-RECEIVER handled : 0 / ReceiverData{intent=Intent { act=android.intent.action.USER_PRESENT flg=0x24000010 cmp=com.UCMobile/com.uc.base.push.accs.AccsPushIntentService } packageName=com.UCMobile resultCode=0 resultData=null resultExtras=null}
06-17 14:12:48.271599 12730 12730 D ActivityThread: SVC-Calling onStartCommand: com.taobao.accs.ChannelService@8a6217d, flags=0, startId=173
06-17 14:12:48.274050  1114 21938 D ConnectivityService: getActiveNetworkInfo networkInfo = null
06-17 14:12:48.275611  1114  1684 D ConnectivityService: getActiveNetworkInfo networkInfo = null
06-17 14:12:48.275793  1114  1130 W BroadcastQueue: Permission Denial: broadcasting Intent { act=android.intent.action.USER_PRESENT flg=0x24000010 } from com.android.systemui (pid=1332, uid=10103) is not exported from uid 10170 due to receiver com.aiyingshi.activity/cn.jpush.android.service.PushReceiver
06-17 14:12:48.275940  1114  1130 W BroadcastQueue: Permission Denial: broadcasting Intent { act=android.intent.action.USER_PRESENT flg=0x24000010 } from com.android.systemui (pid=1332, uid=10103) is not exported from uid 10171 due to receiver com.nfyg.hsbb/cn.jpush.android.service.PushReceiver
06-17 14:12:48.276417  1114  2626 D ConnectivityService: getActiveNetworkInfo networkInfo = null
06-17 14:12:48.277406  1114  1125 V AlarmManager: APP set(PendingIntent{97724d1: PendingIntentRecord{c6623b5 com.UCMobile broadcastIntent}}) : type=0 triggerAtTime=1497680238276 win=-1 tElapsed=191072944 maxElapsed=191275443 interval=0 flags=0x0
06-17 14:12:48.279900  1114  1125 D AlarmManager: remove(operation) changed bounds; rebatching operation = PendingIntent{97724d1: PendingIntentRecord{c6623b5 com.UCMobile broadcastIntent}}
06-17 14:12:48.280020  1114  1125 D AlarmManager: rebatchAllAlarmsLocked begin oldBatches count = 81
06-17 14:12:48.280052  1114  1125 D AlarmManager: rebatchAllAlarmsLocked  batch.size() = 1
06-17 14:12:48.280095  1114  1125 D AlarmManager:  whichBatch = -1
06-17 14:12:48.280140  1114  1125 D AlarmManager: rebatchAllAlarmsLocked  batch.size() = 1
06-17 14:12:48.280173  1114  1125 D AlarmManager:  whichBatch = -1
06-17 14:12:48.280203  1114  1125 D AlarmManager: rebatchAllAlarmsLocked  batch.size() = 1
06-17 14:12:48.280232  1114  1125 D AlarmManager:  whichBatch = -1
06-17 14:12:48.280259  1114  1125 D AlarmManager: rebatchAllAlarmsLocked  batch.size() = 1
06-17 14:12:48.280283  1114  1125 D AlarmManager:  whichBatch = -1
06-17 14:12:48.280311  1114  1125 D AlarmManager: rebatchAllAlarmsLocked  batch.size() = 1
06-17 14:12:48.280339  1114  1125 D AlarmManager:  whichBatch = -1
06-17 14:12:48.280323 12730 12730 D ActivityThread: SVC-SERVICE_ARGS handled : 0 / ServiceArgsData{token=android.os.BinderProxy@2d8f74b startId=173 args=Intent { act=android.intent.action.USER_PRESENT flg=0x24000010 cmp=com.UCMobile/com.taobao.accs.ChannelService }}
06-17 14:12:48.280375  1114  1125 D AlarmManager: rebatchAllAlarmsLocked  batch.size() = 1
06-17 14:12:48.280400  1114  1125 D AlarmManager:  whichBatch = -1
06-17 14:12:48.280428  1114  1125 D AlarmManager: rebatchAllAlarmsLocked  batch.size() = 1
06-17 14:12:48.280456  1114  1125 D AlarmManager:  whichBatch = -1
06-17 14:12:48.280494  1114  1125 D AlarmManager: rebatchAllAlarmsLocked  batch.size() = 1
06-17 14:12:48.280521  1114  1125 D AlarmManager:  whichBatch = -1
06-17 14:12:48.280548  1114  1125 D AlarmManager: rebatchAllAlarmsLocked  batch.size() = 1
06-17 14:12:48.280574  1114  1125 D AlarmManager:  whichBatch = -1
06-17 14:12:48.280599  1114  1125 D AlarmManager: rebatchAllAlarmsLocked  batch.size() = 1
06-17 14:12:48.280626  1114  1125 D AlarmManager:  whichBatch = -1
06-17 14:12:48.280653  1114  1125 D AlarmManager: rebatchAllAlarmsLocked  batch.size() = 1
06-17 14:12:48.280680  1114  1125 D AlarmManager:  whichBatch = -1
06-17 14:12:48.280707  1114  1125 D AlarmManager: rebatchAllAlarmsLocked  batch.size() = 1
06-17 14:12:48.280722 12730 12730 D ActivityThread: SVC-Creating service: CreateServiceData{token=android.os.BinderProxy@691651d className=com.uc.base.push.accs.AccsPushIntentService packageName=com.UCMobile intent=null}
06-17 14:12:48.280732  1114  1125 D AlarmManager:  whichBatch = -1
06-17 14:12:48.280762  1114  1125 D AlarmManager: rebatchAllAlarmsLocked  batch.size() = 1
06-17 14:12:48.280789  1114  1125 D AlarmManager:  whichBatch = -1
06-17 14:12:48.280815  1114  1125 D AlarmManager: rebatchAllAlarmsLocked  batch.size() = 1
06-17 14:12:48.280841  1114  1125 D AlarmManager:  whichBatch = -1
06-17 14:12:48.280867  1114  1125 D AlarmManager: rebatchAllAlarmsLocked  batch.size() = 1
06-17 14:12:48.280894  1114  1125 D AlarmManager:  whichBatch = -1
06-17 14:12:48.280921  1114  1125 D AlarmManager: rebatchAllAlarmsLocked  batch.size() = 1
06-17 14:12:48.280928  4038  4038 D ActivityThread: BDC-Calling onReceive: intent=Intent { act=android.intent.action.USER_PRESENT flg=0x24000010 cmp=com.nfyg.hsbb/com.wifi8.sdk.metro.services.PwServiceReceiver }, receiver=com.wifi8.sdk.metro.services.PwServiceReceiver@8fcaf7c
06-17 14:12:48.280947  1114  1125 D AlarmManager:  whichBatch = -1
06-17 14:12:48.280978  1114  1125 D AlarmManager: rebatchAllAlarmsLocked  batch.size() = 1
06-17 14:12:48.281007  1114  1125 D AlarmManager:  whichBatch = -1
06-17 14:12:48.281035  1114  1125 D AlarmManager: rebatchAllAlarmsLocked  batch.size() = 1
06-17 14:12:48.281059  1114  1125 D AlarmManager:  whichBatch = -1
06-17 14:12:48.281085  1114  1125 D AlarmManager: rebatchAllAlarmsLocked  batch.size() = 1
06-17 14:12:48.281111  1114  1125 D AlarmManager:  whichBatch = -1
06-17 14:12:48.281137  1114  1125 D AlarmManager: rebatchAllAlarmsLocked  batch.size() = 1
06-17 14:12:48.281164  1114  1125 D AlarmManager:  whichBatch = -1
06-17 14:12:48.281191  1114  1125 D AlarmManager: rebatchAllAlarmsLocked  batch.size() = 1
06-17 14:12:48.281217  1114  1125 D AlarmManager:  whichBatch = -1
06-17 14:12:48.281222  4038  4038 D ActivityThread: BDC-RECEIVER handled : 0 / ReceiverData{intent=Intent { act=android.intent.action.USER_PRESENT flg=0x24000010 cmp=com.nfyg.hsbb/com.wifi8.sdk.metro.services.PwServiceReceiver } packageName=com.nfyg.hsbb resultCode=0 resultData=null resultExtras=null}
06-17 14:12:48.281248  1114  1125 D AlarmManager: rebatchAllAlarmsLocked  batch.size() = 1
06-17 14:12:48.281275  1114  1125 D AlarmManager:  whichBatch = -1
06-17 14:12:48.281304  1114  1125 D AlarmManager: rebatchAllAlarmsLocked  batch.size() = 1
06-17 14:12:48.281328  1114  1125 D AlarmManager:  whichBatch = -1
06-17 14:12:48.281357  1114  1125 D AlarmManager: rebatchAllAlarmsLocked  batch.size() = 1
06-17 14:12:48.281383  1114  1125 D AlarmManager:  whichBatch = -1
06-17 14:12:48.281409  1114  1125 D AlarmManager: rebatchAllAlarmsLocked  batch.size() = 1
06-17 14:12:48.281435  1114  1125 D AlarmManager:  whichBatch = -1
06-17 14:12:48.281467  1114  1125 D AlarmManager: rebatchAllAlarmsLocked  batch.size() = 1
06-17 14:12:48.281493  1114  1125 D AlarmManager:  whichBatch = -1
06-17 14:12:48.281519  1114  1125 D AlarmManager: rebatchAllAlarmsLocked  batch.size() = 1
06-17 14:12:48.281550  1114  1125 D AlarmManager:  whichBatch = -1
06-17 14:12:48.281583  1114  1125 D AlarmManager: rebatchAllAlarmsLocked  batch.size() = 1
06-17 14:12:48.281609  1114  1125 D AlarmManager:  whichBatch = -1
06-17 14:12:48.281636  1114  1125 D AlarmManager: rebatchAllAlarmsLocked  batch.size() = 1
06-17 14:12:48.281666  1114  1125 D AlarmManager:  whichBatch = -1
06-17 14:12:48.281693  1114  1125 D AlarmManager: rebatchAllAlarmsLocked  batch.size() = 1
06-17 14:12:48.281719  1114  1125 D AlarmManager:  whichBatch = -1
06-17 14:12:48.281747  1114  1125 D AlarmManager: rebatchAllAlarmsLocked  batch.size() = 1
06-17 14:12:48.281774  1114  1125 D AlarmManager:  whichBatch = -1
06-17 14:12:48.281955  1114  1125 D AlarmManager: rebatchAllAlarmsLocked  batch.size() = 1
06-17 14:12:48.281984  1114  1125 D AlarmManager:  whichBatch = -1
06-17 14:12:48.282011  1114  1125 D AlarmManager: rebatchAllAlarmsLocked  batch.size() = 1
06-17 14:12:48.282037  1114  1125 D AlarmManager:  whichBatch = -1
06-17 14:12:48.282065  1114  1125 D AlarmManager: rebatchAllAlarmsLocked  batch.size() = 1
06-17 14:12:48.282090  1114  1125 D AlarmManager:  whichBatch = -1
06-17 14:12:48.282117  1114  1125 D AlarmManager: rebatchAllAlarmsLocked  batch.size() = 1
06-17 14:12:48.282142  1114  1125 D AlarmManager:  whichBatch = -1
06-17 14:12:48.282167  1114  1125 D AlarmManager: rebatchAllAlarmsLocked  batch.size() = 1
06-17 14:12:48.282191  1114  1125 D AlarmManager:  whichBatch = -1
06-17 14:12:48.282218  1114  1125 D AlarmManager: rebatchAllAlarmsLocked  batch.size() = 1
06-17 14:12:48.282248  1114  1125 D AlarmManager:  whichBatch = -1
06-17 14:12:48.282276  1114  1125 D AlarmManager: rebatchAllAlarmsLocked  batch.size() = 1
06-17 14:12:48.282303  1114  1125 D AlarmManager:  whichBatch = -1
06-17 14:12:48.282329  1114  1125 D AlarmManager: rebatchAllAlarmsLocked  batch.size() = 1
06-17 14:12:48.282357  1114  1125 D AlarmManager:  whichBatch = -1
06-17 14:12:48.287541  1114  1125 D AlarmManager: rebatchAllAlarmsLocked  batch.size() = 1
06-17 14:12:48.287608  1114  1125 D AlarmManager:  whichBatch = -1
06-17 14:12:48.287645  1114  1125 D AlarmManager: rebatchAllAlarmsLocked  batch.size() = 1
06-17 14:12:48.287679  1114  1125 D AlarmManager:  whichBatch = -1
06-17 14:12:48.287708  1114  1125 D AlarmManager: rebatchAllAlarmsLocked  batch.size() = 1
06-17 14:12:48.287733  1114  1125 D AlarmManager:  whichBatch = -1
06-17 14:12:48.287764  1114  1125 D AlarmManager: rebatchAllAlarmsLocked  batch.size() = 1
06-17 14:12:48.287788  1114  1125 D AlarmManager:  whichBatch = -1
06-17 14:12:48.287815  1114  1125 D AlarmManager: rebatchAllAlarmsLocked  batch.size() = 1
06-17 14:12:48.287839  1114  1125 D AlarmManager:  whichBatch = -1
06-17 14:12:48.287874  1114  1125 D AlarmManager: rebatchAllAlarmsLocked  batch.size() = 1
06-17 14:12:48.287900  1114  1125 D AlarmManager:  whichBatch = -1
06-17 14:12:48.287928  1114  1125 D AlarmManager: rebatchAllAlarmsLocked  batch.size() = 1
06-17 14:12:48.287957  1114  1125 D AlarmManager:  whichBatch = -1
06-17 14:12:48.287995  1114  1125 D AlarmManager: rebatchAllAlarmsLocked  batch.size() = 1
06-17 14:12:48.288020  1114  1125 D AlarmManager:  whichBatch = -1
06-17 14:12:48.288046  1114  1125 D AlarmManager: rebatchAllAlarmsLocked  batch.size() = 1
06-17 14:12:48.288074  1114  1125 D AlarmManager:  whichBatch = -1
06-17 14:12:48.288102  1114  1125 D AlarmManager: rebatchAllAlarmsLocked  batch.size() = 1
06-17 14:12:48.288130  1114  1125 D AlarmManager:  whichBatch = -1
06-17 14:12:48.288158  1114  1125 D AlarmManager: rebatchAllAlarmsLocked  batch.size() = 1
06-17 14:12:48.288184  1114  1125 D AlarmManager:  whichBatch = -1
06-17 14:12:48.288209  1114  1125 D AlarmManager: rebatchAllAlarmsLocked  batch.size() = 1
06-17 14:12:48.288238  1114  1125 D AlarmManager:  whichBatch = -1
06-17 14:12:48.288268  1114  1125 D AlarmManager: rebatchAllAlarmsLocked  batch.size() = 1
06-17 14:12:48.288293  1114  1125 D AlarmManager:  whichBatch = -1
06-17 14:12:48.288320  1114  1125 D AlarmManager: rebatchAllAlarmsLocked  batch.size() = 1
06-17 14:12:48.288346  1114  1125 D AlarmManager:  whichBatch = -1
06-17 14:12:48.288373  1114  1125 D AlarmManager: rebatchAllAlarmsLocked  batch.size() = 1
06-17 14:12:48.288399  1114  1125 D AlarmManager:  whichBatch = -1
06-17 14:12:48.288427  1114  1125 D AlarmManager: rebatchAllAlarmsLocked  batch.size() = 1
06-17 14:12:48.288453  1114  1125 D AlarmManager:  whichBatch = -1
06-17 14:12:48.288479  1114  1125 D AlarmManager: rebatchAllAlarmsLocked  batch.size() = 1
06-17 14:12:48.288505  1114  1125 D AlarmManager:  whichBatch = -1
06-17 14:12:48.288532  1114  1125 D AlarmManager: rebatchAllAlarmsLocked  batch.size() = 1
06-17 14:12:48.288557  1114  1125 D AlarmManager:  whichBatch = -1
06-17 14:12:48.288584  1114  1125 D AlarmManager: rebatchAllAlarmsLocked  batch.size() = 1
06-17 14:12:48.288608  1114  1125 D AlarmManager:  whichBatch = -1
06-17 14:12:48.288639  1114  1125 D AlarmManager: rebatchAllAlarmsLocked  batch.size() = 1
06-17 14:12:48.288668  1114  1125 D AlarmManager:  whichBatch = -1
06-17 14:12:48.288700  1114  1125 D AlarmManager: rebatchAllAlarmsLocked  batch.size() = 1
06-17 14:12:48.288726  1114  1125 D AlarmManager:  whichBatch = -1
06-17 14:12:48.288755  1114  1125 D AlarmManager: rebatchAllAlarmsLocked  batch.size() = 1
06-17 14:12:48.288781  1114  1125 D AlarmManager:  whichBatch = -1
06-17 14:12:48.288808  1114  1125 D AlarmManager: rebatchAllAlarmsLocked  batch.size() = 1
06-17 14:12:48.288834  1114  1125 D AlarmManager:  whichBatch = -1
06-17 14:12:48.288861  1114  1125 D AlarmManager: rebatchAllAlarmsLocked  batch.size() = 1
06-17 14:12:48.288890  1114  1125 D AlarmManager:  whichBatch = -1
06-17 14:12:48.288917  1114  1125 D AlarmManager: rebatchAllAlarmsLocked  batch.size() = 1
06-17 14:12:48.288944  1114  1125 D AlarmManager:  whichBatch = -1
06-17 14:12:48.288973  1114  1125 D AlarmManager: rebatchAllAlarmsLocked  batch.size() = 1
06-17 14:12:48.289001  1114  1125 D AlarmManager:  whichBatch = -1
06-17 14:12:48.289028  1114  1125 D AlarmManager: rebatchAllAlarmsLocked  batch.size() = 1
06-17 14:12:48.289052  1114  1125 D AlarmManager:  whichBatch = -1
06-17 14:12:48.289088  1114  1125 D AlarmManager: rebatchAllAlarmsLocked  batch.size() = 1
06-17 14:12:48.289117  1114  1125 D AlarmManager:  whichBatch = -1
06-17 14:12:48.289144  1114  1125 D AlarmManager: rebatchAllAlarmsLocked  batch.size() = 1
06-17 14:12:48.289171  1114  1125 D AlarmManager:  whichBatch = -1
06-17 14:12:48.289199  1114  1125 D AlarmManager: rebatchAllAlarmsLocked  batch.size() = 1
06-17 14:12:48.289226  1114  1125 D AlarmManager:  whichBatch = -1
06-17 14:12:48.289253  1114  1125 D AlarmManager: rebatchAllAlarmsLocked  batch.size() = 1
06-17 14:12:48.289279  1114  1125 D AlarmManager:  whichBatch = -1
06-17 14:12:48.289305  1114  1125 D AlarmManager: rebatchAllAlarmsLocked  batch.size() = 1
06-17 14:12:48.289329  1114  1125 D AlarmManager:  whichBatch = -1
06-17 14:12:48.289356  1114  1125 D AlarmManager: rebatchAllAlarmsLocked  batch.size() = 1
06-17 14:12:48.289384  1114  1125 D AlarmManager:  whichBatch = -1
06-17 14:12:48.289412  1114  1125 D AlarmManager: rebatchAllAlarmsLocked  batch.size() = 1
06-17 14:12:48.289440  1114  1125 D AlarmManager:  whichBatch = -1
06-17 14:12:48.289467  1114  1125 D AlarmManager: rebatchAllAlarmsLocked  batch.size() = 1
06-17 14:12:48.289492  1114  1125 D AlarmManager:  whichBatch = -1
06-17 14:12:48.289522  1114  1125 D AlarmManager: rebatchAllAlarmsLocked  batch.size() = 1
06-17 14:12:48.289547  1114  1125 D AlarmManager:  whichBatch = -1
06-17 14:12:48.289579  1114  1125 D AlarmManager: rebatchAllAlarmsLocked  batch.size() = 1
06-17 14:12:48.289607  1114  1125 D AlarmManager:  whichBatch = -1
06-17 14:12:48.289635  1114  1125 D AlarmManager: rebatchAllAlarmsLocked  batch.size() = 1
06-17 14:12:48.289662  1114  1125 D AlarmManager:  whichBatch = -1
06-17 14:12:48.289688  1114  1125 D AlarmManager: rebatchAllAlarmsLocked  batch.size() = 1
06-17 14:12:48.289713  1114  1125 D AlarmManager:  whichBatch = -1
06-17 14:12:48.289740  1114  1125 D AlarmManager: rebatchAllAlarmsLocked  batch.size() = 1
06-17 14:12:48.289765  1114  1125 D AlarmManager:  whichBatch = -1
06-17 14:12:48.289791  1114  1125 D AlarmManager: rebatchAllAlarmsLocked  batch.size() = 1
06-17 14:12:48.286650  7163  7163 D ActivityThread: BDC-Calling onReceive: intent=Intent { act=android.intent.action.USER_PRESENT flg=0x24000010 cmp=com.lufax.android/com.igexin.sdk.PushReceiver }, receiver=com.igexin.sdk.PushReceiver@dc019cf
06-17 14:12:48.289816  1114  1125 D AlarmManager:  whichBatch = -1
06-17 14:12:48.289842  1114  1125 D AlarmManager: rebatchAllAlarmsLocked  batch.size() = 1
06-17 14:12:48.289867  1114  1125 D AlarmManager:  whichBatch = -1
06-17 14:12:48.289906  1114  1125 D AlarmManager:  whichBatch = -1
06-17 14:12:48.292589  7298  7298 D ActivityThread: SVC-Calling onStartCommand: com.igexin.sdk.PushService@7fe6ba8, flags=0, startId=136
06-17 14:12:48.293048  7298  7298 D ActivityThread: SVC-SERVICE_ARGS handled : 0 / ServiceArgsData{token=android.os.BinderProxy@d1357cb startId=136 args=Intent { cmp=com.lufax.android/com.igexin.sdk.PushService (has extras) }}
06-17 14:12:48.299052  1114  1638 D ConnectivityService: getActiveNetworkInfo networkInfo = null
06-17 14:12:48.300483  7163  7163 D ActivityThread: BDC-RECEIVER handled : 0 / ReceiverData{intent=Intent { act=android.intent.action.USER_PRESENT flg=0x24000010 cmp=com.lufax.android/com.igexin.sdk.PushReceiver } packageName=com.lufax.android resultCode=0 resultData=null resultExtras=null}
06-17 14:12:48.300536  7315  7315 D ActivityThread: BDC-Calling onReceive: intent=Intent { act=android.intent.action.USER_PRESENT flg=0x24000010 cmp=com.jianshu.haruki/com.igexin.sdk.PushReceiver }, receiver=com.igexin.sdk.PushReceiver@5f54e94
06-17 14:12:48.302971  7489  7489 D ActivityThread: SVC-Calling onStartCommand: com.igexin.sdk.PushService@7ef18a9, flags=0, startId=168
06-17 14:12:48.302994  7315  7315 D ActivityThread: BDC-RECEIVER handled : 0 / ReceiverData{intent=Intent { act=android.intent.action.USER_PRESENT flg=0x24000010 cmp=com.jianshu.haruki/com.igexin.sdk.PushReceiver } packageName=com.jianshu.haruki resultCode=0 resultData=null resultExtras=null}
06-17 14:12:48.303301  7489  7489 D ActivityThread: SVC-SERVICE_ARGS handled : 0 / ServiceArgsData{token=android.os.BinderProxy@9908430 startId=168 args=Intent { cmp=com.jianshu.haruki/com.igexin.sdk.PushService (has extras) }}
06-17 14:12:48.303955 12730 12730 D ActivityThread: SVC-CREATE_SERVICE handled : 0 / CreateServiceData{token=android.os.BinderProxy@691651d className=com.uc.base.push.accs.AccsPushIntentService packageName=com.UCMobile intent=null}
06-17 14:12:48.304081 12730 12730 D ActivityThread: SVC-Calling onStartCommand: com.uc.base.push.accs.AccsPushIntentService@a251392, flags=0, startId=1
06-17 14:12:48.304416 12730 12730 D ActivityThread: SVC-SERVICE_ARGS handled : 0 / ServiceArgsData{token=android.os.BinderProxy@691651d startId=1 args=Intent { act=android.intent.action.USER_PRESENT flg=0x24000010 cmp=com.UCMobile/com.uc.base.push.accs.AccsPushIntentService }}
06-17 14:12:48.307707 12730 12730 D ActivityThread: SVC-Destroying service: com.uc.base.push.accs.AccsPushIntentService@a251392
06-17 14:12:48.308102 12730 12730 D ActivityThread: SVC-STOP_SERVICE handled : 0 / android.os.BinderProxy@691651d
06-17 14:12:48.311684  7869  7869 D ActivityThread: BDC-Calling onReceive: intent=Intent { act=android.intent.action.USER_PRESENT flg=0x24000010 cmp=so.ofo.labofo/com.igexin.sdk.PushReceiver }, receiver=com.igexin.sdk.PushReceiver@dab3f9
06-17 14:12:48.311748  1114  1968 D ActivityManager: getContentProviderImpl: from caller=android.app.ApplicationThreadProxy@f988b36 (pid=3695, userId=0) to get content provider com.baidu.BaiduMap.bdpush cpr=null
06-17 14:12:48.313495  7916  7916 D ActivityThread: SVC-Calling onStartCommand: com.igexin.sdk.PushService@7ef18a9, flags=0, startId=135
06-17 14:12:48.313655  7869  7869 D ActivityThread: BDC-RECEIVER handled : 0 / ReceiverData{intent=Intent { act=android.intent.action.USER_PRESENT flg=0x24000010 cmp=so.ofo.labofo/com.igexin.sdk.PushReceiver } packageName=so.ofo.labofo resultCode=0 resultData=null resultExtras=null}
06-17 14:12:48.314020  7916  7916 D ActivityThread: SVC-SERVICE_ARGS handled : 0 / ServiceArgsData{token=android.os.BinderProxy@9908430 startId=135 args=Intent { cmp=so.ofo.labofo/com.igexin.sdk.PushService (has extras) }}
06-17 14:12:48.318032  3695  3844 E ActivityThread: Failed to find provider info for com.baidu.BaiduMap.bdpush
06-17 14:12:48.320630  4581  4581 D ActivityThread: BDC-Calling onReceive: intent=Intent { act=android.intent.action.USER_PRESENT flg=0x24000010 cmp=com.android.app.quanmama/com.igexin.sdk.PushReceiver }, receiver=com.igexin.sdk.PushReceiver@f91f905
06-17 14:12:48.320720  1114  2620 D ActivityManager: getContentProviderImpl: from caller=android.app.ApplicationThreadProxy@21ea37 (pid=3695, userId=0) to get content provider com.baidu.searchbox.bdpush cpr=null
06-17 14:12:48.321036  3695  3844 E ActivityThread: Failed to find provider info for com.baidu.searchbox.bdpush
06-17 14:12:48.322292  7940  7940 D ActivityThread: SVC-Calling onStartCommand: com.igexin.sdk.PushService@1420fbc, flags=0, startId=168
06-17 14:12:48.322327  4581  4581 D ActivityThread: BDC-RECEIVER handled : 0 / ReceiverData{intent=Intent { act=android.intent.action.USER_PRESENT flg=0x24000010 cmp=com.android.app.quanmama/com.igexin.sdk.PushReceiver } packageName=com.android.app.quanmama resultCode=0 resultData=null resultExtras=null}
06-17 14:12:48.322701  7940  7940 D ActivityThread: SVC-SERVICE_ARGS handled : 0 / ServiceArgsData{token=android.os.BinderProxy@6d56faf startId=168 args=Intent { cmp=com.android.app.quanmama/com.igexin.sdk.PushService (has extras) }}
06-17 14:12:48.327565  4647  4647 D ActivityThread: BDC-Calling onReceive: intent=Intent { act=android.intent.action.USER_PRESENT flg=0x24000010 cmp=com.android.app.quanmama/com.taobao.accs.EventReceiver }, receiver=com.taobao.accs.EventReceiver@c060e9d
06-17 14:12:48.334398  4647  4647 D ActivityThread: BDC-RECEIVER handled : 0 / ReceiverData{intent=Intent { act=android.intent.action.USER_PRESENT flg=0x24000010 cmp=com.android.app.quanmama/com.umeng.message.UmengIntentService } packageName=com.android.app.quanmama resultCode=0 resultData=null resultExtras=null}
06-17 14:12:48.334454  4581  4581 D ActivityThread: SVC-Creating service: CreateServiceData{token=android.os.BinderProxy@9e4bd5a className=com.umeng.message.UmengIntentService packageName=com.android.app.quanmama intent=null}
06-17 14:12:48.334558  4647  4647 D ActivityThread: SVC-Calling onStartCommand: com.taobao.accs.ChannelService@c59acba, flags=0, startId=256
06-17 14:12:48.336619  1114  1968 D ConnectivityService: getActiveNetworkInfo networkInfo = null
06-17 14:12:48.336817  4581  4581 D ActivityThread: SVC-CREATE_SERVICE handled : 0 / CreateServiceData{token=android.os.BinderProxy@9e4bd5a className=com.umeng.message.UmengIntentService packageName=com.android.app.quanmama intent=null}
06-17 14:12:48.336980  4581  4581 D ActivityThread: SVC-Calling onStartCommand: com.umeng.message.UmengIntentService@5b23b8b, flags=0, startId=1
06-17 14:12:48.337301  4581  4581 D ActivityThread: SVC-SERVICE_ARGS handled : 0 / ServiceArgsData{token=android.os.BinderProxy@9e4bd5a startId=1 args=Intent { act=android.intent.action.USER_PRESENT flg=0x24000010 cmp=com.android.app.quanmama/com.umeng.message.UmengIntentService }}
06-17 14:12:48.337665  1114 18231 D ConnectivityService: getActiveNetworkInfo networkInfo = null
06-17 14:12:48.338352  4647  4647 D ActivityThread: SVC-SERVICE_ARGS handled : 0 / ServiceArgsData{token=android.os.BinderProxy@c8d422d startId=256 args=Intent { act=android.intent.action.USER_PRESENT flg=0x24000010 cmp=com.android.app.quanmama/com.taobao.accs.ChannelService }}
06-17 14:12:48.339289  4038  4038 D ActivityThread: BDC-Calling onReceive: intent=Intent { act=com.wifi8.sdk.service.event flg=0x10 pkg=com.nfyg.hsbb cmp=com.nfyg.hsbb/com.wifi8.sdk.metro.services.PwServiceReceiver (has extras) }, receiver=com.wifi8.sdk.metro.services.PwServiceReceiver@6f6b005
06-17 14:12:48.340969  1114  2622 V ActivityManager: Broadcast: Intent { act=com.wifi8.sdk.api.notice flg=0x10 (has extras) } ordered=false userid=0 callerApp=ProcessRecord{241cf5f 4038:com.nfyg.hsbb:pwservice/u0a171}
06-17 14:12:48.341030  4581  4581 D ActivityThread: SVC-Destroying service: com.umeng.message.UmengIntentService@5b23b8b
06-17 14:12:48.341218  4581  4581 D ActivityThread: SVC-STOP_SERVICE handled : 0 / android.os.BinderProxy@9e4bd5a
06-17 14:12:48.341477  1114  2622 V ActivityManager: Enqueueing parallel broadcast BroadcastRecord{d783d0d u0 com.wifi8.sdk.api.notice} intent Intent { act=com.wifi8.sdk.api.notice flg=0x10 (has extras) }
06-17 14:12:48.342207  4038  4038 D ActivityThread: BDC-RECEIVER handled : 0 / ReceiverData{intent=Intent { act=com.wifi8.sdk.service.event flg=0x10 pkg=com.nfyg.hsbb cmp=com.nfyg.hsbb/com.wifi8.sdk.metro.services.PwServiceReceiver (has extras) } packageName=com.nfyg.hsbb resultCode=-1 resultData=null resultExtras=null}
06-17 14:12:48.347046  4038  4038 D ActivityThread: BDC-Calling onReceive: intent=Intent { act=com.wifi8.sdk.service.event flg=0x10 pkg=com.nfyg.hsbb cmp=com.nfyg.hsbb/com.wifi8.sdk.metro.services.PwServiceReceiver (has extras) }, receiver=com.wifi8.sdk.metro.services.PwServiceReceiver@988a85a
06-17 14:12:48.347372  4038  4038 D ActivityThread: BDC-RECEIVER handled : 0 / ReceiverData{intent=Intent { act=com.wifi8.sdk.service.event flg=0x10 pkg=com.nfyg.hsbb cmp=com.nfyg.hsbb/com.wifi8.sdk.metro.services.PwServiceReceiver (has extras) } packageName=com.nfyg.hsbb resultCode=-1 resultData=null resultExtras=null}
06-17 14:12:48.353250  1114  1249 D PowerManagerService: userActivityFromNative
06-17 14:12:48.353401  1114  1249 D PowerManagerService: userActivityNoUpdateLocked: eventTime=77345659, event=2, flags=0x0, uid=1000
06-17 14:12:48.353482  1114  1249 D PowerManagerNotifier: onUserActivity: event=2, uid=1000
06-17 14:12:48.353654  1114  1249 D PowerManagerService: updateUserActivitySummaryLocked: mWakefulness=Awake, mUserActivitySummary=0x1, nextTimeout=77398659 (in 52998 ms)
06-17 14:12:48.353828  1114  1249 D DisplayPowerController: requestPowerState: policy=BRIGHT, useProximitySensor=false, screenBrightness=102, screenAutoBrightnessAdjustment=1.0, brightnessSetByUser=true, useAutoBrightness=true, blockScreenOn=false, lowPowerMode=false, boostScreenBrightness=false, dozeScreenBrightness=-1, dozeScreenState=UNKNOWN, waitForNegativeProximity=false
06-17 14:12:48.353871  1114  1249 I PowerManagerService: setBrightness mButtonLight 0.
06-17 14:12:48.353948  1114  1249 D PowerManagerService: updateDisplayPowerStateLocked: mDisplayReady=true, policy=3, mWakefulness=1, mWakeLockSummary=0x0, mUserActivitySummary=0x1, mBootCompleted=true, mScreenBrightnessBoostInProgress=false
06-17 14:12:48.354054 10875 10875 D ActivityThread: BDC-Calling onReceive: intent=Intent { act=android.net.wifi.STATE_CHANGE flg=0x4000010 cmp=com.kingroot.kinguser/com.kingroot.common.framework.broadcast.KSysBroadcastReceiver (has extras) }, receiver=com.kingroot.common.framework.broadcast.KSysBroadcastReceiver@6eea8ef
06-17 14:12:48.355079 10875 10875 D ActivityThread: BDC-RECEIVER handled : 0 / ReceiverData{intent=Intent { act=android.net.wifi.STATE_CHANGE flg=0x4000010 cmp=com.kingroot.kinguser/com.kingroot.common.framework.broadcast.KSysBroadcastReceiver (has extras) } packageName=com.kingroot.kinguser resultCode=-1 resultData=null resultExtras=null}
06-17 14:12:48.358107  1710  1710 D ActivityThread: BDC-Calling onReceive: intent=Intent { act=android.net.wifi.STATE_CHANGE flg=0x4000010 cmp=cn.ninegame.gamemanager/.system.receiver.BackProcessReceiver (has extras) }, receiver=cn.ninegame.gamemanager.system.receiver.BackProcessReceiver@46a33c6
06-17 14:12:48.359891  1710  1710 D ActivityThread: BDC-RECEIVER handled : 0 / ReceiverData{intent=Intent { act=android.net.wifi.STATE_CHANGE flg=0x4000010 cmp=cn.ninegame.gamemanager/.system.receiver.BackProcessReceiver (has extras) } packageName=cn.ninegame.gamemanager resultCode=0 resultData=null resultExtras=null}
06-17 14:12:48.360050  1710  1710 D ActivityThread: SVC-Calling onStartCommand: cn.ninegame.gamemanager.download.DownloadService@f10db07, flags=0, startId=8929
06-17 14:12:48.360335  1710  1710 D ActivityThread: SVC-SERVICE_ARGS handled : 0 / ServiceArgsData{token=android.os.BinderProxy@39ff136 startId=8929 args=Intent { cmp=cn.ninegame.gamemanager/.download.DownloadService }}
06-17 14:12:48.360438  1710  1710 D ActivityThread: SVC-Calling onStartCommand: cn.ninegame.gamemanager.system.service.NotificationsPushService@ac4c3f6, flags=0, startId=9465
06-17 14:12:48.360615  1710  1710 D ActivityThread: SVC-SERVICE_ARGS handled : 0 / ServiceArgsData{token=android.os.BinderProxy@f5d011b startId=9465 args=Intent { cmp=cn.ninegame.gamemanager/.system.service.NotificationsPushService }}
06-17 14:12:48.363576  1873  1873 D ActivityThread: BDC-Calling onReceive: intent=Intent { act=android.net.wifi.STATE_CHANGE flg=0x4000010 cmp=com.tcl.ota/.receiver.DownloadReceiver (has extras) }, receiver=com.tcl.ota.receiver.DownloadReceiver@2310054
06-17 14:12:48.364508  1873  1873 D ActivityThread: BDC-RECEIVER handled : 0 / ReceiverData{intent=Intent { act=android.net.wifi.STATE_CHANGE flg=0x4000010 cmp=com.tcl.ota/.receiver.DownloadReceiver (has extras) } packageName=com.tcl.ota resultCode=0 resultData=null resultExtras=null}
06-17 14:12:48.368146  4979  4979 D ActivityThread: BDC-Calling onReceive: intent=Intent { act=android.net.wifi.STATE_CHANGE flg=0x4000010 cmp=com.UCMobile/com.uc.browser.business.openwifi.NetworkConnectReceiver (has extras) }, receiver=com.uc.browser.business.openwifi.NetworkConnectReceiver@d827884
06-17 14:12:48.368699  4979  4979 D ActivityThread: BDC-RECEIVER handled : 0 / ReceiverData{intent=Intent { act=android.net.wifi.STATE_CHANGE flg=0x4000010 cmp=com.UCMobile/com.uc.browser.business.openwifi.NetworkConnectReceiver (has extras) } packageName=com.UCMobile resultCode=0 resultData=null resultExtras=null}
06-17 14:12:48.371526  5987  5987 D ActivityThread: BDC-Calling onReceive: intent=Intent { act=android.net.wifi.STATE_CHANGE flg=0x4000010 cmp=com.jrdcom.jrdlogger/.WifiReceiver (has extras) }, receiver=com.jrdcom.jrdlogger.WifiReceiver@65271a8
06-17 14:12:48.372119  5987  5987 W ContextImpl: Calling a method in the system process without a qualified user: android.app.ContextImpl.stopService:1232 android.content.ContextWrapper.stopService:586 android.content.ContextWrapper.stopService:586 com.jrdcom.jrdlogger.WifiReceiver.onReceive:25 android.app.ActivityThread.handleReceiver:2869 
06-17 14:12:48.372848  5987  5987 D ActivityThread: BDC-RECEIVER handled : 0 / ReceiverData{intent=Intent { act=android.net.wifi.STATE_CHANGE flg=0x4000010 cmp=com.jrdcom.jrdlogger/.WifiReceiver (has extras) } packageName=com.jrdcom.jrdlogger resultCode=0 resultData=null resultExtras=null}
06-17 14:12:48.375477 10838 10838 D ActivityThread: BDC-Calling onReceive: intent=Intent { act=android.net.wifi.STATE_CHANGE flg=0x4000010 cmp=cn.andouya/cn.xender.basicservice.NetworkChangeReceiver (has extras) }, receiver=cn.xender.basicservice.NetworkChangeReceiver@be1f548
06-17 14:12:48.375826 10838 10838 D ActivityThread: BDC-RECEIVER handled : 0 / ReceiverData{intent=Intent { act=android.net.wifi.STATE_CHANGE flg=0x4000010 cmp=cn.andouya/cn.xender.basicservice.NetworkChangeReceiver (has extras) } packageName=cn.andouya resultCode=0 resultData=null resultExtras=null}
06-17 14:12:48.380844 10875 10875 D ActivityThread: BDC-Calling onReceive: intent=Intent { act=android.net.wifi.STATE_CHANGE flg=0x4000010 cmp=com.kingroot.kinguser/com.kingroot.common.framework.broadcast.KSysBroadcastReceiver (has extras) }, receiver=com.kingroot.common.framework.broadcast.KSysBroadcastReceiver@2f0effc
06-17 14:12:48.381140 10875 10875 D ActivityThread: BDC-RECEIVER handled : 0 / ReceiverData{intent=Intent { act=android.net.wifi.STATE_CHANGE flg=0x4000010 cmp=com.kingroot.kinguser/com.kingroot.common.framework.broadcast.KSysBroadcastReceiver (has extras) } packageName=com.kingroot.kinguser resultCode=-1 resultData=null resultExtras=null}
06-17 14:12:48.385359  1710  1710 D ActivityThread: BDC-Calling onReceive: intent=Intent { act=android.net.wifi.STATE_CHANGE flg=0x4000010 cmp=cn.ninegame.gamemanager/.system.receiver.BackProcessReceiver (has extras) }, receiver=cn.ninegame.gamemanager.system.receiver.BackProcessReceiver@e228f87
06-17 14:12:48.387044  1710  1710 D ActivityThread: BDC-RECEIVER handled : 0 / ReceiverData{intent=Intent { act=android.net.wifi.STATE_CHANGE flg=0x4000010 cmp=cn.ninegame.gamemanager/.system.receiver.BackProcessReceiver (has extras) } packageName=cn.ninegame.gamemanager resultCode=0 resultData=null resultExtras=null}
06-17 14:12:48.387222  1710  1710 D ActivityThread: SVC-Calling onStartCommand: cn.ninegame.gamemanager.download.DownloadService@f10db07, flags=0, startId=8930
06-17 14:12:48.387377  1710  1710 D ActivityThread: SVC-SERVICE_ARGS handled : 0 / ServiceArgsData{token=android.os.BinderProxy@39ff136 startId=8930 args=Intent { cmp=cn.ninegame.gamemanager/.download.DownloadService }}
06-17 14:12:48.387469  1710  1710 D ActivityThread: SVC-Calling onStartCommand: cn.ninegame.gamemanager.system.service.NotificationsPushService@ac4c3f6, flags=0, startId=9466
06-17 14:12:48.387587  1710  1710 D ActivityThread: SVC-SERVICE_ARGS handled : 0 / ServiceArgsData{token=android.os.BinderProxy@f5d011b startId=9466 args=Intent { cmp=cn.ninegame.gamemanager/.system.service.NotificationsPushService }}
06-17 14:12:48.389652  1873  1873 D ActivityThread: BDC-Calling onReceive: intent=Intent { act=android.net.wifi.STATE_CHANGE flg=0x4000010 cmp=com.tcl.ota/.receiver.DownloadReceiver (has extras) }, receiver=com.tcl.ota.receiver.DownloadReceiver@1eeebfd
06-17 14:12:48.390231  1873  1873 D ActivityThread: BDC-RECEIVER handled : 0 / ReceiverData{intent=Intent { act=android.net.wifi.STATE_CHANGE flg=0x4000010 cmp=com.tcl.ota/.receiver.DownloadReceiver (has extras) } packageName=com.tcl.ota resultCode=0 resultData=null resultExtras=null}
06-17 14:12:48.394506  4979  4979 D ActivityThread: BDC-Calling onReceive: intent=Intent { act=android.net.wifi.STATE_CHANGE flg=0x4000010 cmp=com.UCMobile/com.uc.browser.business.openwifi.NetworkConnectReceiver (has extras) }, receiver=com.uc.browser.business.openwifi.NetworkConnectReceiver@b5db86d
06-17 14:12:48.395123  4979  4979 D ActivityThread: BDC-RECEIVER handled : 0 / ReceiverData{intent=Intent { act=android.net.wifi.STATE_CHANGE flg=0x4000010 cmp=com.UCMobile/com.uc.browser.business.openwifi.NetworkConnectReceiver (has extras) } packageName=com.UCMobile resultCode=0 resultData=null resultExtras=null}
06-17 14:12:48.397851  5987  5987 D ActivityThread: BDC-Calling onReceive: intent=Intent { act=android.net.wifi.STATE_CHANGE flg=0x4000010 cmp=com.jrdcom.jrdlogger/.WifiReceiver (has extras) }, receiver=com.jrdcom.jrdlogger.WifiReceiver@fabc4c1
06-17 14:12:48.398313  5987  5987 D ActivityThread: BDC-RECEIVER handled : 0 / ReceiverData{intent=Intent { act=android.net.wifi.STATE_CHANGE flg=0x4000010 cmp=com.jrdcom.jrdlogger/.WifiReceiver (has extras) } packageName=com.jrdcom.jrdlogger resultCode=0 resultData=null resultExtras=null}
06-17 14:12:48.401055 10838 10838 D ActivityThread: BDC-Calling onReceive: intent=Intent { act=android.net.wifi.STATE_CHANGE flg=0x4000010 cmp=cn.andouya/cn.xender.basicservice.NetworkChangeReceiver (has extras) }, receiver=cn.xender.basicservice.NetworkChangeReceiver@5a18fe1
06-17 14:12:48.401420 10838 10838 D ActivityThread: BDC-RECEIVER handled : 0 / ReceiverData{intent=Intent { act=android.net.wifi.STATE_CHANGE flg=0x4000010 cmp=cn.andouya/cn.xender.basicservice.NetworkChangeReceiver (has extras) } packageName=cn.andouya resultCode=0 resultData=null resultExtras=null}
06-17 14:12:48.406000  4979  4979 D ActivityThread: BDC-Calling onReceive: intent=Intent { act=android.net.wifi.supplicant.STATE_CHANGE flg=0x24000010 cmp=com.UCMobile/com.uc.browser.business.openwifi.NetworkConnectReceiver (has extras) }, receiver=com.uc.browser.business.openwifi.NetworkConnectReceiver@666eca2
06-17 14:12:48.406440  4979  4979 D ActivityThread: BDC-RECEIVER handled : 0 / ReceiverData{intent=Intent { act=android.net.wifi.supplicant.STATE_CHANGE flg=0x24000010 cmp=com.UCMobile/com.uc.browser.business.openwifi.NetworkConnectReceiver (has extras) } packageName=com.UCMobile resultCode=-1 resultData=null resultExtras=null}
06-17 14:12:48.410427  4038  4038 D ActivityThread: BDC-Calling onReceive: intent=Intent { act=com.wifi8.sdk.service.event flg=0x10 pkg=com.nfyg.hsbb cmp=com.nfyg.hsbb/com.wifi8.sdk.metro.services.PwServiceReceiver (has extras) }, receiver=com.wifi8.sdk.metro.services.PwServiceReceiver@2174a8b
06-17 14:12:48.410782  4038  4038 D ActivityThread: BDC-RECEIVER handled : 0 / ReceiverData{intent=Intent { act=com.wifi8.sdk.service.event flg=0x10 pkg=com.nfyg.hsbb cmp=com.nfyg.hsbb/com.wifi8.sdk.metro.services.PwServiceReceiver (has extras) } packageName=com.nfyg.hsbb resultCode=-1 resultData=null resultExtras=null}
06-17 14:12:48.414016 10875 10875 D ActivityThread: BDC-Calling onReceive: intent=Intent { act=com.kingroot.master.action.NOTIFY_STATISTIC flg=0x10 pkg=com.kingroot.kinguser cmp=com.kingroot.kinguser/com.kingroot.common.framework.broadcast.KSysBroadcastReceiver (has extras) }, receiver=com.kingroot.common.framework.broadcast.KSysBroadcastReceiver@29d2685
06-17 14:12:48.414707 10875 10875 D ActivityThread: BDC-RECEIVER handled : 0 / ReceiverData{intent=Intent { act=com.kingroot.master.action.NOTIFY_STATISTIC flg=0x10 pkg=com.kingroot.kinguser cmp=com.kingroot.kinguser/com.kingroot.common.framework.broadcast.KSysBroadcastReceiver (has extras) } packageName=com.kingroot.kinguser resultCode=-1 resultData=null resultExtras=null}
06-17 14:12:48.417416 10875 10875 D ActivityThread: BDC-Calling onReceive: intent=Intent { act=com.kingroot.master.action.NOTIFY_STATISTIC flg=0x10 pkg=com.kingroot.kinguser cmp=com.kingroot.kinguser/com.kingroot.common.framework.broadcast.KSysBroadcastReceiver (has extras) }, receiver=com.kingroot.common.framework.broadcast.KSysBroadcastReceiver@e841cda
06-17 14:12:48.418140 10875 10875 D ActivityThread: BDC-RECEIVER handled : 0 / ReceiverData{intent=Intent { act=com.kingroot.master.action.NOTIFY_STATISTIC flg=0x10 pkg=com.kingroot.kinguser cmp=com.kingroot.kinguser/com.kingroot.common.framework.broadcast.KSysBroadcastReceiver (has extras) } packageName=com.kingroot.kinguser resultCode=-1 resultData=null resultExtras=null}
06-17 14:12:48.425150  1114  1125 W PackageManager: checkUidPermission(): android.permission.REAL_GET_TASKS of 10179 is denied.
06-17 14:12:48.425967  1114  2626 W PackageManager: checkUidPermission(): android.permission.REAL_GET_TASKS of 10179 is denied.
06-17 14:12:48.431144  1114  2624 D ConnectivityService: getActiveNetworkInfo networkInfo = null
06-17 14:12:48.431642  1114  1128 W PackageManager: checkUidPermission(): android.permission.REAL_GET_TASKS of 10202 is denied.
06-17 14:12:48.432755  1114 18231 W PackageManager: checkUidPermission(): android.permission.REAL_GET_TASKS of 10202 is denied.
06-17 14:12:48.441235  1114  1124 V SettingsProvider: packageValueForCallResult, name = sound_effects_enabled, value : 0
06-17 14:12:48.486642  1114  1967 D WindowManager: addWindowToListInOrderLocked: win=Window{b20f2d3 u0 停止录制} Callers=com.android.server.wm.WindowManagerService.addWindow:2726 com.android.server.wm.Session.addToDisplay:171 android.view.IWindowSession$Stub.onTransact:124 com.android.server.wm.Session.onTransact:133 
06-17 14:12:48.486755  1114  1967 V WindowManager: not Base app: Adding window Window{b20f2d3 u0 停止录制} at 7 of 10
06-17 14:12:48.486834  1114  1967 V WindowManager: Looking for focus: 10 = Window{87941fd u0 StatusBar}, flags=-2122055608, canReceive=false
06-17 14:12:48.486880  1114  1967 V WindowManager: findFocusedWindow: Found new focus @ 7 = Window{b20f2d3 u0 停止录制}
06-17 14:12:48.487176  1114  1967 V WindowManager: Changing focus from Window{a0c32e4 u0 com.mediatek.mtklogger/com.mediatek.mtklogger.MainActivity} to Window{b20f2d3 u0 停止录制} Callers=com.android.server.wm.WindowManagerService.addWindow:2766 com.android.server.wm.Session.addToDisplay:171 android.view.IWindowSession$Stub.onTransact:124 com.android.server.wm.Session.onTransact:133 
06-17 14:12:48.487271  1114  1967 D WindowManager: Input focus has changed to Window{b20f2d3 u0 停止录制}
06-17 14:12:48.487752  1114  1135 I WindowManager: Focus moving from Window{a0c32e4 u0 com.mediatek.mtklogger/com.mediatek.mtklogger.MainActivity} to Window{b20f2d3 u0 停止录制}
06-17 14:12:48.487797  1114  1135 I WindowManager: Gaining focus: Window{b20f2d3 u0 停止录制}
06-17 14:12:48.558067  1114 21938 W PackageManager: checkUidPermission(): android.permission.STATUS_BAR of 10126 is denied.
06-17 14:12:48.560953  1114 21938 V WindowManager: Looking for focus: 10 = Window{87941fd u0 StatusBar}, flags=-2122055608, canReceive=false
06-17 14:12:48.561085  1114 21938 V WindowManager: findFocusedWindow: Found new focus @ 7 = Window{b20f2d3 u0 停止录制}
06-17 14:12:48.606278  1114  1135 I WindowManager: Losing delayed focus: Window{a0c32e4 u0 com.mediatek.mtklogger/com.mediatek.mtklogger.MainActivity}
06-17 14:12:48.640182  1114  1248 D DataShapingService: Alarm manager openLteDataUpLinkGate: false
06-17 14:12:48.640248  1114  1248 V AlarmManager: openLteGateSuccess = false
06-17 14:12:48.640578  1114  1248 V ActivityManager: Broadcast: Intent { act=anetwork.channel.intent.action.COMMAND flg=0x114 cmp=cn.ninegame.gamemanager/anet.channel.heartbeat.HeartbeatManager$Receiver (has extras) } ordered=true userid=0 callerApp=null
06-17 14:12:48.640996  1114  1248 V ActivityManager_Broadcast: Enqueueing ordered broadcast BroadcastRecord{6fde92f u0 anetwork.channel.intent.action.COMMAND}: prev had 0
06-17 14:12:48.641045  1114  1248 I ActivityManager_Broadcast: Enqueueing broadcast anetwork.channel.intent.action.COMMAND
06-17 14:12:48.641173  1114  1248 V AlarmManager: sending alarm Alarm{82cb3c type 3 when 190803308 cn.ninegame.gamemanager} success
06-17 14:12:48.641329  1114  1248 D PowerManagerService: acquireWakeLockInternal: lock=157690763, flags=0x1, tag="*alarm*", ws=WorkSource{10177}, uid=1000, pid=1114
06-17 14:12:48.641416  1114  1248 D PowerManagerService: updateWakeLockSummaryLocked: mWakefulness=Awake, mWakeLockSummary=0x1
06-17 14:12:48.641487  1114  1248 D PowerManagerService: updateUserActivitySummaryLocked: mWakefulness=Awake, mUserActivitySummary=0x1, nextTimeout=77398659 (in 52710 ms)
06-17 14:12:48.641644  1114  1248 D DisplayPowerController: requestPowerState: policy=BRIGHT, useProximitySensor=false, screenBrightness=102, screenAutoBrightnessAdjustment=1.0, brightnessSetByUser=true, useAutoBrightness=true, blockScreenOn=false, lowPowerMode=false, boostScreenBrightness=false, dozeScreenBrightness=-1, dozeScreenState=UNKNOWN, waitForNegativeProximity=false
06-17 14:12:48.641697  1114  1248 I PowerManagerService: setBrightness mButtonLight 0.
06-17 14:12:48.641752  1114  1248 D PowerManagerService: updateDisplayPowerStateLocked: mDisplayReady=true, policy=3, mWakefulness=1, mWakeLockSummary=0x1, mUserActivitySummary=0x1, mBootCompleted=true, mScreenBrightnessBoostInProgress=false
06-17 14:12:48.642910  1114  1248 D PowerManagerService: Acquiring suspend blocker "PowerManagerService.WakeLocks".
06-17 14:12:48.643092  1114  1248 D PowerManagerNotifier: onWakeLockAcquired: flags=1, tag="*alarm*", packageName=android, ownerUid=1000, ownerPid=1114, workSource=WorkSource{10177}
06-17 14:12:48.648052  7103  7103 D ActivityThread: BDC-Calling onReceive: intent=Intent { act=anetwork.channel.intent.action.COMMAND flg=0x114 cmp=cn.ninegame.gamemanager/anet.channel.heartbeat.HeartbeatManager$Receiver (has extras) }, receiver=anet.channel.heartbeat.HeartbeatManager$Receiver@2bfd1d4
06-17 14:12:48.648757  7103  7103 D ActivityThread: BDC-RECEIVER handled : 0 / ReceiverData{intent=Intent { act=anetwork.channel.intent.action.COMMAND flg=0x114 cmp=cn.ninegame.gamemanager/anet.channel.heartbeat.HeartbeatManager$Receiver (has extras) } packageName=cn.ninegame.gamemanager resultCode=0 resultData=null resultExtras=null}
06-17 14:12:48.649449  1114 18231 D ConnectivityService: getActiveNetworkInfo networkInfo = null
06-17 14:12:48.649934  1114  1114 D AlarmManager: onSendFinished begin
06-17 14:12:48.650192  1114  1114 D PowerManagerService: releaseWakeLockInternal: lock=157690763 [*alarm*], flags=0x0, total_time=9ms
06-17 14:12:48.650266  1114  1114 D PowerManagerNotifier: onWakeLockReleased: flags=1, tag="*alarm*", packageName=android, ownerUid=1000, ownerPid=1114, workSource=WorkSource{10177}
06-17 14:12:48.650379  1114  1114 D PowerManagerService: updateWakeLockSummaryLocked: mWakefulness=Awake, mWakeLockSummary=0x0
06-17 14:12:48.650416  1114  1638 D ConnectivityService: getActiveNetworkInfo networkInfo = null
06-17 14:12:48.650465  1114  1114 D PowerManagerService: updateUserActivitySummaryLocked: mWakefulness=Awake, mUserActivitySummary=0x1, nextTimeout=77398659 (in 52701 ms)
06-17 14:12:48.650564  1114  1114 D DisplayPowerController: requestPowerState: policy=BRIGHT, useProximitySensor=false, screenBrightness=102, screenAutoBrightnessAdjustment=1.0, brightnessSetByUser=true, useAutoBrightness=true, blockScreenOn=false, lowPowerMode=false, boostScreenBrightness=false, dozeScreenBrightness=-1, dozeScreenState=UNKNOWN, waitForNegativeProximity=false
06-17 14:12:48.650606  1114  1114 I PowerManagerService: setBrightness mButtonLight 0.
06-17 14:12:48.650656  1114  1114 D PowerManagerService: updateDisplayPowerStateLocked: mDisplayReady=true, policy=3, mWakefulness=1, mWakeLockSummary=0x0, mUserActivitySummary=0x1, mBootCompleted=true, mScreenBrightnessBoostInProgress=false
06-17 14:12:48.650738  1114  1114 D PowerManagerService: Releasing suspend blocker "PowerManagerService.WakeLocks".
06-17 14:12:48.651096  1114  2620 D ConnectivityService: getActiveNetworkInfo networkInfo = null
06-17 14:12:48.651836  1114  2622 D ConnectivityService: getActiveNetworkInfo networkInfo = null
06-17 14:12:48.652678  1114  2618 V AlarmManager: APP set(PendingIntent{e0500c5: PendingIntentRecord{71a7cd2 cn.ninegame.gamemanager broadcastIntent}}) : type=3 triggerAtTime=190848320 win=0 tElapsed=190848320 maxElapsed=190848320 interval=0 flags=0x1
06-17 14:12:48.654229  1114  2618 D AlarmManager:  whichBatch = -1
06-17 14:12:48.664063  1114  4890 W PackageManager: checkUidPermission(): android.permission.REAL_GET_TASKS of 10173 is denied.
06-17 14:12:48.772979   425  1018 D NetlinkEvent: clear RA flag done
06-17 14:12:48.773164   425  1018 D SocketClient: SocketClient sendData done: 600 Iface linkstate wlan0 down
06-17 14:12:48.773401  1114  1254 D NetdConnector: RCV <- {600 Iface linkstate wlan0 down}
06-17 14:12:48.773892  1114  1132 D NetworkManagement: onEvent:600 Iface linkstate wlan0 down:5
06-17 14:12:49.059789  1114 21938 D ConnectivityService: getActiveNetworkInfo networkInfo = null
06-17 14:12:49.066853  1114  1125 D ConnectivityService: getActiveNetworkInfo networkInfo = null
06-17 14:12:49.068419  1114  2626 D ConnectivityService: getActiveNetworkInfo networkInfo = null
06-17 14:12:49.072428  1114 18231 W PackageManager: checkUidPermission(): android.permission.PACKAGE_USAGE_STATS of 10177 is denied.
06-17 14:12:49.134064   425  1021 D FrameworkListener: dispatchCommand data = (getaddrinfo dc1.networkbench.com ^ 1024 0 1 0 0)
06-17 14:12:49.137653  1114  2620 D ConnectivityService: getActiveNetworkInfo networkInfo = null
06-17 14:12:49.141486  1114  1124 D ConnectivityService: getActiveNetworkInfo networkInfo = null
06-17 14:12:49.143572  1114  2622 D ConnectivityService: getActiveNetworkInfo networkInfo = null
06-17 14:12:49.153006  1114  2618 D ConnectivityService: getActiveNetworkInfo networkInfo = null
06-17 14:12:49.157013  1114  1967 D ConnectivityService: getActiveNetworkInfo networkInfo = null
06-17 14:12:49.158689  1114  4890 D ConnectivityService: getActiveNetworkInfo networkInfo = null
06-17 14:12:49.167665  1114  1684 D ConnectivityService: getActiveNetworkInfo networkInfo = null
06-17 14:12:49.183688  1114  1128 V SettingsProvider: packageValueForCallResult, name = e13074ce2ca5683dd818a441459ea5a8, value : 2.46
06-17 14:12:49.185004  1114  2624 V SettingsProvider: packageValueForCallResult, name = e2ac5b1e4e4e6e310133a344fbb4cb1, value : 0
06-17 14:12:49.186147  1114  1638 V SettingsProvider: packageValueForCallResult, name = f47c7c692212e8e7929c3b1a2651d, value : 419dada204113743ad822a346d2a7fa7
06-17 14:12:49.195514 28976 28976 D ActivityThread: SVC-Destroying service: com.tencent.android.tpush.service.XGPushService@5fda5a7
06-17 14:12:49.201021  1114  2621 W PackageManager: checkUidPermission(): android.permission.REAL_GET_TASKS of 10168 is denied.
06-17 14:12:49.272546  1114 21938 D DisplayManagerService: Display listener for pid 28976 died.
06-17 14:12:49.272772  1114  1684 I ActivityManager: Process com.tencent.tmgp.sgame:xg_service_v2 (pid 28976) has died
06-17 14:12:49.272895  1114  1684 D ActivityManager: SVC-handleAppDiedLocked: app = ProcessRecord{bbb8a1a 28976:com.tencent.tmgp.sgame:xg_service_v2/u0a168}, app.pid = 28976
06-17 14:12:49.273038  1114  1684 D ActivityManager: SVC-mBroadcastQueues: com.android.server.am.BroadcastQueue@a75b858
06-17 14:12:49.273072  1114  1684 D ActivityManager: SVC-mBroadcastQueues: com.android.server.am.BroadcastQueue@e5a7db1
06-17 14:12:49.309394   425  1018 D NetlinkEvent: clear RA flag done
06-17 14:12:49.309578   425  1018 D SocketClient: SocketClient sendData done: 600 Iface linkstate wlan0 down
