06-17 14:12:54.456065  1114  1300 D DisplayManagerService: Update global display state for DisplayDeviceInfo{"内置屏幕": uniqueId="local:0", 720 x 1280, modeId 1, defaultModeId 1, supportedModes [{id=1, width=720, height=1280, fps=60.100002}], density 320, 320.0 x 320.0 dpi, appVsyncOff -8000000, presDeadline 25638935, touch INTERNAL, rotation 0, type BUILT_IN, state ON, FLAG_DEFAULT_DISPLAY, FLAG_ROTATES_WITH_CONTENT, FLAG_SECURE, FLAG_SUPPORTS_PROTECTED_BUFFERS}
06-17 14:12:54.456128  1114  1300 D LocalDisplayAdapter: setDisplayBrightness(id=0, brightness=190)
06-17 14:12:54.456496  1114  1138 D DisplayPowerState: Screen ready
06-17 14:12:54.468082  1114  2620 D ActivityManager: getContentProviderImpl: from caller=android.app.ApplicationThreadProxy@2ef26fd (pid=4979, userId=0) to get content provider media cpr=ContentProviderRecord{ccdcddb u0 com.android.providers.media/.MediaProvider}
06-17 14:12:54.469452  4979  5228 D ActivityThread: holder:android.app.IActivityManager$ContentProviderHolder@fe49bb0, holder.provider:android.content.ContentProviderProxy@5e61a29
06-17 14:12:54.472305  1114  1138 D DisplayPowerState: setScreenBrightness: brightness=189
06-17 14:12:54.472549  1114  1138 D DisplayPowerState: Requesting new screen state: state=ON, backlight=189
06-17 14:12:54.472618  1114  1138 D DisplayPowerState: Screen not ready
06-17 14:12:54.472658  1114  1300 D DisplayPowerState: Updating screen state: state=ON, backlight=189, backlightChanged=true
06-17 14:12:54.472860  1114  1300 D DisplayManagerService: Update global display state for DisplayDeviceInfo{"内置屏幕": uniqueId="local:0", 720 x 1280, modeId 1, defaultModeId 1, supportedModes [{id=1, width=720, height=1280, fps=60.100002}], density 320, 320.0 x 320.0 dpi, appVsyncOff -8000000, presDeadline 25638935, touch INTERNAL, rotation 0, type BUILT_IN, state ON, FLAG_DEFAULT_DISPLAY, FLAG_ROTATES_WITH_CONTENT, FLAG_SECURE, FLAG_SUPPORTS_PROTECTED_BUFFERS}
06-17 14:12:54.472920  1114  1300 D LocalDisplayAdapter: setDisplayBrightness(id=0, brightness=189)
06-17 14:12:54.473355  1114  1138 D DisplayPowerState: Screen ready
06-17 14:12:54.478800  1114  1968 D ActivityManager: getContentProviderImpl: from caller=android.app.ApplicationThreadProxy@262dff2 (pid=4979, userId=0) to get content provider media cpr=ContentProviderRecord{ccdcddb u0 com.android.providers.media/.MediaProvider}
06-17 14:12:54.479925  4979  5228 D ActivityThread: holder:android.app.IActivityManager$ContentProviderHolder@aeb7b4f, holder.provider:android.content.ContentProviderProxy@3efc2dc
06-17 14:12:54.482061 13313 13313 D ActivityThread: SVC-Calling onStartCommand: com.android.providers.media.MediaScannerService@1e9c43e, flags=0, startId=16
06-17 14:12:54.484386 13313 13313 D ActivityThread: SVC-SERVICE_ARGS handled : 0 / ServiceArgsData{token=android.os.BinderProxy@9a4fcf9 startId=16 args=Intent { cmp=com.android.providers.media/.MediaScannerService (has extras) }}
06-17 14:12:54.490830  1114  2622 D ActivityManager: getContentProviderImpl: from caller=android.app.ApplicationThreadProxy@b814643 (pid=4979, userId=0) to get content provider media cpr=ContentProviderRecord{ccdcddb u0 com.android.providers.media/.MediaProvider}
06-17 14:12:54.492334  4979  5228 D ActivityThread: holder:android.app.IActivityManager$ContentProviderHolder@3a35aba, holder.provider:android.content.ContentProviderProxy@80e7d6b
06-17 14:12:54.502664  1114  2626 D ActivityManager: getContentProviderImpl: from caller=android.app.ApplicationThreadProxy@44584c0 (pid=4979, userId=0) to get content provider media cpr=ContentProviderRecord{ccdcddb u0 com.android.providers.media/.MediaProvider}
06-17 14:12:54.504412  4979  5228 D ActivityThread: holder:android.app.IActivityManager$ContentProviderHolder@9c68712, holder.provider:android.content.ContentProviderProxy@9b2ee3
06-17 14:12:54.505671  1114  1138 D DisplayPowerState: setScreenBrightness: brightness=188
06-17 14:12:54.505911  1114  1138 D DisplayPowerState: Requesting new screen state: state=ON, backlight=188
06-17 14:12:54.505964  1114  1138 D DisplayPowerState: Screen not ready
06-17 14:12:54.506007  1114  1300 D DisplayPowerState: Updating screen state: state=ON, backlight=188, backlightChanged=true
06-17 14:12:54.506166  1114  1300 D DisplayManagerService: Update global display state for DisplayDeviceInfo{"内置屏幕": uniqueId="local:0", 720 x 1280, modeId 1, defaultModeId 1, supportedModes [{id=1, width=720, height=1280, fps=60.100002}], density 320, 320.0 x 320.0 dpi, appVsyncOff -8000000, presDeadline 25638935, touch INTERNAL, rotation 0, type BUILT_IN, state ON, FLAG_DEFAULT_DISPLAY, FLAG_ROTATES_WITH_CONTENT, FLAG_SECURE, FLAG_SUPPORTS_PROTECTED_BUFFERS}
06-17 14:12:54.506219  1114  1300 D LocalDisplayAdapter: setDisplayBrightness(id=0, brightness=188)
06-17 14:12:54.506578  1114  1138 D DisplayPowerState: Screen ready
06-17 14:12:54.520980 13313 13313 D ActivityThread: SVC-Calling onStartCommand: com.android.providers.media.MediaScannerService@1e9c43e, flags=0, startId=17
06-17 14:12:54.522254  1114  1138 D DisplayPowerState: setScreenBrightness: brightness=187
06-17 14:12:54.522466  1114  1138 D DisplayPowerState: Requesting new screen state: state=ON, backlight=187
06-17 14:12:54.522517  1114  1138 D DisplayPowerState: Screen not ready
06-17 14:12:54.522627  1114  1300 D DisplayPowerState: Updating screen state: state=ON, backlight=187, backlightChanged=true
06-17 14:12:54.522790  1114  1300 D DisplayManagerService: Update global display state for DisplayDeviceInfo{"内置屏幕": uniqueId="local:0", 720 x 1280, modeId 1, defaultModeId 1, supportedModes [{id=1, width=720, height=1280, fps=60.100002}], density 320, 320.0 x 320.0 dpi, appVsyncOff -8000000, presDeadline 25638935, touch INTERNAL, rotation 0, type BUILT_IN, state ON, FLAG_DEFAULT_DISPLAY, FLAG_ROTATES_WITH_CONTENT, FLAG_SECURE, FLAG_SUPPORTS_PROTECTED_BUFFERS}
06-17 14:12:54.522845  1114  1300 D LocalDisplayAdapter: setDisplayBrightness(id=0, brightness=187)
06-17 14:12:54.523189  1114  1138 D DisplayPowerState: Screen ready
06-17 14:12:54.523580 13313 13313 D ActivityThread: SVC-SERVICE_ARGS handled : 0 / ServiceArgsData{token=android.os.BinderProxy@9a4fcf9 startId=17 args=Intent { cmp=com.android.providers.media/.MediaScannerService (has extras) }}
06-17 14:12:54.551247  1114  1125 D ActivityManager: getContentProviderImpl: from caller=android.app.ApplicationThreadProxy@c8c35f9 (pid=4979, userId=0) to get content provider media cpr=ContentProviderRecord{ccdcddb u0 com.android.providers.media/.MediaProvider}
06-17 14:12:54.552935  4979  5228 D ActivityThread: holder:android.app.IActivityManager$ContentProviderHolder@f644e37, holder.provider:android.content.ContentProviderProxy@3143fa4
06-17 14:12:54.555474  1114  1138 D DisplayPowerState: setScreenBrightness: brightness=186
06-17 14:12:54.555683  1114  1138 D DisplayPowerState: Requesting new screen state: state=ON, backlight=186
06-17 14:12:54.555738  1114  1138 D DisplayPowerState: Screen not ready
06-17 14:12:54.556065  1114  1300 D DisplayPowerState: Updating screen state: state=ON, backlight=186, backlightChanged=true
06-17 14:12:54.556232  1114  1300 D DisplayManagerService: Update global display state for DisplayDeviceInfo{"内置屏幕": uniqueId="local:0", 720 x 1280, modeId 1, defaultModeId 1, supportedModes [{id=1, width=720, height=1280, fps=60.100002}], density 320, 320.0 x 320.0 dpi, appVsyncOff -8000000, presDeadline 25638935, touch INTERNAL, rotation 0, type BUILT_IN, state ON, FLAG_DEFAULT_DISPLAY, FLAG_ROTATES_WITH_CONTENT, FLAG_SECURE, FLAG_SUPPORTS_PROTECTED_BUFFERS}
06-17 14:12:54.556275  1114  1300 D LocalDisplayAdapter: setDisplayBrightness(id=0, brightness=186)
06-17 14:12:54.556736  1114  1138 D DisplayPowerState: Screen ready
06-17 14:12:54.566677 13313 13313 D ActivityThread: SVC-Calling onStartCommand: com.android.providers.media.MediaScannerService@1e9c43e, flags=0, startId=18
06-17 14:12:54.568694  1114  1968 D ActivityManager: getContentProviderImpl: from caller=android.app.ApplicationThreadProxy@7bb093e (pid=4979, userId=0) to get content provider media cpr=ContentProviderRecord{ccdcddb u0 com.android.providers.media/.MediaProvider}
06-17 14:12:54.570026 13313 13313 D ActivityThread: SVC-SERVICE_ARGS handled : 0 / ServiceArgsData{token=android.os.BinderProxy@9a4fcf9 startId=18 args=Intent { cmp=com.android.providers.media/.MediaScannerService (has extras) }}
06-17 14:12:54.570826  4979  5228 D ActivityThread: holder:android.app.IActivityManager$ContentProviderHolder@33ad8c2, holder.provider:android.content.ContentProviderProxy@62596d3
06-17 14:12:54.572163  1114  1138 D DisplayPowerState: setScreenBrightness: brightness=185
06-17 14:12:54.572381  1114  1138 D DisplayPowerState: Requesting new screen state: state=ON, backlight=185
06-17 14:12:54.572438  1114  1138 D DisplayPowerState: Screen not ready
06-17 14:12:54.572733  1114  1300 D DisplayPowerState: Updating screen state: state=ON, backlight=185, backlightChanged=true
06-17 14:12:54.572921  1114  1300 D DisplayManagerService: Update global display state for DisplayDeviceInfo{"内置屏幕": uniqueId="local:0", 720 x 1280, modeId 1, defaultModeId 1, supportedModes [{id=1, width=720, height=1280, fps=60.100002}], density 320, 320.0 x 320.0 dpi, appVsyncOff -8000000, presDeadline 25638935, touch INTERNAL, rotation 0, type BUILT_IN, state ON, FLAG_DEFAULT_DISPLAY, FLAG_ROTATES_WITH_CONTENT, FLAG_SECURE, FLAG_SUPPORTS_PROTECTED_BUFFERS}
06-17 14:12:54.572991  1114  1300 D LocalDisplayAdapter: setDisplayBrightness(id=0, brightness=185)
06-17 14:12:54.573582  1114  1138 D DisplayPowerState: Screen ready
06-17 14:12:54.587816  1114  2624 D ActivityManager: getContentProviderImpl: from caller=android.app.ApplicationThreadProxy@b68039f (pid=4979, userId=0) to get content provider media cpr=ContentProviderRecord{ccdcddb u0 com.android.providers.media/.MediaProvider}
06-17 14:12:54.592411  4979  5228 D ActivityThread: holder:android.app.IActivityManager$ContentProviderHolder@d87e109, holder.provider:android.content.ContentProviderProxy@f61bf0e
06-17 14:12:54.605600  1114  1138 D DisplayPowerState: setScreenBrightness: brightness=184
06-17 14:12:54.605839  1114  1138 D DisplayPowerState: Requesting new screen state: state=ON, backlight=184
06-17 14:12:54.605896  1114  1138 D DisplayPowerState: Screen not ready
06-17 14:12:54.606394  1114  1300 D DisplayPowerState: Updating screen state: state=ON, backlight=184, backlightChanged=true
06-17 14:12:54.606631  1114  1300 D DisplayManagerService: Update global display state for DisplayDeviceInfo{"内置屏幕": uniqueId="local:0", 720 x 1280, modeId 1, defaultModeId 1, supportedModes [{id=1, width=720, height=1280, fps=60.100002}], density 320, 320.0 x 320.0 dpi, appVsyncOff -8000000, presDeadline 25638935, touch INTERNAL, rotation 0, type BUILT_IN, state ON, FLAG_DEFAULT_DISPLAY, FLAG_ROTATES_WITH_CONTENT, FLAG_SECURE, FLAG_SUPPORTS_PROTECTED_BUFFERS}
06-17 14:12:54.606691  1114  1300 D LocalDisplayAdapter: setDisplayBrightness(id=0, brightness=184)
06-17 14:12:54.607199  1114  1138 D DisplayPowerState: Screen ready
06-17 14:12:54.611354  1114  1124 D ActivityManager: getContentProviderImpl: from caller=android.app.ApplicationThreadProxy@85e2cec (pid=4979, userId=0) to get content provider media cpr=ContentProviderRecord{ccdcddb u0 com.android.providers.media/.MediaProvider}
06-17 14:12:54.612505  4979  5228 D ActivityThread: holder:android.app.IActivityManager$ContentProviderHolder@46da841, holder.provider:android.content.ContentProviderProxy@f3aa1e6
06-17 14:12:54.622492  1114  1138 D DisplayPowerState: setScreenBrightness: brightness=183
06-17 14:12:54.622721  1114  1138 D DisplayPowerState: Requesting new screen state: state=ON, backlight=183
06-17 14:12:54.622774  1114  1138 D DisplayPowerState: Screen not ready
06-17 14:12:54.623049  1114  1300 D DisplayPowerState: Updating screen state: state=ON, backlight=183, backlightChanged=true
06-17 14:12:54.623230  1114  1300 D DisplayManagerService: Update global display state for DisplayDeviceInfo{"内置屏幕": uniqueId="local:0", 720 x 1280, modeId 1, defaultModeId 1, supportedModes [{id=1, width=720, height=1280, fps=60.100002}], density 320, 320.0 x 320.0 dpi, appVsyncOff -8000000, presDeadline 25638935, touch INTERNAL, rotation 0, type BUILT_IN, state ON, FLAG_DEFAULT_DISPLAY, FLAG_ROTATES_WITH_CONTENT, FLAG_SECURE, FLAG_SUPPORTS_PROTECTED_BUFFERS}
06-17 14:12:54.623277  1114  1300 D LocalDisplayAdapter: setDisplayBrightness(id=0, brightness=183)
06-17 14:12:54.624351  1114  1138 D DisplayPowerState: Screen ready
06-17 14:12:54.629361 13313 13313 D ActivityThread: SVC-Calling onStartCommand: com.android.providers.media.MediaScannerService@1e9c43e, flags=0, startId=19
06-17 14:12:54.631199 13313 13313 D ActivityThread: SVC-SERVICE_ARGS handled : 0 / ServiceArgsData{token=android.os.BinderProxy@9a4fcf9 startId=19 args=Intent { cmp=com.android.providers.media/.MediaScannerService (has extras) }}
06-17 14:12:54.655368  1114  1138 D DisplayPowerState: setScreenBrightness: brightness=182
06-17 14:12:54.655590  1114  1138 D DisplayPowerState: Requesting new screen state: state=ON, backlight=182
06-17 14:12:54.655643  1114  1138 D DisplayPowerState: Screen not ready
06-17 14:12:54.655966  1114  1300 D DisplayPowerState: Updating screen state: state=ON, backlight=182, backlightChanged=true
06-17 14:12:54.656131  1114  1300 D DisplayManagerService: Update global display state for DisplayDeviceInfo{"内置屏幕": uniqueId="local:0", 720 x 1280, modeId 1, defaultModeId 1, supportedModes [{id=1, width=720, height=1280, fps=60.100002}], density 320, 320.0 x 320.0 dpi, appVsyncOff -8000000, presDeadline 25638935, touch INTERNAL, rotation 0, type BUILT_IN, state ON, FLAG_DEFAULT_DISPLAY, FLAG_ROTATES_WITH_CONTENT, FLAG_SECURE, FLAG_SUPPORTS_PROTECTED_BUFFERS}
06-17 14:12:54.656180  1114  1300 D LocalDisplayAdapter: setDisplayBrightness(id=0, brightness=182)
06-17 14:12:54.657213  1114  1138 D DisplayPowerState: Screen ready
06-17 14:12:54.663519  1114  1128 D ActivityManager: getContentProviderImpl: from caller=android.app.ApplicationThreadProxy@c5138b5 (pid=4979, userId=0) to get content provider media cpr=ContentProviderRecord{ccdcddb u0 com.android.providers.media/.MediaProvider}
06-17 14:12:54.665217  4979  5228 D ActivityThread: holder:android.app.IActivityManager$ContentProviderHolder@312e1ca, holder.provider:android.content.ContentProviderProxy@c11df3b
06-17 14:12:54.672392  1114  1138 D DisplayPowerState: setScreenBrightness: brightness=181
06-17 14:12:54.672568  1114  1138 D DisplayPowerState: Requesting new screen state: state=ON, backlight=181
06-17 14:12:54.672615  1114  1138 D DisplayPowerState: Screen not ready
06-17 14:12:54.672647  1114  1300 D DisplayPowerState: Updating screen state: state=ON, backlight=181, backlightChanged=true
06-17 14:12:54.672792  1114  1300 D DisplayManagerService: Update global display state for DisplayDeviceInfo{"内置屏幕": uniqueId="local:0", 720 x 1280, modeId 1, defaultModeId 1, supportedModes [{id=1, width=720, height=1280, fps=60.100002}], density 320, 320.0 x 320.0 dpi, appVsyncOff -8000000, presDeadline 25638935, touch INTERNAL, rotation 0, type BUILT_IN, state ON, FLAG_DEFAULT_DISPLAY, FLAG_ROTATES_WITH_CONTENT, FLAG_SECURE, FLAG_SUPPORTS_PROTECTED_BUFFERS}
06-17 14:12:54.672840  1114  1300 D LocalDisplayAdapter: setDisplayBrightness(id=0, brightness=181)
06-17 14:12:54.674720  1114  1138 D DisplayPowerState: Screen ready
06-17 14:12:54.675540  1114  2622 D ActivityManager: getContentProviderImpl: from caller=android.app.ApplicationThreadProxy@eda7b4a (pid=4979, userId=0) to get content provider media cpr=ContentProviderRecord{ccdcddb u0 com.android.providers.media/.MediaProvider}
06-17 14:12:54.679468 13313 13313 D ActivityThread: SVC-Calling onStartCommand: com.android.providers.media.MediaScannerService@1e9c43e, flags=0, startId=20
06-17 14:12:54.680278  4979  5228 D ActivityThread: holder:android.app.IActivityManager$ContentProviderHolder@d023b1, holder.provider:android.content.ContentProviderProxy@f655096
06-17 14:12:54.683455 13313 13313 D ActivityThread: SVC-SERVICE_ARGS handled : 0 / ServiceArgsData{token=android.os.BinderProxy@9a4fcf9 startId=20 args=Intent { cmp=com.android.providers.media/.MediaScannerService (has extras) }}
06-17 14:12:54.690327  1114  1128 W PackageManager: checkUidPermission(): android.permission.REAL_GET_TASKS of 10173 is denied.
06-17 14:12:54.702593  1114  2620 D ActivityManager: getContentProviderImpl: from caller=android.app.ApplicationThreadProxy@9d33abb (pid=4979, userId=0) to get content provider media cpr=ContentProviderRecord{ccdcddb u0 com.android.providers.media/.MediaProvider}
06-17 14:12:54.703651  4979  5228 D ActivityThread: holder:android.app.IActivityManager$ContentProviderHolder@1d06004, holder.provider:android.content.ContentProviderProxy@a1249ed
06-17 14:12:54.705623  1114  1138 D DisplayPowerState: setScreenBrightness: brightness=180
06-17 14:12:54.705801  1114  1138 D DisplayPowerState: Requesting new screen state: state=ON, backlight=180
06-17 14:12:54.705853  1114  1138 D DisplayPowerState: Screen not ready
06-17 14:12:54.705940  1114  1300 D DisplayPowerState: Updating screen state: state=ON, backlight=180, backlightChanged=true
06-17 14:12:54.706095  1114  1300 D DisplayManagerService: Update global display state for DisplayDeviceInfo{"内置屏幕": uniqueId="local:0", 720 x 1280, modeId 1, defaultModeId 1, supportedModes [{id=1, width=720, height=1280, fps=60.100002}], density 320, 320.0 x 320.0 dpi, appVsyncOff -8000000, presDeadline 25638935, touch INTERNAL, rotation 0, type BUILT_IN, state ON, FLAG_DEFAULT_DISPLAY, FLAG_ROTATES_WITH_CONTENT, FLAG_SECURE, FLAG_SUPPORTS_PROTECTED_BUFFERS}
06-17 14:12:54.706139  1114  1300 D LocalDisplayAdapter: setDisplayBrightness(id=0, brightness=180)
06-17 14:12:54.710022  1114  1138 D DisplayPowerState: Screen ready
06-17 14:12:54.722292  1114  1138 D DisplayPowerState: setScreenBrightness: brightness=179
06-17 14:12:54.722489  1114  1138 D DisplayPowerState: Requesting new screen state: state=ON, backlight=179
06-17 14:12:54.722548  1114  1138 D DisplayPowerState: Screen not ready
06-17 14:12:54.722595  1114  1300 D DisplayPowerState: Updating screen state: state=ON, backlight=179, backlightChanged=true
06-17 14:12:54.722756  1114  1300 D DisplayManagerService: Update global display state for DisplayDeviceInfo{"内置屏幕": uniqueId="local:0", 720 x 1280, modeId 1, defaultModeId 1, supportedModes [{id=1, width=720, height=1280, fps=60.100002}], density 320, 320.0 x 320.0 dpi, appVsyncOff -8000000, presDeadline 25638935, touch INTERNAL, rotation 0, type BUILT_IN, state ON, FLAG_DEFAULT_DISPLAY, FLAG_ROTATES_WITH_CONTENT, FLAG_SECURE, FLAG_SUPPORTS_PROTECTED_BUFFERS}
06-17 14:12:54.722810  1114  1300 D LocalDisplayAdapter: setDisplayBrightness(id=0, brightness=179)
06-17 14:12:54.726614  1114  1138 D DisplayPowerState: Screen ready
06-17 14:12:54.746033  1114  1967 D ActivityManager: getContentProviderImpl: from caller=android.app.ApplicationThreadProxy@2772bd8 (pid=4979, userId=0) to get content provider media cpr=ContentProviderRecord{ccdcddb u0 com.android.providers.media/.MediaProvider}
06-17 14:12:54.747314  4979  5228 D ActivityThread: holder:android.app.IActivityManager$ContentProviderHolder@7405b21, holder.provider:android.content.ContentProviderProxy@eb10b46
06-17 14:12:54.757725  1114  1138 D DisplayPowerState: setScreenBrightness: brightness=178
06-17 14:12:54.757969  1114  1138 D DisplayPowerState: Requesting new screen state: state=ON, backlight=178
06-17 14:12:54.758028  1114  1138 D DisplayPowerState: Screen not ready
06-17 14:12:54.758952  1114  1300 D DisplayPowerState: Updating screen state: state=ON, backlight=178, backlightChanged=true
06-17 14:12:54.759137  1114  1300 D DisplayManagerService: Update global display state for DisplayDeviceInfo{"内置屏幕": uniqueId="local:0", 720 x 1280, modeId 1, defaultModeId 1, supportedModes [{id=1, width=720, height=1280, fps=60.100002}], density 320, 320.0 x 320.0 dpi, appVsyncOff -8000000, presDeadline 25638935, touch INTERNAL, rotation 0, type BUILT_IN, state ON, FLAG_DEFAULT_DISPLAY, FLAG_ROTATES_WITH_CONTENT, FLAG_SECURE, FLAG_SUPPORTS_PROTECTED_BUFFERS}
06-17 14:12:54.759187  1114  1300 D LocalDisplayAdapter: setDisplayBrightness(id=0, brightness=178)
06-17 14:12:54.760784 13313 13313 D ActivityThread: SVC-Calling onStartCommand: com.android.providers.media.MediaScannerService@1e9c43e, flags=0, startId=21
06-17 14:12:54.760784  1114  1138 D DisplayPowerState: Screen ready
06-17 14:12:54.764507 13313 13313 D ActivityThread: SVC-SERVICE_ARGS handled : 0 / ServiceArgsData{token=android.os.BinderProxy@9a4fcf9 startId=21 args=Intent { cmp=com.android.providers.media/.MediaScannerService (has extras) }}
06-17 14:12:54.772052  1114  1138 D DisplayPowerState: setScreenBrightness: brightness=177
06-17 14:12:54.772258  1114  1138 D DisplayPowerState: Requesting new screen state: state=ON, backlight=177
06-17 14:12:54.772310  1114  1138 D DisplayPowerState: Screen not ready
06-17 14:12:54.772381  1114  1300 D DisplayPowerState: Updating screen state: state=ON, backlight=177, backlightChanged=true
06-17 14:12:54.772549  1114  1300 D DisplayManagerService: Update global display state for DisplayDeviceInfo{"内置屏幕": uniqueId="local:0", 720 x 1280, modeId 1, defaultModeId 1, supportedModes [{id=1, width=720, height=1280, fps=60.100002}], density 320, 320.0 x 320.0 dpi, appVsyncOff -8000000, presDeadline 25638935, touch INTERNAL, rotation 0, type BUILT_IN, state ON, FLAG_DEFAULT_DISPLAY, FLAG_ROTATES_WITH_CONTENT, FLAG_SECURE, FLAG_SUPPORTS_PROTECTED_BUFFERS}
06-17 14:12:54.772591  1114  1300 D LocalDisplayAdapter: setDisplayBrightness(id=0, brightness=177)
06-17 14:12:54.772827  1114  1684 D ActivityManager: getContentProviderImpl: from caller=android.app.ApplicationThreadProxy@d29ab31 (pid=4979, userId=0) to get content provider media cpr=ContentProviderRecord{ccdcddb u0 com.android.providers.media/.MediaProvider}
06-17 14:12:54.773391  1114  1138 D DisplayPowerState: Screen ready
06-17 14:12:54.777900  4979  5228 D ActivityThread: holder:android.app.IActivityManager$ContentProviderHolder@98dd234, holder.provider:android.content.ContentProviderProxy@fa6885d
06-17 14:12:54.792716  1114  1249 D PowerManagerService: userActivityFromNative
06-17 14:12:54.792845  1114  1249 D PowerManagerService: userActivityNoUpdateLocked: eventTime=77352100, event=1, flags=0x0, uid=1000
06-17 14:12:54.792916  1114  1249 D PowerManagerNotifier: onUserActivity: event=1, uid=1000
06-17 14:12:54.793043  1114  1249 D PowerManagerService: updateUserActivitySummaryLocked: mWakefulness=Awake, mUserActivitySummary=0x9, nextTimeout=77360100 (in 7999 ms)
06-17 14:12:54.793150  1114  1249 D DisplayPowerController: requestPowerState: policy=BRIGHT, useProximitySensor=false, screenBrightness=102, screenAutoBrightnessAdjustment=1.0, brightnessSetByUser=true, useAutoBrightness=true, blockScreenOn=false, lowPowerMode=false, boostScreenBrightness=false, dozeScreenBrightness=-1, dozeScreenState=UNKNOWN, waitForNegativeProximity=false
06-17 14:12:54.793296  1114  1249 I PowerManagerService: setBrightness mButtonLight, screenBrightness=102
06-17 14:12:54.793335  1114  1249 D PowerManagerService: updateDisplayPowerStateLocked: mDisplayReady=true, policy=3, mWakefulness=1, mWakeLockSummary=0x1, mUserActivitySummary=0x9, mBootCompleted=true, mScreenBrightnessBoostInProgress=false
06-17 14:12:54.801170  1114  2620 V WindowManager: Looking for focus: 10 = Window{87941fd u0 StatusBar}, flags=-2122055608, canReceive=false
06-17 14:12:54.801245  1114  2620 V WindowManager: findFocusedWindow: Found new focus @ 7 = Window{dd72839 u0 com.mediatek.mtklogger/com.mediatek.mtklogger.LogFileListActivity}
06-17 14:12:54.802875  1114  2620 V WindowManager: Set focused app to: AppWindowToken{4d3e2f0 token=Token{4d27f33 ActivityRecord{422a6a2 u0 com.mediatek.mtklogger/.MainActivity t661}}} old focus=AppWindowToken{607de83 token=Token{d7fb132 ActivityRecord{a3753d u0 com.mediatek.mtklogger/.LogFileListActivity t661}}} moveFocusNow=true
06-17 14:12:54.803676  1114  2620 V WindowManager: Looking for focus: 10 = Window{87941fd u0 StatusBar}, flags=-2122055608, canReceive=false
06-17 14:12:54.803772  1114  2620 V WindowManager: findFocusedWindow: Found new focus @ 7 = Window{dd72839 u0 com.mediatek.mtklogger/com.mediatek.mtklogger.LogFileListActivity}
06-17 14:12:54.804380  1114  2620 D PowerManagerService: acquireWakeLockInternal: lock=96665126, flags=0x1, tag="*launch*", ws=WorkSource{10126}, uid=1000, pid=1114
06-17 14:12:54.804466  1114  2620 D PowerManagerService: updateWakeLockSummaryLocked: mWakefulness=Awake, mWakeLockSummary=0x1
06-17 14:12:54.804527  1114  2620 D PowerManagerService: updateUserActivitySummaryLocked: mWakefulness=Awake, mUserActivitySummary=0x9, nextTimeout=77360100 (in 7988 ms)
06-17 14:12:54.804642  1114  2620 D DisplayPowerController: requestPowerState: policy=BRIGHT, useProximitySensor=false, screenBrightness=102, screenAutoBrightnessAdjustment=1.0, brightnessSetByUser=true, useAutoBrightness=true, blockScreenOn=false, lowPowerMode=false, boostScreenBrightness=false, dozeScreenBrightness=-1, dozeScreenState=UNKNOWN, waitForNegativeProximity=false
06-17 14:12:54.804684  1114  2620 I PowerManagerService: setBrightness mButtonLight, screenBrightness=102
06-17 14:12:54.804734  1114  2620 D PowerManagerService: updateDisplayPowerStateLocked: mDisplayReady=true, policy=3, mWakefulness=1, mWakeLockSummary=0x1, mUserActivitySummary=0x9, mBootCompleted=true, mScreenBrightnessBoostInProgress=false
06-17 14:12:54.806385  1114  1138 D DisplayPowerState: setScreenBrightness: brightness=176
06-17 14:12:54.806570  1114  1138 D DisplayPowerState: Requesting new screen state: state=ON, backlight=176
06-17 14:12:54.806621  1114  1138 D DisplayPowerState: Screen not ready
06-17 14:12:54.807277  1114  1300 D DisplayPowerState: Updating screen state: state=ON, backlight=176, backlightChanged=true
06-17 14:12:54.807459  1114  2620 D PowerManagerNotifier: onWakeLockAcquired: flags=1, tag="*launch*", packageName=android, ownerUid=1000, ownerPid=1114, workSource=WorkSource{10126}
06-17 14:12:54.810547  1114  1300 D DisplayManagerService: Update global display state for DisplayDeviceInfo{"内置屏幕": uniqueId="local:0", 720 x 1280, modeId 1, defaultModeId 1, supportedModes [{id=1, width=720, height=1280, fps=60.100002}], density 320, 320.0 x 320.0 dpi, appVsyncOff -8000000, presDeadline 25638935, touch INTERNAL, rotation 0, type BUILT_IN, state ON, FLAG_DEFAULT_DISPLAY, FLAG_ROTATES_WITH_CONTENT, FLAG_SECURE, FLAG_SUPPORTS_PROTECTED_BUFFERS}
06-17 14:12:54.810652  1114  1300 D LocalDisplayAdapter: setDisplayBrightness(id=0, brightness=176)
06-17 14:12:54.811136  1114  1138 D DisplayPowerState: Screen ready
06-17 14:12:54.811676 14813 14813 D ActivityThread: ACT-AM_ON_PAUSE_CALLED ActivityRecord{56cb96e token=android.os.BinderProxy@8dea80f {com.mediatek.mtklogger/com.mediatek.mtklogger.LogFileListActivity}}
06-17 14:12:54.814445  1114  4890 V WindowManager: Set focused app to: AppWindowToken{4d3e2f0 token=Token{4d27f33 ActivityRecord{422a6a2 u0 com.mediatek.mtklogger/.MainActivity t661}}} old focus=AppWindowToken{4d3e2f0 token=Token{4d27f33 ActivityRecord{422a6a2 u0 com.mediatek.mtklogger/.MainActivity t661}}} moveFocusNow=false
06-17 14:12:54.817583  1114  4890 D ActivityManager: Delay resumeKeyDispatchingLocked() to avoid deadlock.
06-17 14:12:54.818659 14813 14813 D ActivityThread: ACT-PAUSE_ACTIVITY_FINISHING handled : 0 / android.os.BinderProxy@8dea80f
06-17 14:12:54.821988  1114  1138 D DisplayPowerState: setScreenBrightness: brightness=175
06-17 14:12:54.822248  1114  1138 D DisplayPowerState: Requesting new screen state: state=ON, backlight=175
06-17 14:12:54.822309  1114  1138 D DisplayPowerState: Screen not ready
06-17 14:12:54.823499 14813 14813 V ActivityThread: Performing resume of ActivityRecord{3b1b35c token=android.os.BinderProxy@c779665 {com.mediatek.mtklogger/com.mediatek.mtklogger.MainActivity}}
06-17 14:12:54.824331  1114  1300 D DisplayPowerState: Updating screen state: state=ON, backlight=175, backlightChanged=true
06-17 14:12:54.824572  1114  1300 D DisplayManagerService: Update global display state for DisplayDeviceInfo{"内置屏幕": uniqueId="local:0", 720 x 1280, modeId 1, defaultModeId 1, supportedModes [{id=1, width=720, height=1280, fps=60.100002}], density 320, 320.0 x 320.0 dpi, appVsyncOff -8000000, presDeadline 25638935, touch INTERNAL, rotation 0, type BUILT_IN, state ON, FLAG_DEFAULT_DISPLAY, FLAG_ROTATES_WITH_CONTENT, FLAG_SECURE, FLAG_SUPPORTS_PROTECTED_BUFFERS}
06-17 14:12:54.824637  1114  1300 D LocalDisplayAdapter: setDisplayBrightness(id=0, brightness=175)
06-17 14:12:54.825348  1114  1138 D DisplayPowerState: Screen ready
06-17 14:12:54.829814 14813 14813 D ActivityThread: ACT-AM_ON_RESUME_CALLED ActivityRecord{3b1b35c token=android.os.BinderProxy@c779665 {com.mediatek.mtklogger/com.mediatek.mtklogger.MainActivity}}
06-17 14:12:54.829896 14813 14813 V ActivityThread: Resume ActivityRecord{3b1b35c token=android.os.BinderProxy@c779665 {com.mediatek.mtklogger/com.mediatek.mtklogger.MainActivity}} started activity: false, hideForNow: false, finished: false
06-17 14:12:54.829963 14813 14813 V ActivityThread: Resuming ActivityRecord{3b1b35c token=android.os.BinderProxy@c779665 {com.mediatek.mtklogger/com.mediatek.mtklogger.MainActivity}} with isForward=false
06-17 14:12:54.830768 14813 14813 V ActivityThread: Scheduling idle handler for ActivityRecord{3b1b35c token=android.os.BinderProxy@c779665 {com.mediatek.mtklogger/com.mediatek.mtklogger.MainActivity}}
06-17 14:12:54.831567 14813 14813 D ActivityThread: ACT-RESUME_ACTIVITY handled : 0 / android.os.BinderProxy@c779665
06-17 14:12:54.840930  1114  2626 W PackageManager: checkUidPermission(): android.permission.STATUS_BAR of 10126 is denied.
06-17 14:12:54.843830  1114  2626 V WindowManager: Looking for focus: 10 = Window{87941fd u0 StatusBar}, flags=-2122055608, canReceive=false
06-17 14:12:54.843945  1114  2626 V WindowManager: findFocusedWindow: Found new focus @ 6 = Window{a0c32e4 u0 com.mediatek.mtklogger/com.mediatek.mtklogger.MainActivity}
06-17 14:12:54.844291  1114  2626 V WindowManager: Changing focus from Window{dd72839 u0 com.mediatek.mtklogger/com.mediatek.mtklogger.LogFileListActivity} to Window{a0c32e4 u0 com.mediatek.mtklogger/com.mediatek.mtklogger.MainActivity} Callers=com.android.server.wm.WindowManagerService.relayoutWindow:3522 com.android.server.wm.Session.relayout:201 android.view.IWindowSession$Stub.onTransact:284 com.android.server.wm.Session.onTransact:133 
06-17 14:12:54.844433  1114  2626 D WindowManager: Input focus has changed to Window{a0c32e4 u0 com.mediatek.mtklogger/com.mediatek.mtklogger.MainActivity}
06-17 14:12:54.846266  1114  1135 I WindowManager: Focus moving from Window{dd72839 u0 com.mediatek.mtklogger/com.mediatek.mtklogger.LogFileListActivity} to Window{a0c32e4 u0 com.mediatek.mtklogger/com.mediatek.mtklogger.MainActivity}
06-17 14:12:54.846360  1114  1135 I WindowManager: Gaining focus: Window{a0c32e4 u0 com.mediatek.mtklogger/com.mediatek.mtklogger.MainActivity}
06-17 14:12:54.855223  1114  1138 D DisplayPowerState: setScreenBrightness: brightness=174
06-17 14:12:54.855663  1114  1138 D DisplayPowerState: Requesting new screen state: state=ON, backlight=174
06-17 14:12:54.855739  1114  1138 D DisplayPowerState: Screen not ready
06-17 14:12:54.856272  1114  1300 D DisplayPowerState: Updating screen state: state=ON, backlight=174, backlightChanged=true
06-17 14:12:54.856526  1114  1300 D DisplayManagerService: Update global display state for DisplayDeviceInfo{"内置屏幕": uniqueId="local:0", 720 x 1280, modeId 1, defaultModeId 1, supportedModes [{id=1, width=720, height=1280, fps=60.100002}], density 320, 320.0 x 320.0 dpi, appVsyncOff -8000000, presDeadline 25638935, touch INTERNAL, rotation 0, type BUILT_IN, state ON, FLAG_DEFAULT_DISPLAY, FLAG_ROTATES_WITH_CONTENT, FLAG_SECURE, FLAG_SUPPORTS_PROTECTED_BUFFERS}
06-17 14:12:54.856614  1114  1300 D LocalDisplayAdapter: setDisplayBrightness(id=0, brightness=174)
06-17 14:12:54.857102  1114  1138 D DisplayPowerState: Screen ready
06-17 14:12:54.862276  1114  2621 V InputMethodManagerService: windowGainedFocus: android.os.BinderProxy@2577076 controlFlags=#104 softInputMode=#20 windowFlags=#1810100
06-17 14:12:54.872117  1114  1138 D DisplayPowerState: setScreenBrightness: brightness=173
06-17 14:12:54.872323  1114  1138 D DisplayPowerState: Requesting new screen state: state=ON, backlight=173
06-17 14:12:54.872377  1114  1138 D DisplayPowerState: Screen not ready
06-17 14:12:54.873021  1114  1300 D DisplayPowerState: Updating screen state: state=ON, backlight=173, backlightChanged=true
06-17 14:12:54.873217  1114  1300 D DisplayManagerService: Update global display state for DisplayDeviceInfo{"内置屏幕": uniqueId="local:0", 720 x 1280, modeId 1, defaultModeId 1, supportedModes [{id=1, width=720, height=1280, fps=60.100002}], density 320, 320.0 x 320.0 dpi, appVsyncOff -8000000, presDeadline 25638935, touch INTERNAL, rotation 0, type BUILT_IN, state ON, FLAG_DEFAULT_DISPLAY, FLAG_ROTATES_WITH_CONTENT, FLAG_SECURE, FLAG_SUPPORTS_PROTECTED_BUFFERS}
06-17 14:12:54.873270  1114  1300 D LocalDisplayAdapter: setDisplayBrightness(id=0, brightness=173)
06-17 14:12:54.873803  1114  1138 D DisplayPowerState: Screen ready
06-17 14:12:54.893704  1114 18231 D PowerManagerService: releaseWakeLockInternal: lock=96665126 [*launch*], flags=0x0, total_time=89ms
06-17 14:12:54.893860  1114 18231 D PowerManagerNotifier: onWakeLockReleased: flags=1, tag="*launch*", packageName=android, ownerUid=1000, ownerPid=1114, workSource=WorkSource{10126}
06-17 14:12:54.893984  1114 18231 D PowerManagerService: updateWakeLockSummaryLocked: mWakefulness=Awake, mWakeLockSummary=0x1
06-17 14:12:54.894055  1114 18231 D PowerManagerService: updateUserActivitySummaryLocked: mWakefulness=Awake, mUserActivitySummary=0x9, nextTimeout=77360100 (in 7898 ms)
06-17 14:12:54.894183  1114 18231 D DisplayPowerController: requestPowerState: policy=BRIGHT, useProximitySensor=false, screenBrightness=102, screenAutoBrightnessAdjustment=1.0, brightnessSetByUser=true, useAutoBrightness=true, blockScreenOn=false, lowPowerMode=false, boostScreenBrightness=false, dozeScreenBrightness=-1, dozeScreenState=UNKNOWN, waitForNegativeProximity=false
06-17 14:12:54.894229  1114 18231 I PowerManagerService: setBrightness mButtonLight, screenBrightness=102
06-17 14:12:54.894269  1114 18231 D PowerManagerService: updateDisplayPowerStateLocked: mDisplayReady=true, policy=3, mWakefulness=1, mWakeLockSummary=0x1, mUserActivitySummary=0x9, mBootCompleted=true, mScreenBrightnessBoostInProgress=false
06-17 14:12:54.894798  1114  1135 V WindowManager: Looking for focus: 10 = Window{87941fd u0 StatusBar}, flags=-2122055608, canReceive=false
06-17 14:12:54.894917  1114  1135 V WindowManager: findFocusedWindow: Found new focus @ 6 = Window{a0c32e4 u0 com.mediatek.mtklogger/com.mediatek.mtklogger.MainActivity}
06-17 14:12:54.895243  1114  1135 D WindowManager: notifyActivityDrawnForKeyguard: waiting=false Callers=com.android.server.wm.WindowManagerService.handleAppTransitionReadyLocked:9932 com.android.server.wm.WindowManagerService.performLayoutAndPlaceSurfacesLockedInner:10519 com.android.server.wm.WindowManagerService.performLayoutAndPlaceSurfacesLockedLoop:9321 com.android.server.wm.WindowManagerService.performLayoutAndPlaceSurfacesLocked:9268 com.android.server.wm.WindowManagerService.-wrap7:-1 
06-17 14:12:54.897884  1114  1135 I WindowManager: Losing delayed focus: Window{dd72839 u0 com.mediatek.mtklogger/com.mediatek.mtklogger.LogFileListActivity}
06-17 14:12:54.911035  1114  1138 D DisplayPowerState: setScreenBrightness: brightness=172
06-17 14:12:54.911756  1114  1138 D DisplayPowerState: Requesting new screen state: state=ON, backlight=172
06-17 14:12:54.911982  1114  1138 D DisplayPowerState: Screen not ready
06-17 14:12:54.912383  1114  1300 D DisplayPowerState: Updating screen state: state=ON, backlight=172, backlightChanged=true
06-17 14:12:54.912558  1114  1300 D DisplayManagerService: Update global display state for DisplayDeviceInfo{"内置屏幕": uniqueId="local:0", 720 x 1280, modeId 1, defaultModeId 1, supportedModes [{id=1, width=720, height=1280, fps=60.100002}], density 320, 320.0 x 320.0 dpi, appVsyncOff -8000000, presDeadline 25638935, touch INTERNAL, rotation 0, type BUILT_IN, state ON, FLAG_DEFAULT_DISPLAY, FLAG_ROTATES_WITH_CONTENT, FLAG_SECURE, FLAG_SUPPORTS_PROTECTED_BUFFERS}
06-17 14:12:54.912611  1114  1300 D LocalDisplayAdapter: setDisplayBrightness(id=0, brightness=172)
06-17 14:12:54.913303  1114  1138 D DisplayPowerState: Screen ready
06-17 14:12:54.916883  1114  2622 W PackageManager: checkUidPermission(): android.permission.STATUS_BAR of 10126 is denied.
06-17 14:12:54.917819  1114  2622 V WindowManager: Looking for focus: 10 = Window{87941fd u0 StatusBar}, flags=-2122055608, canReceive=false
06-17 14:12:54.917938  1114  2622 V WindowManager: findFocusedWindow: Found new focus @ 6 = Window{a0c32e4 u0 com.mediatek.mtklogger/com.mediatek.mtklogger.MainActivity}
06-17 14:12:54.922003  1114  1138 D DisplayPowerState: setScreenBrightness: brightness=171
06-17 14:12:54.922242  1114  1138 D DisplayPowerState: Requesting new screen state: state=ON, backlight=171
06-17 14:12:54.922302  1114  1138 D DisplayPowerState: Screen not ready
06-17 14:12:54.922856  1114  1300 D DisplayPowerState: Updating screen state: state=ON, backlight=171, backlightChanged=true
06-17 14:12:54.923114  1114  1300 D DisplayManagerService: Update global display state for DisplayDeviceInfo{"内置屏幕": uniqueId="local:0", 720 x 1280, modeId 1, defaultModeId 1, supportedModes [{id=1, width=720, height=1280, fps=60.100002}], density 320, 320.0 x 320.0 dpi, appVsyncOff -8000000, presDeadline 25638935, touch INTERNAL, rotation 0, type BUILT_IN, state ON, FLAG_DEFAULT_DISPLAY, FLAG_ROTATES_WITH_CONTENT, FLAG_SECURE, FLAG_SUPPORTS_PROTECTED_BUFFERS}
06-17 14:12:54.923210  1114  1300 D LocalDisplayAdapter: setDisplayBrightness(id=0, brightness=171)
06-17 14:12:54.923722  1114  1138 D DisplayPowerState: Screen ready
06-17 14:12:54.930198 13313 13313 D ActivityThread: SVC-Calling onStartCommand: com.android.providers.media.MediaScannerService@1e9c43e, flags=0, startId=22
06-17 14:12:54.932384 13313 13313 D ActivityThread: SVC-SERVICE_ARGS handled : 0 / ServiceArgsData{token=android.os.BinderProxy@9a4fcf9 startId=22 args=Intent { cmp=com.android.providers.media/.MediaScannerService (has extras) }}
06-17 14:12:54.951485  1114 21938 V ActivityManager: Broadcast: Intent { act=com.kingroot.master.action.NOTIFY_STATISTIC flg=0x10 pkg=com.kingroot.kinguser (has extras) } ordered=false userid=0 callerApp=ProcessRecord{8fefbfc 10875:com.kingroot.kinguser:service/u0a213}
06-17 14:12:54.952492  1114 21938 V ActivityManager_Broadcast: Enqueueing ordered broadcast BroadcastRecord{b04afa u0 com.kingroot.master.action.NOTIFY_STATISTIC}: prev had 0
06-17 14:12:54.952549  1114 21938 I ActivityManager_Broadcast: Enqueueing broadcast com.kingroot.master.action.NOTIFY_STATISTIC
06-17 14:12:54.954979  1114  1138 D DisplayPowerState: setScreenBrightness: brightness=170
06-17 14:12:54.955185  1114  1138 D DisplayPowerState: Requesting new screen state: state=ON, backlight=170
06-17 14:12:54.955235  1114  1138 D DisplayPowerState: Screen not ready
06-17 14:12:54.955302  1114  1300 D DisplayPowerState: Updating screen state: state=ON, backlight=170, backlightChanged=true
06-17 14:12:54.955452  1114  1300 D DisplayManagerService: Update global display state for DisplayDeviceInfo{"内置屏幕": uniqueId="local:0", 720 x 1280, modeId 1, defaultModeId 1, supportedModes [{id=1, width=720, height=1280, fps=60.100002}], density 320, 320.0 x 320.0 dpi, appVsyncOff -8000000, presDeadline 25638935, touch INTERNAL, rotation 0, type BUILT_IN, state ON, FLAG_DEFAULT_DISPLAY, FLAG_ROTATES_WITH_CONTENT, FLAG_SECURE, FLAG_SUPPORTS_PROTECTED_BUFFERS}
06-17 14:12:54.955496  1114  1300 D LocalDisplayAdapter: setDisplayBrightness(id=0, brightness=170)
06-17 14:12:54.956107  1114  1138 D DisplayPowerState: Screen ready
06-17 14:12:54.956700  1114  1124 V ActivityManager: Broadcast: Intent { act=com.kingroot.master.action.NOTIFY_STATISTIC flg=0x10 pkg=com.kingroot.kinguser (has extras) } ordered=false userid=0 callerApp=ProcessRecord{8fefbfc 10875:com.kingroot.kinguser:service/u0a213}
06-17 14:12:54.957072 10875 10875 D ActivityThread: BDC-Calling onReceive: intent=Intent { act=com.kingroot.master.action.NOTIFY_STATISTIC flg=0x10 pkg=com.kingroot.kinguser cmp=com.kingroot.kinguser/com.kingroot.common.framework.broadcast.KSysBroadcastReceiver (has extras) }, receiver=com.kingroot.common.framework.broadcast.KSysBroadcastReceiver@8840489
06-17 14:12:54.958102  1114  1124 V ActivityManager_Broadcast: Enqueueing ordered broadcast BroadcastRecord{94448ab u0 com.kingroot.master.action.NOTIFY_STATISTIC}: prev had 1
06-17 14:12:54.958241  1114  1124 I ActivityManager_Broadcast: Enqueueing broadcast com.kingroot.master.action.NOTIFY_STATISTIC
06-17 14:12:54.958270 10875 10875 D ActivityThread: BDC-RECEIVER handled : 0 / ReceiverData{intent=Intent { act=com.kingroot.master.action.NOTIFY_STATISTIC flg=0x10 pkg=com.kingroot.kinguser cmp=com.kingroot.kinguser/com.kingroot.common.framework.broadcast.KSysBroadcastReceiver (has extras) } packageName=com.kingroot.kinguser resultCode=-1 resultData=null resultExtras=null}
06-17 14:12:54.961651 10875 10875 D ActivityThread: BDC-Calling onReceive: intent=Intent { act=com.kingroot.master.action.NOTIFY_STATISTIC flg=0x10 pkg=com.kingroot.kinguser cmp=com.kingroot.kinguser/com.kingroot.common.framework.broadcast.KSysBroadcastReceiver (has extras) }, receiver=com.kingroot.common.framework.broadcast.KSysBroadcastReceiver@48ddc8e
06-17 14:12:54.969325 10875 10875 D ActivityThread: BDC-RECEIVER handled : 0 / ReceiverData{intent=Intent { act=com.kingroot.master.action.NOTIFY_STATISTIC flg=0x10 pkg=com.kingroot.kinguser cmp=com.kingroot.kinguser/com.kingroot.common.framework.broadcast.KSysBroadcastReceiver (has extras) } packageName=com.kingroot.kinguser resultCode=-1 resultData=null resultExtras=null}
06-17 14:12:54.971718  1114  1138 D DisplayPowerState: setScreenBrightness: brightness=169
06-17 14:12:54.971971  1114  1138 D DisplayPowerState: Requesting new screen state: state=ON, backlight=169
06-17 14:12:54.972029  1114  1138 D DisplayPowerState: Screen not ready
06-17 14:12:54.972082  1114  1300 D DisplayPowerState: Updating screen state: state=ON, backlight=169, backlightChanged=true
06-17 14:12:54.972235  1114  1300 D DisplayManagerService: Update global display state for DisplayDeviceInfo{"内置屏幕": uniqueId="local:0", 720 x 1280, modeId 1, defaultModeId 1, supportedModes [{id=1, width=720, height=1280, fps=60.100002}], density 320, 320.0 x 320.0 dpi, appVsyncOff -8000000, presDeadline 25638935, touch INTERNAL, rotation 0, type BUILT_IN, state ON, FLAG_DEFAULT_DISPLAY, FLAG_ROTATES_WITH_CONTENT, FLAG_SECURE, FLAG_SUPPORTS_PROTECTED_BUFFERS}
06-17 14:12:54.972291  1114  1300 D LocalDisplayAdapter: setDisplayBrightness(id=0, brightness=169)
06-17 14:12:54.972811  1114  1138 D DisplayPowerState: Screen ready
06-17 14:12:54.974730  1114  1125 D ActivityManager: getContentProviderImpl: from caller=android.app.ApplicationThreadProxy@f793b08 (pid=4979, userId=0) to get content provider media cpr=ContentProviderRecord{ccdcddb u0 com.android.providers.media/.MediaProvider}
06-17 14:12:54.975962  4979  5228 D ActivityThread: holder:android.app.IActivityManager$ContentProviderHolder@b581782, holder.provider:android.content.ContentProviderProxy@c37ce93
06-17 14:12:54.986788  1114  1125 D ActivityManager: getContentProviderImpl: from caller=android.app.ApplicationThreadProxy@6cac2a1 (pid=4979, userId=0) to get content provider media cpr=ContentProviderRecord{ccdcddb u0 com.android.providers.media/.MediaProvider}
06-17 14:12:54.989462  4979  5228 D ActivityThread: holder:android.app.IActivityManager$ContentProviderHolder@80a3ec9, holder.provider:android.content.ContentProviderProxy@3f429ce
06-17 14:12:54.990462 13313 13313 D ActivityThread: SVC-Calling onStartCommand: com.android.providers.media.MediaScannerService@1e9c43e, flags=0, startId=23
06-17 14:12:54.992831 13313 13313 D ActivityThread: SVC-SERVICE_ARGS handled : 0 / ServiceArgsData{token=android.os.BinderProxy@9a4fcf9 startId=23 args=Intent { cmp=com.android.providers.media/.MediaScannerService (has extras) }}
06-17 14:12:55.001579  1114  1968 D ActivityManager: getContentProviderImpl: from caller=android.app.ApplicationThreadProxy@5281cc6 (pid=4979, userId=0) to get content provider media cpr=ContentProviderRecord{ccdcddb u0 com.android.providers.media/.MediaProvider}
06-17 14:12:55.003463  4979  5228 D ActivityThread: holder:android.app.IActivityManager$ContentProviderHolder@48327fc, holder.provider:android.content.ContentProviderProxy@aeefe85
06-17 14:12:55.005238  1114  1138 D DisplayPowerState: setScreenBrightness: brightness=168
06-17 14:12:55.005461  1114  1138 D DisplayPowerState: Requesting new screen state: state=ON, backlight=168
06-17 14:12:55.005516  1114  1138 D DisplayPowerState: Screen not ready
06-17 14:12:55.005667  1114  1300 D DisplayPowerState: Updating screen state: state=ON, backlight=168, backlightChanged=true
06-17 14:12:55.005845  1114  1300 D DisplayManagerService: Update global display state for DisplayDeviceInfo{"内置屏幕": uniqueId="local:0", 720 x 1280, modeId 1, defaultModeId 1, supportedModes [{id=1, width=720, height=1280, fps=60.100002}], density 320, 320.0 x 320.0 dpi, appVsyncOff -8000000, presDeadline 25638935, touch INTERNAL, rotation 0, type BUILT_IN, state ON, FLAG_DEFAULT_DISPLAY, FLAG_ROTATES_WITH_CONTENT, FLAG_SECURE, FLAG_SUPPORTS_PROTECTED_BUFFERS}
06-17 14:12:55.005899  1114  1300 D LocalDisplayAdapter: setDisplayBrightness(id=0, brightness=168)
06-17 14:12:55.006616  1114  1138 D DisplayPowerState: Screen ready
06-17 14:12:55.014341  1114  2626 D ActivityManager: getContentProviderImpl: from caller=android.app.ApplicationThreadProxy@1fcc487 (pid=4979, userId=0) to get content provider media cpr=ContentProviderRecord{ccdcddb u0 com.android.providers.media/.MediaProvider}
06-17 14:12:55.015871  4979  5228 D ActivityThread: holder:android.app.IActivityManager$ContentProviderHolder@a667a94, holder.provider:android.content.ContentProviderProxy@973793d
06-17 14:12:55.021645  1114  1138 D DisplayPowerState: setScreenBrightness: brightness=167
06-17 14:12:55.021967  1114  1138 D DisplayPowerState: Requesting new screen state: state=ON, backlight=167
06-17 14:12:55.022037  1114  1138 D DisplayPowerState: Screen not ready
06-17 14:12:55.022270  1114  1300 D DisplayPowerState: Updating screen state: state=ON, backlight=167, backlightChanged=true
06-17 14:12:55.022489  1114  1300 D DisplayManagerService: Update global display state for DisplayDeviceInfo{"内置屏幕": uniqueId="local:0", 720 x 1280, modeId 1, defaultModeId 1, supportedModes [{id=1, width=720, height=1280, fps=60.100002}], density 320, 320.0 x 320.0 dpi, appVsyncOff -8000000, presDeadline 25638935, touch INTERNAL, rotation 0, type BUILT_IN, state ON, FLAG_DEFAULT_DISPLAY, FLAG_ROTATES_WITH_CONTENT, FLAG_SECURE, FLAG_SUPPORTS_PROTECTED_BUFFERS}
06-17 14:12:55.022584  1114  1300 D LocalDisplayAdapter: setDisplayBrightness(id=0, brightness=167)
06-17 14:12:55.023088  1114  1138 D DisplayPowerState: Screen ready
06-17 14:12:55.030046  1114 18231 D ActivityManager: getContentProviderImpl: from caller=android.app.ApplicationThreadProxy@3eaffb4 (pid=4979, userId=0) to get content provider media cpr=ContentProviderRecord{ccdcddb u0 com.android.providers.media/.MediaProvider}
06-17 14:12:55.032074  4979  5228 D ActivityThread: holder:android.app.IActivityManager$ContentProviderHolder@6de882c, holder.provider:android.content.ContentProviderProxy@84592f5
06-17 14:12:55.042298  1114  1128 D ActivityManager: getContentProviderImpl: from caller=android.app.ApplicationThreadProxy@e2fe7dd (pid=4979, userId=0) to get content provider media cpr=ContentProviderRecord{ccdcddb u0 com.android.providers.media/.MediaProvider}
06-17 14:12:55.043623  4979  5228 D ActivityThread: holder:android.app.IActivityManager$ContentProviderHolder@bd6befb, holder.provider:android.content.ContentProviderProxy@9c1fb18
06-17 14:12:55.043778  1114  1131 V NetworkStats: setKernelCounterSet uid=10090 set=1
06-17 14:12:55.043792 13313 13313 D ActivityThread: SVC-Calling onStartCommand: com.android.providers.media.MediaScannerService@1e9c43e, flags=0, startId=24
06-17 14:12:55.046569 13313 13313 D ActivityThread: SVC-SERVICE_ARGS handled : 0 / ServiceArgsData{token=android.os.BinderProxy@9a4fcf9 startId=24 args=Intent { cmp=com.android.providers.media/.MediaScannerService (has extras) }}
06-17 14:12:55.052632  1114  1124 D ActivityManager: getContentProviderImpl: from caller=android.app.ApplicationThreadProxy@4f93f52 (pid=4979, userId=0) to get content provider media cpr=ContentProviderRecord{ccdcddb u0 com.android.providers.media/.MediaProvider}
06-17 14:12:55.052998  1114  1131 V NetworkStats: setKernelCounterSet uid=10090 set=0
06-17 14:12:55.053776  4979  5228 D ActivityThread: holder:android.app.IActivityManager$ContentProviderHolder@aa88356, holder.provider:android.content.ContentProviderProxy@c484fd7
06-17 14:12:55.054991  1114  1138 D DisplayPowerState: setScreenBrightness: brightness=166
06-17 14:12:55.055165  1114  1138 D DisplayPowerState: Requesting new screen state: state=ON, backlight=166
06-17 14:12:55.055227  1114  1138 D DisplayPowerState: Screen not ready
06-17 14:12:55.055350  1114  1300 D DisplayPowerState: Updating screen state: state=ON, backlight=166, backlightChanged=true
