06-17 14:12:56.161693  4979  5228 D ActivityThread: holder:android.app.IActivityManager$ContentProviderHolder@77bcafc, holder.provider:android.content.ContentProviderProxy@2766585
06-17 14:12:56.163751 13313 13313 D ActivityThread: SVC-SERVICE_ARGS handled : 0 / ServiceArgsData{token=android.os.BinderProxy@9a4fcf9 startId=48 args=Intent { cmp=com.android.providers.media/.MediaScannerService (has extras) }}
06-17 14:12:56.172812  1114  2618 D ActivityManager: getContentProviderImpl: from caller=android.app.ApplicationThreadProxy@d357626 (pid=4979, userId=0) to get content provider media cpr=ContentProviderRecord{ccdcddb u0 com.android.providers.media/.MediaProvider}
06-17 14:12:56.175431  4979  5228 D ActivityThread: holder:android.app.IActivityManager$ContentProviderHolder@7a7bc0b, holder.provider:android.content.ContentProviderProxy@9389ae8
06-17 14:12:56.204145  1114 18231 D ActivityManager: getContentProviderImpl: from caller=android.app.ApplicationThreadProxy@1271267 (pid=4979, userId=0) to get content provider media cpr=ContentProviderRecord{ccdcddb u0 com.android.providers.media/.MediaProvider}
06-17 14:12:56.206041  4979  5228 D ActivityThread: holder:android.app.IActivityManager$ContentProviderHolder@6c5eb2c, holder.provider:android.content.ContentProviderProxy@ff4b9f5
06-17 14:12:56.214618 13313 13313 D ActivityThread: SVC-Calling onStartCommand: com.android.providers.media.MediaScannerService@1e9c43e, flags=0, startId=49
06-17 14:12:56.216623 13313 13313 D ActivityThread: SVC-SERVICE_ARGS handled : 0 / ServiceArgsData{token=android.os.BinderProxy@9a4fcf9 startId=49 args=Intent { cmp=com.android.providers.media/.MediaScannerService (has extras) }}
06-17 14:12:56.225132  1114  1124 D ActivityManager: getContentProviderImpl: from caller=android.app.ApplicationThreadProxy@7e86814 (pid=4979, userId=0) to get content provider media cpr=ContentProviderRecord{ccdcddb u0 com.android.providers.media/.MediaProvider}
06-17 14:12:56.227224  4979  5228 D ActivityThread: holder:android.app.IActivityManager$ContentProviderHolder@e23bdfb, holder.provider:android.content.ContentProviderProxy@43c8e18
06-17 14:12:56.263874  1114  1124 D WindowManager: addWindowToListInOrderLocked: win=Window{572ceb2 u0 开始录制} Callers=com.android.server.wm.WindowManagerService.addWindow:2726 com.android.server.wm.Session.addToDisplay:171 android.view.IWindowSession$Stub.onTransact:124 com.android.server.wm.Session.onTransact:133 
06-17 14:12:56.263987  1114  1124 V WindowManager: not Base app: Adding window Window{572ceb2 u0 开始录制} at 7 of 10
06-17 14:12:56.264048  1114  1124 V WindowManager: Looking for focus: 10 = Window{87941fd u0 StatusBar}, flags=-2122055608, canReceive=false
06-17 14:12:56.264090  1114  1124 V WindowManager: findFocusedWindow: Found new focus @ 7 = Window{572ceb2 u0 开始录制}
06-17 14:12:56.264467  1114  1124 V WindowManager: Changing focus from Window{a0c32e4 u0 com.mediatek.mtklogger/com.mediatek.mtklogger.MainActivity} to Window{572ceb2 u0 开始录制} Callers=com.android.server.wm.WindowManagerService.addWindow:2766 com.android.server.wm.Session.addToDisplay:171 android.view.IWindowSession$Stub.onTransact:124 com.android.server.wm.Session.onTransact:133 
06-17 14:12:56.264574  1114  1124 D WindowManager: Input focus has changed to Window{572ceb2 u0 开始录制}
06-17 14:12:56.265169  1114  1135 I WindowManager: Focus moving from Window{a0c32e4 u0 com.mediatek.mtklogger/com.mediatek.mtklogger.MainActivity} to Window{572ceb2 u0 开始录制}
06-17 14:12:56.265247  1114  1135 I WindowManager: Gaining focus: Window{572ceb2 u0 开始录制}
06-17 14:12:56.295700 13313 13313 D ActivityThread: SVC-Calling onStartCommand: com.android.providers.media.MediaScannerService@1e9c43e, flags=0, startId=50
06-17 14:12:56.297767 13313 13313 D ActivityThread: SVC-SERVICE_ARGS handled : 0 / ServiceArgsData{token=android.os.BinderProxy@9a4fcf9 startId=50 args=Intent { cmp=com.android.providers.media/.MediaScannerService (has extras) }}
06-17 14:12:56.313136  1114  2626 W PackageManager: checkUidPermission(): android.permission.STATUS_BAR of 10126 is denied.
06-17 14:12:56.315387  1114  2626 V WindowManager: Looking for focus: 10 = Window{87941fd u0 StatusBar}, flags=-2122055608, canReceive=false
06-17 14:12:56.315484  1114  2626 V WindowManager: findFocusedWindow: Found new focus @ 7 = Window{572ceb2 u0 开始录制}
06-17 14:12:56.334509 13313 13313 D ActivityThread: SVC-Calling onStartCommand: com.android.providers.media.MediaScannerService@1e9c43e, flags=0, startId=51
06-17 14:12:56.338160 13313 13313 D ActivityThread: SVC-SERVICE_ARGS handled : 0 / ServiceArgsData{token=android.os.BinderProxy@9a4fcf9 startId=51 args=Intent { cmp=com.android.providers.media/.MediaScannerService (has extras) }}
06-17 14:12:56.344717  1114  1135 I WindowManager: Losing delayed focus: Window{a0c32e4 u0 com.mediatek.mtklogger/com.mediatek.mtklogger.MainActivity}
06-17 14:12:56.375179 13313 13313 D ActivityThread: SVC-Calling onStartCommand: com.android.providers.media.MediaScannerService@1e9c43e, flags=0, startId=52
06-17 14:12:56.377043 13313 13313 D ActivityThread: SVC-SERVICE_ARGS handled : 0 / ServiceArgsData{token=android.os.BinderProxy@9a4fcf9 startId=52 args=Intent { cmp=com.android.providers.media/.MediaScannerService (has extras) }}
06-17 14:12:56.410334  1114  4890 D ActivityManager: getContentProviderImpl: from caller=android.app.ApplicationThreadProxy@bbb23fe (pid=4979, userId=0) to get content provider media cpr=ContentProviderRecord{ccdcddb u0 com.android.providers.media/.MediaProvider}
06-17 14:12:56.412250  4979  5228 D ActivityThread: holder:android.app.IActivityManager$ContentProviderHolder@55b2cbf, holder.provider:android.content.ContentProviderProxy@a2e6f8c
06-17 14:12:56.427316 13313 13313 D ActivityThread: SVC-Calling onStartCommand: com.android.providers.media.MediaScannerService@1e9c43e, flags=0, startId=53
06-17 14:12:56.428197  1114  1124 D ActivityManager: getContentProviderImpl: from caller=android.app.ApplicationThreadProxy@819e75f (pid=4979, userId=0) to get content provider media cpr=ContentProviderRecord{ccdcddb u0 com.android.providers.media/.MediaProvider}
06-17 14:12:56.429508  4979  5228 D ActivityThread: holder:android.app.IActivityManager$ContentProviderHolder@e9a0eea, holder.provider:android.content.ContentProviderProxy@b1fd5db
06-17 14:12:56.430893 13313 13313 D ActivityThread: SVC-SERVICE_ARGS handled : 0 / ServiceArgsData{token=android.os.BinderProxy@9a4fcf9 startId=53 args=Intent { cmp=com.android.providers.media/.MediaScannerService (has extras) }}
06-17 14:12:56.457010  1114 21938 W PackageManager: checkUidPermission(): android.permission.REAL_GET_TASKS of 10179 is denied.
06-17 14:12:56.458149  1114  2620 W PackageManager: checkUidPermission(): android.permission.REAL_GET_TASKS of 10179 is denied.
06-17 14:12:56.471523 13313 13313 D ActivityThread: SVC-UNBIND_SERVICE handled : 0 / BindServiceData{token=android.os.BinderProxy@9a4fcf9 intent=Intent { act=android.media.IMediaScannerService cmp=com.android.providers.media/.MediaScannerService }}
06-17 14:12:56.471653 13313 13313 D ActivityThread: SVC-Destroying service: com.android.providers.media.MediaScannerService@1e9c43e
06-17 14:12:56.474292 13313 13313 D ActivityThread: SVC-STOP_SERVICE handled : 0 / android.os.BinderProxy@9a4fcf9
06-17 14:12:56.695543  1114  2624 W PackageManager: checkUidPermission(): android.permission.REAL_GET_TASKS of 10173 is denied.
06-17 14:12:56.841482  1114  1968 W PackageManager: checkUidPermission(): android.permission.LOCAL_MAC_ADDRESS of 10203 is denied.
06-17 14:12:56.844229  1114  2622 V ActivityManager: Broadcast sticky: Intent { act=android.intent.action.SIG_STR flg=0x20000010 (has extras) } ordered=false userid=-1 callerApp=ProcessRecord{60ef50d 1114:system/1000}
06-17 14:12:57.078857  1114  2624 W PackageManager: checkUidPermission(): android.permission.PACKAGE_USAGE_STATS of 10177 is denied.
06-17 14:12:57.183573  1114  1258 V ActivityManager: Broadcast sticky: Intent { act=android.net.wifi.STATE_CHANGE flg=0x4000010 (has extras) } ordered=false userid=-1 callerApp=ProcessRecord{60ef50d 1114:system/1000}
06-17 14:12:57.184751  1114  1258 V ActivityManager: Enqueueing parallel broadcast BroadcastRecord{a00a5ac u-1 android.net.wifi.STATE_CHANGE} intent Intent { act=android.net.wifi.STATE_CHANGE flg=0x4000010 (has extras) }
06-17 14:12:57.184933  1114  1258 V ActivityManager: Enqueueing ordered broadcast BroadcastRecord{3c92275 u-1 android.net.wifi.STATE_CHANGE}: prev had 0
06-17 14:12:57.184986  1114  1258 I ActivityManager: Enqueueing broadcast android.net.wifi.STATE_CHANGE
06-17 14:12:57.185570  1114  1135 I WifiDisplayController: Received NETWORK_STATE_CHANGED,con:false,SSID:null,Freq:0,netId:-1, updated:false
06-17 14:12:57.185571  1114  1114 D WifiNotificationController: Received NETWORK_STATE_CHANGED_ACTION, mNetworkInfo:[type: WIFI[], state: DISCONNECTED/DISCONNECTED, reason: (unspecified), extra: 0x, roaming: false, failover: false, isAvailable: true]
06-17 14:12:57.185756  1114  1114 D WifiService: onReceive, action:android.net.wifi.STATE_CHANGE
06-17 14:12:57.187324  1114  1968 D CSLegacyTypeTracker: getNetworkForType type 1
06-17 14:12:57.196063  1114  1258 V ActivityManager: Broadcast sticky: Intent { act=android.net.wifi.supplicant.STATE_CHANGE flg=0x24000010 (has extras) } ordered=false userid=-1 callerApp=ProcessRecord{60ef50d 1114:system/1000}
06-17 14:12:57.197007  1114  1258 V ActivityManager: Enqueueing parallel broadcast BroadcastRecord{a1820a u-1 android.net.wifi.supplicant.STATE_CHANGE} intent Intent { act=android.net.wifi.supplicant.STATE_CHANGE flg=0x24000010 (has extras) }
06-17 14:12:57.197194  1114  1258 V ActivityManager: Enqueueing ordered broadcast BroadcastRecord{81f9a7b u-1 android.net.wifi.supplicant.STATE_CHANGE}: prev had 1
06-17 14:12:57.197273  1114  1258 I ActivityManager: Enqueueing broadcast android.net.wifi.supplicant.STATE_CHANGE
06-17 14:12:57.197517 10875 10875 D ActivityThread: BDC-Calling onReceive: intent=Intent { act=android.net.wifi.STATE_CHANGE flg=0x4000010 cmp=com.kingroot.kinguser/com.kingroot.common.framework.broadcast.KSysBroadcastReceiver (has extras) }, receiver=com.kingroot.common.framework.broadcast.KSysBroadcastReceiver@e9f6045
06-17 14:12:57.197549  1114  1125 V ActivityManager: Broadcast: Intent { act=com.wifi8.sdk.service.event flg=0x10 pkg=com.nfyg.hsbb (has extras) } ordered=false userid=0 callerApp=ProcessRecord{241cf5f 4038:com.nfyg.hsbb:pwservice/u0a171}
06-17 14:12:57.198067 10875 10875 D ActivityThread: BDC-RECEIVER handled : 0 / ReceiverData{intent=Intent { act=android.net.wifi.STATE_CHANGE flg=0x4000010 cmp=com.kingroot.kinguser/com.kingroot.common.framework.broadcast.KSysBroadcastReceiver (has extras) } packageName=com.kingroot.kinguser resultCode=-1 resultData=null resultExtras=null}
06-17 14:12:57.198321  1114  1125 V ActivityManager: Enqueueing parallel broadcast BroadcastRecord{ca87098 u0 com.wifi8.sdk.service.event} intent Intent { act=com.wifi8.sdk.service.event flg=0x10 pkg=com.nfyg.hsbb (has extras) }
06-17 14:12:57.198584  1114  1125 V ActivityManager_Broadcast: Enqueueing ordered broadcast BroadcastRecord{39670f1 u0 com.wifi8.sdk.service.event}: prev had 2
06-17 14:12:57.198648  1114  1125 I ActivityManager_Broadcast: Enqueueing broadcast com.wifi8.sdk.service.event
06-17 14:12:57.205420  1710  1710 D ActivityThread: BDC-Calling onReceive: intent=Intent { act=android.net.wifi.STATE_CHANGE flg=0x4000010 cmp=cn.ninegame.gamemanager/.system.receiver.BackProcessReceiver (has extras) }, receiver=cn.ninegame.gamemanager.system.receiver.BackProcessReceiver@5dc6eb4
06-17 14:12:57.210802  1710  1710 D ActivityThread: BDC-RECEIVER handled : 0 / ReceiverData{intent=Intent { act=android.net.wifi.STATE_CHANGE flg=0x4000010 cmp=cn.ninegame.gamemanager/.system.receiver.BackProcessReceiver (has extras) } packageName=cn.ninegame.gamemanager resultCode=0 resultData=null resultExtras=null}
06-17 14:12:57.210978  1710  1710 D ActivityThread: SVC-Calling onStartCommand: cn.ninegame.gamemanager.download.DownloadService@f10db07, flags=0, startId=8931
06-17 14:12:57.211249  1710  1710 D ActivityThread: SVC-SERVICE_ARGS handled : 0 / ServiceArgsData{token=android.os.BinderProxy@39ff136 startId=8931 args=Intent { cmp=cn.ninegame.gamemanager/.download.DownloadService }}
06-17 14:12:57.211348  1710  1710 D ActivityThread: SVC-Calling onStartCommand: cn.ninegame.gamemanager.system.service.NotificationsPushService@ac4c3f6, flags=0, startId=9467
06-17 14:12:57.211502  1710  1710 D ActivityThread: SVC-SERVICE_ARGS handled : 0 / ServiceArgsData{token=android.os.BinderProxy@f5d011b startId=9467 args=Intent { cmp=cn.ninegame.gamemanager/.system.service.NotificationsPushService }}
06-17 14:12:57.215017  1873  1873 D ActivityThread: BDC-Calling onReceive: intent=Intent { act=android.net.wifi.STATE_CHANGE flg=0x4000010 cmp=com.tcl.ota/.receiver.DownloadReceiver (has extras) }, receiver=com.tcl.ota.receiver.DownloadReceiver@14fc0f2
06-17 14:12:57.215840  1114  1258 V ActivityManager: Broadcast sticky: Intent { act=android.net.wifi.STATE_CHANGE flg=0x4000010 (has extras) } ordered=false userid=-1 callerApp=ProcessRecord{60ef50d 1114:system/1000}
06-17 14:12:57.217236  1114  1258 V ActivityManager: Enqueueing parallel broadcast BroadcastRecord{8ddb4d6 u-1 android.net.wifi.STATE_CHANGE} intent Intent { act=android.net.wifi.STATE_CHANGE flg=0x4000010 (has extras) }
06-17 14:12:57.217424  1114  1258 V ActivityManager: Enqueueing ordered broadcast BroadcastRecord{7036357 u-1 android.net.wifi.STATE_CHANGE}: prev had 3
06-17 14:12:57.217473  1114  1258 I ActivityManager: Enqueueing broadcast android.net.wifi.STATE_CHANGE
06-17 14:12:57.218203  1114  1114 D WifiNotificationController: Received NETWORK_STATE_CHANGED_ACTION, mNetworkInfo:[type: WIFI[], state: DISCONNECTED/DISCONNECTED, reason: (unspecified), extra: "PHONE-WIFI2", roaming: false, failover: false, isAvailable: true]
06-17 14:12:57.218278  1114  1135 I WifiDisplayController: Received NETWORK_STATE_CHANGED,con:false,SSID:null,Freq:0,netId:-1, updated:false
06-17 14:12:57.218505  1114  1114 D WifiService: onReceive, action:android.net.wifi.STATE_CHANGE
06-17 14:12:57.220543  1114  2618 D CSLegacyTypeTracker: getNetworkForType type 1
06-17 14:12:57.223565  1114  1258 V ActivityManager: Broadcast sticky: Intent { act=android.net.wifi.STATE_CHANGE flg=0x4000010 (has extras) } ordered=false userid=-1 callerApp=ProcessRecord{60ef50d 1114:system/1000}
06-17 14:12:57.225227  1114  1258 V ActivityManager: Enqueueing parallel broadcast BroadcastRecord{fffe44 u-1 android.net.wifi.STATE_CHANGE} intent Intent { act=android.net.wifi.STATE_CHANGE flg=0x4000010 (has extras) }
06-17 14:12:57.225425  1114  1258 V ActivityManager: Enqueueing ordered broadcast BroadcastRecord{9102b2d u-1 android.net.wifi.STATE_CHANGE}: prev had 4
06-17 14:12:57.225467  1114  1258 I ActivityManager: Enqueueing broadcast android.net.wifi.STATE_CHANGE
06-17 14:12:57.226414  1114  1135 I WifiDisplayController: Received NETWORK_STATE_CHANGED,con:false,SSID:null,Freq:0,netId:-1, updated:false
06-17 14:12:57.226768  1114  1114 D WifiNotificationController: Received NETWORK_STATE_CHANGED_ACTION, mNetworkInfo:[type: WIFI[], state: DISCONNECTED/SCANNING, reason: (unspecified), extra: "PHONE-WIFI2", roaming: false, failover: false, isAvailable: true]
06-17 14:12:57.226922  1114  1114 D WifiService: onReceive, action:android.net.wifi.STATE_CHANGE
06-17 14:12:57.227959  1114  1124 D CSLegacyTypeTracker: getNetworkForType type 1
06-17 14:12:57.228488  1114  1258 V ActivityManager: Broadcast sticky: Intent { act=android.net.wifi.supplicant.STATE_CHANGE flg=0x24000010 (has extras) } ordered=false userid=-1 callerApp=ProcessRecord{60ef50d 1114:system/1000}
06-17 14:12:57.229507  1114  1258 V ActivityManager: Enqueueing parallel broadcast BroadcastRecord{ad84862 u-1 android.net.wifi.supplicant.STATE_CHANGE} intent Intent { act=android.net.wifi.supplicant.STATE_CHANGE flg=0x24000010 (has extras) }
06-17 14:12:57.229657  1114  1258 V ActivityManager: Enqueueing ordered broadcast BroadcastRecord{1f0ddf3 u-1 android.net.wifi.supplicant.STATE_CHANGE}: prev had 5
06-17 14:12:57.229694  1114  1258 I ActivityManager: Enqueueing broadcast android.net.wifi.supplicant.STATE_CHANGE
06-17 14:12:57.232308  1114  2620 V ActivityManager: Broadcast: Intent { act=com.kingroot.master.action.NOTIFY_STATISTIC flg=0x10 pkg=com.kingroot.kinguser (has extras) } ordered=false userid=0 callerApp=ProcessRecord{8fefbfc 10875:com.kingroot.kinguser:service/u0a213}
06-17 14:12:57.233575  1873  1873 D ActivityThread: BDC-RECEIVER handled : 0 / ReceiverData{intent=Intent { act=android.net.wifi.STATE_CHANGE flg=0x4000010 cmp=com.tcl.ota/.receiver.DownloadReceiver (has extras) } packageName=com.tcl.ota resultCode=0 resultData=null resultExtras=null}
06-17 14:12:57.233911  1114  2620 V ActivityManager_Broadcast: Enqueueing ordered broadcast BroadcastRecord{420bab0 u0 com.kingroot.master.action.NOTIFY_STATISTIC}: prev had 5
06-17 14:12:57.233993  1114  2620 I ActivityManager_Broadcast: Enqueueing broadcast com.kingroot.master.action.NOTIFY_STATISTIC
06-17 14:12:57.240583  4979  4979 D ActivityThread: BDC-Calling onReceive: intent=Intent { act=android.net.wifi.STATE_CHANGE flg=0x4000010 cmp=com.UCMobile/com.uc.browser.business.openwifi.NetworkConnectReceiver (has extras) }, receiver=com.uc.browser.business.openwifi.NetworkConnectReceiver@ef78b8d
06-17 14:12:57.241018  1114  1125 V ActivityManager: Broadcast: Intent { act=com.kingroot.master.action.NOTIFY_STATISTIC flg=0x10 pkg=com.kingroot.kinguser (has extras) } ordered=false userid=0 callerApp=ProcessRecord{8fefbfc 10875:com.kingroot.kinguser:service/u0a213}
06-17 14:12:57.242219  1114  1125 V ActivityManager_Broadcast: Enqueueing ordered broadcast BroadcastRecord{ef14d29 u0 com.kingroot.master.action.NOTIFY_STATISTIC}: prev had 6
06-17 14:12:57.242306  1114  1125 I ActivityManager_Broadcast: Enqueueing broadcast com.kingroot.master.action.NOTIFY_STATISTIC
06-17 14:12:57.243018  4979  4979 D ActivityThread: BDC-RECEIVER handled : 0 / ReceiverData{intent=Intent { act=android.net.wifi.STATE_CHANGE flg=0x4000010 cmp=com.UCMobile/com.uc.browser.business.openwifi.NetworkConnectReceiver (has extras) } packageName=com.UCMobile resultCode=0 resultData=null resultExtras=null}
06-17 14:12:57.243785  1114  2622 D PowerManagerService: releaseWakeLockInternal: lock=134986555 [wk_mgr], flags=0x0, total_time=6778ms
06-17 14:12:57.243980  1114  2622 D PowerManagerNotifier: onWakeLockReleased: flags=536870913, tag="wk_mgr", packageName=com.kingroot.kinguser, ownerUid=10213, ownerPid=10875, workSource=null
06-17 14:12:57.244140  1114  2622 D PowerManagerService: updateWakeLockSummaryLocked: mWakefulness=Awake, mWakeLockSummary=0x0
06-17 14:12:57.244209  1114  2622 D PowerManagerService: updateUserActivitySummaryLocked: mWakefulness=Awake, mUserActivitySummary=0x9, nextTimeout=77360100 (in 5548 ms)
06-17 14:12:57.244332  1114  2622 D DisplayPowerController: requestPowerState: policy=BRIGHT, useProximitySensor=false, screenBrightness=102, screenAutoBrightnessAdjustment=1.0, brightnessSetByUser=true, useAutoBrightness=true, blockScreenOn=false, lowPowerMode=false, boostScreenBrightness=false, dozeScreenBrightness=-1, dozeScreenState=UNKNOWN, waitForNegativeProximity=false
06-17 14:12:57.244376  1114  2622 I PowerManagerService: setBrightness mButtonLight, screenBrightness=102
06-17 14:12:57.244421  1114  2622 D PowerManagerService: updateDisplayPowerStateLocked: mDisplayReady=true, policy=3, mWakefulness=1, mWakeLockSummary=0x0, mUserActivitySummary=0x9, mBootCompleted=true, mScreenBrightnessBoostInProgress=false
06-17 14:12:57.244522  1114  2622 D PowerManagerService: Releasing suspend blocker "PowerManagerService.WakeLocks".
06-17 14:12:57.246345  1114  1638 D PowerManagerService: acquireWakeLockInternal: lock=150374574, flags=0x20000001, tag="wk_mgr", ws=null, uid=10213, pid=10875
06-17 14:12:57.246509  1114  1638 D PowerManagerService: updateWakeLockSummaryLocked: mWakefulness=Awake, mWakeLockSummary=0x1
06-17 14:12:57.246597  1114  1638 D PowerManagerService: updateUserActivitySummaryLocked: mWakefulness=Awake, mUserActivitySummary=0x9, nextTimeout=77360100 (in 5546 ms)
06-17 14:12:57.246724  1114  1638 D DisplayPowerController: requestPowerState: policy=BRIGHT, useProximitySensor=false, screenBrightness=102, screenAutoBrightnessAdjustment=1.0, brightnessSetByUser=true, useAutoBrightness=true, blockScreenOn=false, lowPowerMode=false, boostScreenBrightness=false, dozeScreenBrightness=-1, dozeScreenState=UNKNOWN, waitForNegativeProximity=false
06-17 14:12:57.246783  1114  1638 I PowerManagerService: setBrightness mButtonLight, screenBrightness=102
06-17 14:12:57.246848  1114  1638 D PowerManagerService: updateDisplayPowerStateLocked: mDisplayReady=true, policy=3, mWakefulness=1, mWakeLockSummary=0x1, mUserActivitySummary=0x9, mBootCompleted=true, mScreenBrightnessBoostInProgress=false
06-17 14:12:57.246936  1114  1638 D PowerManagerService: Acquiring suspend blocker "PowerManagerService.WakeLocks".
06-17 14:12:57.246982  5987  5987 D ActivityThread: BDC-Calling onReceive: intent=Intent { act=android.net.wifi.STATE_CHANGE flg=0x4000010 cmp=com.jrdcom.jrdlogger/.WifiReceiver (has extras) }, receiver=com.jrdcom.jrdlogger.WifiReceiver@5bc466
06-17 14:12:57.247030  1114  1638 D PowerManagerNotifier: onWakeLockAcquired: flags=536870913, tag="wk_mgr", packageName=com.kingroot.kinguser, ownerUid=10213, ownerPid=10875, workSource=null
06-17 14:12:57.247672  5987  5987 W ContextImpl: Calling a method in the system process without a qualified user: android.app.ContextImpl.stopService:1232 android.content.ContextWrapper.stopService:586 android.content.ContextWrapper.stopService:586 com.jrdcom.jrdlogger.WifiReceiver.onReceive:25 android.app.ActivityThread.handleReceiver:2869 
06-17 14:12:57.249013  5987  5987 D ActivityThread: BDC-RECEIVER handled : 0 / ReceiverData{intent=Intent { act=android.net.wifi.STATE_CHANGE flg=0x4000010 cmp=com.jrdcom.jrdlogger/.WifiReceiver (has extras) } packageName=com.jrdcom.jrdlogger resultCode=0 resultData=null resultExtras=null}
06-17 14:12:57.253430 10838 10838 D ActivityThread: BDC-Calling onReceive: intent=Intent { act=android.net.wifi.STATE_CHANGE flg=0x4000010 cmp=cn.andouya/cn.xender.basicservice.NetworkChangeReceiver (has extras) }, receiver=cn.xender.basicservice.NetworkChangeReceiver@8a70106
06-17 14:12:57.253976 10838 10838 D ActivityThread: BDC-RECEIVER handled : 0 / ReceiverData{intent=Intent { act=android.net.wifi.STATE_CHANGE flg=0x4000010 cmp=cn.andouya/cn.xender.basicservice.NetworkChangeReceiver (has extras) } packageName=cn.andouya resultCode=0 resultData=null resultExtras=null}
06-17 14:12:57.265879  4979  4979 D ActivityThread: BDC-Calling onReceive: intent=Intent { act=android.net.wifi.supplicant.STATE_CHANGE flg=0x24000010 cmp=com.UCMobile/com.uc.browser.business.openwifi.NetworkConnectReceiver (has extras) }, receiver=com.uc.browser.business.openwifi.NetworkConnectReceiver@7f99142
06-17 14:12:57.266696  4979  4979 D ActivityThread: BDC-RECEIVER handled : 0 / ReceiverData{intent=Intent { act=android.net.wifi.supplicant.STATE_CHANGE flg=0x24000010 cmp=com.UCMobile/com.uc.browser.business.openwifi.NetworkConnectReceiver (has extras) } packageName=com.UCMobile resultCode=-1 resultData=null resultExtras=null}
06-17 14:12:57.276287  4038  4038 D ActivityThread: BDC-Calling onReceive: intent=Intent { act=com.wifi8.sdk.service.event flg=0x10 pkg=com.nfyg.hsbb cmp=com.nfyg.hsbb/com.wifi8.sdk.metro.services.PwServiceReceiver (has extras) }, receiver=com.wifi8.sdk.metro.services.PwServiceReceiver@f234768
06-17 14:12:57.276964  4038  4038 D ActivityThread: BDC-RECEIVER handled : 0 / ReceiverData{intent=Intent { act=com.wifi8.sdk.service.event flg=0x10 pkg=com.nfyg.hsbb cmp=com.nfyg.hsbb/com.wifi8.sdk.metro.services.PwServiceReceiver (has extras) } packageName=com.nfyg.hsbb resultCode=-1 resultData=null resultExtras=null}
06-17 14:12:57.284574 10875 10875 D ActivityThread: BDC-Calling onReceive: intent=Intent { act=android.net.wifi.STATE_CHANGE flg=0x4000010 cmp=com.kingroot.kinguser/com.kingroot.common.framework.broadcast.KSysBroadcastReceiver (has extras) }, receiver=com.kingroot.common.framework.broadcast.KSysBroadcastReceiver@38f339a
06-17 14:12:57.285174 10875 10875 D ActivityThread: BDC-RECEIVER handled : 0 / ReceiverData{intent=Intent { act=android.net.wifi.STATE_CHANGE flg=0x4000010 cmp=com.kingroot.kinguser/com.kingroot.common.framework.broadcast.KSysBroadcastReceiver (has extras) } packageName=com.kingroot.kinguser resultCode=-1 resultData=null resultExtras=null}
06-17 14:12:57.291164  1710  1710 D ActivityThread: BDC-Calling onReceive: intent=Intent { act=android.net.wifi.STATE_CHANGE flg=0x4000010 cmp=cn.ninegame.gamemanager/.system.receiver.BackProcessReceiver (has extras) }, receiver=cn.ninegame.gamemanager.system.receiver.BackProcessReceiver@bce2add
06-17 14:12:57.293572  1710  1710 D ActivityThread: BDC-RECEIVER handled : 0 / ReceiverData{intent=Intent { act=android.net.wifi.STATE_CHANGE flg=0x4000010 cmp=cn.ninegame.gamemanager/.system.receiver.BackProcessReceiver (has extras) } packageName=cn.ninegame.gamemanager resultCode=0 resultData=null resultExtras=null}
06-17 14:12:57.293767  1710  1710 D ActivityThread: SVC-Calling onStartCommand: cn.ninegame.gamemanager.download.DownloadService@f10db07, flags=0, startId=8932
06-17 14:12:57.294070  1710  1710 D ActivityThread: SVC-SERVICE_ARGS handled : 0 / ServiceArgsData{token=android.os.BinderProxy@39ff136 startId=8932 args=Intent { cmp=cn.ninegame.gamemanager/.download.DownloadService }}
06-17 14:12:57.294203  1710  1710 D ActivityThread: SVC-Calling onStartCommand: cn.ninegame.gamemanager.system.service.NotificationsPushService@ac4c3f6, flags=0, startId=9468
06-17 14:12:57.294457  1710  1710 D ActivityThread: SVC-SERVICE_ARGS handled : 0 / ServiceArgsData{token=android.os.BinderProxy@f5d011b startId=9468 args=Intent { cmp=cn.ninegame.gamemanager/.system.service.NotificationsPushService }}
06-17 14:12:57.297875  1873  1873 D ActivityThread: BDC-Calling onReceive: intent=Intent { act=android.net.wifi.STATE_CHANGE flg=0x4000010 cmp=com.tcl.ota/.receiver.DownloadReceiver (has extras) }, receiver=com.tcl.ota.receiver.DownloadReceiver@8eb1343
06-17 14:12:57.298742  1873  1873 D ActivityThread: BDC-RECEIVER handled : 0 / ReceiverData{intent=Intent { act=android.net.wifi.STATE_CHANGE flg=0x4000010 cmp=com.tcl.ota/.receiver.DownloadReceiver (has extras) } packageName=com.tcl.ota resultCode=0 resultData=null resultExtras=null}
06-17 14:12:57.304054  4979  4979 D ActivityThread: BDC-Calling onReceive: intent=Intent { act=android.net.wifi.STATE_CHANGE flg=0x4000010 cmp=com.UCMobile/com.uc.browser.business.openwifi.NetworkConnectReceiver (has extras) }, receiver=com.uc.browser.business.openwifi.NetworkConnectReceiver@a912553
06-17 14:12:57.305081  4979  4979 D ActivityThread: BDC-RECEIVER handled : 0 / ReceiverData{intent=Intent { act=android.net.wifi.STATE_CHANGE flg=0x4000010 cmp=com.UCMobile/com.uc.browser.business.openwifi.NetworkConnectReceiver (has extras) } packageName=com.UCMobile resultCode=0 resultData=null resultExtras=null}
06-17 14:12:57.308847  5987  5987 D ActivityThread: BDC-Calling onReceive: intent=Intent { act=android.net.wifi.STATE_CHANGE flg=0x4000010 cmp=com.jrdcom.jrdlogger/.WifiReceiver (has extras) }, receiver=com.jrdcom.jrdlogger.WifiReceiver@9cde3a7
06-17 14:12:57.309678  5987  5987 W ContextImpl: Calling a method in the system process without a qualified user: android.app.ContextImpl.stopService:1232 android.content.ContextWrapper.stopService:586 android.content.ContextWrapper.stopService:586 com.jrdcom.jrdlogger.WifiReceiver.onReceive:25 android.app.ActivityThread.handleReceiver:2869 
06-17 14:12:57.310910  5987  5987 D ActivityThread: BDC-RECEIVER handled : 0 / ReceiverData{intent=Intent { act=android.net.wifi.STATE_CHANGE flg=0x4000010 cmp=com.jrdcom.jrdlogger/.WifiReceiver (has extras) } packageName=com.jrdcom.jrdlogger resultCode=0 resultData=null resultExtras=null}
06-17 14:12:57.314754 10838 10838 D ActivityThread: BDC-Calling onReceive: intent=Intent { act=android.net.wifi.STATE_CHANGE flg=0x4000010 cmp=cn.andouya/cn.xender.basicservice.NetworkChangeReceiver (has extras) }, receiver=cn.xender.basicservice.NetworkChangeReceiver@20f73c7
06-17 14:12:57.315266 10838 10838 D ActivityThread: BDC-RECEIVER handled : 0 / ReceiverData{intent=Intent { act=android.net.wifi.STATE_CHANGE flg=0x4000010 cmp=cn.andouya/cn.xender.basicservice.NetworkChangeReceiver (has extras) } packageName=cn.andouya resultCode=0 resultData=null resultExtras=null}
06-17 14:12:57.323812 10875 10875 D ActivityThread: BDC-Calling onReceive: intent=Intent { act=android.net.wifi.STATE_CHANGE flg=0x4000010 cmp=com.kingroot.kinguser/com.kingroot.common.framework.broadcast.KSysBroadcastReceiver (has extras) }, receiver=com.kingroot.common.framework.broadcast.KSysBroadcastReceiver@8ce14cb
06-17 14:12:57.325616 10875 10875 D ActivityThread: BDC-RECEIVER handled : 0 / ReceiverData{intent=Intent { act=android.net.wifi.STATE_CHANGE flg=0x4000010 cmp=com.kingroot.kinguser/com.kingroot.common.framework.broadcast.KSysBroadcastReceiver (has extras) } packageName=com.kingroot.kinguser resultCode=-1 resultData=null resultExtras=null}
06-17 14:12:57.330353  1710  1710 D ActivityThread: BDC-Calling onReceive: intent=Intent { act=android.net.wifi.STATE_CHANGE flg=0x4000010 cmp=cn.ninegame.gamemanager/.system.receiver.BackProcessReceiver (has extras) }, receiver=cn.ninegame.gamemanager.system.receiver.BackProcessReceiver@bc5c652
06-17 14:12:57.332819  1710  1710 D ActivityThread: BDC-RECEIVER handled : 0 / ReceiverData{intent=Intent { act=android.net.wifi.STATE_CHANGE flg=0x4000010 cmp=cn.ninegame.gamemanager/.system.receiver.BackProcessReceiver (has extras) } packageName=cn.ninegame.gamemanager resultCode=0 resultData=null resultExtras=null}
06-17 14:12:57.333018  1710  1710 D ActivityThread: SVC-Calling onStartCommand: cn.ninegame.gamemanager.download.DownloadService@f10db07, flags=0, startId=8933
06-17 14:12:57.333244  1710  1710 D ActivityThread: SVC-SERVICE_ARGS handled : 0 / ServiceArgsData{token=android.os.BinderProxy@39ff136 startId=8933 args=Intent { cmp=cn.ninegame.gamemanager/.download.DownloadService }}
06-17 14:12:57.333348  1710  1710 D ActivityThread: SVC-Calling onStartCommand: cn.ninegame.gamemanager.system.service.NotificationsPushService@ac4c3f6, flags=0, startId=9469
06-17 14:12:57.333527  1710  1710 D ActivityThread: SVC-SERVICE_ARGS handled : 0 / ServiceArgsData{token=android.os.BinderProxy@f5d011b startId=9469 args=Intent { cmp=cn.ninegame.gamemanager/.system.service.NotificationsPushService }}
06-17 14:12:57.335980  1873  1873 D ActivityThread: BDC-Calling onReceive: intent=Intent { act=android.net.wifi.STATE_CHANGE flg=0x4000010 cmp=com.tcl.ota/.receiver.DownloadReceiver (has extras) }, receiver=com.tcl.ota.receiver.DownloadReceiver@4c7cdc0
06-17 14:12:57.336883  1873  1873 D ActivityThread: BDC-RECEIVER handled : 0 / ReceiverData{intent=Intent { act=android.net.wifi.STATE_CHANGE flg=0x4000010 cmp=com.tcl.ota/.receiver.DownloadReceiver (has extras) } packageName=com.tcl.ota resultCode=0 resultData=null resultExtras=null}
06-17 14:12:57.344205  4979  4979 D ActivityThread: BDC-Calling onReceive: intent=Intent { act=android.net.wifi.STATE_CHANGE flg=0x4000010 cmp=com.UCMobile/com.uc.browser.business.openwifi.NetworkConnectReceiver (has extras) }, receiver=com.uc.browser.business.openwifi.NetworkConnectReceiver@a5e5e90
06-17 14:12:57.344901  4979  4979 D ActivityThread: BDC-RECEIVER handled : 0 / ReceiverData{intent=Intent { act=android.net.wifi.STATE_CHANGE flg=0x4000010 cmp=com.UCMobile/com.uc.browser.business.openwifi.NetworkConnectReceiver (has extras) } packageName=com.UCMobile resultCode=0 resultData=null resultExtras=null}
06-17 14:12:57.348852  5987  5987 D ActivityThread: BDC-Calling onReceive: intent=Intent { act=android.net.wifi.STATE_CHANGE flg=0x4000010 cmp=com.jrdcom.jrdlogger/.WifiReceiver (has extras) }, receiver=com.jrdcom.jrdlogger.WifiReceiver@2310054
06-17 14:12:57.349666  5987  5987 W ContextImpl: Calling a method in the system process without a qualified user: android.app.ContextImpl.stopService:1232 android.content.ContextWrapper.stopService:586 android.content.ContextWrapper.stopService:586 com.jrdcom.jrdlogger.WifiReceiver.onReceive:25 android.app.ActivityThread.handleReceiver:2869 
06-17 14:12:57.350742  5987  5987 D ActivityThread: BDC-RECEIVER handled : 0 / ReceiverData{intent=Intent { act=android.net.wifi.STATE_CHANGE flg=0x4000010 cmp=com.jrdcom.jrdlogger/.WifiReceiver (has extras) } packageName=com.jrdcom.jrdlogger resultCode=0 resultData=null resultExtras=null}
06-17 14:12:57.356290 10838 10838 D ActivityThread: BDC-Calling onReceive: intent=Intent { act=android.net.wifi.STATE_CHANGE flg=0x4000010 cmp=cn.andouya/cn.xender.basicservice.NetworkChangeReceiver (has extras) }, receiver=cn.xender.basicservice.NetworkChangeReceiver@8c51df4
06-17 14:12:57.357800 10838 10838 D ActivityThread: BDC-RECEIVER handled : 0 / ReceiverData{intent=Intent { act=android.net.wifi.STATE_CHANGE flg=0x4000010 cmp=cn.andouya/cn.xender.basicservice.NetworkChangeReceiver (has extras) } packageName=cn.andouya resultCode=0 resultData=null resultExtras=null}
06-17 14:12:57.367154 10875 10875 D ActivityThread: BDC-Calling onReceive: intent=Intent { act=com.kingroot.master.action.NOTIFY_STATISTIC flg=0x10 pkg=com.kingroot.kinguser cmp=com.kingroot.kinguser/com.kingroot.common.framework.broadcast.KSysBroadcastReceiver (has extras) }, receiver=com.kingroot.common.framework.broadcast.KSysBroadcastReceiver@a16e4a8
06-17 14:12:57.371352 10875 10875 D ActivityThread: BDC-RECEIVER handled : 0 / ReceiverData{intent=Intent { act=com.kingroot.master.action.NOTIFY_STATISTIC flg=0x10 pkg=com.kingroot.kinguser cmp=com.kingroot.kinguser/com.kingroot.common.framework.broadcast.KSysBroadcastReceiver (has extras) } packageName=com.kingroot.kinguser resultCode=-1 resultData=null resultExtras=null}
06-17 14:12:57.385295 10875 10875 D ActivityThread: BDC-Calling onReceive: intent=Intent { act=com.kingroot.master.action.NOTIFY_STATISTIC flg=0x10 pkg=com.kingroot.kinguser cmp=com.kingroot.kinguser/com.kingroot.common.framework.broadcast.KSysBroadcastReceiver (has extras) }, receiver=com.kingroot.common.framework.broadcast.KSysBroadcastReceiver@75abbc1
06-17 14:12:57.386863 10875 10875 D ActivityThread: BDC-RECEIVER handled : 0 / ReceiverData{intent=Intent { act=com.kingroot.master.action.NOTIFY_STATISTIC flg=0x10 pkg=com.kingroot.kinguser cmp=com.kingroot.kinguser/com.kingroot.common.framework.broadcast.KSysBroadcastReceiver (has extras) } packageName=com.kingroot.kinguser resultCode=-1 resultData=null resultExtras=null}
06-17 14:12:57.459384  1114  1128 W PackageManager: checkUidPermission(): android.permission.REAL_GET_TASKS of 10179 is denied.
06-17 14:12:57.460119  1114 18231 W PackageManager: checkUidPermission(): android.permission.REAL_GET_TASKS of 10179 is denied.
06-17 14:12:57.471963  1114  1684 V ActivityManager: Broadcast: Intent { act=com.mediatek.mtklogger.intent.action.LOG_STATE_CHANGED flg=0x10 (has extras) } ordered=false userid=0 callerApp=ProcessRecord{5c21e02 14813:com.mediatek.mtklogger/u0a126}
06-17 14:12:57.472499  1114  1684 V ActivityManager: Enqueueing parallel broadcast BroadcastRecord{331664f u0 com.mediatek.mtklogger.intent.action.LOG_STATE_CHANGED} intent Intent { act=com.mediatek.mtklogger.intent.action.LOG_STATE_CHANGED flg=0x10 (has extras) }
06-17 14:12:57.485892  1114  1124 V WindowManager: Remove Window{572ceb2 u0 开始录制} client=12298bd, surface=Surface(name=开始录制) Callers=com.android.server.wm.WindowManagerService.removeWindow:2855 com.android.server.wm.Session.remove:190 android.view.IWindowSession$Stub.onTransact:242 com.android.server.wm.Session.onTransact:133 
06-17 14:12:57.487574  1114  1124 V WindowManager: Looking for focus: 10 = Window{87941fd u0 StatusBar}, flags=-2122055608, canReceive=false
06-17 14:12:57.487683  1114  1124 V WindowManager: findFocusedWindow: Found new focus @ 6 = Window{a0c32e4 u0 com.mediatek.mtklogger/com.mediatek.mtklogger.MainActivity}
06-17 14:12:57.488138  1114  1124 V WindowManager: Changing focus from Window{572ceb2 u0 开始录制 EXITING} to Window{a0c32e4 u0 com.mediatek.mtklogger/com.mediatek.mtklogger.MainActivity} Callers=com.android.server.wm.WindowManagerService.removeWindowLocked:2925 com.android.server.wm.WindowManagerService.removeWindow:2855 com.android.server.wm.Session.remove:190 android.view.IWindowSession$Stub.onTransact:242 
06-17 14:12:57.488319  1114  1124 D WindowManager: Input focus has changed to Window{a0c32e4 u0 com.mediatek.mtklogger/com.mediatek.mtklogger.MainActivity}
06-17 14:12:57.489963  1114  1135 I WindowManager: Focus moving from Window{572ceb2 u0 开始录制 EXITING} to Window{a0c32e4 u0 com.mediatek.mtklogger/com.mediatek.mtklogger.MainActivity}
06-17 14:12:57.490033  1114  1135 I WindowManager: Gaining focus: Window{a0c32e4 u0 com.mediatek.mtklogger/com.mediatek.mtklogger.MainActivity}
06-17 14:12:57.490153  1114  1135 I WindowManager: Losing focus: Window{572ceb2 u0 开始录制 EXITING}
06-17 14:12:57.492703  1114  2620 V InputMethodManagerService: windowGainedFocus: android.os.BinderProxy@2577076 controlFlags=#0 softInputMode=#20 windowFlags=#1810100
06-17 14:12:57.492866  1114  2620 W InputMethodManagerService: Window already focused, ignoring focus gain of: com.android.internal.view.IInputMethodClient$Stub$Proxy@6a892e5 attribute=null, token = android.os.BinderProxy@4c30677
06-17 14:12:57.698164  1114  2624 W PackageManager: checkUidPermission(): android.permission.REAL_GET_TASKS of 10173 is denied.
06-17 14:12:58.079106  1114  2622 W PackageManager: checkUidPermission(): android.permission.PACKAGE_USAGE_STATS of 10177 is denied.
06-17 14:12:58.191486  1114  1249 D PowerManagerService: userActivityFromNative
06-17 14:12:58.191606  1114  1249 D PowerManagerService: userActivityNoUpdateLocked: eventTime=77355499, event=1, flags=0x0, uid=1000
06-17 14:12:58.191653  1114  1249 D PowerManagerNotifier: onUserActivity: event=1, uid=1000
06-17 14:12:58.191861  1114  1249 D PowerManagerService: updateUserActivitySummaryLocked: mWakefulness=Awake, mUserActivitySummary=0x9, nextTimeout=77363499 (in 8000 ms)
06-17 14:12:58.191949  1114  1249 D DisplayPowerController: requestPowerState: policy=BRIGHT, useProximitySensor=false, screenBrightness=102, screenAutoBrightnessAdjustment=1.0, brightnessSetByUser=true, useAutoBrightness=true, blockScreenOn=false, lowPowerMode=false, boostScreenBrightness=false, dozeScreenBrightness=-1, dozeScreenState=UNKNOWN, waitForNegativeProximity=false
06-17 14:12:58.191992  1114  1249 I PowerManagerService: setBrightness mButtonLight, screenBrightness=102
06-17 14:12:58.192035  1114  1249 D PowerManagerService: updateDisplayPowerStateLocked: mDisplayReady=true, policy=3, mWakefulness=1, mWakeLockSummary=0x1, mUserActivitySummary=0x9, mBootCompleted=true, mScreenBrightnessBoostInProgress=false
06-17 14:12:58.345601   425  1021 D FrameworkListener: dispatchCommand data = (getaddrinfo openjmacs4uc.m.taobao.com ^ 0 0 0 0 0)
06-17 14:12:58.374563  1114 18231 D ConnectivityService: getActiveNetworkInfo networkInfo = null
06-17 14:12:58.462517  1114  1684 W PackageManager: checkUidPermission(): android.permission.REAL_GET_TASKS of 10179 is denied.
06-17 14:12:58.467261  1114  2621 W PackageManager: checkUidPermission(): android.permission.REAL_GET_TASKS of 10179 is denied.
06-17 14:12:58.486678  1114  1130 V NotificationService: enqueueNotificationInternal: pkg=com.mediatek.mtklogger id=2130837539 notification=Notification(pri=0 contentView=com.mediatek.mtklogger/0x1090087 vibrate=null sound=null tick defaults=0x0 flags=0x60 color=0x00000000 vis=PRIVATE)
06-17 14:12:58.488993  1114  1114 V NotificationService: pkg=com.mediatek.mtklogger canInterrupt=true intercept=false
06-17 14:12:58.489068  1114  1114 V NotificationService: Interrupting!
06-17 14:12:58.641338  1114  1131 V ActivityManager: Broadcast: Intent { act=android.intent.action.CLOSE_SYSTEM_DIALOGS flg=0x50000010 (has extras) } ordered=false userid=-1 callerApp=null
06-17 14:12:58.641645  1114  1131 V ActivityManager: Enqueueing parallel broadcast BroadcastRecord{4a681ba u-1 android.intent.action.CLOSE_SYSTEM_DIALOGS} intent Intent { act=android.intent.action.CLOSE_SYSTEM_DIALOGS flg=0x50000010 (has extras) }
06-17 14:12:58.657200  1114  1131 D PowerManagerService: userActivityNoUpdateLocked: eventTime=77355965, event=0, flags=0x0, uid=1000
06-17 14:12:58.657289  1114  1131 D PowerManagerNotifier: onUserActivity: event=0, uid=1000
06-17 14:12:58.657418  1114  1131 D PowerManagerService: updateUserActivitySummaryLocked: mWakefulness=Awake, mUserActivitySummary=0x9, nextTimeout=77363499 (in 7534 ms)
06-17 14:12:58.657515  1114  1131 D DisplayPowerController: requestPowerState: policy=BRIGHT, useProximitySensor=false, screenBrightness=102, screenAutoBrightnessAdjustment=1.0, brightnessSetByUser=true, useAutoBrightness=true, blockScreenOn=false, lowPowerMode=false, boostScreenBrightness=false, dozeScreenBrightness=-1, dozeScreenState=UNKNOWN, waitForNegativeProximity=false
06-17 14:12:58.657550  1114  1131 I PowerManagerService: setBrightness mButtonLight, screenBrightness=102
06-17 14:12:58.657587  1114  1131 D PowerManagerService: updateDisplayPowerStateLocked: mDisplayReady=true, policy=3, mWakefulness=1, mWakeLockSummary=0x1, mUserActivitySummary=0x9, mBootCompleted=true, mScreenBrightnessBoostInProgress=false
06-17 14:12:58.657944  1114  1131 V SettingsProvider: packageValueForCallResult, name = user_setup_complete, value : 1
06-17 14:12:58.660196  1114  1131 I ActivityManager: START u0 {act=android.intent.action.MAIN cat=[android.intent.category.HOME] flg=0x10200000 cmp=com.tcl.mie.tlauncher/com.android.launcher3.Launcher (has extras)} from uid 1000 from pid 1114 on display 0
06-17 14:12:58.660583  1114  1131 V WindowManager: Looking for focus: 9 = Window{87941fd u0 StatusBar}, flags=-2122055608, canReceive=false
06-17 14:12:58.660623  1114  1131 V WindowManager: findFocusedWindow: Found new focus @ 4 = Window{a0c32e4 u0 com.mediatek.mtklogger/com.mediatek.mtklogger.MainActivity}
06-17 14:12:58.663453   425  1018 D NetlinkEvent: clear RA flag done
06-17 14:12:58.663594   425  1018 D SocketClient: SocketClient sendData done: 600 Iface linkstate wlan0 down
06-17 14:12:58.663893  1114  1254 D NetdConnector: RCV <- {600 Iface linkstate wlan0 down}
06-17 14:12:58.664249  1114  1132 D NetworkManagement: onEvent:600 Iface linkstate wlan0 down:5
06-17 14:12:58.680974  1114  1131 V WindowManager: Set focused app to: AppWindowToken{9b93bdc token=Token{67b384f ActivityRecord{adc62ae u0 com.tcl.mie.tlauncher/com.android.launcher3.Launcher t625}}} old focus=AppWindowToken{4d3e2f0 token=Token{4d27f33 ActivityRecord{422a6a2 u0 com.mediatek.mtklogger/.MainActivity t661}}} moveFocusNow=true
06-17 14:12:58.684297  1114  1131 V WindowManager: Looking for focus: 9 = Window{87941fd u0 StatusBar}, flags=-2122055608, canReceive=false
06-17 14:12:58.684378  1114  1131 V WindowManager: findFocusedWindow: Reached focused app=AppWindowToken{9b93bdc token=Token{67b384f ActivityRecord{adc62ae u0 com.tcl.mie.tlauncher/com.android.launcher3.Launcher t625}}}
06-17 14:12:58.698507  1114  1131 V WindowManager: Changing focus from Window{a0c32e4 u0 com.mediatek.mtklogger/com.mediatek.mtklogger.MainActivity} to null Callers=com.android.server.wm.WindowManagerService.setFocusedApp:4380 com.android.server.am.ActivityManagerService.setFocusedActivityLocked:2950 com.android.server.am.ActivityStack.moveTaskToFrontLocked:4037 com.android.server.am.ActivityStackSupervisor.startActivityUncheckedLocked:2214 
06-17 14:12:58.698825  1114  1131 D WindowManager: Input focus has changed to null
06-17 14:12:58.702805  1114  1135 I WindowManager: Focus moving from Window{a0c32e4 u0 com.mediatek.mtklogger/com.mediatek.mtklogger.MainActivity} to null
06-17 14:12:58.702856  1114  1135 I WindowManager: Losing focus: Window{a0c32e4 u0 com.mediatek.mtklogger/com.mediatek.mtklogger.MainActivity}
06-17 14:12:58.709628  1114  2622 W PackageManager: checkUidPermission(): android.permission.REAL_GET_TASKS of 10173 is denied.
06-17 14:12:58.712399  1114  1131 E wang    : issleeping=false
06-17 14:12:58.712564  1114  1131 E wang    : screenshotReady====false
06-17 14:12:58.732889  1114  1131 D PowerManagerService: acquireWakeLockInternal: lock=96665126, flags=0x1, tag="*launch*", ws=WorkSource{10145}, uid=1000, pid=1114
06-17 14:12:58.732984  1114  1131 D PowerManagerService: updateWakeLockSummaryLocked: mWakefulness=Awake, mWakeLockSummary=0x1
06-17 14:12:58.733075  1114  1131 D PowerManagerService: updateUserActivitySummaryLocked: mWakefulness=Awake, mUserActivitySummary=0x9, nextTimeout=77363499 (in 7458 ms)
06-17 14:12:58.733410  1114  1131 D DisplayPowerController: requestPowerState: policy=BRIGHT, useProximitySensor=false, screenBrightness=102, screenAutoBrightnessAdjustment=1.0, brightnessSetByUser=true, useAutoBrightness=true, blockScreenOn=false, lowPowerMode=false, boostScreenBrightness=false, dozeScreenBrightness=-1, dozeScreenState=UNKNOWN, waitForNegativeProximity=false
06-17 14:12:58.733500  1114  1131 I PowerManagerService: setBrightness mButtonLight, screenBrightness=102
06-17 14:12:58.733560  1114  1131 D PowerManagerService: updateDisplayPowerStateLocked: mDisplayReady=true, policy=3, mWakefulness=1, mWakeLockSummary=0x1, mUserActivitySummary=0x9, mBootCompleted=true, mScreenBrightnessBoostInProgress=false
06-17 14:12:58.733681  1114  1131 D PowerManagerNotifier: onWakeLockAcquired: flags=1, tag="*launch*", packageName=android, ownerUid=1000, ownerPid=1114, workSource=WorkSource{10145}
06-17 14:12:58.734306  1114  1131 D ActivityManager: Set intentActivity.task.mMovingToFront = true
06-17 14:12:58.734502  1114  1131 I ActivityManager: startActivityUncheckedLocked err = 2
06-17 14:12:58.735791  1114  2621 V ActivityManager: Broadcast: Intent { act=action_hide_recents_activity flg=0x14000010 pkg=com.android.systemui (has extras) } ordered=false userid=-2 callerApp=ProcessRecord{2a00a3 1332:com.android.systemui/u0a103}
06-17 14:12:58.740048 14813 14813 D ActivityThread: ACT-AM_ON_PAUSE_CALLED ActivityRecord{3b1b35c token=android.os.BinderProxy@c779665 {com.mediatek.mtklogger/com.mediatek.mtklogger.MainActivity}}
06-17 14:12:58.747342  1114  2624 V WindowManager: Set focused app to: AppWindowToken{9b93bdc token=Token{67b384f ActivityRecord{adc62ae u0 com.tcl.mie.tlauncher/com.android.launcher3.Launcher t625}}} old focus=AppWindowToken{9b93bdc token=Token{67b384f ActivityRecord{adc62ae u0 com.tcl.mie.tlauncher/com.android.launcher3.Launcher t625}}} moveFocusNow=false
06-17 14:12:58.748887  1114  2624 D ActivityManager: Delay resumeKeyDispatchingLocked() to avoid deadlock.
06-17 14:12:58.749787  1114  1131 V NetworkStats: setKernelCounterSet uid=10145 set=1
06-17 14:12:58.749917 14813 14813 D ActivityThread: ACT-PAUSE_ACTIVITY handled : 1 / android.os.BinderProxy@c779665
06-17 14:12:58.760672  1114  2620 W PackageManager: checkUidPermission(): android.permission.STATUS_BAR of 10145 is denied.
06-17 14:12:58.761558  1114  2620 V WindowManager: Looking for focus: 9 = Window{87941fd u0 StatusBar}, flags=-2122055608, canReceive=false
06-17 14:12:58.761603  1114  2620 V WindowManager: findFocusedWindow: No focusable windows.
06-17 14:12:58.765901  2451  2451 D ActivityThread: ACT-NEW_INTENT handled : 0 / NewIntentData{intents=[Intent { act=android.intent.action.MAIN cat=[android.intent.category.HOME] flg=0x10e00000 cmp=com.tcl.mie.tlauncher/com.android.launcher3.Launcher (has extras) }] token=android.os.BinderProxy@397dfd}
06-17 14:12:58.766107  2451  2451 V ActivityThread: Performing resume of ActivityRecord{ba29a54 token=android.os.BinderProxy@397dfd {com.tcl.mie.tlauncher/com.android.launcher3.Launcher}}
06-17 14:12:58.777739  1114  2622 W PackageManager: checkUidPermission(): android.permission.READ_PRIVILEGED_PHONE_STATE of 10145 is denied.
06-17 14:12:58.821020  1114 21938 D ConnectivityService: getActiveNetworkInfo networkInfo = null
06-17 14:12:58.831142  2451  2451 D ActivityThread: ACT-AM_ON_RESUME_CALLED ActivityRecord{ba29a54 token=android.os.BinderProxy@397dfd {com.tcl.mie.tlauncher/com.android.launcher3.Launcher}}
06-17 14:12:58.831193  2451  2451 V ActivityThread: Resume ActivityRecord{ba29a54 token=android.os.BinderProxy@397dfd {com.tcl.mie.tlauncher/com.android.launcher3.Launcher}} started activity: false, hideForNow: false, finished: false
06-17 14:12:58.831259  2451  2451 V ActivityThread: Resuming ActivityRecord{ba29a54 token=android.os.BinderProxy@397dfd {com.tcl.mie.tlauncher/com.android.launcher3.Launcher}} with isForward=true
06-17 14:12:58.835129  2451  2451 V ActivityThread: Scheduling idle handler for ActivityRecord{ba29a54 token=android.os.BinderProxy@397dfd {com.tcl.mie.tlauncher/com.android.launcher3.Launcher}}
06-17 14:12:58.836008  2451  2451 D ActivityThread: ACT-RESUME_ACTIVITY handled : 1 / android.os.BinderProxy@397dfd
06-17 14:12:58.839905  1114  1638 W PackageManager: checkUidPermission(): android.permission.STATUS_BAR of 10145 is denied.
06-17 14:12:58.852131  1114  1638 V WindowManager: Looking for focus: 9 = Window{87941fd u0 StatusBar}, flags=-2122055608, canReceive=false
06-17 14:12:58.852192  1114  1638 V WindowManager: findFocusedWindow: Found new focus @ 6 = Window{683260e u0 com.tcl.mie.tlauncher/com.android.launcher3.Launcher}
06-17 14:12:58.852517  1114  1638 V WindowManager: Changing focus from null to Window{683260e u0 com.tcl.mie.tlauncher/com.android.launcher3.Launcher} Callers=com.android.server.wm.WindowManagerService.relayoutWindow:3522 com.android.server.wm.Session.relayout:201 android.view.IWindowSession$Stub.onTransact:284 com.android.server.wm.Session.onTransact:133 
